[0.063s] Invoking command in '/home/admin/RI-Seaweed/playground_ws/build/tutorial_interfaces': CMAKE_PREFIX_PATH=${CMAKE_PREFIX_PATH}:/opt/ros/jazzy /usr/bin/cmake /home/admin/RI-Seaweed/playground_ws/src/tutorial_interfaces -DCMAKE_INSTALL_PREFIX=/home/admin/RI-Seaweed/playground_ws/install/tutorial_interfaces
[0.409s] -- The C compiler identification is GNU 13.3.0
[0.729s] -- The CXX compiler identification is GNU 13.3.0
[0.828s] -- Detecting C compiler ABI info
[1.366s] -- Detecting C compiler ABI info - done
[1.403s] -- Check for working C compiler: /usr/bin/cc - skipped
[1.405s] -- Detecting C compile features
[1.406s] -- Detecting C compile features - done
[1.461s] -- Detecting CXX compiler ABI info
[2.043s] -- Detecting CXX compiler ABI info - done
[2.088s] -- Check for working CXX compiler: /usr/bin/c++ - skipped
[2.089s] -- Detecting CXX compile features
[2.091s] -- Detecting CXX compile features - done
[2.126s] -- Found ament_cmake: 2.5.5 (/opt/ros/jazzy/share/ament_cmake/cmake)
[2.943s] -- Found Python3: /usr/bin/python3 (found version "3.12.3") found components: Interpreter 
[3.702s] -- Found geometry_msgs: 5.3.6 (/opt/ros/jazzy/share/geometry_msgs/cmake)
[4.091s] -- Found rosidl_generator_c: 4.6.7 (/opt/ros/jazzy/share/rosidl_generator_c/cmake)
[4.208s] -- Found rosidl_generator_cpp: 4.6.7 (/opt/ros/jazzy/share/rosidl_generator_cpp/cmake)
[4.336s] -- Using all available rosidl_typesupport_c: rosidl_typesupport_fastrtps_c;rosidl_typesupport_introspection_c
[4.474s] -- Using all available rosidl_typesupport_cpp: rosidl_typesupport_fastrtps_cpp;rosidl_typesupport_introspection_cpp
[4.750s] -- Found rosidl_default_generators: 1.6.0 (/opt/ros/jazzy/share/rosidl_default_generators/cmake)
[4.888s] -- Found rosidl_adapter: 4.6.7 (/opt/ros/jazzy/share/rosidl_adapter/cmake)
[4.921s] -- Found ament_lint_auto: 0.17.4 (/opt/ros/jazzy/share/ament_lint_auto/cmake)
[8.399s] -- Found ament_cmake_ros: 0.12.0 (/opt/ros/jazzy/share/ament_cmake_ros/cmake)
[12.871s] -- Using all available rosidl_typesupport_c: rosidl_typesupport_fastrtps_c;rosidl_typesupport_introspection_c
[14.634s] -- Using all available rosidl_typesupport_cpp: rosidl_typesupport_fastrtps_cpp;rosidl_typesupport_introspection_cpp
[14.665s] -- Found python_cmake_module: 0.11.1 (/opt/ros/jazzy/share/python_cmake_module/cmake)
[15.393s] -- Found PythonExtra: /usr/bin/python3  
[17.623s] -- Found Python3: /usr/bin/python3 (found version "3.12.3") found components: Interpreter Development NumPy Development.Module Development.Embed 
[17.942s] -- Added test 'lint_cmake' to check CMake code style
[17.955s] -- Added test 'xmllint' to check XML markup files
[17.982s] -- Configuring done (17.9s)
[18.401s] -- Generating done (0.4s)
[18.504s] -- Build files have been written to: /home/admin/RI-Seaweed/playground_ws/build/tutorial_interfaces
[18.561s] Invoked command in '/home/admin/RI-Seaweed/playground_ws/build/tutorial_interfaces' returned '0': CMAKE_PREFIX_PATH=${CMAKE_PREFIX_PATH}:/opt/ros/jazzy /usr/bin/cmake /home/admin/RI-Seaweed/playground_ws/src/tutorial_interfaces -DCMAKE_INSTALL_PREFIX=/home/admin/RI-Seaweed/playground_ws/install/tutorial_interfaces
[18.568s] Invoking command in '/home/admin/RI-Seaweed/playground_ws/build/tutorial_interfaces': CMAKE_PREFIX_PATH=${CMAKE_PREFIX_PATH}:/opt/ros/jazzy /usr/bin/cmake --build /home/admin/RI-Seaweed/playground_ws/build/tutorial_interfaces -- -j4 -l4
[18.893s] [  1%] [34m[1mGenerating type hashes for ROS interfaces[0m
[18.968s] [  1%] Built target ament_cmake_python_copy_tutorial_interfaces
[20.001s] [  1%] Built target tutorial_interfaces__rosidl_generator_type_description
[20.078s] [  3%] [34m[1mGenerating C code for ROS interfaces[0m
[20.153s] [  5%] [34m[1mGenerating C++ code for ROS interfaces[0m
[20.360s] running egg_info
[20.544s] writing tutorial_interfaces.egg-info/PKG-INFO
[20.547s] writing dependency_links to tutorial_interfaces.egg-info/dependency_links.txt
[20.550s] writing top-level names to tutorial_interfaces.egg-info/top_level.txt
[20.964s] reading manifest file 'tutorial_interfaces.egg-info/SOURCES.txt'
[20.969s] writing manifest file 'tutorial_interfaces.egg-info/SOURCES.txt'
[21.151s] [  5%] Built target ament_cmake_python_build_tutorial_interfaces_egg
[22.236s] [  5%] Built target tutorial_interfaces__cpp
[22.578s] [  7%] [32mBuilding C object CMakeFiles/tutorial_interfaces__rosidl_generator_c.dir/rosidl_generator_c/tutorial_interfaces/msg/detail/num__description.c.o[0m
[22.584s] [  9%] [32mBuilding C object CMakeFiles/tutorial_interfaces__rosidl_generator_c.dir/rosidl_generator_c/tutorial_interfaces/msg/detail/num__functions.c.o[0m
[22.587s] [ 12%] [32mBuilding C object CMakeFiles/tutorial_interfaces__rosidl_generator_c.dir/rosidl_generator_c/tutorial_interfaces/msg/detail/sphere__description.c.o[0m
[22.590s] [ 12%] [32mBuilding C object CMakeFiles/tutorial_interfaces__rosidl_generator_c.dir/rosidl_generator_c/tutorial_interfaces/msg/detail/num__type_support.c.o[0m
[22.860s] [ 14%] [32mBuilding C object CMakeFiles/tutorial_interfaces__rosidl_generator_c.dir/rosidl_generator_c/tutorial_interfaces/msg/detail/sphere__functions.c.o[0m
[22.869s] [ 16%] [32mBuilding C object CMakeFiles/tutorial_interfaces__rosidl_generator_c.dir/rosidl_generator_c/tutorial_interfaces/msg/detail/sphere__type_support.c.o[0m
[22.872s] [ 18%] [32mBuilding C object CMakeFiles/tutorial_interfaces__rosidl_generator_c.dir/rosidl_generator_c/tutorial_interfaces/srv/detail/add_three_ints__description.c.o[0m
[22.916s] [ 20%] [32mBuilding C object CMakeFiles/tutorial_interfaces__rosidl_generator_c.dir/rosidl_generator_c/tutorial_interfaces/srv/detail/add_three_ints__functions.c.o[0m
[23.111s] [ 22%] [32mBuilding C object CMakeFiles/tutorial_interfaces__rosidl_generator_c.dir/rosidl_generator_c/tutorial_interfaces/srv/detail/add_three_ints__type_support.c.o[0m
[23.374s] [ 24%] [32m[1mLinking C shared library libtutorial_interfaces__rosidl_generator_c.so[0m
[23.632s] [ 24%] Built target tutorial_interfaces__rosidl_generator_c
[23.713s] [ 25%] [34m[1mGenerating C type support for eProsima Fast-RTPS[0m
[23.716s] [ 27%] [34m[1mGenerating C++ type support dispatch for ROS interfaces[0m
[23.720s] [ 29%] [34m[1mGenerating C++ type support for eProsima Fast-RTPS[0m
[23.725s] [ 31%] [34m[1mGenerating C introspection for ROS interfaces[0m
[25.568s] [ 33%] [32mBuilding CXX object CMakeFiles/tutorial_interfaces__rosidl_typesupport_cpp.dir/rosidl_typesupport_cpp/tutorial_interfaces/msg/num__type_support.cpp.o[0m
[25.960s] [ 35%] [32mBuilding C object CMakeFiles/tutorial_interfaces__rosidl_typesupport_introspection_c.dir/rosidl_typesupport_introspection_c/tutorial_interfaces/msg/detail/num__type_support.c.o[0m
[26.246s] [ 37%] [32mBuilding C object CMakeFiles/tutorial_interfaces__rosidl_typesupport_introspection_c.dir/rosidl_typesupport_introspection_c/tutorial_interfaces/msg/detail/sphere__type_support.c.o[0m
[26.266s] [ 38%] [32mBuilding CXX object CMakeFiles/tutorial_interfaces__rosidl_typesupport_fastrtps_cpp.dir/rosidl_typesupport_fastrtps_cpp/tutorial_interfaces/msg/detail/dds_fastrtps/num__type_support.cpp.o[0m
[26.424s] [ 40%] [32mBuilding CXX object CMakeFiles/tutorial_interfaces__rosidl_typesupport_fastrtps_c.dir/rosidl_typesupport_fastrtps_c/tutorial_interfaces/msg/detail/num__type_support_c.cpp.o[0m
[26.552s] [ 42%] [32mBuilding C object CMakeFiles/tutorial_interfaces__rosidl_typesupport_introspection_c.dir/rosidl_typesupport_introspection_c/tutorial_interfaces/srv/detail/add_three_ints__type_support.c.o[0m
[26.942s] [ 44%] [32m[1mLinking C shared library libtutorial_interfaces__rosidl_typesupport_introspection_c.so[0m
[27.228s] [ 44%] Built target tutorial_interfaces__rosidl_typesupport_introspection_c
[27.316s] [ 46%] [32mBuilding CXX object CMakeFiles/tutorial_interfaces__rosidl_typesupport_fastrtps_c.dir/rosidl_typesupport_fastrtps_c/tutorial_interfaces/msg/detail/sphere__type_support_c.cpp.o[0m
[27.910s] [ 48%] [32mBuilding CXX object CMakeFiles/tutorial_interfaces__rosidl_typesupport_cpp.dir/rosidl_typesupport_cpp/tutorial_interfaces/msg/sphere__type_support.cpp.o[0m
[29.819s] [ 50%] [32mBuilding CXX object CMakeFiles/tutorial_interfaces__rosidl_typesupport_cpp.dir/rosidl_typesupport_cpp/tutorial_interfaces/srv/add_three_ints__type_support.cpp.o[0m
[29.829s] [ 51%] [32mBuilding CXX object CMakeFiles/tutorial_interfaces__rosidl_typesupport_fastrtps_cpp.dir/rosidl_typesupport_fastrtps_cpp/tutorial_interfaces/msg/detail/dds_fastrtps/sphere__type_support.cpp.o[0m
[30.626s] [ 53%] [32mBuilding CXX object CMakeFiles/tutorial_interfaces__rosidl_typesupport_fastrtps_cpp.dir/rosidl_typesupport_fastrtps_cpp/tutorial_interfaces/srv/detail/dds_fastrtps/add_three_ints__type_support.cpp.o[0m
[30.690s] [ 55%] [32mBuilding CXX object CMakeFiles/tutorial_interfaces__rosidl_typesupport_fastrtps_c.dir/rosidl_typesupport_fastrtps_c/tutorial_interfaces/srv/detail/add_three_ints__type_support_c.cpp.o[0m
[32.750s] [ 57%] [32m[1mLinking CXX shared library libtutorial_interfaces__rosidl_typesupport_cpp.so[0m
[33.385s] [ 57%] Built target tutorial_interfaces__rosidl_typesupport_cpp
[33.527s] [ 59%] [34m[1mGenerating C type support dispatch for ROS interfaces[0m
[33.699s] [ 61%] [34m[1mGenerating C++ introspection for ROS interfaces[0m
[34.424s] [ 62%] [32m[1mLinking CXX shared library libtutorial_interfaces__rosidl_typesupport_fastrtps_c.so[0m
[34.810s] [ 62%] Built target tutorial_interfaces__rosidl_typesupport_fastrtps_c
[35.344s] [ 64%] [32m[1mLinking CXX shared library libtutorial_interfaces__rosidl_typesupport_fastrtps_cpp.so[0m
[35.382s] [ 66%] [32mBuilding CXX object CMakeFiles/tutorial_interfaces__rosidl_typesupport_c.dir/rosidl_typesupport_c/tutorial_interfaces/msg/num__type_support.cpp.o[0m
[35.401s] [ 68%] [32mBuilding CXX object CMakeFiles/tutorial_interfaces__rosidl_typesupport_c.dir/rosidl_typesupport_c/tutorial_interfaces/msg/sphere__type_support.cpp.o[0m
[35.743s] [ 70%] [32mBuilding CXX object CMakeFiles/tutorial_interfaces__rosidl_typesupport_c.dir/rosidl_typesupport_c/tutorial_interfaces/srv/add_three_ints__type_support.cpp.o[0m
[35.914s] [ 70%] Built target tutorial_interfaces__rosidl_typesupport_fastrtps_cpp
[35.974s] [ 74%] [32mBuilding CXX object CMakeFiles/tutorial_interfaces__rosidl_typesupport_introspection_cpp.dir/rosidl_typesupport_introspection_cpp/tutorial_interfaces/msg/detail/num__type_support.cpp.o[0m
[35.975s] [ 74%] [32mBuilding CXX object CMakeFiles/tutorial_interfaces__rosidl_typesupport_introspection_cpp.dir/rosidl_typesupport_introspection_cpp/tutorial_interfaces/msg/detail/sphere__type_support.cpp.o[0m
[35.985s] [ 75%] [32mBuilding CXX object CMakeFiles/tutorial_interfaces__rosidl_typesupport_introspection_cpp.dir/rosidl_typesupport_introspection_cpp/tutorial_interfaces/srv/detail/add_three_ints__type_support.cpp.o[0m
[36.113s] [ 77%] [32m[1mLinking CXX shared library libtutorial_interfaces__rosidl_typesupport_c.so[0m
[36.381s] [ 77%] Built target tutorial_interfaces__rosidl_typesupport_c
[38.458s] [ 79%] [32m[1mLinking CXX shared library libtutorial_interfaces__rosidl_typesupport_introspection_cpp.so[0m
[38.863s] [ 79%] Built target tutorial_interfaces__rosidl_typesupport_introspection_cpp
[38.991s] [ 79%] Built target tutorial_interfaces
[39.122s] [ 81%] [34m[1mGenerating Python code for ROS interfaces[0m
[41.301s] [ 81%] Built target tutorial_interfaces__py
[41.474s] [ 83%] [32mBuilding C object CMakeFiles/tutorial_interfaces__rosidl_generator_py.dir/rosidl_generator_py/tutorial_interfaces/msg/_num_s.c.o[0m
[41.478s] [ 85%] [32mBuilding C object CMakeFiles/tutorial_interfaces__rosidl_generator_py.dir/rosidl_generator_py/tutorial_interfaces/msg/_sphere_s.c.o[0m
[41.479s] [ 87%] [32mBuilding C object CMakeFiles/tutorial_interfaces__rosidl_generator_py.dir/rosidl_generator_py/tutorial_interfaces/srv/_add_three_ints_s.c.o[0m
[42.324s] [ 88%] [32m[1mLinking C shared library libtutorial_interfaces__rosidl_generator_py.so[0m
[42.614s] [ 88%] Built target tutorial_interfaces__rosidl_generator_py
[42.800s] [ 90%] [32mBuilding C object CMakeFiles/tutorial_interfaces_s__rosidl_typesupport_c.dir/rosidl_generator_py/tutorial_interfaces/_tutorial_interfaces_s.ep.rosidl_typesupport_c.c.o[0m
[42.847s] [ 92%] [32mBuilding C object CMakeFiles/tutorial_interfaces_s__rosidl_typesupport_fastrtps_c.dir/rosidl_generator_py/tutorial_interfaces/_tutorial_interfaces_s.ep.rosidl_typesupport_fastrtps_c.c.o[0m
[42.857s] [ 94%] [32mBuilding C object CMakeFiles/tutorial_interfaces_s__rosidl_typesupport_introspection_c.dir/rosidl_generator_py/tutorial_interfaces/_tutorial_interfaces_s.ep.rosidl_typesupport_introspection_c.c.o[0m
[43.598s] [ 96%] [32m[1mLinking C shared module rosidl_generator_py/tutorial_interfaces/tutorial_interfaces_s__rosidl_typesupport_introspection_c.so[0m
[43.721s] [ 98%] [32m[1mLinking C shared module rosidl_generator_py/tutorial_interfaces/tutorial_interfaces_s__rosidl_typesupport_c.so[0m
[43.850s] [ 98%] Built target tutorial_interfaces_s__rosidl_typesupport_introspection_c
[43.914s] [100%] [32m[1mLinking C shared module rosidl_generator_py/tutorial_interfaces/tutorial_interfaces_s__rosidl_typesupport_fastrtps_c.so[0m
[43.945s] [100%] Built target tutorial_interfaces_s__rosidl_typesupport_c
[44.121s] [100%] Built target tutorial_interfaces_s__rosidl_typesupport_fastrtps_c
[44.195s] Invoked command in '/home/admin/RI-Seaweed/playground_ws/build/tutorial_interfaces' returned '0': CMAKE_PREFIX_PATH=${CMAKE_PREFIX_PATH}:/opt/ros/jazzy /usr/bin/cmake --build /home/admin/RI-Seaweed/playground_ws/build/tutorial_interfaces -- -j4 -l4
[44.249s] Invoking command in '/home/admin/RI-Seaweed/playground_ws/build/tutorial_interfaces': CMAKE_PREFIX_PATH=${CMAKE_PREFIX_PATH}:/opt/ros/jazzy /usr/bin/cmake --install /home/admin/RI-Seaweed/playground_ws/build/tutorial_interfaces
[44.295s] -- Install configuration: ""
[44.296s] -- Up-to-date: /home/admin/RI-Seaweed/playground_ws/install/tutorial_interfaces/share/ament_index/resource_index/rosidl_interfaces/tutorial_interfaces
[44.297s] -- Installing: /home/admin/RI-Seaweed/playground_ws/install/tutorial_interfaces/share/tutorial_interfaces/msg/Num.json
[44.298s] -- Installing: /home/admin/RI-Seaweed/playground_ws/install/tutorial_interfaces/share/tutorial_interfaces/msg/Sphere.json
[44.299s] -- Installing: /home/admin/RI-Seaweed/playground_ws/install/tutorial_interfaces/share/tutorial_interfaces/srv/AddThreeInts.json
[44.301s] -- Up-to-date: /home/admin/RI-Seaweed/playground_ws/install/tutorial_interfaces/include/tutorial_interfaces/tutorial_interfaces
[44.302s] -- Up-to-date: /home/admin/RI-Seaweed/playground_ws/install/tutorial_interfaces/include/tutorial_interfaces/tutorial_interfaces/msg
[44.303s] -- Installing: /home/admin/RI-Seaweed/playground_ws/install/tutorial_interfaces/include/tutorial_interfaces/tutorial_interfaces/msg/num.h
[44.304s] -- Up-to-date: /home/admin/RI-Seaweed/playground_ws/install/tutorial_interfaces/include/tutorial_interfaces/tutorial_interfaces/msg/detail
[44.305s] -- Installing: /home/admin/RI-Seaweed/playground_ws/install/tutorial_interfaces/include/tutorial_interfaces/tutorial_interfaces/msg/detail/num__description.c
[44.306s] -- Installing: /home/admin/RI-Seaweed/playground_ws/install/tutorial_interfaces/include/tutorial_interfaces/tutorial_interfaces/msg/detail/sphere__type_support.c
[44.308s] -- Installing: /home/admin/RI-Seaweed/playground_ws/install/tutorial_interfaces/include/tutorial_interfaces/tutorial_interfaces/msg/detail/sphere__description.c
[44.309s] -- Installing: /home/admin/RI-Seaweed/playground_ws/install/tutorial_interfaces/include/tutorial_interfaces/tutorial_interfaces/msg/detail/num__functions.h
[44.310s] -- Installing: /home/admin/RI-Seaweed/playground_ws/install/tutorial_interfaces/include/tutorial_interfaces/tutorial_interfaces/msg/detail/sphere__type_support.h
[44.312s] -- Installing: /home/admin/RI-Seaweed/playground_ws/install/tutorial_interfaces/include/tutorial_interfaces/tutorial_interfaces/msg/detail/num__type_support.c
[44.313s] -- Installing: /home/admin/RI-Seaweed/playground_ws/install/tutorial_interfaces/include/tutorial_interfaces/tutorial_interfaces/msg/detail/num__struct.h
[44.315s] -- Installing: /home/admin/RI-Seaweed/playground_ws/install/tutorial_interfaces/include/tutorial_interfaces/tutorial_interfaces/msg/detail/num__type_support.h
[44.316s] -- Installing: /home/admin/RI-Seaweed/playground_ws/install/tutorial_interfaces/include/tutorial_interfaces/tutorial_interfaces/msg/detail/sphere__struct.h
[44.318s] -- Installing: /home/admin/RI-Seaweed/playground_ws/install/tutorial_interfaces/include/tutorial_interfaces/tutorial_interfaces/msg/detail/sphere__functions.c
[44.319s] -- Installing: /home/admin/RI-Seaweed/playground_ws/install/tutorial_interfaces/include/tutorial_interfaces/tutorial_interfaces/msg/detail/sphere__functions.h
[44.321s] -- Installing: /home/admin/RI-Seaweed/playground_ws/install/tutorial_interfaces/include/tutorial_interfaces/tutorial_interfaces/msg/detail/num__functions.c
[44.323s] -- Up-to-date: /home/admin/RI-Seaweed/playground_ws/install/tutorial_interfaces/include/tutorial_interfaces/tutorial_interfaces/msg/rosidl_generator_c__visibility_control.h
[44.324s] -- Installing: /home/admin/RI-Seaweed/playground_ws/install/tutorial_interfaces/include/tutorial_interfaces/tutorial_interfaces/msg/sphere.h
[44.325s] -- Up-to-date: /home/admin/RI-Seaweed/playground_ws/install/tutorial_interfaces/include/tutorial_interfaces/tutorial_interfaces/srv
[44.325s] -- Installing: /home/admin/RI-Seaweed/playground_ws/install/tutorial_interfaces/include/tutorial_interfaces/tutorial_interfaces/srv/add_three_ints.h
[44.327s] -- Up-to-date: /home/admin/RI-Seaweed/playground_ws/install/tutorial_interfaces/include/tutorial_interfaces/tutorial_interfaces/srv/detail
[44.327s] -- Installing: /home/admin/RI-Seaweed/playground_ws/install/tutorial_interfaces/include/tutorial_interfaces/tutorial_interfaces/srv/detail/add_three_ints__struct.h
[44.328s] -- Installing: /home/admin/RI-Seaweed/playground_ws/install/tutorial_interfaces/include/tutorial_interfaces/tutorial_interfaces/srv/detail/add_three_ints__type_support.h
[44.330s] -- Installing: /home/admin/RI-Seaweed/playground_ws/install/tutorial_interfaces/include/tutorial_interfaces/tutorial_interfaces/srv/detail/add_three_ints__description.c
[44.332s] -- Installing: /home/admin/RI-Seaweed/playground_ws/install/tutorial_interfaces/include/tutorial_interfaces/tutorial_interfaces/srv/detail/add_three_ints__type_support.c
[44.333s] -- Installing: /home/admin/RI-Seaweed/playground_ws/install/tutorial_interfaces/include/tutorial_interfaces/tutorial_interfaces/srv/detail/add_three_ints__functions.c
[44.335s] -- Installing: /home/admin/RI-Seaweed/playground_ws/install/tutorial_interfaces/include/tutorial_interfaces/tutorial_interfaces/srv/detail/add_three_ints__functions.h
[44.337s] -- Installing: /home/admin/RI-Seaweed/playground_ws/install/tutorial_interfaces/share/tutorial_interfaces/environment/library_path.sh
[44.339s] -- Up-to-date: /home/admin/RI-Seaweed/playground_ws/install/tutorial_interfaces/share/tutorial_interfaces/environment/library_path.dsv
[44.340s] -- Installing: /home/admin/RI-Seaweed/playground_ws/install/tutorial_interfaces/lib/libtutorial_interfaces__rosidl_generator_c.so
[44.345s] -- Set non-toolchain portion of runtime path of "/home/admin/RI-Seaweed/playground_ws/install/tutorial_interfaces/lib/libtutorial_interfaces__rosidl_generator_c.so" to ""
[44.345s] -- Up-to-date: /home/admin/RI-Seaweed/playground_ws/install/tutorial_interfaces/include/tutorial_interfaces/tutorial_interfaces
[44.346s] -- Up-to-date: /home/admin/RI-Seaweed/playground_ws/install/tutorial_interfaces/include/tutorial_interfaces/tutorial_interfaces/msg
[44.347s] -- Up-to-date: /home/admin/RI-Seaweed/playground_ws/install/tutorial_interfaces/include/tutorial_interfaces/tutorial_interfaces/msg/detail
[44.347s] -- Installing: /home/admin/RI-Seaweed/playground_ws/install/tutorial_interfaces/include/tutorial_interfaces/tutorial_interfaces/msg/detail/num__rosidl_typesupport_fastrtps_c.h
[44.348s] -- Installing: /home/admin/RI-Seaweed/playground_ws/install/tutorial_interfaces/include/tutorial_interfaces/tutorial_interfaces/msg/detail/sphere__rosidl_typesupport_fastrtps_c.h
[44.349s] -- Up-to-date: /home/admin/RI-Seaweed/playground_ws/install/tutorial_interfaces/include/tutorial_interfaces/tutorial_interfaces/msg/rosidl_typesupport_fastrtps_c__visibility_control.h
[44.350s] -- Up-to-date: /home/admin/RI-Seaweed/playground_ws/install/tutorial_interfaces/include/tutorial_interfaces/tutorial_interfaces/srv
[44.351s] -- Up-to-date: /home/admin/RI-Seaweed/playground_ws/install/tutorial_interfaces/include/tutorial_interfaces/tutorial_interfaces/srv/detail
[44.351s] -- Installing: /home/admin/RI-Seaweed/playground_ws/install/tutorial_interfaces/include/tutorial_interfaces/tutorial_interfaces/srv/detail/add_three_ints__rosidl_typesupport_fastrtps_c.h
[44.354s] -- Installing: /home/admin/RI-Seaweed/playground_ws/install/tutorial_interfaces/lib/libtutorial_interfaces__rosidl_typesupport_fastrtps_c.so
[44.357s] -- Set non-toolchain portion of runtime path of "/home/admin/RI-Seaweed/playground_ws/install/tutorial_interfaces/lib/libtutorial_interfaces__rosidl_typesupport_fastrtps_c.so" to ""
[44.358s] -- Up-to-date: /home/admin/RI-Seaweed/playground_ws/install/tutorial_interfaces/include/tutorial_interfaces/tutorial_interfaces
[44.359s] -- Up-to-date: /home/admin/RI-Seaweed/playground_ws/install/tutorial_interfaces/include/tutorial_interfaces/tutorial_interfaces/msg
[44.359s] -- Installing: /home/admin/RI-Seaweed/playground_ws/install/tutorial_interfaces/include/tutorial_interfaces/tutorial_interfaces/msg/rosidl_generator_cpp__visibility_control.hpp
[44.360s] -- Up-to-date: /home/admin/RI-Seaweed/playground_ws/install/tutorial_interfaces/include/tutorial_interfaces/tutorial_interfaces/msg/detail
[44.361s] -- Installing: /home/admin/RI-Seaweed/playground_ws/install/tutorial_interfaces/include/tutorial_interfaces/tutorial_interfaces/msg/detail/sphere__struct.hpp
[44.363s] -- Installing: /home/admin/RI-Seaweed/playground_ws/install/tutorial_interfaces/include/tutorial_interfaces/tutorial_interfaces/msg/detail/num__traits.hpp
[44.364s] -- Installing: /home/admin/RI-Seaweed/playground_ws/install/tutorial_interfaces/include/tutorial_interfaces/tutorial_interfaces/msg/detail/sphere__builder.hpp
[44.366s] -- Installing: /home/admin/RI-Seaweed/playground_ws/install/tutorial_interfaces/include/tutorial_interfaces/tutorial_interfaces/msg/detail/sphere__type_support.hpp
[44.367s] -- Installing: /home/admin/RI-Seaweed/playground_ws/install/tutorial_interfaces/include/tutorial_interfaces/tutorial_interfaces/msg/detail/num__builder.hpp
[44.369s] -- Installing: /home/admin/RI-Seaweed/playground_ws/install/tutorial_interfaces/include/tutorial_interfaces/tutorial_interfaces/msg/detail/num__type_support.hpp
[44.370s] -- Installing: /home/admin/RI-Seaweed/playground_ws/install/tutorial_interfaces/include/tutorial_interfaces/tutorial_interfaces/msg/detail/sphere__traits.hpp
[44.373s] -- Installing: /home/admin/RI-Seaweed/playground_ws/install/tutorial_interfaces/include/tutorial_interfaces/tutorial_interfaces/msg/detail/num__struct.hpp
[44.375s] -- Installing: /home/admin/RI-Seaweed/playground_ws/install/tutorial_interfaces/include/tutorial_interfaces/tutorial_interfaces/msg/sphere.hpp
[44.376s] -- Installing: /home/admin/RI-Seaweed/playground_ws/install/tutorial_interfaces/include/tutorial_interfaces/tutorial_interfaces/msg/num.hpp
[44.377s] -- Up-to-date: /home/admin/RI-Seaweed/playground_ws/install/tutorial_interfaces/include/tutorial_interfaces/tutorial_interfaces/srv
[44.377s] -- Up-to-date: /home/admin/RI-Seaweed/playground_ws/install/tutorial_interfaces/include/tutorial_interfaces/tutorial_interfaces/srv/detail
[44.378s] -- Installing: /home/admin/RI-Seaweed/playground_ws/install/tutorial_interfaces/include/tutorial_interfaces/tutorial_interfaces/srv/detail/add_three_ints__type_support.hpp
[44.380s] -- Installing: /home/admin/RI-Seaweed/playground_ws/install/tutorial_interfaces/include/tutorial_interfaces/tutorial_interfaces/srv/detail/add_three_ints__struct.hpp
[44.381s] -- Installing: /home/admin/RI-Seaweed/playground_ws/install/tutorial_interfaces/include/tutorial_interfaces/tutorial_interfaces/srv/detail/add_three_ints__traits.hpp
[44.383s] -- Installing: /home/admin/RI-Seaweed/playground_ws/install/tutorial_interfaces/include/tutorial_interfaces/tutorial_interfaces/srv/detail/add_three_ints__builder.hpp
[44.384s] -- Installing: /home/admin/RI-Seaweed/playground_ws/install/tutorial_interfaces/include/tutorial_interfaces/tutorial_interfaces/srv/add_three_ints.hpp
[44.387s] -- Up-to-date: /home/admin/RI-Seaweed/playground_ws/install/tutorial_interfaces/include/tutorial_interfaces/tutorial_interfaces
[44.388s] -- Up-to-date: /home/admin/RI-Seaweed/playground_ws/install/tutorial_interfaces/include/tutorial_interfaces/tutorial_interfaces/msg
[44.389s] -- Up-to-date: /home/admin/RI-Seaweed/playground_ws/install/tutorial_interfaces/include/tutorial_interfaces/tutorial_interfaces/msg/rosidl_typesupport_fastrtps_cpp__visibility_control.h
[44.391s] -- Up-to-date: /home/admin/RI-Seaweed/playground_ws/install/tutorial_interfaces/include/tutorial_interfaces/tutorial_interfaces/msg/detail
[44.391s] -- Up-to-date: /home/admin/RI-Seaweed/playground_ws/install/tutorial_interfaces/include/tutorial_interfaces/tutorial_interfaces/msg/detail/dds_fastrtps
[44.392s] -- Installing: /home/admin/RI-Seaweed/playground_ws/install/tutorial_interfaces/include/tutorial_interfaces/tutorial_interfaces/msg/detail/sphere__rosidl_typesupport_fastrtps_cpp.hpp
[44.393s] -- Installing: /home/admin/RI-Seaweed/playground_ws/install/tutorial_interfaces/include/tutorial_interfaces/tutorial_interfaces/msg/detail/num__rosidl_typesupport_fastrtps_cpp.hpp
[44.394s] -- Up-to-date: /home/admin/RI-Seaweed/playground_ws/install/tutorial_interfaces/include/tutorial_interfaces/tutorial_interfaces/srv
[44.394s] -- Up-to-date: /home/admin/RI-Seaweed/playground_ws/install/tutorial_interfaces/include/tutorial_interfaces/tutorial_interfaces/srv/detail
[44.395s] -- Up-to-date: /home/admin/RI-Seaweed/playground_ws/install/tutorial_interfaces/include/tutorial_interfaces/tutorial_interfaces/srv/detail/dds_fastrtps
[44.395s] -- Installing: /home/admin/RI-Seaweed/playground_ws/install/tutorial_interfaces/include/tutorial_interfaces/tutorial_interfaces/srv/detail/add_three_ints__rosidl_typesupport_fastrtps_cpp.hpp
[44.398s] -- Installing: /home/admin/RI-Seaweed/playground_ws/install/tutorial_interfaces/lib/libtutorial_interfaces__rosidl_typesupport_fastrtps_cpp.so
[44.403s] -- Set non-toolchain portion of runtime path of "/home/admin/RI-Seaweed/playground_ws/install/tutorial_interfaces/lib/libtutorial_interfaces__rosidl_typesupport_fastrtps_cpp.so" to ""
[44.404s] -- Up-to-date: /home/admin/RI-Seaweed/playground_ws/install/tutorial_interfaces/include/tutorial_interfaces/tutorial_interfaces
[44.405s] -- Up-to-date: /home/admin/RI-Seaweed/playground_ws/install/tutorial_interfaces/include/tutorial_interfaces/tutorial_interfaces/msg
[44.405s] -- Up-to-date: /home/admin/RI-Seaweed/playground_ws/install/tutorial_interfaces/include/tutorial_interfaces/tutorial_interfaces/msg/rosidl_typesupport_introspection_c__visibility_control.h
[44.406s] -- Up-to-date: /home/admin/RI-Seaweed/playground_ws/install/tutorial_interfaces/include/tutorial_interfaces/tutorial_interfaces/msg/detail
[44.407s] -- Installing: /home/admin/RI-Seaweed/playground_ws/install/tutorial_interfaces/include/tutorial_interfaces/tutorial_interfaces/msg/detail/sphere__type_support.c
[44.407s] -- Installing: /home/admin/RI-Seaweed/playground_ws/install/tutorial_interfaces/include/tutorial_interfaces/tutorial_interfaces/msg/detail/sphere__rosidl_typesupport_introspection_c.h
[44.408s] -- Installing: /home/admin/RI-Seaweed/playground_ws/install/tutorial_interfaces/include/tutorial_interfaces/tutorial_interfaces/msg/detail/num__type_support.c
[44.410s] -- Installing: /home/admin/RI-Seaweed/playground_ws/install/tutorial_interfaces/include/tutorial_interfaces/tutorial_interfaces/msg/detail/num__rosidl_typesupport_introspection_c.h
[44.412s] -- Up-to-date: /home/admin/RI-Seaweed/playground_ws/install/tutorial_interfaces/include/tutorial_interfaces/tutorial_interfaces/srv
[44.413s] -- Up-to-date: /home/admin/RI-Seaweed/playground_ws/install/tutorial_interfaces/include/tutorial_interfaces/tutorial_interfaces/srv/detail
[44.413s] -- Installing: /home/admin/RI-Seaweed/playground_ws/install/tutorial_interfaces/include/tutorial_interfaces/tutorial_interfaces/srv/detail/add_three_ints__rosidl_typesupport_introspection_c.h
[44.414s] -- Installing: /home/admin/RI-Seaweed/playground_ws/install/tutorial_interfaces/include/tutorial_interfaces/tutorial_interfaces/srv/detail/add_three_ints__type_support.c
[44.417s] -- Installing: /home/admin/RI-Seaweed/playground_ws/install/tutorial_interfaces/lib/libtutorial_interfaces__rosidl_typesupport_introspection_c.so
[44.421s] -- Set non-toolchain portion of runtime path of "/home/admin/RI-Seaweed/playground_ws/install/tutorial_interfaces/lib/libtutorial_interfaces__rosidl_typesupport_introspection_c.so" to ""
[44.423s] -- Installing: /home/admin/RI-Seaweed/playground_ws/install/tutorial_interfaces/lib/libtutorial_interfaces__rosidl_typesupport_c.so
[44.426s] -- Set non-toolchain portion of runtime path of "/home/admin/RI-Seaweed/playground_ws/install/tutorial_interfaces/lib/libtutorial_interfaces__rosidl_typesupport_c.so" to ""
[44.428s] -- Up-to-date: /home/admin/RI-Seaweed/playground_ws/install/tutorial_interfaces/include/tutorial_interfaces/tutorial_interfaces
[44.429s] -- Up-to-date: /home/admin/RI-Seaweed/playground_ws/install/tutorial_interfaces/include/tutorial_interfaces/tutorial_interfaces/msg
[44.429s] -- Up-to-date: /home/admin/RI-Seaweed/playground_ws/install/tutorial_interfaces/include/tutorial_interfaces/tutorial_interfaces/msg/detail
[44.430s] -- Installing: /home/admin/RI-Seaweed/playground_ws/install/tutorial_interfaces/include/tutorial_interfaces/tutorial_interfaces/msg/detail/num__rosidl_typesupport_introspection_cpp.hpp
[44.431s] -- Installing: /home/admin/RI-Seaweed/playground_ws/install/tutorial_interfaces/include/tutorial_interfaces/tutorial_interfaces/msg/detail/sphere__rosidl_typesupport_introspection_cpp.hpp
[44.433s] -- Installing: /home/admin/RI-Seaweed/playground_ws/install/tutorial_interfaces/include/tutorial_interfaces/tutorial_interfaces/msg/detail/sphere__type_support.cpp
[44.435s] -- Installing: /home/admin/RI-Seaweed/playground_ws/install/tutorial_interfaces/include/tutorial_interfaces/tutorial_interfaces/msg/detail/num__type_support.cpp
[44.438s] -- Up-to-date: /home/admin/RI-Seaweed/playground_ws/install/tutorial_interfaces/include/tutorial_interfaces/tutorial_interfaces/srv
[44.438s] -- Up-to-date: /home/admin/RI-Seaweed/playground_ws/install/tutorial_interfaces/include/tutorial_interfaces/tutorial_interfaces/srv/detail
[44.439s] -- Installing: /home/admin/RI-Seaweed/playground_ws/install/tutorial_interfaces/include/tutorial_interfaces/tutorial_interfaces/srv/detail/add_three_ints__rosidl_typesupport_introspection_cpp.hpp
[44.441s] -- Installing: /home/admin/RI-Seaweed/playground_ws/install/tutorial_interfaces/include/tutorial_interfaces/tutorial_interfaces/srv/detail/add_three_ints__type_support.cpp
[44.446s] -- Installing: /home/admin/RI-Seaweed/playground_ws/install/tutorial_interfaces/lib/libtutorial_interfaces__rosidl_typesupport_introspection_cpp.so
[44.448s] -- Set non-toolchain portion of runtime path of "/home/admin/RI-Seaweed/playground_ws/install/tutorial_interfaces/lib/libtutorial_interfaces__rosidl_typesupport_introspection_cpp.so" to ""
[44.450s] -- Installing: /home/admin/RI-Seaweed/playground_ws/install/tutorial_interfaces/lib/libtutorial_interfaces__rosidl_typesupport_cpp.so
[44.456s] -- Set non-toolchain portion of runtime path of "/home/admin/RI-Seaweed/playground_ws/install/tutorial_interfaces/lib/libtutorial_interfaces__rosidl_typesupport_cpp.so" to ""
[44.457s] -- Up-to-date: /home/admin/RI-Seaweed/playground_ws/install/tutorial_interfaces/share/tutorial_interfaces/environment/pythonpath.sh
[44.457s] -- Up-to-date: /home/admin/RI-Seaweed/playground_ws/install/tutorial_interfaces/share/tutorial_interfaces/environment/pythonpath.dsv
[44.458s] -- Up-to-date: /home/admin/RI-Seaweed/playground_ws/install/tutorial_interfaces/lib/python3.12/site-packages/tutorial_interfaces-0.0.0-py3.12.egg-info
[44.458s] -- Installing: /home/admin/RI-Seaweed/playground_ws/install/tutorial_interfaces/lib/python3.12/site-packages/tutorial_interfaces-0.0.0-py3.12.egg-info/dependency_links.txt
[44.459s] -- Installing: /home/admin/RI-Seaweed/playground_ws/install/tutorial_interfaces/lib/python3.12/site-packages/tutorial_interfaces-0.0.0-py3.12.egg-info/SOURCES.txt
[44.460s] -- Installing: /home/admin/RI-Seaweed/playground_ws/install/tutorial_interfaces/lib/python3.12/site-packages/tutorial_interfaces-0.0.0-py3.12.egg-info/top_level.txt
[44.461s] -- Installing: /home/admin/RI-Seaweed/playground_ws/install/tutorial_interfaces/lib/python3.12/site-packages/tutorial_interfaces-0.0.0-py3.12.egg-info/PKG-INFO
[44.463s] -- Up-to-date: /home/admin/RI-Seaweed/playground_ws/install/tutorial_interfaces/lib/python3.12/site-packages/tutorial_interfaces
[44.463s] -- Up-to-date: /home/admin/RI-Seaweed/playground_ws/install/tutorial_interfaces/lib/python3.12/site-packages/tutorial_interfaces/msg
[44.465s] -- Installing: /home/admin/RI-Seaweed/playground_ws/install/tutorial_interfaces/lib/python3.12/site-packages/tutorial_interfaces/msg/_num_s.c
[44.466s] -- Installing: /home/admin/RI-Seaweed/playground_ws/install/tutorial_interfaces/lib/python3.12/site-packages/tutorial_interfaces/msg/__init__.py
[44.467s] -- Installing: /home/admin/RI-Seaweed/playground_ws/install/tutorial_interfaces/lib/python3.12/site-packages/tutorial_interfaces/msg/_num.py
[44.468s] -- Installing: /home/admin/RI-Seaweed/playground_ws/install/tutorial_interfaces/lib/python3.12/site-packages/tutorial_interfaces/msg/_sphere_s.c
[44.471s] -- Installing: /home/admin/RI-Seaweed/playground_ws/install/tutorial_interfaces/lib/python3.12/site-packages/tutorial_interfaces/msg/_sphere.py
[44.472s] -- Up-to-date: /home/admin/RI-Seaweed/playground_ws/install/tutorial_interfaces/lib/python3.12/site-packages/tutorial_interfaces/srv
[44.473s] -- Installing: /home/admin/RI-Seaweed/playground_ws/install/tutorial_interfaces/lib/python3.12/site-packages/tutorial_interfaces/srv/_add_three_ints.py
[44.475s] -- Installing: /home/admin/RI-Seaweed/playground_ws/install/tutorial_interfaces/lib/python3.12/site-packages/tutorial_interfaces/srv/__init__.py
[44.476s] -- Installing: /home/admin/RI-Seaweed/playground_ws/install/tutorial_interfaces/lib/python3.12/site-packages/tutorial_interfaces/srv/_add_three_ints_s.c
[44.478s] -- Installing: /home/admin/RI-Seaweed/playground_ws/install/tutorial_interfaces/lib/python3.12/site-packages/tutorial_interfaces/__init__.py
[44.479s] -- Installing: /home/admin/RI-Seaweed/playground_ws/install/tutorial_interfaces/lib/python3.12/site-packages/tutorial_interfaces/_tutorial_interfaces_s.ep.rosidl_typesupport_fastrtps_c.c
[44.481s] -- Installing: /home/admin/RI-Seaweed/playground_ws/install/tutorial_interfaces/lib/python3.12/site-packages/tutorial_interfaces/_tutorial_interfaces_s.ep.rosidl_typesupport_c.c
[44.483s] -- Installing: /home/admin/RI-Seaweed/playground_ws/install/tutorial_interfaces/lib/python3.12/site-packages/tutorial_interfaces/tutorial_interfaces_s__rosidl_typesupport_introspection_c.so
[44.486s] -- Installing: /home/admin/RI-Seaweed/playground_ws/install/tutorial_interfaces/lib/python3.12/site-packages/tutorial_interfaces/_tutorial_interfaces_s.ep.rosidl_typesupport_introspection_c.c
[44.487s] -- Installing: /home/admin/RI-Seaweed/playground_ws/install/tutorial_interfaces/lib/python3.12/site-packages/tutorial_interfaces/tutorial_interfaces_s__rosidl_typesupport_c.so
[44.490s] -- Installing: /home/admin/RI-Seaweed/playground_ws/install/tutorial_interfaces/lib/python3.12/site-packages/tutorial_interfaces/tutorial_interfaces_s__rosidl_typesupport_fastrtps_c.so
[44.715s] Listing '/home/admin/RI-Seaweed/playground_ws/install/tutorial_interfaces/lib/python3.12/site-packages/tutorial_interfaces'...
[44.716s] Compiling '/home/admin/RI-Seaweed/playground_ws/install/tutorial_interfaces/lib/python3.12/site-packages/tutorial_interfaces/__init__.py'...
[44.720s] Listing '/home/admin/RI-Seaweed/playground_ws/install/tutorial_interfaces/lib/python3.12/site-packages/tutorial_interfaces/msg'...
[44.723s] Compiling '/home/admin/RI-Seaweed/playground_ws/install/tutorial_interfaces/lib/python3.12/site-packages/tutorial_interfaces/msg/__init__.py'...
[44.724s] Compiling '/home/admin/RI-Seaweed/playground_ws/install/tutorial_interfaces/lib/python3.12/site-packages/tutorial_interfaces/msg/_num.py'...
[44.727s] Compiling '/home/admin/RI-Seaweed/playground_ws/install/tutorial_interfaces/lib/python3.12/site-packages/tutorial_interfaces/msg/_sphere.py'...
[44.728s] Listing '/home/admin/RI-Seaweed/playground_ws/install/tutorial_interfaces/lib/python3.12/site-packages/tutorial_interfaces/srv'...
[44.730s] Compiling '/home/admin/RI-Seaweed/playground_ws/install/tutorial_interfaces/lib/python3.12/site-packages/tutorial_interfaces/srv/__init__.py'...
[44.734s] Compiling '/home/admin/RI-Seaweed/playground_ws/install/tutorial_interfaces/lib/python3.12/site-packages/tutorial_interfaces/srv/_add_three_ints.py'...
[44.771s] -- Installing: /home/admin/RI-Seaweed/playground_ws/install/tutorial_interfaces/lib/python3.12/site-packages/tutorial_interfaces/tutorial_interfaces_s__rosidl_typesupport_fastrtps_c.so
[44.776s] -- Set non-toolchain portion of runtime path of "/home/admin/RI-Seaweed/playground_ws/install/tutorial_interfaces/lib/python3.12/site-packages/tutorial_interfaces/tutorial_interfaces_s__rosidl_typesupport_fastrtps_c.so" to ""
[44.780s] -- Installing: /home/admin/RI-Seaweed/playground_ws/install/tutorial_interfaces/lib/python3.12/site-packages/tutorial_interfaces/tutorial_interfaces_s__rosidl_typesupport_introspection_c.so
[44.786s] -- Set non-toolchain portion of runtime path of "/home/admin/RI-Seaweed/playground_ws/install/tutorial_interfaces/lib/python3.12/site-packages/tutorial_interfaces/tutorial_interfaces_s__rosidl_typesupport_introspection_c.so" to ""
[44.787s] -- Installing: /home/admin/RI-Seaweed/playground_ws/install/tutorial_interfaces/lib/python3.12/site-packages/tutorial_interfaces/tutorial_interfaces_s__rosidl_typesupport_c.so
[44.790s] -- Set non-toolchain portion of runtime path of "/home/admin/RI-Seaweed/playground_ws/install/tutorial_interfaces/lib/python3.12/site-packages/tutorial_interfaces/tutorial_interfaces_s__rosidl_typesupport_c.so" to ""
[44.792s] -- Installing: /home/admin/RI-Seaweed/playground_ws/install/tutorial_interfaces/lib/libtutorial_interfaces__rosidl_generator_py.so
[44.796s] -- Set non-toolchain portion of runtime path of "/home/admin/RI-Seaweed/playground_ws/install/tutorial_interfaces/lib/libtutorial_interfaces__rosidl_generator_py.so" to ""
[44.797s] -- Up-to-date: /home/admin/RI-Seaweed/playground_ws/install/tutorial_interfaces/share/tutorial_interfaces/msg/Num.idl
[44.798s] -- Up-to-date: /home/admin/RI-Seaweed/playground_ws/install/tutorial_interfaces/share/tutorial_interfaces/msg/Sphere.idl
[44.798s] -- Up-to-date: /home/admin/RI-Seaweed/playground_ws/install/tutorial_interfaces/share/tutorial_interfaces/srv/AddThreeInts.idl
[44.799s] -- Installing: /home/admin/RI-Seaweed/playground_ws/install/tutorial_interfaces/share/tutorial_interfaces/msg/Num.msg
[44.800s] -- Installing: /home/admin/RI-Seaweed/playground_ws/install/tutorial_interfaces/share/tutorial_interfaces/msg/Sphere.msg
[44.801s] -- Installing: /home/admin/RI-Seaweed/playground_ws/install/tutorial_interfaces/share/tutorial_interfaces/srv/AddThreeInts.srv
[44.803s] -- Up-to-date: /home/admin/RI-Seaweed/playground_ws/install/tutorial_interfaces/share/ament_index/resource_index/package_run_dependencies/tutorial_interfaces
[44.804s] -- Up-to-date: /home/admin/RI-Seaweed/playground_ws/install/tutorial_interfaces/share/ament_index/resource_index/parent_prefix_path/tutorial_interfaces
[44.805s] -- Installing: /home/admin/RI-Seaweed/playground_ws/install/tutorial_interfaces/share/tutorial_interfaces/environment/ament_prefix_path.sh
[44.806s] -- Up-to-date: /home/admin/RI-Seaweed/playground_ws/install/tutorial_interfaces/share/tutorial_interfaces/environment/ament_prefix_path.dsv
[44.806s] -- Installing: /home/admin/RI-Seaweed/playground_ws/install/tutorial_interfaces/share/tutorial_interfaces/environment/path.sh
[44.809s] -- Up-to-date: /home/admin/RI-Seaweed/playground_ws/install/tutorial_interfaces/share/tutorial_interfaces/environment/path.dsv
[44.810s] -- Up-to-date: /home/admin/RI-Seaweed/playground_ws/install/tutorial_interfaces/share/tutorial_interfaces/local_setup.bash
[44.810s] -- Installing: /home/admin/RI-Seaweed/playground_ws/install/tutorial_interfaces/share/tutorial_interfaces/local_setup.sh
[44.812s] -- Up-to-date: /home/admin/RI-Seaweed/playground_ws/install/tutorial_interfaces/share/tutorial_interfaces/local_setup.zsh
[44.812s] -- Up-to-date: /home/admin/RI-Seaweed/playground_ws/install/tutorial_interfaces/share/tutorial_interfaces/local_setup.dsv
[44.813s] -- Installing: /home/admin/RI-Seaweed/playground_ws/install/tutorial_interfaces/share/tutorial_interfaces/package.dsv
[44.814s] -- Up-to-date: /home/admin/RI-Seaweed/playground_ws/install/tutorial_interfaces/share/ament_index/resource_index/packages/tutorial_interfaces
[44.815s] -- Up-to-date: /home/admin/RI-Seaweed/playground_ws/install/tutorial_interfaces/share/tutorial_interfaces/cmake/export_tutorial_interfaces__rosidl_generator_cExport.cmake
[44.816s] -- Up-to-date: /home/admin/RI-Seaweed/playground_ws/install/tutorial_interfaces/share/tutorial_interfaces/cmake/export_tutorial_interfaces__rosidl_generator_cExport-noconfig.cmake
[44.817s] -- Up-to-date: /home/admin/RI-Seaweed/playground_ws/install/tutorial_interfaces/share/tutorial_interfaces/cmake/export_tutorial_interfaces__rosidl_typesupport_fastrtps_cExport.cmake
[44.817s] -- Up-to-date: /home/admin/RI-Seaweed/playground_ws/install/tutorial_interfaces/share/tutorial_interfaces/cmake/export_tutorial_interfaces__rosidl_typesupport_fastrtps_cExport-noconfig.cmake
[44.818s] -- Up-to-date: /home/admin/RI-Seaweed/playground_ws/install/tutorial_interfaces/share/tutorial_interfaces/cmake/export_tutorial_interfaces__rosidl_generator_cppExport.cmake
[44.819s] -- Up-to-date: /home/admin/RI-Seaweed/playground_ws/install/tutorial_interfaces/share/tutorial_interfaces/cmake/export_tutorial_interfaces__rosidl_typesupport_fastrtps_cppExport.cmake
[44.820s] -- Up-to-date: /home/admin/RI-Seaweed/playground_ws/install/tutorial_interfaces/share/tutorial_interfaces/cmake/export_tutorial_interfaces__rosidl_typesupport_fastrtps_cppExport-noconfig.cmake
[44.821s] -- Up-to-date: /home/admin/RI-Seaweed/playground_ws/install/tutorial_interfaces/share/tutorial_interfaces/cmake/tutorial_interfaces__rosidl_typesupport_introspection_cExport.cmake
[44.822s] -- Up-to-date: /home/admin/RI-Seaweed/playground_ws/install/tutorial_interfaces/share/tutorial_interfaces/cmake/tutorial_interfaces__rosidl_typesupport_introspection_cExport-noconfig.cmake
[44.822s] -- Up-to-date: /home/admin/RI-Seaweed/playground_ws/install/tutorial_interfaces/share/tutorial_interfaces/cmake/tutorial_interfaces__rosidl_typesupport_cExport.cmake
[44.823s] -- Up-to-date: /home/admin/RI-Seaweed/playground_ws/install/tutorial_interfaces/share/tutorial_interfaces/cmake/tutorial_interfaces__rosidl_typesupport_cExport-noconfig.cmake
[44.824s] -- Up-to-date: /home/admin/RI-Seaweed/playground_ws/install/tutorial_interfaces/share/tutorial_interfaces/cmake/tutorial_interfaces__rosidl_typesupport_introspection_cppExport.cmake
[44.825s] -- Up-to-date: /home/admin/RI-Seaweed/playground_ws/install/tutorial_interfaces/share/tutorial_interfaces/cmake/tutorial_interfaces__rosidl_typesupport_introspection_cppExport-noconfig.cmake
[44.826s] -- Up-to-date: /home/admin/RI-Seaweed/playground_ws/install/tutorial_interfaces/share/tutorial_interfaces/cmake/tutorial_interfaces__rosidl_typesupport_cppExport.cmake
[44.826s] -- Up-to-date: /home/admin/RI-Seaweed/playground_ws/install/tutorial_interfaces/share/tutorial_interfaces/cmake/tutorial_interfaces__rosidl_typesupport_cppExport-noconfig.cmake
[44.827s] -- Up-to-date: /home/admin/RI-Seaweed/playground_ws/install/tutorial_interfaces/share/tutorial_interfaces/cmake/export_tutorial_interfaces__rosidl_generator_pyExport.cmake
[44.828s] -- Up-to-date: /home/admin/RI-Seaweed/playground_ws/install/tutorial_interfaces/share/tutorial_interfaces/cmake/export_tutorial_interfaces__rosidl_generator_pyExport-noconfig.cmake
[44.829s] -- Up-to-date: /home/admin/RI-Seaweed/playground_ws/install/tutorial_interfaces/share/tutorial_interfaces/cmake/rosidl_cmake-extras.cmake
[44.830s] -- Up-to-date: /home/admin/RI-Seaweed/playground_ws/install/tutorial_interfaces/share/tutorial_interfaces/cmake/ament_cmake_export_dependencies-extras.cmake
[44.832s] -- Up-to-date: /home/admin/RI-Seaweed/playground_ws/install/tutorial_interfaces/share/tutorial_interfaces/cmake/ament_cmake_export_include_directories-extras.cmake
[44.832s] -- Up-to-date: /home/admin/RI-Seaweed/playground_ws/install/tutorial_interfaces/share/tutorial_interfaces/cmake/ament_cmake_export_libraries-extras.cmake
[44.833s] -- Up-to-date: /home/admin/RI-Seaweed/playground_ws/install/tutorial_interfaces/share/tutorial_interfaces/cmake/ament_cmake_export_targets-extras.cmake
[44.833s] -- Up-to-date: /home/admin/RI-Seaweed/playground_ws/install/tutorial_interfaces/share/tutorial_interfaces/cmake/rosidl_cmake_export_typesupport_targets-extras.cmake
[44.834s] -- Up-to-date: /home/admin/RI-Seaweed/playground_ws/install/tutorial_interfaces/share/tutorial_interfaces/cmake/rosidl_cmake_export_typesupport_libraries-extras.cmake
[44.834s] -- Up-to-date: /home/admin/RI-Seaweed/playground_ws/install/tutorial_interfaces/share/tutorial_interfaces/cmake/tutorial_interfacesConfig.cmake
[44.835s] -- Up-to-date: /home/admin/RI-Seaweed/playground_ws/install/tutorial_interfaces/share/tutorial_interfaces/cmake/tutorial_interfacesConfig-version.cmake
[44.836s] -- Installing: /home/admin/RI-Seaweed/playground_ws/install/tutorial_interfaces/share/tutorial_interfaces/package.xml
[44.844s] Invoked command in '/home/admin/RI-Seaweed/playground_ws/build/tutorial_interfaces' returned '0': CMAKE_PREFIX_PATH=${CMAKE_PREFIX_PATH}:/opt/ros/jazzy /usr/bin/cmake --install /home/admin/RI-Seaweed/playground_ws/build/tutorial_interfaces
