[1.058s] Invoking command in '/home/admin/RI-Seaweed/ri_seaweed_ws/build/ri_seaweed_interfaces': CMAKE_PREFIX_PATH=${CMAKE_PREFIX_PATH}:/opt/ros/jazzy /usr/bin/cmake /home/admin/RI-Seaweed/ri_seaweed_ws/src/ri_seaweed_interfaces -DCMAKE_INSTALL_PREFIX=/home/admin/RI-Seaweed/ri_seaweed_ws/install/ri_seaweed_interfaces
[1.435s] -- The C compiler identification is GNU 13.3.0
[1.766s] -- The CXX compiler identification is GNU 13.3.0
[1.869s] -- Detecting C compiler ABI info
[2.457s] -- Detecting C compiler ABI info - done
[2.493s] -- Check for working C compiler: /usr/bin/cc - skipped
[2.498s] -- Detecting C compile features
[2.503s] -- Detecting C compile features - done
[2.550s] -- Detecting CXX compiler ABI info
[3.167s] -- Detecting CXX compiler ABI info - done
[3.218s] -- Check for working CXX compiler: /usr/bin/c++ - skipped
[3.222s] -- Detecting CXX compile features
[3.224s] -- Detecting CXX compile features - done
[3.263s] -- Found ament_cmake: 2.5.5 (/opt/ros/jazzy/share/ament_cmake/cmake)
[4.125s] -- Found Python3: /usr/bin/python3 (found version "3.12.3") found components: Interpreter 
[4.942s] -- Found rosidl_default_generators: 1.6.0 (/opt/ros/jazzy/share/rosidl_default_generators/cmake)
[5.006s] -- Using all available rosidl_typesupport_c: rosidl_typesupport_fastrtps_c;rosidl_typesupport_introspection_c
[5.481s] -- Using all available rosidl_typesupport_cpp: rosidl_typesupport_fastrtps_cpp;rosidl_typesupport_introspection_cpp
[5.857s] -- Found rosidl_adapter: 4.6.7 (/opt/ros/jazzy/share/rosidl_adapter/cmake)
[5.865s] [31mCMake Error at /opt/ros/jazzy/share/rosidl_cmake/cmake/rosidl_generate_interfaces.cmake:59 (message):
[5.869s]   rosidl_generate_interfaces() called without any interface files
[5.871s] Call Stack (most recent call first):
[5.873s]   CMakeLists.txt:14 (rosidl_generate_interfaces)
[5.875s] 
[5.877s] [0m
[5.879s] -- Configuring incomplete, errors occurred!
[5.892s] Invoked command in '/home/admin/RI-Seaweed/ri_seaweed_ws/build/ri_seaweed_interfaces' returned '1': CMAKE_PREFIX_PATH=${CMAKE_PREFIX_PATH}:/opt/ros/jazzy /usr/bin/cmake /home/admin/RI-Seaweed/ri_seaweed_ws/src/ri_seaweed_interfaces -DCMAKE_INSTALL_PREFIX=/home/admin/RI-Seaweed/ri_seaweed_ws/install/ri_seaweed_interfaces
