[0.642s] DEBUG:colcon:Command line arguments: ['/usr/bin/colcon', 'build', '--packages-select', 'tutorial_interfaces']
[0.643s] DEBUG:colcon:Parsed command line arguments: Namespace(log_base=None, log_level=None, verb_name='build', build_base='build', install_base='install', merge_install=False, symlink_install=False, test_result_base=None, continue_on_error=False, executor='parallel', parallel_workers=4, event_handlers=None, ignore_user_meta=False, metas=['./colcon.meta'], base_paths=['.'], packages_ignore=None, packages_ignore_regex=None, paths=None, packages_up_to=None, packages_up_to_regex=None, packages_above=None, packages_above_and_dependencies=None, packages_above_depth=None, packages_select_by_dep=None, packages_skip_by_dep=None, packages_skip_up_to=None, packages_select_build_failed=False, packages_skip_build_finished=False, packages_select_test_failures=False, packages_skip_test_passed=False, packages_select=['tutorial_interfaces'], packages_skip=None, packages_select_regex=None, packages_skip_regex=None, packages_start=None, packages_end=None, allow_overriding=[], cmake_args=None, cmake_target=None, cmake_target_skip_unavailable=False, cmake_clean_cache=False, cmake_clean_first=False, cmake_force_configure=False, ament_cmake_args=None, catkin_cmake_args=None, catkin_skip_building_tests=False, mixin_files=None, mixin=None, verb_parser=<colcon_mixin.mixin.mixin_argument.MixinArgumentDecorator object at 0xffffb96fdbe0>, verb_extension=<colcon_core.verb.build.BuildVerb object at 0xffffb98ae540>, main=<bound method BuildVerb.main of <colcon_core.verb.build.BuildVerb object at 0xffffb98ae540>>, mixin_verb=('build',))
[0.845s] Level 1:colcon.colcon_core.package_discovery:discover_packages(colcon_meta) check parameters
[0.845s] Level 1:colcon.colcon_core.package_discovery:discover_packages(recursive) check parameters
[0.845s] Level 1:colcon.colcon_core.package_discovery:discover_packages(ignore) check parameters
[0.845s] Level 1:colcon.colcon_core.package_discovery:discover_packages(path) check parameters
[0.846s] Level 1:colcon.colcon_core.package_discovery:discover_packages(colcon_meta) discover
[0.846s] Level 1:colcon.colcon_core.package_discovery:discover_packages(recursive) discover
[0.846s] INFO:colcon.colcon_core.package_discovery:Crawling recursively for packages in '/home/admin/RI-Seaweed/playground_ws'
[0.846s] Level 1:colcon.colcon_core.package_identification:_identify(.) by extensions ['ignore', 'ignore_ament_install']
[0.847s] Level 1:colcon.colcon_core.package_identification:_identify(.) by extension 'ignore'
[0.847s] Level 1:colcon.colcon_core.package_identification:_identify(.) by extension 'ignore_ament_install'
[0.847s] Level 1:colcon.colcon_core.package_identification:_identify(.) by extensions ['colcon_pkg']
[0.848s] Level 1:colcon.colcon_core.package_identification:_identify(.) by extension 'colcon_pkg'
[0.848s] Level 1:colcon.colcon_core.package_identification:_identify(.) by extensions ['colcon_meta']
[0.848s] Level 1:colcon.colcon_core.package_identification:_identify(.) by extension 'colcon_meta'
[0.848s] Level 1:colcon.colcon_core.package_identification:_identify(.) by extensions ['ros']
[0.848s] Level 1:colcon.colcon_core.package_identification:_identify(.) by extension 'ros'
[0.954s] Level 1:colcon.colcon_core.package_identification:_identify(.) by extensions ['cmake', 'python']
[0.955s] Level 1:colcon.colcon_core.package_identification:_identify(.) by extension 'cmake'
[0.955s] Level 1:colcon.colcon_core.package_identification:_identify(.) by extension 'python'
[0.955s] Level 1:colcon.colcon_core.package_identification:_identify(.) by extensions ['python_setup_py']
[0.955s] Level 1:colcon.colcon_core.package_identification:_identify(.) by extension 'python_setup_py'
[0.956s] Level 1:colcon.colcon_core.package_identification:_identify(build) by extensions ['ignore', 'ignore_ament_install']
[0.956s] Level 1:colcon.colcon_core.package_identification:_identify(build) by extension 'ignore'
[0.957s] Level 1:colcon.colcon_core.package_identification:_identify(build) ignored
[0.957s] Level 1:colcon.colcon_core.package_identification:_identify(install) by extensions ['ignore', 'ignore_ament_install']
[0.958s] Level 1:colcon.colcon_core.package_identification:_identify(install) by extension 'ignore'
[0.958s] Level 1:colcon.colcon_core.package_identification:_identify(install) ignored
[0.959s] Level 1:colcon.colcon_core.package_identification:_identify(log) by extensions ['ignore', 'ignore_ament_install']
[0.959s] Level 1:colcon.colcon_core.package_identification:_identify(log) by extension 'ignore'
[0.960s] Level 1:colcon.colcon_core.package_identification:_identify(log) ignored
[0.960s] Level 1:colcon.colcon_core.package_identification:_identify(src) by extensions ['ignore', 'ignore_ament_install']
[0.960s] Level 1:colcon.colcon_core.package_identification:_identify(src) by extension 'ignore'
[0.961s] Level 1:colcon.colcon_core.package_identification:_identify(src) by extension 'ignore_ament_install'
[0.961s] Level 1:colcon.colcon_core.package_identification:_identify(src) by extensions ['colcon_pkg']
[0.961s] Level 1:colcon.colcon_core.package_identification:_identify(src) by extension 'colcon_pkg'
[0.961s] Level 1:colcon.colcon_core.package_identification:_identify(src) by extensions ['colcon_meta']
[0.961s] Level 1:colcon.colcon_core.package_identification:_identify(src) by extension 'colcon_meta'
[0.962s] Level 1:colcon.colcon_core.package_identification:_identify(src) by extensions ['ros']
[0.962s] Level 1:colcon.colcon_core.package_identification:_identify(src) by extension 'ros'
[0.962s] Level 1:colcon.colcon_core.package_identification:_identify(src) by extensions ['cmake', 'python']
[0.962s] Level 1:colcon.colcon_core.package_identification:_identify(src) by extension 'cmake'
[0.963s] Level 1:colcon.colcon_core.package_identification:_identify(src) by extension 'python'
[0.963s] Level 1:colcon.colcon_core.package_identification:_identify(src) by extensions ['python_setup_py']
[0.963s] Level 1:colcon.colcon_core.package_identification:_identify(src) by extension 'python_setup_py'
[0.963s] Level 1:colcon.colcon_core.package_identification:_identify(src/cpp_pubsub) by extensions ['ignore', 'ignore_ament_install']
[0.964s] Level 1:colcon.colcon_core.package_identification:_identify(src/cpp_pubsub) by extension 'ignore'
[0.964s] Level 1:colcon.colcon_core.package_identification:_identify(src/cpp_pubsub) by extension 'ignore_ament_install'
[0.964s] Level 1:colcon.colcon_core.package_identification:_identify(src/cpp_pubsub) by extensions ['colcon_pkg']
[0.965s] Level 1:colcon.colcon_core.package_identification:_identify(src/cpp_pubsub) by extension 'colcon_pkg'
[0.965s] Level 1:colcon.colcon_core.package_identification:_identify(src/cpp_pubsub) by extensions ['colcon_meta']
[0.965s] Level 1:colcon.colcon_core.package_identification:_identify(src/cpp_pubsub) by extension 'colcon_meta'
[0.965s] Level 1:colcon.colcon_core.package_identification:_identify(src/cpp_pubsub) by extensions ['ros']
[0.965s] Level 1:colcon.colcon_core.package_identification:_identify(src/cpp_pubsub) by extension 'ros'
[0.974s] DEBUG:colcon.colcon_core.package_identification:Package 'src/cpp_pubsub' with type 'ros.ament_cmake' and name 'cpp_pubsub'
[0.974s] Level 1:colcon.colcon_core.package_identification:_identify(src/gripper_package) by extensions ['ignore', 'ignore_ament_install']
[0.975s] Level 1:colcon.colcon_core.package_identification:_identify(src/gripper_package) by extension 'ignore'
[0.975s] Level 1:colcon.colcon_core.package_identification:_identify(src/gripper_package) by extension 'ignore_ament_install'
[0.976s] Level 1:colcon.colcon_core.package_identification:_identify(src/gripper_package) by extensions ['colcon_pkg']
[0.976s] Level 1:colcon.colcon_core.package_identification:_identify(src/gripper_package) by extension 'colcon_pkg'
[0.977s] Level 1:colcon.colcon_core.package_identification:_identify(src/gripper_package) by extensions ['colcon_meta']
[0.977s] Level 1:colcon.colcon_core.package_identification:_identify(src/gripper_package) by extension 'colcon_meta'
[0.977s] Level 1:colcon.colcon_core.package_identification:_identify(src/gripper_package) by extensions ['ros']
[0.977s] Level 1:colcon.colcon_core.package_identification:_identify(src/gripper_package) by extension 'ros'
[0.979s] DEBUG:colcon.colcon_core.package_identification:Package 'src/gripper_package' with type 'ros.ament_python' and name 'gripper_package'
[0.980s] Level 1:colcon.colcon_core.package_identification:_identify(src/polygon_base) by extensions ['ignore', 'ignore_ament_install']
[0.980s] Level 1:colcon.colcon_core.package_identification:_identify(src/polygon_base) by extension 'ignore'
[0.981s] Level 1:colcon.colcon_core.package_identification:_identify(src/polygon_base) by extension 'ignore_ament_install'
[0.981s] Level 1:colcon.colcon_core.package_identification:_identify(src/polygon_base) by extensions ['colcon_pkg']
[0.981s] Level 1:colcon.colcon_core.package_identification:_identify(src/polygon_base) by extension 'colcon_pkg'
[0.981s] Level 1:colcon.colcon_core.package_identification:_identify(src/polygon_base) by extensions ['colcon_meta']
[0.981s] Level 1:colcon.colcon_core.package_identification:_identify(src/polygon_base) by extension 'colcon_meta'
[0.982s] Level 1:colcon.colcon_core.package_identification:_identify(src/polygon_base) by extensions ['ros']
[0.982s] Level 1:colcon.colcon_core.package_identification:_identify(src/polygon_base) by extension 'ros'
[0.984s] DEBUG:colcon.colcon_core.package_identification:Package 'src/polygon_base' with type 'ros.ament_cmake' and name 'polygon_base'
[0.984s] Level 1:colcon.colcon_core.package_identification:_identify(src/py_pubsub) by extensions ['ignore', 'ignore_ament_install']
[0.985s] Level 1:colcon.colcon_core.package_identification:_identify(src/py_pubsub) by extension 'ignore'
[0.985s] Level 1:colcon.colcon_core.package_identification:_identify(src/py_pubsub) by extension 'ignore_ament_install'
[0.986s] Level 1:colcon.colcon_core.package_identification:_identify(src/py_pubsub) by extensions ['colcon_pkg']
[0.986s] Level 1:colcon.colcon_core.package_identification:_identify(src/py_pubsub) by extension 'colcon_pkg'
[0.986s] Level 1:colcon.colcon_core.package_identification:_identify(src/py_pubsub) by extensions ['colcon_meta']
[0.986s] Level 1:colcon.colcon_core.package_identification:_identify(src/py_pubsub) by extension 'colcon_meta'
[0.986s] Level 1:colcon.colcon_core.package_identification:_identify(src/py_pubsub) by extensions ['ros']
[0.986s] Level 1:colcon.colcon_core.package_identification:_identify(src/py_pubsub) by extension 'ros'
[0.988s] DEBUG:colcon.colcon_core.package_identification:Package 'src/py_pubsub' with type 'ros.ament_python' and name 'py_pubsub'
[0.989s] Level 1:colcon.colcon_core.package_identification:_identify(src/py_srvcli) by extensions ['ignore', 'ignore_ament_install']
[0.990s] Level 1:colcon.colcon_core.package_identification:_identify(src/py_srvcli) by extension 'ignore'
[0.990s] Level 1:colcon.colcon_core.package_identification:_identify(src/py_srvcli) by extension 'ignore_ament_install'
[0.991s] Level 1:colcon.colcon_core.package_identification:_identify(src/py_srvcli) by extensions ['colcon_pkg']
[0.991s] Level 1:colcon.colcon_core.package_identification:_identify(src/py_srvcli) by extension 'colcon_pkg'
[0.991s] Level 1:colcon.colcon_core.package_identification:_identify(src/py_srvcli) by extensions ['colcon_meta']
[0.991s] Level 1:colcon.colcon_core.package_identification:_identify(src/py_srvcli) by extension 'colcon_meta'
[0.991s] Level 1:colcon.colcon_core.package_identification:_identify(src/py_srvcli) by extensions ['ros']
[0.991s] Level 1:colcon.colcon_core.package_identification:_identify(src/py_srvcli) by extension 'ros'
[0.994s] DEBUG:colcon.colcon_core.package_identification:Package 'src/py_srvcli' with type 'ros.ament_python' and name 'py_srvcli'
[0.995s] Level 1:colcon.colcon_core.package_identification:_identify(src/python_parameters) by extensions ['ignore', 'ignore_ament_install']
[0.995s] Level 1:colcon.colcon_core.package_identification:_identify(src/python_parameters) by extension 'ignore'
[0.996s] Level 1:colcon.colcon_core.package_identification:_identify(src/python_parameters) by extension 'ignore_ament_install'
[0.996s] Level 1:colcon.colcon_core.package_identification:_identify(src/python_parameters) by extensions ['colcon_pkg']
[0.996s] Level 1:colcon.colcon_core.package_identification:_identify(src/python_parameters) by extension 'colcon_pkg'
[0.996s] Level 1:colcon.colcon_core.package_identification:_identify(src/python_parameters) by extensions ['colcon_meta']
[0.996s] Level 1:colcon.colcon_core.package_identification:_identify(src/python_parameters) by extension 'colcon_meta'
[0.997s] Level 1:colcon.colcon_core.package_identification:_identify(src/python_parameters) by extensions ['ros']
[0.997s] Level 1:colcon.colcon_core.package_identification:_identify(src/python_parameters) by extension 'ros'
[0.999s] DEBUG:colcon.colcon_core.package_identification:Package 'src/python_parameters' with type 'ros.ament_python' and name 'python_parameters'
[1.000s] Level 1:colcon.colcon_core.package_identification:_identify(src/tutorial_interfaces) by extensions ['ignore', 'ignore_ament_install']
[1.000s] Level 1:colcon.colcon_core.package_identification:_identify(src/tutorial_interfaces) by extension 'ignore'
[1.000s] Level 1:colcon.colcon_core.package_identification:_identify(src/tutorial_interfaces) by extension 'ignore_ament_install'
[1.001s] Level 1:colcon.colcon_core.package_identification:_identify(src/tutorial_interfaces) by extensions ['colcon_pkg']
[1.001s] Level 1:colcon.colcon_core.package_identification:_identify(src/tutorial_interfaces) by extension 'colcon_pkg'
[1.001s] Level 1:colcon.colcon_core.package_identification:_identify(src/tutorial_interfaces) by extensions ['colcon_meta']
[1.001s] Level 1:colcon.colcon_core.package_identification:_identify(src/tutorial_interfaces) by extension 'colcon_meta'
[1.001s] Level 1:colcon.colcon_core.package_identification:_identify(src/tutorial_interfaces) by extensions ['ros']
[1.001s] Level 1:colcon.colcon_core.package_identification:_identify(src/tutorial_interfaces) by extension 'ros'
[1.003s] DEBUG:colcon.colcon_core.package_identification:Package 'src/tutorial_interfaces' with type 'ros.ament_cmake' and name 'tutorial_interfaces'
[1.004s] Level 1:colcon.colcon_core.package_discovery:discover_packages(recursive) using defaults
[1.004s] Level 1:colcon.colcon_core.package_discovery:discover_packages(ignore) discover
[1.004s] Level 1:colcon.colcon_core.package_discovery:discover_packages(ignore) using defaults
[1.004s] Level 1:colcon.colcon_core.package_discovery:discover_packages(path) discover
[1.004s] Level 1:colcon.colcon_core.package_discovery:discover_packages(path) using defaults
[1.077s] INFO:colcon.colcon_core.package_selection:Skipping not selected package 'cpp_pubsub' in 'src/cpp_pubsub'
[1.077s] INFO:colcon.colcon_core.package_selection:Skipping not selected package 'gripper_package' in 'src/gripper_package'
[1.077s] INFO:colcon.colcon_core.package_selection:Skipping not selected package 'polygon_base' in 'src/polygon_base'
[1.077s] INFO:colcon.colcon_core.package_selection:Skipping not selected package 'python_parameters' in 'src/python_parameters'
[1.077s] INFO:colcon.colcon_core.package_selection:Skipping not selected package 'py_pubsub' in 'src/py_pubsub'
[1.077s] INFO:colcon.colcon_core.package_selection:Skipping not selected package 'py_srvcli' in 'src/py_srvcli'
[1.079s] Level 1:colcon.colcon_core.package_discovery:discover_packages(prefix_path) check parameters
[1.079s] Level 1:colcon.colcon_core.package_discovery:discover_packages(prefix_path) discover
[1.095s] DEBUG:colcon.colcon_installed_package_information.package_discovery:Found 285 installed packages in /opt/ros/jazzy
[1.103s] Level 1:colcon.colcon_core.package_discovery:discover_packages(prefix_path) using defaults
[1.306s] Level 5:colcon.colcon_core.verb:set package 'tutorial_interfaces' build argument 'cmake_args' from command line to 'None'
[1.306s] Level 5:colcon.colcon_core.verb:set package 'tutorial_interfaces' build argument 'cmake_target' from command line to 'None'
[1.306s] Level 5:colcon.colcon_core.verb:set package 'tutorial_interfaces' build argument 'cmake_target_skip_unavailable' from command line to 'False'
[1.306s] Level 5:colcon.colcon_core.verb:set package 'tutorial_interfaces' build argument 'cmake_clean_cache' from command line to 'False'
[1.306s] Level 5:colcon.colcon_core.verb:set package 'tutorial_interfaces' build argument 'cmake_clean_first' from command line to 'False'
[1.306s] Level 5:colcon.colcon_core.verb:set package 'tutorial_interfaces' build argument 'cmake_force_configure' from command line to 'False'
[1.307s] Level 5:colcon.colcon_core.verb:set package 'tutorial_interfaces' build argument 'ament_cmake_args' from command line to 'None'
[1.307s] Level 5:colcon.colcon_core.verb:set package 'tutorial_interfaces' build argument 'catkin_cmake_args' from command line to 'None'
[1.307s] Level 5:colcon.colcon_core.verb:set package 'tutorial_interfaces' build argument 'catkin_skip_building_tests' from command line to 'False'
[1.307s] DEBUG:colcon.colcon_core.verb:Building package 'tutorial_interfaces' with the following arguments: {'ament_cmake_args': None, 'build_base': '/home/admin/RI-Seaweed/playground_ws/build/tutorial_interfaces', 'catkin_cmake_args': None, 'catkin_skip_building_tests': False, 'cmake_args': None, 'cmake_clean_cache': False, 'cmake_clean_first': False, 'cmake_force_configure': False, 'cmake_target': None, 'cmake_target_skip_unavailable': False, 'install_base': '/home/admin/RI-Seaweed/playground_ws/install/tutorial_interfaces', 'merge_install': False, 'path': '/home/admin/RI-Seaweed/playground_ws/src/tutorial_interfaces', 'symlink_install': False, 'test_result_base': None}
[1.307s] INFO:colcon.colcon_core.executor:Executing jobs using 'parallel' executor
[1.311s] DEBUG:colcon.colcon_parallel_executor.executor.parallel:run_until_complete
[1.312s] INFO:colcon.colcon_ros.task.ament_cmake.build:Building ROS package in '/home/admin/RI-Seaweed/playground_ws/src/tutorial_interfaces' with build type 'ament_cmake'
[1.313s] INFO:colcon.colcon_cmake.task.cmake.build:Building CMake package in '/home/admin/RI-Seaweed/playground_ws/src/tutorial_interfaces'
[1.323s] INFO:colcon.colcon_core.plugin_system:Skipping extension 'colcon_core.shell.bat': Not used on non-Windows systems
[1.324s] INFO:colcon.colcon_core.shell:Skip shell extension 'powershell' for command environment: Not usable outside of PowerShell
[1.324s] DEBUG:colcon.colcon_core.shell:Skip shell extension 'dsv' for command environment
[1.378s] DEBUG:colcon.colcon_core.event_handler.log_command:Invoking command in '/home/admin/RI-Seaweed/playground_ws/build/tutorial_interfaces': CMAKE_PREFIX_PATH=${CMAKE_PREFIX_PATH}:/opt/ros/jazzy /usr/bin/cmake /home/admin/RI-Seaweed/playground_ws/src/tutorial_interfaces -DCMAKE_INSTALL_PREFIX=/home/admin/RI-Seaweed/playground_ws/install/tutorial_interfaces
[19.876s] DEBUG:colcon.colcon_core.event_handler.log_command:Invoked command in '/home/admin/RI-Seaweed/playground_ws/build/tutorial_interfaces' returned '0': CMAKE_PREFIX_PATH=${CMAKE_PREFIX_PATH}:/opt/ros/jazzy /usr/bin/cmake /home/admin/RI-Seaweed/playground_ws/src/tutorial_interfaces -DCMAKE_INSTALL_PREFIX=/home/admin/RI-Seaweed/playground_ws/install/tutorial_interfaces
[19.883s] DEBUG:colcon.colcon_core.event_handler.log_command:Invoking command in '/home/admin/RI-Seaweed/playground_ws/build/tutorial_interfaces': CMAKE_PREFIX_PATH=${CMAKE_PREFIX_PATH}:/opt/ros/jazzy /usr/bin/cmake --build /home/admin/RI-Seaweed/playground_ws/build/tutorial_interfaces -- -j4 -l4
[45.510s] DEBUG:colcon.colcon_core.event_handler.log_command:Invoked command in '/home/admin/RI-Seaweed/playground_ws/build/tutorial_interfaces' returned '0': CMAKE_PREFIX_PATH=${CMAKE_PREFIX_PATH}:/opt/ros/jazzy /usr/bin/cmake --build /home/admin/RI-Seaweed/playground_ws/build/tutorial_interfaces -- -j4 -l4
[45.563s] DEBUG:colcon.colcon_core.event_handler.log_command:Invoking command in '/home/admin/RI-Seaweed/playground_ws/build/tutorial_interfaces': CMAKE_PREFIX_PATH=${CMAKE_PREFIX_PATH}:/opt/ros/jazzy /usr/bin/cmake --install /home/admin/RI-Seaweed/playground_ws/build/tutorial_interfaces
[46.157s] Level 1:colcon.colcon_core.environment:create_environment_scripts_only(tutorial_interfaces)
[46.159s] DEBUG:colcon.colcon_core.event_handler.log_command:Invoked command in '/home/admin/RI-Seaweed/playground_ws/build/tutorial_interfaces' returned '0': CMAKE_PREFIX_PATH=${CMAKE_PREFIX_PATH}:/opt/ros/jazzy /usr/bin/cmake --install /home/admin/RI-Seaweed/playground_ws/build/tutorial_interfaces
[46.169s] Level 1:colcon.colcon_core.environment:checking '/home/admin/RI-Seaweed/playground_ws/install/tutorial_interfaces' for CMake module files
[46.176s] Level 1:colcon.colcon_core.environment:checking '/home/admin/RI-Seaweed/playground_ws/install/tutorial_interfaces' for CMake config files
[46.182s] Level 1:colcon.colcon_core.shell:create_environment_hook('tutorial_interfaces', 'cmake_prefix_path')
[46.183s] INFO:colcon.colcon_core.shell:Creating environment hook '/home/admin/RI-Seaweed/playground_ws/install/tutorial_interfaces/share/tutorial_interfaces/hook/cmake_prefix_path.ps1'
[46.186s] INFO:colcon.colcon_core.shell:Creating environment descriptor '/home/admin/RI-Seaweed/playground_ws/install/tutorial_interfaces/share/tutorial_interfaces/hook/cmake_prefix_path.dsv'
[46.188s] INFO:colcon.colcon_core.shell:Creating environment hook '/home/admin/RI-Seaweed/playground_ws/install/tutorial_interfaces/share/tutorial_interfaces/hook/cmake_prefix_path.sh'
[46.192s] Level 1:colcon.colcon_core.environment:checking '/home/admin/RI-Seaweed/playground_ws/install/tutorial_interfaces/lib'
[46.193s] Level 1:colcon.colcon_core.shell:create_environment_hook('tutorial_interfaces', 'ld_library_path_lib')
[46.193s] INFO:colcon.colcon_core.shell:Creating environment hook '/home/admin/RI-Seaweed/playground_ws/install/tutorial_interfaces/share/tutorial_interfaces/hook/ld_library_path_lib.ps1'
[46.196s] INFO:colcon.colcon_core.shell:Creating environment descriptor '/home/admin/RI-Seaweed/playground_ws/install/tutorial_interfaces/share/tutorial_interfaces/hook/ld_library_path_lib.dsv'
[46.197s] INFO:colcon.colcon_core.shell:Creating environment hook '/home/admin/RI-Seaweed/playground_ws/install/tutorial_interfaces/share/tutorial_interfaces/hook/ld_library_path_lib.sh'
[46.199s] Level 1:colcon.colcon_core.environment:checking '/home/admin/RI-Seaweed/playground_ws/install/tutorial_interfaces/bin'
[46.200s] Level 1:colcon.colcon_core.environment:checking '/home/admin/RI-Seaweed/playground_ws/install/tutorial_interfaces/lib/pkgconfig/tutorial_interfaces.pc'
[46.201s] Level 1:colcon.colcon_core.environment:checking '/home/admin/RI-Seaweed/playground_ws/install/tutorial_interfaces/lib/python3.12/site-packages'
[46.201s] Level 1:colcon.colcon_core.shell:create_environment_hook('tutorial_interfaces', 'pythonpath')
[46.202s] INFO:colcon.colcon_core.shell:Creating environment hook '/home/admin/RI-Seaweed/playground_ws/install/tutorial_interfaces/share/tutorial_interfaces/hook/pythonpath.ps1'
[46.204s] INFO:colcon.colcon_core.shell:Creating environment descriptor '/home/admin/RI-Seaweed/playground_ws/install/tutorial_interfaces/share/tutorial_interfaces/hook/pythonpath.dsv'
[46.206s] INFO:colcon.colcon_core.shell:Creating environment hook '/home/admin/RI-Seaweed/playground_ws/install/tutorial_interfaces/share/tutorial_interfaces/hook/pythonpath.sh'
[46.209s] Level 1:colcon.colcon_core.environment:checking '/home/admin/RI-Seaweed/playground_ws/install/tutorial_interfaces/bin'
[46.210s] INFO:colcon.colcon_core.shell:Creating package script '/home/admin/RI-Seaweed/playground_ws/install/tutorial_interfaces/share/tutorial_interfaces/package.ps1'
[46.214s] INFO:colcon.colcon_core.shell:Creating package descriptor '/home/admin/RI-Seaweed/playground_ws/install/tutorial_interfaces/share/tutorial_interfaces/package.dsv'
[46.216s] INFO:colcon.colcon_core.shell:Creating package script '/home/admin/RI-Seaweed/playground_ws/install/tutorial_interfaces/share/tutorial_interfaces/package.sh'
[46.219s] INFO:colcon.colcon_core.shell:Creating package script '/home/admin/RI-Seaweed/playground_ws/install/tutorial_interfaces/share/tutorial_interfaces/package.bash'
[46.222s] INFO:colcon.colcon_core.shell:Creating package script '/home/admin/RI-Seaweed/playground_ws/install/tutorial_interfaces/share/tutorial_interfaces/package.zsh'
[46.225s] Level 1:colcon.colcon_core.environment:create_file_with_runtime_dependencies(/home/admin/RI-Seaweed/playground_ws/install/tutorial_interfaces/share/colcon-core/packages/tutorial_interfaces)
[46.228s] Level 1:colcon.colcon_core.environment:create_environment_scripts_only(tutorial_interfaces)
[46.229s] Level 1:colcon.colcon_core.environment:checking '/home/admin/RI-Seaweed/playground_ws/install/tutorial_interfaces' for CMake module files
[46.234s] Level 1:colcon.colcon_core.environment:checking '/home/admin/RI-Seaweed/playground_ws/install/tutorial_interfaces' for CMake config files
[46.240s] Level 1:colcon.colcon_core.shell:create_environment_hook('tutorial_interfaces', 'cmake_prefix_path')
[46.241s] INFO:colcon.colcon_core.shell:Creating environment hook '/home/admin/RI-Seaweed/playground_ws/install/tutorial_interfaces/share/tutorial_interfaces/hook/cmake_prefix_path.ps1'
[46.242s] INFO:colcon.colcon_core.shell:Creating environment descriptor '/home/admin/RI-Seaweed/playground_ws/install/tutorial_interfaces/share/tutorial_interfaces/hook/cmake_prefix_path.dsv'
[46.244s] INFO:colcon.colcon_core.shell:Creating environment hook '/home/admin/RI-Seaweed/playground_ws/install/tutorial_interfaces/share/tutorial_interfaces/hook/cmake_prefix_path.sh'
[46.247s] Level 1:colcon.colcon_core.environment:checking '/home/admin/RI-Seaweed/playground_ws/install/tutorial_interfaces/lib'
[46.248s] Level 1:colcon.colcon_core.shell:create_environment_hook('tutorial_interfaces', 'ld_library_path_lib')
[46.248s] INFO:colcon.colcon_core.shell:Creating environment hook '/home/admin/RI-Seaweed/playground_ws/install/tutorial_interfaces/share/tutorial_interfaces/hook/ld_library_path_lib.ps1'
[46.250s] INFO:colcon.colcon_core.shell:Creating environment descriptor '/home/admin/RI-Seaweed/playground_ws/install/tutorial_interfaces/share/tutorial_interfaces/hook/ld_library_path_lib.dsv'
[46.253s] INFO:colcon.colcon_core.shell:Creating environment hook '/home/admin/RI-Seaweed/playground_ws/install/tutorial_interfaces/share/tutorial_interfaces/hook/ld_library_path_lib.sh'
[46.255s] Level 1:colcon.colcon_core.environment:checking '/home/admin/RI-Seaweed/playground_ws/install/tutorial_interfaces/bin'
[46.255s] Level 1:colcon.colcon_core.environment:checking '/home/admin/RI-Seaweed/playground_ws/install/tutorial_interfaces/lib/pkgconfig/tutorial_interfaces.pc'
[46.256s] Level 1:colcon.colcon_core.environment:checking '/home/admin/RI-Seaweed/playground_ws/install/tutorial_interfaces/lib/python3.12/site-packages'
[46.257s] Level 1:colcon.colcon_core.shell:create_environment_hook('tutorial_interfaces', 'pythonpath')
[46.258s] INFO:colcon.colcon_core.shell:Creating environment hook '/home/admin/RI-Seaweed/playground_ws/install/tutorial_interfaces/share/tutorial_interfaces/hook/pythonpath.ps1'
[46.260s] INFO:colcon.colcon_core.shell:Creating environment descriptor '/home/admin/RI-Seaweed/playground_ws/install/tutorial_interfaces/share/tutorial_interfaces/hook/pythonpath.dsv'
[46.262s] INFO:colcon.colcon_core.shell:Creating environment hook '/home/admin/RI-Seaweed/playground_ws/install/tutorial_interfaces/share/tutorial_interfaces/hook/pythonpath.sh'
[46.265s] Level 1:colcon.colcon_core.environment:checking '/home/admin/RI-Seaweed/playground_ws/install/tutorial_interfaces/bin'
[46.266s] INFO:colcon.colcon_core.shell:Creating package script '/home/admin/RI-Seaweed/playground_ws/install/tutorial_interfaces/share/tutorial_interfaces/package.ps1'
[46.269s] INFO:colcon.colcon_core.shell:Creating package descriptor '/home/admin/RI-Seaweed/playground_ws/install/tutorial_interfaces/share/tutorial_interfaces/package.dsv'
[46.271s] INFO:colcon.colcon_core.shell:Creating package script '/home/admin/RI-Seaweed/playground_ws/install/tutorial_interfaces/share/tutorial_interfaces/package.sh'
[46.274s] INFO:colcon.colcon_core.shell:Creating package script '/home/admin/RI-Seaweed/playground_ws/install/tutorial_interfaces/share/tutorial_interfaces/package.bash'
[46.276s] INFO:colcon.colcon_core.shell:Creating package script '/home/admin/RI-Seaweed/playground_ws/install/tutorial_interfaces/share/tutorial_interfaces/package.zsh'
[46.278s] Level 1:colcon.colcon_core.environment:create_file_with_runtime_dependencies(/home/admin/RI-Seaweed/playground_ws/install/tutorial_interfaces/share/colcon-core/packages/tutorial_interfaces)
[46.280s] DEBUG:colcon.colcon_parallel_executor.executor.parallel:closing loop
[46.282s] DEBUG:colcon.colcon_parallel_executor.executor.parallel:loop closed
[46.283s] DEBUG:colcon.colcon_parallel_executor.executor.parallel:run_until_complete finished with '0'
[46.283s] DEBUG:colcon.colcon_core.event_reactor:joining thread
[46.307s] INFO:colcon.colcon_core.plugin_system:Skipping extension 'colcon_notification.desktop_notification.notify_send': Could not find 'notify-send'
[46.307s] INFO:colcon.colcon_core.plugin_system:Skipping extension 'colcon_notification.desktop_notification.terminal_notifier': Not used on non-Darwin systems
[46.308s] INFO:colcon.colcon_core.plugin_system:Skipping extension 'colcon_notification.desktop_notification.win32': Not used on non-Windows systems
[46.308s] INFO:colcon.colcon_notification.desktop_notification:Sending desktop notification using 'notify2'
[46.311s] DEBUG:colcon.colcon_notification.desktop_notification.notify2:Failed to initialize notify2: org.freedesktop.DBus.Error.ServiceUnknown: The name org.freedesktop.Notifications was not provided by any .service files
[46.312s] DEBUG:colcon.colcon_core.event_reactor:joined thread
[46.312s] INFO:colcon.colcon_core.shell:Creating prefix script '/home/admin/RI-Seaweed/playground_ws/install/local_setup.ps1'
[46.316s] INFO:colcon.colcon_core.shell:Creating prefix util module '/home/admin/RI-Seaweed/playground_ws/install/_local_setup_util_ps1.py'
[46.321s] INFO:colcon.colcon_core.shell:Creating prefix chain script '/home/admin/RI-Seaweed/playground_ws/install/setup.ps1'
[46.326s] INFO:colcon.colcon_core.shell:Creating prefix script '/home/admin/RI-Seaweed/playground_ws/install/local_setup.sh'
[46.329s] INFO:colcon.colcon_core.shell:Creating prefix util module '/home/admin/RI-Seaweed/playground_ws/install/_local_setup_util_sh.py'
[46.332s] INFO:colcon.colcon_core.shell:Creating prefix chain script '/home/admin/RI-Seaweed/playground_ws/install/setup.sh'
[46.336s] INFO:colcon.colcon_core.shell:Creating prefix script '/home/admin/RI-Seaweed/playground_ws/install/local_setup.bash'
[46.339s] INFO:colcon.colcon_core.shell:Creating prefix chain script '/home/admin/RI-Seaweed/playground_ws/install/setup.bash'
[46.343s] INFO:colcon.colcon_core.shell:Creating prefix script '/home/admin/RI-Seaweed/playground_ws/install/local_setup.zsh'
[46.345s] INFO:colcon.colcon_core.shell:Creating prefix chain script '/home/admin/RI-Seaweed/playground_ws/install/setup.zsh'
