[4.417s] Invoking command in '/home/admin/ros2_ws_test1/src/gripper_package': PYTHONPATH=/home/admin/ros2_ws_test1/build/gripper_package/prefix_override:/usr/lib/python3/dist-packages/colcon_core/task/python/colcon_distutils_commands:/home/admin/ros2_ws_test1/install/gripper_package/lib/python3.12/site-packages:${PYTHONPATH} /usr/bin/python3 -W ignore:setup.py install is deprecated -W ignore:easy_install command is deprecated setup.py egg_info --egg-base ../../build/gripper_package build --build-base /home/admin/ros2_ws_test1/build/gripper_package/build install --record /home/admin/ros2_ws_test1/build/gripper_package/install.log --single-version-externally-managed install_data
[5.870s] running egg_info
[5.972s] writing ../../build/gripper_package/gripper_package.egg-info/PKG-INFO
[5.973s] writing dependency_links to ../../build/gripper_package/gripper_package.egg-info/dependency_links.txt
[5.975s] writing entry points to ../../build/gripper_package/gripper_package.egg-info/entry_points.txt
[5.976s] writing requirements to ../../build/gripper_package/gripper_package.egg-info/requires.txt
[5.978s] writing top-level names to ../../build/gripper_package/gripper_package.egg-info/top_level.txt
[6.188s] reading manifest file '../../build/gripper_package/gripper_package.egg-info/SOURCES.txt'
[6.192s] writing manifest file '../../build/gripper_package/gripper_package.egg-info/SOURCES.txt'
[6.193s] running build
[6.194s] running build_py
[6.194s] copying gripper_package/gripper_node.py -> /home/admin/ros2_ws_test1/build/gripper_package/build/lib/gripper_package
[6.196s] running install
[6.221s] running install_lib
[6.326s] copying /home/admin/ros2_ws_test1/build/gripper_package/build/lib/gripper_package/gripper_node.py -> /home/admin/ros2_ws_test1/install/gripper_package/lib/python3.12/site-packages/gripper_package
[6.330s] byte-compiling /home/admin/ros2_ws_test1/install/gripper_package/lib/python3.12/site-packages/gripper_package/gripper_node.py to gripper_node.cpython-312.pyc
[6.333s] running install_data
[6.333s] running install_egg_info
[6.441s] removing '/home/admin/ros2_ws_test1/install/gripper_package/lib/python3.12/site-packages/gripper_package-0.0.0-py3.12.egg-info' (and everything under it)
[6.443s] Copying ../../build/gripper_package/gripper_package.egg-info to /home/admin/ros2_ws_test1/install/gripper_package/lib/python3.12/site-packages/gripper_package-0.0.0-py3.12.egg-info
[6.451s] running install_scripts
[7.223s] Installing gripper_node script to /home/admin/ros2_ws_test1/install/gripper_package/lib/gripper_package
[7.225s] writing list of installed files to '/home/admin/ros2_ws_test1/build/gripper_package/install.log'
[7.376s] Invoked command in '/home/admin/ros2_ws_test1/src/gripper_package' returned '0': PYTHONPATH=/home/admin/ros2_ws_test1/build/gripper_package/prefix_override:/usr/lib/python3/dist-packages/colcon_core/task/python/colcon_distutils_commands:/home/admin/ros2_ws_test1/install/gripper_package/lib/python3.12/site-packages:${PYTHONPATH} /usr/bin/python3 -W ignore:setup.py install is deprecated -W ignore:easy_install command is deprecated setup.py egg_info --egg-base ../../build/gripper_package build --build-base /home/admin/ros2_ws_test1/build/gripper_package/build install --record /home/admin/ros2_ws_test1/build/gripper_package/install.log --single-version-externally-managed install_data
