[0.060s] Invoking command in '/home/admin/ri_seaweed_ws/build/ri_seaweed_interfaces': CMAKE_PREFIX_PATH=${CMAKE_PREFIX_PATH}:/opt/ros/jazzy /usr/bin/cmake --build /home/admin/ri_seaweed_ws/build/ri_seaweed_interfaces -- -j4 -l4
[0.207s] -- Found ament_cmake: 2.5.5 (/opt/ros/jazzy/share/ament_cmake/cmake)
[0.740s] -- Found rosidl_default_generators: 1.6.0 (/opt/ros/jazzy/share/rosidl_default_generators/cmake)
[0.750s] -- Using all available rosidl_typesupport_c: rosidl_typesupport_fastrtps_c;rosidl_typesupport_introspection_c
[0.940s] -- Using all available rosidl_typesupport_cpp: rosidl_typesupport_fastrtps_cpp;rosidl_typesupport_introspection_cpp
[1.066s] -- Found rosidl_adapter: 4.6.7 (/opt/ros/jazzy/share/rosidl_adapter/cmake)
[2.224s] -- Found ament_cmake_ros: 0.12.0 (/opt/ros/jazzy/share/ament_cmake_ros/cmake)
[2.677s] -- Using all available rosidl_typesupport_c: rosidl_typesupport_fastrtps_c;rosidl_typesupport_introspection_c
[3.261s] -- Using all available rosidl_typesupport_cpp: rosidl_typesupport_fastrtps_cpp;rosidl_typesupport_introspection_cpp
[3.267s] -- Found python_cmake_module: 0.11.1 (/opt/ros/jazzy/share/python_cmake_module/cmake)
[4.616s] -- Found Python3: /usr/bin/python3 (found version "3.12.3") found components: Interpreter Development NumPy Development.Module Development.Embed 
[4.656s] -- Found ament_lint_auto: 0.17.4 (/opt/ros/jazzy/share/ament_lint_auto/cmake)
[4.708s] -- Added test 'lint_cmake' to check CMake code style
[4.717s] -- Added test 'xmllint' to check XML markup files
[4.728s] -- Configuring done (4.5s)
[4.974s] -- Generating done (0.2s)
[5.067s] -- Build files have been written to: /home/admin/ri_seaweed_ws/build/ri_seaweed_interfaces
[5.275s] [  2%] [34m[1mGenerating type hashes for ROS interfaces[0m
[5.339s] [  2%] Built target ament_cmake_python_copy_ri_seaweed_interfaces
[6.234s] [  2%] Built target ri_seaweed_interfaces__rosidl_generator_type_description
[6.308s] [  5%] [34m[1mGenerating C code for ROS interfaces[0m
[6.383s] [  8%] [34m[1mGenerating C++ code for ROS interfaces[0m
[6.962s] running egg_info
[7.270s] writing ri_seaweed_interfaces.egg-info/PKG-INFO
[7.272s] writing dependency_links to ri_seaweed_interfaces.egg-info/dependency_links.txt
[7.276s] writing top-level names to ri_seaweed_interfaces.egg-info/top_level.txt
[8.346s] reading manifest file 'ri_seaweed_interfaces.egg-info/SOURCES.txt'
[8.368s] writing manifest file 'ri_seaweed_interfaces.egg-info/SOURCES.txt'
[8.396s] [  8%] Built target ri_seaweed_interfaces__cpp
[8.715s] [  8%] Built target ament_cmake_python_build_ri_seaweed_interfaces_egg
[9.004s] [ 11%] [32mBuilding C object CMakeFiles/ri_seaweed_interfaces__rosidl_generator_c.dir/rosidl_generator_c/ri_seaweed_interfaces/msg/detail/gripper__functions.c.o[0m
[9.016s] [ 14%] [32mBuilding C object CMakeFiles/ri_seaweed_interfaces__rosidl_generator_c.dir/rosidl_generator_c/ri_seaweed_interfaces/msg/detail/gripper__type_support.c.o[0m
[9.020s] [ 17%] [32mBuilding C object CMakeFiles/ri_seaweed_interfaces__rosidl_generator_c.dir/rosidl_generator_c/ri_seaweed_interfaces/msg/detail/gripper__description.c.o[0m
[9.425s] [ 20%] [32m[1mLinking C shared library libri_seaweed_interfaces__rosidl_generator_c.so[0m
[9.652s] [ 20%] Built target ri_seaweed_interfaces__rosidl_generator_c
[9.732s] [ 23%] [34m[1mGenerating C type support for eProsima Fast-RTPS[0m
[9.746s] [ 26%] [34m[1mGenerating C type support dispatch for ROS interfaces[0m
[9.753s] [ 29%] [34m[1mGenerating C++ type support dispatch for ROS interfaces[0m
[9.793s] [ 32%] [34m[1mGenerating C introspection for ROS interfaces[0m
[11.445s] [ 35%] [32mBuilding CXX object CMakeFiles/ri_seaweed_interfaces__rosidl_typesupport_cpp.dir/rosidl_typesupport_cpp/ri_seaweed_interfaces/msg/gripper__type_support.cpp.o[0m
[11.790s] [ 38%] [32mBuilding CXX object CMakeFiles/ri_seaweed_interfaces__rosidl_typesupport_c.dir/rosidl_typesupport_c/ri_seaweed_interfaces/msg/gripper__type_support.cpp.o[0m
[12.088s] [ 41%] [32mBuilding C object CMakeFiles/ri_seaweed_interfaces__rosidl_typesupport_introspection_c.dir/rosidl_typesupport_introspection_c/ri_seaweed_interfaces/msg/detail/gripper__type_support.c.o[0m
[12.206s] [ 44%] [32m[1mLinking CXX shared library libri_seaweed_interfaces__rosidl_typesupport_c.so[0m
[12.392s] [ 47%] [32mBuilding CXX object CMakeFiles/ri_seaweed_interfaces__rosidl_typesupport_fastrtps_c.dir/rosidl_typesupport_fastrtps_c/ri_seaweed_interfaces/msg/detail/gripper__type_support_c.cpp.o[0m
[12.395s] [ 50%] [32m[1mLinking C shared library libri_seaweed_interfaces__rosidl_typesupport_introspection_c.so[0m
[12.716s] [ 50%] Built target ri_seaweed_interfaces__rosidl_typesupport_c
[12.724s] [ 50%] Built target ri_seaweed_interfaces__rosidl_typesupport_introspection_c
[12.819s] [ 52%] [34m[1mGenerating C++ type support for eProsima Fast-RTPS[0m
[12.926s] [ 55%] [34m[1mGenerating C++ introspection for ROS interfaces[0m
[14.796s] [ 58%] [32m[1mLinking CXX shared library libri_seaweed_interfaces__rosidl_typesupport_cpp.so[0m
[15.114s] [ 61%] [32mBuilding CXX object CMakeFiles/ri_seaweed_interfaces__rosidl_typesupport_introspection_cpp.dir/rosidl_typesupport_introspection_cpp/ri_seaweed_interfaces/msg/detail/gripper__type_support.cpp.o[0m
[15.437s] [ 64%] [32mBuilding CXX object CMakeFiles/ri_seaweed_interfaces__rosidl_typesupport_fastrtps_cpp.dir/rosidl_typesupport_fastrtps_cpp/ri_seaweed_interfaces/msg/detail/dds_fastrtps/gripper__type_support.cpp.o[0m
[15.449s] [ 64%] Built target ri_seaweed_interfaces__rosidl_typesupport_cpp
[17.502s] [ 67%] [32m[1mLinking CXX shared library libri_seaweed_interfaces__rosidl_typesupport_fastrtps_c.so[0m
[17.837s] [ 67%] Built target ri_seaweed_interfaces__rosidl_typesupport_fastrtps_c
[18.008s] [ 70%] [32m[1mLinking CXX shared library libri_seaweed_interfaces__rosidl_typesupport_introspection_cpp.so[0m
[18.253s] [ 70%] Built target ri_seaweed_interfaces__rosidl_typesupport_introspection_cpp
[18.969s] [ 73%] [32m[1mLinking CXX shared library libri_seaweed_interfaces__rosidl_typesupport_fastrtps_cpp.so[0m
[19.235s] [ 73%] Built target ri_seaweed_interfaces__rosidl_typesupport_fastrtps_cpp
[19.365s] [ 73%] Built target ri_seaweed_interfaces
[19.493s] [ 76%] [34m[1mGenerating Python code for ROS interfaces[0m
[20.983s] [ 76%] Built target ri_seaweed_interfaces__py
[21.183s] [ 79%] [32mBuilding C object CMakeFiles/ri_seaweed_interfaces__rosidl_generator_py.dir/rosidl_generator_py/ri_seaweed_interfaces/msg/_gripper_s.c.o[0m
[22.048s] [ 82%] [32m[1mLinking C shared library libri_seaweed_interfaces__rosidl_generator_py.so[0m
[22.283s] [ 82%] Built target ri_seaweed_interfaces__rosidl_generator_py
[22.518s] [ 85%] [32mBuilding C object CMakeFiles/ri_seaweed_interfaces_s__rosidl_typesupport_fastrtps_c.dir/rosidl_generator_py/ri_seaweed_interfaces/_ri_seaweed_interfaces_s.ep.rosidl_typesupport_fastrtps_c.c.o[0m
[22.522s] [ 88%] [32mBuilding C object CMakeFiles/ri_seaweed_interfaces_s__rosidl_typesupport_c.dir/rosidl_generator_py/ri_seaweed_interfaces/_ri_seaweed_interfaces_s.ep.rosidl_typesupport_c.c.o[0m
[22.554s] [ 91%] [32mBuilding C object CMakeFiles/ri_seaweed_interfaces_s__rosidl_typesupport_introspection_c.dir/rosidl_generator_py/ri_seaweed_interfaces/_ri_seaweed_interfaces_s.ep.rosidl_typesupport_introspection_c.c.o[0m
[23.188s] [ 94%] [32m[1mLinking C shared module rosidl_generator_py/ri_seaweed_interfaces/ri_seaweed_interfaces_s__rosidl_typesupport_fastrtps_c.so[0m
[23.252s] [ 97%] [32m[1mLinking C shared module rosidl_generator_py/ri_seaweed_interfaces/ri_seaweed_interfaces_s__rosidl_typesupport_introspection_c.so[0m
[23.302s] [100%] [32m[1mLinking C shared module rosidl_generator_py/ri_seaweed_interfaces/ri_seaweed_interfaces_s__rosidl_typesupport_c.so[0m
[23.404s] [100%] Built target ri_seaweed_interfaces_s__rosidl_typesupport_fastrtps_c
[23.459s] [100%] Built target ri_seaweed_interfaces_s__rosidl_typesupport_introspection_c
[23.497s] [100%] Built target ri_seaweed_interfaces_s__rosidl_typesupport_c
[23.567s] Invoked command in '/home/admin/ri_seaweed_ws/build/ri_seaweed_interfaces' returned '0': CMAKE_PREFIX_PATH=${CMAKE_PREFIX_PATH}:/opt/ros/jazzy /usr/bin/cmake --build /home/admin/ri_seaweed_ws/build/ri_seaweed_interfaces -- -j4 -l4
[23.626s] Invoking command in '/home/admin/ri_seaweed_ws/build/ri_seaweed_interfaces': CMAKE_PREFIX_PATH=${CMAKE_PREFIX_PATH}:/opt/ros/jazzy /usr/bin/cmake --install /home/admin/ri_seaweed_ws/build/ri_seaweed_interfaces
[23.670s] -- Install configuration: ""
[23.671s] -- Up-to-date: /home/admin/ri_seaweed_ws/install/ri_seaweed_interfaces/share/ament_index/resource_index/rosidl_interfaces/ri_seaweed_interfaces
[23.672s] -- Installing: /home/admin/ri_seaweed_ws/install/ri_seaweed_interfaces/share/ri_seaweed_interfaces/msg/Gripper.json
[23.673s] -- Up-to-date: /home/admin/ri_seaweed_ws/install/ri_seaweed_interfaces/include/ri_seaweed_interfaces/ri_seaweed_interfaces
[23.673s] -- Up-to-date: /home/admin/ri_seaweed_ws/install/ri_seaweed_interfaces/include/ri_seaweed_interfaces/ri_seaweed_interfaces/msg
[23.674s] -- Up-to-date: /home/admin/ri_seaweed_ws/install/ri_seaweed_interfaces/include/ri_seaweed_interfaces/ri_seaweed_interfaces/msg/detail
[23.674s] -- Installing: /home/admin/ri_seaweed_ws/install/ri_seaweed_interfaces/include/ri_seaweed_interfaces/ri_seaweed_interfaces/msg/detail/gripper__type_support.h
[23.676s] -- Installing: /home/admin/ri_seaweed_ws/install/ri_seaweed_interfaces/include/ri_seaweed_interfaces/ri_seaweed_interfaces/msg/detail/gripper__functions.h
[23.677s] -- Installing: /home/admin/ri_seaweed_ws/install/ri_seaweed_interfaces/include/ri_seaweed_interfaces/ri_seaweed_interfaces/msg/detail/gripper__description.c
[23.678s] -- Installing: /home/admin/ri_seaweed_ws/install/ri_seaweed_interfaces/include/ri_seaweed_interfaces/ri_seaweed_interfaces/msg/detail/gripper__struct.h
[23.680s] -- Installing: /home/admin/ri_seaweed_ws/install/ri_seaweed_interfaces/include/ri_seaweed_interfaces/ri_seaweed_interfaces/msg/detail/gripper__functions.c
[23.682s] -- Installing: /home/admin/ri_seaweed_ws/install/ri_seaweed_interfaces/include/ri_seaweed_interfaces/ri_seaweed_interfaces/msg/detail/gripper__type_support.c
[23.683s] -- Up-to-date: /home/admin/ri_seaweed_ws/install/ri_seaweed_interfaces/include/ri_seaweed_interfaces/ri_seaweed_interfaces/msg/rosidl_generator_c__visibility_control.h
[23.683s] -- Installing: /home/admin/ri_seaweed_ws/install/ri_seaweed_interfaces/include/ri_seaweed_interfaces/ri_seaweed_interfaces/msg/gripper.h
[23.685s] -- Up-to-date: /home/admin/ri_seaweed_ws/install/ri_seaweed_interfaces/share/ri_seaweed_interfaces/environment/library_path.sh
[23.686s] -- Up-to-date: /home/admin/ri_seaweed_ws/install/ri_seaweed_interfaces/share/ri_seaweed_interfaces/environment/library_path.dsv
[23.687s] -- Installing: /home/admin/ri_seaweed_ws/install/ri_seaweed_interfaces/lib/libri_seaweed_interfaces__rosidl_generator_c.so
[23.690s] -- Set non-toolchain portion of runtime path of "/home/admin/ri_seaweed_ws/install/ri_seaweed_interfaces/lib/libri_seaweed_interfaces__rosidl_generator_c.so" to ""
[23.693s] -- Up-to-date: /home/admin/ri_seaweed_ws/install/ri_seaweed_interfaces/include/ri_seaweed_interfaces/ri_seaweed_interfaces
[23.693s] -- Up-to-date: /home/admin/ri_seaweed_ws/install/ri_seaweed_interfaces/include/ri_seaweed_interfaces/ri_seaweed_interfaces/msg
[23.696s] -- Up-to-date: /home/admin/ri_seaweed_ws/install/ri_seaweed_interfaces/include/ri_seaweed_interfaces/ri_seaweed_interfaces/msg/detail
[23.697s] -- Installing: /home/admin/ri_seaweed_ws/install/ri_seaweed_interfaces/include/ri_seaweed_interfaces/ri_seaweed_interfaces/msg/detail/gripper__rosidl_typesupport_fastrtps_c.h
[23.697s] -- Up-to-date: /home/admin/ri_seaweed_ws/install/ri_seaweed_interfaces/include/ri_seaweed_interfaces/ri_seaweed_interfaces/msg/rosidl_typesupport_fastrtps_c__visibility_control.h
[23.697s] -- Installing: /home/admin/ri_seaweed_ws/install/ri_seaweed_interfaces/lib/libri_seaweed_interfaces__rosidl_typesupport_fastrtps_c.so
[23.700s] -- Set non-toolchain portion of runtime path of "/home/admin/ri_seaweed_ws/install/ri_seaweed_interfaces/lib/libri_seaweed_interfaces__rosidl_typesupport_fastrtps_c.so" to ""
[23.701s] -- Up-to-date: /home/admin/ri_seaweed_ws/install/ri_seaweed_interfaces/include/ri_seaweed_interfaces/ri_seaweed_interfaces
[23.703s] -- Up-to-date: /home/admin/ri_seaweed_ws/install/ri_seaweed_interfaces/include/ri_seaweed_interfaces/ri_seaweed_interfaces/msg
[23.703s] -- Up-to-date: /home/admin/ri_seaweed_ws/install/ri_seaweed_interfaces/include/ri_seaweed_interfaces/ri_seaweed_interfaces/msg/rosidl_typesupport_introspection_c__visibility_control.h
[23.704s] -- Up-to-date: /home/admin/ri_seaweed_ws/install/ri_seaweed_interfaces/include/ri_seaweed_interfaces/ri_seaweed_interfaces/msg/detail
[23.705s] -- Installing: /home/admin/ri_seaweed_ws/install/ri_seaweed_interfaces/include/ri_seaweed_interfaces/ri_seaweed_interfaces/msg/detail/gripper__rosidl_typesupport_introspection_c.h
[23.706s] -- Installing: /home/admin/ri_seaweed_ws/install/ri_seaweed_interfaces/include/ri_seaweed_interfaces/ri_seaweed_interfaces/msg/detail/gripper__type_support.c
[23.708s] -- Installing: /home/admin/ri_seaweed_ws/install/ri_seaweed_interfaces/lib/libri_seaweed_interfaces__rosidl_typesupport_introspection_c.so
[23.713s] -- Set non-toolchain portion of runtime path of "/home/admin/ri_seaweed_ws/install/ri_seaweed_interfaces/lib/libri_seaweed_interfaces__rosidl_typesupport_introspection_c.so" to ""
[23.714s] -- Installing: /home/admin/ri_seaweed_ws/install/ri_seaweed_interfaces/lib/libri_seaweed_interfaces__rosidl_typesupport_c.so
[23.717s] -- Set non-toolchain portion of runtime path of "/home/admin/ri_seaweed_ws/install/ri_seaweed_interfaces/lib/libri_seaweed_interfaces__rosidl_typesupport_c.so" to ""
[23.718s] -- Up-to-date: /home/admin/ri_seaweed_ws/install/ri_seaweed_interfaces/include/ri_seaweed_interfaces/ri_seaweed_interfaces
[23.720s] -- Up-to-date: /home/admin/ri_seaweed_ws/install/ri_seaweed_interfaces/include/ri_seaweed_interfaces/ri_seaweed_interfaces/msg
[23.721s] -- Installing: /home/admin/ri_seaweed_ws/install/ri_seaweed_interfaces/include/ri_seaweed_interfaces/ri_seaweed_interfaces/msg/rosidl_generator_cpp__visibility_control.hpp
[23.721s] -- Installing: /home/admin/ri_seaweed_ws/install/ri_seaweed_interfaces/include/ri_seaweed_interfaces/ri_seaweed_interfaces/msg/gripper.hpp
[23.722s] -- Up-to-date: /home/admin/ri_seaweed_ws/install/ri_seaweed_interfaces/include/ri_seaweed_interfaces/ri_seaweed_interfaces/msg/detail
[23.723s] -- Installing: /home/admin/ri_seaweed_ws/install/ri_seaweed_interfaces/include/ri_seaweed_interfaces/ri_seaweed_interfaces/msg/detail/gripper__traits.hpp
[23.727s] -- Installing: /home/admin/ri_seaweed_ws/install/ri_seaweed_interfaces/include/ri_seaweed_interfaces/ri_seaweed_interfaces/msg/detail/gripper__struct.hpp
[23.728s] -- Installing: /home/admin/ri_seaweed_ws/install/ri_seaweed_interfaces/include/ri_seaweed_interfaces/ri_seaweed_interfaces/msg/detail/gripper__type_support.hpp
[23.729s] -- Installing: /home/admin/ri_seaweed_ws/install/ri_seaweed_interfaces/include/ri_seaweed_interfaces/ri_seaweed_interfaces/msg/detail/gripper__builder.hpp
[23.731s] -- Up-to-date: /home/admin/ri_seaweed_ws/install/ri_seaweed_interfaces/include/ri_seaweed_interfaces/ri_seaweed_interfaces
[23.732s] -- Up-to-date: /home/admin/ri_seaweed_ws/install/ri_seaweed_interfaces/include/ri_seaweed_interfaces/ri_seaweed_interfaces/msg
[23.733s] -- Up-to-date: /home/admin/ri_seaweed_ws/install/ri_seaweed_interfaces/include/ri_seaweed_interfaces/ri_seaweed_interfaces/msg/rosidl_typesupport_fastrtps_cpp__visibility_control.h
[23.734s] -- Up-to-date: /home/admin/ri_seaweed_ws/install/ri_seaweed_interfaces/include/ri_seaweed_interfaces/ri_seaweed_interfaces/msg/detail
[23.734s] -- Up-to-date: /home/admin/ri_seaweed_ws/install/ri_seaweed_interfaces/include/ri_seaweed_interfaces/ri_seaweed_interfaces/msg/detail/dds_fastrtps
[23.736s] -- Installing: /home/admin/ri_seaweed_ws/install/ri_seaweed_interfaces/include/ri_seaweed_interfaces/ri_seaweed_interfaces/msg/detail/gripper__rosidl_typesupport_fastrtps_cpp.hpp
[23.742s] -- Installing: /home/admin/ri_seaweed_ws/install/ri_seaweed_interfaces/lib/libri_seaweed_interfaces__rosidl_typesupport_fastrtps_cpp.so
[23.746s] -- Set non-toolchain portion of runtime path of "/home/admin/ri_seaweed_ws/install/ri_seaweed_interfaces/lib/libri_seaweed_interfaces__rosidl_typesupport_fastrtps_cpp.so" to ""
[23.750s] -- Up-to-date: /home/admin/ri_seaweed_ws/install/ri_seaweed_interfaces/include/ri_seaweed_interfaces/ri_seaweed_interfaces
[23.752s] -- Up-to-date: /home/admin/ri_seaweed_ws/install/ri_seaweed_interfaces/include/ri_seaweed_interfaces/ri_seaweed_interfaces/msg
[23.755s] -- Up-to-date: /home/admin/ri_seaweed_ws/install/ri_seaweed_interfaces/include/ri_seaweed_interfaces/ri_seaweed_interfaces/msg/detail
[23.757s] -- Installing: /home/admin/ri_seaweed_ws/install/ri_seaweed_interfaces/include/ri_seaweed_interfaces/ri_seaweed_interfaces/msg/detail/gripper__type_support.cpp
[23.758s] -- Installing: /home/admin/ri_seaweed_ws/install/ri_seaweed_interfaces/include/ri_seaweed_interfaces/ri_seaweed_interfaces/msg/detail/gripper__rosidl_typesupport_introspection_cpp.hpp
[23.758s] -- Installing: /home/admin/ri_seaweed_ws/install/ri_seaweed_interfaces/lib/libri_seaweed_interfaces__rosidl_typesupport_introspection_cpp.so
[23.763s] -- Set non-toolchain portion of runtime path of "/home/admin/ri_seaweed_ws/install/ri_seaweed_interfaces/lib/libri_seaweed_interfaces__rosidl_typesupport_introspection_cpp.so" to ""
[23.764s] -- Installing: /home/admin/ri_seaweed_ws/install/ri_seaweed_interfaces/lib/libri_seaweed_interfaces__rosidl_typesupport_cpp.so
[23.769s] -- Set non-toolchain portion of runtime path of "/home/admin/ri_seaweed_ws/install/ri_seaweed_interfaces/lib/libri_seaweed_interfaces__rosidl_typesupport_cpp.so" to ""
[23.772s] -- Up-to-date: /home/admin/ri_seaweed_ws/install/ri_seaweed_interfaces/share/ri_seaweed_interfaces/environment/pythonpath.sh
[23.776s] -- Up-to-date: /home/admin/ri_seaweed_ws/install/ri_seaweed_interfaces/share/ri_seaweed_interfaces/environment/pythonpath.dsv
[23.778s] -- Up-to-date: /home/admin/ri_seaweed_ws/install/ri_seaweed_interfaces/lib/python3.12/site-packages/ri_seaweed_interfaces-0.0.0-py3.12.egg-info
[23.781s] -- Installing: /home/admin/ri_seaweed_ws/install/ri_seaweed_interfaces/lib/python3.12/site-packages/ri_seaweed_interfaces-0.0.0-py3.12.egg-info/dependency_links.txt
[23.782s] -- Installing: /home/admin/ri_seaweed_ws/install/ri_seaweed_interfaces/lib/python3.12/site-packages/ri_seaweed_interfaces-0.0.0-py3.12.egg-info/SOURCES.txt
[23.785s] -- Installing: /home/admin/ri_seaweed_ws/install/ri_seaweed_interfaces/lib/python3.12/site-packages/ri_seaweed_interfaces-0.0.0-py3.12.egg-info/top_level.txt
[23.787s] -- Installing: /home/admin/ri_seaweed_ws/install/ri_seaweed_interfaces/lib/python3.12/site-packages/ri_seaweed_interfaces-0.0.0-py3.12.egg-info/PKG-INFO
[23.789s] -- Up-to-date: /home/admin/ri_seaweed_ws/install/ri_seaweed_interfaces/lib/python3.12/site-packages/ri_seaweed_interfaces
[23.792s] -- Installing: /home/admin/ri_seaweed_ws/install/ri_seaweed_interfaces/lib/python3.12/site-packages/ri_seaweed_interfaces/_ri_seaweed_interfaces_s.ep.rosidl_typesupport_fastrtps_c.c
[23.793s] -- Up-to-date: /home/admin/ri_seaweed_ws/install/ri_seaweed_interfaces/lib/python3.12/site-packages/ri_seaweed_interfaces/msg
[23.796s] -- Installing: /home/admin/ri_seaweed_ws/install/ri_seaweed_interfaces/lib/python3.12/site-packages/ri_seaweed_interfaces/msg/__init__.py
[23.797s] -- Installing: /home/admin/ri_seaweed_ws/install/ri_seaweed_interfaces/lib/python3.12/site-packages/ri_seaweed_interfaces/msg/_gripper_s.c
[23.801s] -- Installing: /home/admin/ri_seaweed_ws/install/ri_seaweed_interfaces/lib/python3.12/site-packages/ri_seaweed_interfaces/msg/_gripper.py
[23.803s] -- Installing: /home/admin/ri_seaweed_ws/install/ri_seaweed_interfaces/lib/python3.12/site-packages/ri_seaweed_interfaces/_ri_seaweed_interfaces_s.ep.rosidl_typesupport_introspection_c.c
[23.805s] -- Installing: /home/admin/ri_seaweed_ws/install/ri_seaweed_interfaces/lib/python3.12/site-packages/ri_seaweed_interfaces/__init__.py
[23.807s] -- Installing: /home/admin/ri_seaweed_ws/install/ri_seaweed_interfaces/lib/python3.12/site-packages/ri_seaweed_interfaces/ri_seaweed_interfaces_s__rosidl_typesupport_introspection_c.so
[23.808s] -- Installing: /home/admin/ri_seaweed_ws/install/ri_seaweed_interfaces/lib/python3.12/site-packages/ri_seaweed_interfaces/_ri_seaweed_interfaces_s.ep.rosidl_typesupport_c.c
[23.812s] -- Installing: /home/admin/ri_seaweed_ws/install/ri_seaweed_interfaces/lib/python3.12/site-packages/ri_seaweed_interfaces/ri_seaweed_interfaces_s__rosidl_typesupport_fastrtps_c.so
[23.812s] -- Installing: /home/admin/ri_seaweed_ws/install/ri_seaweed_interfaces/lib/python3.12/site-packages/ri_seaweed_interfaces/ri_seaweed_interfaces_s__rosidl_typesupport_c.so
[24.097s] Listing '/home/admin/ri_seaweed_ws/install/ri_seaweed_interfaces/lib/python3.12/site-packages/ri_seaweed_interfaces'...
[24.098s] Compiling '/home/admin/ri_seaweed_ws/install/ri_seaweed_interfaces/lib/python3.12/site-packages/ri_seaweed_interfaces/__init__.py'...
[24.101s] Listing '/home/admin/ri_seaweed_ws/install/ri_seaweed_interfaces/lib/python3.12/site-packages/ri_seaweed_interfaces/msg'...
[24.103s] Compiling '/home/admin/ri_seaweed_ws/install/ri_seaweed_interfaces/lib/python3.12/site-packages/ri_seaweed_interfaces/msg/__init__.py'...
[24.105s] Compiling '/home/admin/ri_seaweed_ws/install/ri_seaweed_interfaces/lib/python3.12/site-packages/ri_seaweed_interfaces/msg/_gripper.py'...
[24.135s] -- Installing: /home/admin/ri_seaweed_ws/install/ri_seaweed_interfaces/lib/python3.12/site-packages/ri_seaweed_interfaces/ri_seaweed_interfaces_s__rosidl_typesupport_fastrtps_c.so
[24.138s] -- Set non-toolchain portion of runtime path of "/home/admin/ri_seaweed_ws/install/ri_seaweed_interfaces/lib/python3.12/site-packages/ri_seaweed_interfaces/ri_seaweed_interfaces_s__rosidl_typesupport_fastrtps_c.so" to ""
[24.141s] -- Installing: /home/admin/ri_seaweed_ws/install/ri_seaweed_interfaces/lib/python3.12/site-packages/ri_seaweed_interfaces/ri_seaweed_interfaces_s__rosidl_typesupport_introspection_c.so
[24.144s] -- Set non-toolchain portion of runtime path of "/home/admin/ri_seaweed_ws/install/ri_seaweed_interfaces/lib/python3.12/site-packages/ri_seaweed_interfaces/ri_seaweed_interfaces_s__rosidl_typesupport_introspection_c.so" to ""
[24.146s] -- Installing: /home/admin/ri_seaweed_ws/install/ri_seaweed_interfaces/lib/python3.12/site-packages/ri_seaweed_interfaces/ri_seaweed_interfaces_s__rosidl_typesupport_c.so
[24.149s] -- Set non-toolchain portion of runtime path of "/home/admin/ri_seaweed_ws/install/ri_seaweed_interfaces/lib/python3.12/site-packages/ri_seaweed_interfaces/ri_seaweed_interfaces_s__rosidl_typesupport_c.so" to ""
[24.154s] -- Installing: /home/admin/ri_seaweed_ws/install/ri_seaweed_interfaces/lib/libri_seaweed_interfaces__rosidl_generator_py.so
[24.156s] -- Set non-toolchain portion of runtime path of "/home/admin/ri_seaweed_ws/install/ri_seaweed_interfaces/lib/libri_seaweed_interfaces__rosidl_generator_py.so" to ""
[24.157s] -- Installing: /home/admin/ri_seaweed_ws/install/ri_seaweed_interfaces/share/ri_seaweed_interfaces/msg/Gripper.idl
[24.157s] -- Installing: /home/admin/ri_seaweed_ws/install/ri_seaweed_interfaces/share/ri_seaweed_interfaces/msg/Gripper.msg
[24.159s] -- Up-to-date: /home/admin/ri_seaweed_ws/install/ri_seaweed_interfaces/share/ament_index/resource_index/package_run_dependencies/ri_seaweed_interfaces
[24.160s] -- Up-to-date: /home/admin/ri_seaweed_ws/install/ri_seaweed_interfaces/share/ament_index/resource_index/parent_prefix_path/ri_seaweed_interfaces
[24.161s] -- Up-to-date: /home/admin/ri_seaweed_ws/install/ri_seaweed_interfaces/share/ri_seaweed_interfaces/environment/ament_prefix_path.sh
[24.162s] -- Up-to-date: /home/admin/ri_seaweed_ws/install/ri_seaweed_interfaces/share/ri_seaweed_interfaces/environment/ament_prefix_path.dsv
[24.163s] -- Up-to-date: /home/admin/ri_seaweed_ws/install/ri_seaweed_interfaces/share/ri_seaweed_interfaces/environment/path.sh
[24.163s] -- Up-to-date: /home/admin/ri_seaweed_ws/install/ri_seaweed_interfaces/share/ri_seaweed_interfaces/environment/path.dsv
[24.164s] -- Up-to-date: /home/admin/ri_seaweed_ws/install/ri_seaweed_interfaces/share/ri_seaweed_interfaces/local_setup.bash
[24.165s] -- Up-to-date: /home/admin/ri_seaweed_ws/install/ri_seaweed_interfaces/share/ri_seaweed_interfaces/local_setup.sh
[24.166s] -- Up-to-date: /home/admin/ri_seaweed_ws/install/ri_seaweed_interfaces/share/ri_seaweed_interfaces/local_setup.zsh
[24.166s] -- Up-to-date: /home/admin/ri_seaweed_ws/install/ri_seaweed_interfaces/share/ri_seaweed_interfaces/local_setup.dsv
[24.167s] -- Installing: /home/admin/ri_seaweed_ws/install/ri_seaweed_interfaces/share/ri_seaweed_interfaces/package.dsv
[24.168s] -- Up-to-date: /home/admin/ri_seaweed_ws/install/ri_seaweed_interfaces/share/ament_index/resource_index/packages/ri_seaweed_interfaces
[24.169s] -- Up-to-date: /home/admin/ri_seaweed_ws/install/ri_seaweed_interfaces/share/ri_seaweed_interfaces/cmake/export_ri_seaweed_interfaces__rosidl_generator_cExport.cmake
[24.170s] -- Up-to-date: /home/admin/ri_seaweed_ws/install/ri_seaweed_interfaces/share/ri_seaweed_interfaces/cmake/export_ri_seaweed_interfaces__rosidl_generator_cExport-noconfig.cmake
[24.171s] -- Up-to-date: /home/admin/ri_seaweed_ws/install/ri_seaweed_interfaces/share/ri_seaweed_interfaces/cmake/export_ri_seaweed_interfaces__rosidl_typesupport_fastrtps_cExport.cmake
[24.171s] -- Up-to-date: /home/admin/ri_seaweed_ws/install/ri_seaweed_interfaces/share/ri_seaweed_interfaces/cmake/export_ri_seaweed_interfaces__rosidl_typesupport_fastrtps_cExport-noconfig.cmake
[24.172s] -- Up-to-date: /home/admin/ri_seaweed_ws/install/ri_seaweed_interfaces/share/ri_seaweed_interfaces/cmake/ri_seaweed_interfaces__rosidl_typesupport_introspection_cExport.cmake
[24.173s] -- Up-to-date: /home/admin/ri_seaweed_ws/install/ri_seaweed_interfaces/share/ri_seaweed_interfaces/cmake/ri_seaweed_interfaces__rosidl_typesupport_introspection_cExport-noconfig.cmake
[24.174s] -- Up-to-date: /home/admin/ri_seaweed_ws/install/ri_seaweed_interfaces/share/ri_seaweed_interfaces/cmake/ri_seaweed_interfaces__rosidl_typesupport_cExport.cmake
[24.174s] -- Up-to-date: /home/admin/ri_seaweed_ws/install/ri_seaweed_interfaces/share/ri_seaweed_interfaces/cmake/ri_seaweed_interfaces__rosidl_typesupport_cExport-noconfig.cmake
[24.176s] -- Up-to-date: /home/admin/ri_seaweed_ws/install/ri_seaweed_interfaces/share/ri_seaweed_interfaces/cmake/export_ri_seaweed_interfaces__rosidl_generator_cppExport.cmake
[24.176s] -- Up-to-date: /home/admin/ri_seaweed_ws/install/ri_seaweed_interfaces/share/ri_seaweed_interfaces/cmake/export_ri_seaweed_interfaces__rosidl_typesupport_fastrtps_cppExport.cmake
[24.177s] -- Up-to-date: /home/admin/ri_seaweed_ws/install/ri_seaweed_interfaces/share/ri_seaweed_interfaces/cmake/export_ri_seaweed_interfaces__rosidl_typesupport_fastrtps_cppExport-noconfig.cmake
[24.178s] -- Up-to-date: /home/admin/ri_seaweed_ws/install/ri_seaweed_interfaces/share/ri_seaweed_interfaces/cmake/ri_seaweed_interfaces__rosidl_typesupport_introspection_cppExport.cmake
[24.179s] -- Up-to-date: /home/admin/ri_seaweed_ws/install/ri_seaweed_interfaces/share/ri_seaweed_interfaces/cmake/ri_seaweed_interfaces__rosidl_typesupport_introspection_cppExport-noconfig.cmake
[24.180s] -- Up-to-date: /home/admin/ri_seaweed_ws/install/ri_seaweed_interfaces/share/ri_seaweed_interfaces/cmake/ri_seaweed_interfaces__rosidl_typesupport_cppExport.cmake
[24.180s] -- Up-to-date: /home/admin/ri_seaweed_ws/install/ri_seaweed_interfaces/share/ri_seaweed_interfaces/cmake/ri_seaweed_interfaces__rosidl_typesupport_cppExport-noconfig.cmake
[24.181s] -- Up-to-date: /home/admin/ri_seaweed_ws/install/ri_seaweed_interfaces/share/ri_seaweed_interfaces/cmake/export_ri_seaweed_interfaces__rosidl_generator_pyExport.cmake
[24.182s] -- Up-to-date: /home/admin/ri_seaweed_ws/install/ri_seaweed_interfaces/share/ri_seaweed_interfaces/cmake/export_ri_seaweed_interfaces__rosidl_generator_pyExport-noconfig.cmake
[24.183s] -- Up-to-date: /home/admin/ri_seaweed_ws/install/ri_seaweed_interfaces/share/ri_seaweed_interfaces/cmake/rosidl_cmake-extras.cmake
[24.184s] -- Up-to-date: /home/admin/ri_seaweed_ws/install/ri_seaweed_interfaces/share/ri_seaweed_interfaces/cmake/ament_cmake_export_include_directories-extras.cmake
[24.185s] -- Up-to-date: /home/admin/ri_seaweed_ws/install/ri_seaweed_interfaces/share/ri_seaweed_interfaces/cmake/ament_cmake_export_libraries-extras.cmake
[24.186s] -- Up-to-date: /home/admin/ri_seaweed_ws/install/ri_seaweed_interfaces/share/ri_seaweed_interfaces/cmake/ament_cmake_export_targets-extras.cmake
[24.186s] -- Up-to-date: /home/admin/ri_seaweed_ws/install/ri_seaweed_interfaces/share/ri_seaweed_interfaces/cmake/rosidl_cmake_export_typesupport_targets-extras.cmake
[24.187s] -- Up-to-date: /home/admin/ri_seaweed_ws/install/ri_seaweed_interfaces/share/ri_seaweed_interfaces/cmake/ament_cmake_export_dependencies-extras.cmake
[24.188s] -- Up-to-date: /home/admin/ri_seaweed_ws/install/ri_seaweed_interfaces/share/ri_seaweed_interfaces/cmake/rosidl_cmake_export_typesupport_libraries-extras.cmake
[24.189s] -- Up-to-date: /home/admin/ri_seaweed_ws/install/ri_seaweed_interfaces/share/ri_seaweed_interfaces/cmake/ri_seaweed_interfacesConfig.cmake
[24.190s] -- Up-to-date: /home/admin/ri_seaweed_ws/install/ri_seaweed_interfaces/share/ri_seaweed_interfaces/cmake/ri_seaweed_interfacesConfig-version.cmake
[24.191s] -- Up-to-date: /home/admin/ri_seaweed_ws/install/ri_seaweed_interfaces/share/ri_seaweed_interfaces/package.xml
[24.204s] Invoked command in '/home/admin/ri_seaweed_ws/build/ri_seaweed_interfaces' returned '0': CMAKE_PREFIX_PATH=${CMAKE_PREFIX_PATH}:/opt/ros/jazzy /usr/bin/cmake --install /home/admin/ri_seaweed_ws/build/ri_seaweed_interfaces
