running egg_info
writing ../../build/gripper/gripper.egg-info/PKG-INFO
writing dependency_links to ../../build/gripper/gripper.egg-info/dependency_links.txt
writing entry points to ../../build/gripper/gripper.egg-info/entry_points.txt
writing requirements to ../../build/gripper/gripper.egg-info/requires.txt
writing top-level names to ../../build/gripper/gripper.egg-info/top_level.txt
reading manifest file '../../build/gripper/gripper.egg-info/SOURCES.txt'
adding license file 'LICENSE'
writing manifest file '../../build/gripper/gripper.egg-info/SOURCES.txt'
running build
running build_py
copying gripper/gripper_controller.py -> /home/admin/ri_seaweed_ws/build/gripper/build/lib/gripper
running install
running install_lib
copying /home/admin/ri_seaweed_ws/build/gripper/build/lib/gripper/gripper_controller.py -> /home/admin/ri_seaweed_ws/install/gripper/lib/python3.12/site-packages/gripper
byte-compiling /home/admin/ri_seaweed_ws/install/gripper/lib/python3.12/site-packages/gripper/gripper_controller.py to gripper_controller.cpython-312.pyc
running install_data
running install_egg_info
removing '/home/admin/ri_seaweed_ws/install/gripper/lib/python3.12/site-packages/gripper-0.0.0-py3.12.egg-info' (and everything under it)
Copying ../../build/gripper/gripper.egg-info to /home/admin/ri_seaweed_ws/install/gripper/lib/python3.12/site-packages/gripper-0.0.0-py3.12.egg-info
running install_scripts
Installing gripper_controller script to /home/admin/ri_seaweed_ws/install/gripper/lib/gripper
Installing gripper_driver script to /home/admin/ri_seaweed_ws/install/gripper/lib/gripper
writing list of installed files to '/home/admin/ri_seaweed_ws/build/gripper/install.log'
