[6.432s] Invoking command in '/home/admin/ri_seaweed_ws/src/gripper': PYTHONPATH=/home/admin/ri_seaweed_ws/build/gripper/prefix_override:/usr/lib/python3/dist-packages/colcon_core/task/python/colcon_distutils_commands:/home/admin/ri_seaweed_ws/install/gripper/lib/python3.12/site-packages:${PYTHONPATH} /usr/bin/python3 -W ignore:setup.py install is deprecated -W ignore:easy_install command is deprecated setup.py egg_info --egg-base ../../build/gripper build --build-base /home/admin/ri_seaweed_ws/build/gripper/build install --record /home/admin/ri_seaweed_ws/build/gripper/install.log --single-version-externally-managed install_data
[7.726s] running egg_info
[7.825s] writing ../../build/gripper/gripper.egg-info/PKG-INFO
[7.829s] writing dependency_links to ../../build/gripper/gripper.egg-info/dependency_links.txt
[7.831s] writing entry points to ../../build/gripper/gripper.egg-info/entry_points.txt
[7.833s] writing requirements to ../../build/gripper/gripper.egg-info/requires.txt
[7.834s] writing top-level names to ../../build/gripper/gripper.egg-info/top_level.txt
[8.067s] reading manifest file '../../build/gripper/gripper.egg-info/SOURCES.txt'
[8.068s] adding license file 'LICENSE'
[8.070s] writing manifest file '../../build/gripper/gripper.egg-info/SOURCES.txt'
[8.071s] running build
[8.072s] running build_py
[8.074s] running install
[8.100s] running install_lib
[8.198s] running install_data
[8.200s] copying package.xml -> /home/admin/ri_seaweed_ws/install/gripper/share/gripper
[8.201s] running install_egg_info
[8.304s] removing '/home/admin/ri_seaweed_ws/install/gripper/lib/python3.12/site-packages/gripper-0.0.0-py3.12.egg-info' (and everything under it)
[8.306s] Copying ../../build/gripper/gripper.egg-info to /home/admin/ri_seaweed_ws/install/gripper/lib/python3.12/site-packages/gripper-0.0.0-py3.12.egg-info
[8.318s] running install_scripts
[9.380s] Installing gripper_driver script to /home/admin/ri_seaweed_ws/install/gripper/lib/gripper
[9.383s] Installing gripper_dummy_controller script to /home/admin/ri_seaweed_ws/install/gripper/lib/gripper
[9.385s] writing list of installed files to '/home/admin/ri_seaweed_ws/build/gripper/install.log'
[9.545s] Invoked command in '/home/admin/ri_seaweed_ws/src/gripper' returned '0': PYTHONPATH=/home/admin/ri_seaweed_ws/build/gripper/prefix_override:/usr/lib/python3/dist-packages/colcon_core/task/python/colcon_distutils_commands:/home/admin/ri_seaweed_ws/install/gripper/lib/python3.12/site-packages:${PYTHONPATH} /usr/bin/python3 -W ignore:setup.py install is deprecated -W ignore:easy_install command is deprecated setup.py egg_info --egg-base ../../build/gripper build --build-base /home/admin/ri_seaweed_ws/build/gripper/build install --record /home/admin/ri_seaweed_ws/build/gripper/install.log --single-version-externally-managed install_data
