[1.469s] Invoking command in '/home/admin/ri_seaweed_ws/build/ri_seaweed_interfaces': CMAKE_PREFIX_PATH=${CMAKE_PREFIX_PATH}:/opt/ros/jazzy /usr/bin/cmake --build /home/admin/ri_seaweed_ws/build/ri_seaweed_interfaces -- -j4 -l4
[1.843s] [  2%] Built target ri_seaweed_interfaces__rosidl_generator_type_description
[1.996s] [  2%] Built target ament_cmake_python_copy_ri_seaweed_interfaces
[2.044s] [  5%] Built target ri_seaweed_interfaces__cpp
[2.104s] [ 20%] Built target ri_seaweed_interfaces__rosidl_generator_c
[2.315s] [ 29%] Built target ri_seaweed_interfaces__rosidl_typesupport_introspection_c
[2.446s] [ 38%] Built target ri_seaweed_interfaces__rosidl_typesupport_cpp
[2.532s] [ 47%] Built target ri_seaweed_interfaces__rosidl_typesupport_fastrtps_c
[2.610s] [ 55%] Built target ri_seaweed_interfaces__rosidl_typesupport_c
[2.932s] [ 64%] Built target ri_seaweed_interfaces__rosidl_typesupport_introspection_cpp
[2.964s] [ 73%] Built target ri_seaweed_interfaces__rosidl_typesupport_fastrtps_cpp
[3.349s] [ 73%] Built target ri_seaweed_interfaces
[3.539s] [ 76%] Built target ri_seaweed_interfaces__py
[3.762s] [ 82%] Built target ri_seaweed_interfaces__rosidl_generator_py
[4.103s] [ 88%] Built target ri_seaweed_interfaces_s__rosidl_typesupport_introspection_c
[4.190s] [ 94%] Built target ri_seaweed_interfaces_s__rosidl_typesupport_c
[4.203s] [100%] Built target ri_seaweed_interfaces_s__rosidl_typesupport_fastrtps_c
[4.551s] running egg_info
[4.666s] writing ri_seaweed_interfaces.egg-info/PKG-INFO
[4.670s] writing dependency_links to ri_seaweed_interfaces.egg-info/dependency_links.txt
[4.670s] writing top-level names to ri_seaweed_interfaces.egg-info/top_level.txt
[5.034s] reading manifest file 'ri_seaweed_interfaces.egg-info/SOURCES.txt'
[5.037s] writing manifest file 'ri_seaweed_interfaces.egg-info/SOURCES.txt'
[5.206s] [100%] Built target ament_cmake_python_build_ri_seaweed_interfaces_egg
[5.286s] Invoked command in '/home/admin/ri_seaweed_ws/build/ri_seaweed_interfaces' returned '0': CMAKE_PREFIX_PATH=${CMAKE_PREFIX_PATH}:/opt/ros/jazzy /usr/bin/cmake --build /home/admin/ri_seaweed_ws/build/ri_seaweed_interfaces -- -j4 -l4
[5.344s] Invoking command in '/home/admin/ri_seaweed_ws/build/ri_seaweed_interfaces': CMAKE_PREFIX_PATH=${CMAKE_PREFIX_PATH}:/opt/ros/jazzy /usr/bin/cmake --install /home/admin/ri_seaweed_ws/build/ri_seaweed_interfaces
[5.396s] -- Install configuration: ""
[5.399s] -- Up-to-date: /home/admin/ri_seaweed_ws/install/ri_seaweed_interfaces/share/ament_index/resource_index/rosidl_interfaces/ri_seaweed_interfaces
[5.401s] -- Up-to-date: /home/admin/ri_seaweed_ws/install/ri_seaweed_interfaces/share/ri_seaweed_interfaces/msg/Gripper.json
[5.402s] -- Up-to-date: /home/admin/ri_seaweed_ws/install/ri_seaweed_interfaces/include/ri_seaweed_interfaces/ri_seaweed_interfaces
[5.404s] -- Up-to-date: /home/admin/ri_seaweed_ws/install/ri_seaweed_interfaces/include/ri_seaweed_interfaces/ri_seaweed_interfaces/msg
[5.404s] -- Up-to-date: /home/admin/ri_seaweed_ws/install/ri_seaweed_interfaces/include/ri_seaweed_interfaces/ri_seaweed_interfaces/msg/detail
[5.407s] -- Up-to-date: /home/admin/ri_seaweed_ws/install/ri_seaweed_interfaces/include/ri_seaweed_interfaces/ri_seaweed_interfaces/msg/detail/gripper__type_support.h
[5.408s] -- Up-to-date: /home/admin/ri_seaweed_ws/install/ri_seaweed_interfaces/include/ri_seaweed_interfaces/ri_seaweed_interfaces/msg/detail/gripper__functions.h
[5.409s] -- Up-to-date: /home/admin/ri_seaweed_ws/install/ri_seaweed_interfaces/include/ri_seaweed_interfaces/ri_seaweed_interfaces/msg/detail/gripper__description.c
[5.412s] -- Up-to-date: /home/admin/ri_seaweed_ws/install/ri_seaweed_interfaces/include/ri_seaweed_interfaces/ri_seaweed_interfaces/msg/detail/gripper__struct.h
[5.414s] -- Up-to-date: /home/admin/ri_seaweed_ws/install/ri_seaweed_interfaces/include/ri_seaweed_interfaces/ri_seaweed_interfaces/msg/detail/gripper__functions.c
[5.416s] -- Installing: /home/admin/ri_seaweed_ws/install/ri_seaweed_interfaces/include/ri_seaweed_interfaces/ri_seaweed_interfaces/msg/detail/gripper__type_support.c
[5.421s] -- Up-to-date: /home/admin/ri_seaweed_ws/install/ri_seaweed_interfaces/include/ri_seaweed_interfaces/ri_seaweed_interfaces/msg/rosidl_generator_c__visibility_control.h
[5.427s] -- Up-to-date: /home/admin/ri_seaweed_ws/install/ri_seaweed_interfaces/include/ri_seaweed_interfaces/ri_seaweed_interfaces/msg/gripper.h
[5.429s] -- Up-to-date: /home/admin/ri_seaweed_ws/install/ri_seaweed_interfaces/share/ri_seaweed_interfaces/environment/library_path.sh
[5.433s] -- Up-to-date: /home/admin/ri_seaweed_ws/install/ri_seaweed_interfaces/share/ri_seaweed_interfaces/environment/library_path.dsv
[5.433s] -- Up-to-date: /home/admin/ri_seaweed_ws/install/ri_seaweed_interfaces/lib/libri_seaweed_interfaces__rosidl_generator_c.so
[5.437s] -- Up-to-date: /home/admin/ri_seaweed_ws/install/ri_seaweed_interfaces/include/ri_seaweed_interfaces/ri_seaweed_interfaces
[5.439s] -- Up-to-date: /home/admin/ri_seaweed_ws/install/ri_seaweed_interfaces/include/ri_seaweed_interfaces/ri_seaweed_interfaces/msg
[5.441s] -- Up-to-date: /home/admin/ri_seaweed_ws/install/ri_seaweed_interfaces/include/ri_seaweed_interfaces/ri_seaweed_interfaces/msg/detail
[5.443s] -- Up-to-date: /home/admin/ri_seaweed_ws/install/ri_seaweed_interfaces/include/ri_seaweed_interfaces/ri_seaweed_interfaces/msg/detail/gripper__rosidl_typesupport_fastrtps_c.h
[5.444s] -- Up-to-date: /home/admin/ri_seaweed_ws/install/ri_seaweed_interfaces/include/ri_seaweed_interfaces/ri_seaweed_interfaces/msg/rosidl_typesupport_fastrtps_c__visibility_control.h
[5.447s] -- Up-to-date: /home/admin/ri_seaweed_ws/install/ri_seaweed_interfaces/lib/libri_seaweed_interfaces__rosidl_typesupport_fastrtps_c.so
[5.450s] -- Up-to-date: /home/admin/ri_seaweed_ws/install/ri_seaweed_interfaces/include/ri_seaweed_interfaces/ri_seaweed_interfaces
[5.454s] -- Up-to-date: /home/admin/ri_seaweed_ws/install/ri_seaweed_interfaces/include/ri_seaweed_interfaces/ri_seaweed_interfaces/msg
[5.455s] -- Up-to-date: /home/admin/ri_seaweed_ws/install/ri_seaweed_interfaces/include/ri_seaweed_interfaces/ri_seaweed_interfaces/msg/rosidl_typesupport_introspection_c__visibility_control.h
[5.456s] -- Up-to-date: /home/admin/ri_seaweed_ws/install/ri_seaweed_interfaces/include/ri_seaweed_interfaces/ri_seaweed_interfaces/msg/detail
[5.456s] -- Up-to-date: /home/admin/ri_seaweed_ws/install/ri_seaweed_interfaces/include/ri_seaweed_interfaces/ri_seaweed_interfaces/msg/detail/gripper__rosidl_typesupport_introspection_c.h
[5.457s] -- Installing: /home/admin/ri_seaweed_ws/install/ri_seaweed_interfaces/include/ri_seaweed_interfaces/ri_seaweed_interfaces/msg/detail/gripper__type_support.c
[5.461s] -- Up-to-date: /home/admin/ri_seaweed_ws/install/ri_seaweed_interfaces/lib/libri_seaweed_interfaces__rosidl_typesupport_introspection_c.so
[5.462s] -- Up-to-date: /home/admin/ri_seaweed_ws/install/ri_seaweed_interfaces/lib/libri_seaweed_interfaces__rosidl_typesupport_c.so
[5.462s] -- Up-to-date: /home/admin/ri_seaweed_ws/install/ri_seaweed_interfaces/include/ri_seaweed_interfaces/ri_seaweed_interfaces
[5.463s] -- Up-to-date: /home/admin/ri_seaweed_ws/install/ri_seaweed_interfaces/include/ri_seaweed_interfaces/ri_seaweed_interfaces/msg
[5.463s] -- Up-to-date: /home/admin/ri_seaweed_ws/install/ri_seaweed_interfaces/include/ri_seaweed_interfaces/ri_seaweed_interfaces/msg/rosidl_generator_cpp__visibility_control.hpp
[5.465s] -- Up-to-date: /home/admin/ri_seaweed_ws/install/ri_seaweed_interfaces/include/ri_seaweed_interfaces/ri_seaweed_interfaces/msg/gripper.hpp
[5.466s] -- Up-to-date: /home/admin/ri_seaweed_ws/install/ri_seaweed_interfaces/include/ri_seaweed_interfaces/ri_seaweed_interfaces/msg/detail
[5.467s] -- Up-to-date: /home/admin/ri_seaweed_ws/install/ri_seaweed_interfaces/include/ri_seaweed_interfaces/ri_seaweed_interfaces/msg/detail/gripper__traits.hpp
[5.469s] -- Up-to-date: /home/admin/ri_seaweed_ws/install/ri_seaweed_interfaces/include/ri_seaweed_interfaces/ri_seaweed_interfaces/msg/detail/gripper__struct.hpp
[5.471s] -- Up-to-date: /home/admin/ri_seaweed_ws/install/ri_seaweed_interfaces/include/ri_seaweed_interfaces/ri_seaweed_interfaces/msg/detail/gripper__type_support.hpp
[5.474s] -- Up-to-date: /home/admin/ri_seaweed_ws/install/ri_seaweed_interfaces/include/ri_seaweed_interfaces/ri_seaweed_interfaces/msg/detail/gripper__builder.hpp
[5.475s] -- Up-to-date: /home/admin/ri_seaweed_ws/install/ri_seaweed_interfaces/include/ri_seaweed_interfaces/ri_seaweed_interfaces
[5.476s] -- Up-to-date: /home/admin/ri_seaweed_ws/install/ri_seaweed_interfaces/include/ri_seaweed_interfaces/ri_seaweed_interfaces/msg
[5.476s] -- Up-to-date: /home/admin/ri_seaweed_ws/install/ri_seaweed_interfaces/include/ri_seaweed_interfaces/ri_seaweed_interfaces/msg/rosidl_typesupport_fastrtps_cpp__visibility_control.h
[5.481s] -- Up-to-date: /home/admin/ri_seaweed_ws/install/ri_seaweed_interfaces/include/ri_seaweed_interfaces/ri_seaweed_interfaces/msg/detail
[5.483s] -- Up-to-date: /home/admin/ri_seaweed_ws/install/ri_seaweed_interfaces/include/ri_seaweed_interfaces/ri_seaweed_interfaces/msg/detail/dds_fastrtps
[5.484s] -- Up-to-date: /home/admin/ri_seaweed_ws/install/ri_seaweed_interfaces/include/ri_seaweed_interfaces/ri_seaweed_interfaces/msg/detail/gripper__rosidl_typesupport_fastrtps_cpp.hpp
[5.485s] -- Up-to-date: /home/admin/ri_seaweed_ws/install/ri_seaweed_interfaces/lib/libri_seaweed_interfaces__rosidl_typesupport_fastrtps_cpp.so
[5.487s] -- Up-to-date: /home/admin/ri_seaweed_ws/install/ri_seaweed_interfaces/include/ri_seaweed_interfaces/ri_seaweed_interfaces
[5.487s] -- Up-to-date: /home/admin/ri_seaweed_ws/install/ri_seaweed_interfaces/include/ri_seaweed_interfaces/ri_seaweed_interfaces/msg
[5.488s] -- Up-to-date: /home/admin/ri_seaweed_ws/install/ri_seaweed_interfaces/include/ri_seaweed_interfaces/ri_seaweed_interfaces/msg/detail
[5.489s] -- Up-to-date: /home/admin/ri_seaweed_ws/install/ri_seaweed_interfaces/include/ri_seaweed_interfaces/ri_seaweed_interfaces/msg/detail/gripper__type_support.cpp
[5.490s] -- Up-to-date: /home/admin/ri_seaweed_ws/install/ri_seaweed_interfaces/include/ri_seaweed_interfaces/ri_seaweed_interfaces/msg/detail/gripper__rosidl_typesupport_introspection_cpp.hpp
[5.490s] -- Up-to-date: /home/admin/ri_seaweed_ws/install/ri_seaweed_interfaces/lib/libri_seaweed_interfaces__rosidl_typesupport_introspection_cpp.so
[5.491s] -- Up-to-date: /home/admin/ri_seaweed_ws/install/ri_seaweed_interfaces/lib/libri_seaweed_interfaces__rosidl_typesupport_cpp.so
[5.491s] -- Up-to-date: /home/admin/ri_seaweed_ws/install/ri_seaweed_interfaces/share/ri_seaweed_interfaces/environment/pythonpath.sh
[5.491s] -- Up-to-date: /home/admin/ri_seaweed_ws/install/ri_seaweed_interfaces/share/ri_seaweed_interfaces/environment/pythonpath.dsv
[5.492s] -- Up-to-date: /home/admin/ri_seaweed_ws/install/ri_seaweed_interfaces/lib/python3.12/site-packages/ri_seaweed_interfaces-0.0.0-py3.12.egg-info
[5.492s] -- Installing: /home/admin/ri_seaweed_ws/install/ri_seaweed_interfaces/lib/python3.12/site-packages/ri_seaweed_interfaces-0.0.0-py3.12.egg-info/dependency_links.txt
[5.493s] -- Installing: /home/admin/ri_seaweed_ws/install/ri_seaweed_interfaces/lib/python3.12/site-packages/ri_seaweed_interfaces-0.0.0-py3.12.egg-info/SOURCES.txt
[5.493s] -- Installing: /home/admin/ri_seaweed_ws/install/ri_seaweed_interfaces/lib/python3.12/site-packages/ri_seaweed_interfaces-0.0.0-py3.12.egg-info/top_level.txt
[5.494s] -- Installing: /home/admin/ri_seaweed_ws/install/ri_seaweed_interfaces/lib/python3.12/site-packages/ri_seaweed_interfaces-0.0.0-py3.12.egg-info/PKG-INFO
[5.494s] -- Up-to-date: /home/admin/ri_seaweed_ws/install/ri_seaweed_interfaces/lib/python3.12/site-packages/ri_seaweed_interfaces
[5.495s] -- Up-to-date: /home/admin/ri_seaweed_ws/install/ri_seaweed_interfaces/lib/python3.12/site-packages/ri_seaweed_interfaces/_ri_seaweed_interfaces_s.ep.rosidl_typesupport_fastrtps_c.c
[5.495s] -- Up-to-date: /home/admin/ri_seaweed_ws/install/ri_seaweed_interfaces/lib/python3.12/site-packages/ri_seaweed_interfaces/msg
[5.496s] -- Up-to-date: /home/admin/ri_seaweed_ws/install/ri_seaweed_interfaces/lib/python3.12/site-packages/ri_seaweed_interfaces/msg/__init__.py
[5.497s] -- Up-to-date: /home/admin/ri_seaweed_ws/install/ri_seaweed_interfaces/lib/python3.12/site-packages/ri_seaweed_interfaces/msg/_gripper_s.c
[5.497s] -- Up-to-date: /home/admin/ri_seaweed_ws/install/ri_seaweed_interfaces/lib/python3.12/site-packages/ri_seaweed_interfaces/msg/_gripper.py
[5.498s] -- Up-to-date: /home/admin/ri_seaweed_ws/install/ri_seaweed_interfaces/lib/python3.12/site-packages/ri_seaweed_interfaces/_ri_seaweed_interfaces_s.ep.rosidl_typesupport_introspection_c.c
[5.498s] -- Up-to-date: /home/admin/ri_seaweed_ws/install/ri_seaweed_interfaces/lib/python3.12/site-packages/ri_seaweed_interfaces/__init__.py
[5.498s] -- Up-to-date: /home/admin/ri_seaweed_ws/install/ri_seaweed_interfaces/lib/python3.12/site-packages/ri_seaweed_interfaces/ri_seaweed_interfaces_s__rosidl_typesupport_introspection_c.so
[5.499s] -- Up-to-date: /home/admin/ri_seaweed_ws/install/ri_seaweed_interfaces/lib/python3.12/site-packages/ri_seaweed_interfaces/_ri_seaweed_interfaces_s.ep.rosidl_typesupport_c.c
[5.500s] -- Up-to-date: /home/admin/ri_seaweed_ws/install/ri_seaweed_interfaces/lib/python3.12/site-packages/ri_seaweed_interfaces/ri_seaweed_interfaces_s__rosidl_typesupport_fastrtps_c.so
[5.500s] -- Up-to-date: /home/admin/ri_seaweed_ws/install/ri_seaweed_interfaces/lib/python3.12/site-packages/ri_seaweed_interfaces/ri_seaweed_interfaces_s__rosidl_typesupport_c.so
[5.639s] Listing '/home/admin/ri_seaweed_ws/install/ri_seaweed_interfaces/lib/python3.12/site-packages/ri_seaweed_interfaces'...
[5.640s] Listing '/home/admin/ri_seaweed_ws/install/ri_seaweed_interfaces/lib/python3.12/site-packages/ri_seaweed_interfaces/msg'...
[5.673s] -- Up-to-date: /home/admin/ri_seaweed_ws/install/ri_seaweed_interfaces/lib/python3.12/site-packages/ri_seaweed_interfaces/ri_seaweed_interfaces_s__rosidl_typesupport_fastrtps_c.so
[5.678s] -- Up-to-date: /home/admin/ri_seaweed_ws/install/ri_seaweed_interfaces/lib/python3.12/site-packages/ri_seaweed_interfaces/ri_seaweed_interfaces_s__rosidl_typesupport_introspection_c.so
[5.682s] -- Up-to-date: /home/admin/ri_seaweed_ws/install/ri_seaweed_interfaces/lib/python3.12/site-packages/ri_seaweed_interfaces/ri_seaweed_interfaces_s__rosidl_typesupport_c.so
[5.687s] -- Up-to-date: /home/admin/ri_seaweed_ws/install/ri_seaweed_interfaces/lib/libri_seaweed_interfaces__rosidl_generator_py.so
[5.689s] -- Up-to-date: /home/admin/ri_seaweed_ws/install/ri_seaweed_interfaces/share/ri_seaweed_interfaces/msg/Gripper.idl
[5.690s] -- Up-to-date: /home/admin/ri_seaweed_ws/install/ri_seaweed_interfaces/share/ri_seaweed_interfaces/msg/Gripper.msg
[5.691s] -- Up-to-date: /home/admin/ri_seaweed_ws/install/ri_seaweed_interfaces/share/ament_index/resource_index/package_run_dependencies/ri_seaweed_interfaces
[5.693s] -- Up-to-date: /home/admin/ri_seaweed_ws/install/ri_seaweed_interfaces/share/ament_index/resource_index/parent_prefix_path/ri_seaweed_interfaces
[5.694s] -- Up-to-date: /home/admin/ri_seaweed_ws/install/ri_seaweed_interfaces/share/ri_seaweed_interfaces/environment/ament_prefix_path.sh
[5.694s] -- Up-to-date: /home/admin/ri_seaweed_ws/install/ri_seaweed_interfaces/share/ri_seaweed_interfaces/environment/ament_prefix_path.dsv
[5.698s] -- Up-to-date: /home/admin/ri_seaweed_ws/install/ri_seaweed_interfaces/share/ri_seaweed_interfaces/environment/path.sh
[5.704s] -- Up-to-date: /home/admin/ri_seaweed_ws/install/ri_seaweed_interfaces/share/ri_seaweed_interfaces/environment/path.dsv
[5.705s] -- Up-to-date: /home/admin/ri_seaweed_ws/install/ri_seaweed_interfaces/share/ri_seaweed_interfaces/local_setup.bash
[5.708s] -- Up-to-date: /home/admin/ri_seaweed_ws/install/ri_seaweed_interfaces/share/ri_seaweed_interfaces/local_setup.sh
[5.708s] -- Up-to-date: /home/admin/ri_seaweed_ws/install/ri_seaweed_interfaces/share/ri_seaweed_interfaces/local_setup.zsh
[5.711s] -- Up-to-date: /home/admin/ri_seaweed_ws/install/ri_seaweed_interfaces/share/ri_seaweed_interfaces/local_setup.dsv
[5.715s] -- Installing: /home/admin/ri_seaweed_ws/install/ri_seaweed_interfaces/share/ri_seaweed_interfaces/package.dsv
[5.715s] -- Up-to-date: /home/admin/ri_seaweed_ws/install/ri_seaweed_interfaces/share/ament_index/resource_index/packages/ri_seaweed_interfaces
[5.716s] -- Up-to-date: /home/admin/ri_seaweed_ws/install/ri_seaweed_interfaces/share/ri_seaweed_interfaces/cmake/export_ri_seaweed_interfaces__rosidl_generator_cExport.cmake
[5.717s] -- Up-to-date: /home/admin/ri_seaweed_ws/install/ri_seaweed_interfaces/share/ri_seaweed_interfaces/cmake/export_ri_seaweed_interfaces__rosidl_generator_cExport-noconfig.cmake
[5.719s] -- Up-to-date: /home/admin/ri_seaweed_ws/install/ri_seaweed_interfaces/share/ri_seaweed_interfaces/cmake/export_ri_seaweed_interfaces__rosidl_typesupport_fastrtps_cExport.cmake
[5.722s] -- Up-to-date: /home/admin/ri_seaweed_ws/install/ri_seaweed_interfaces/share/ri_seaweed_interfaces/cmake/export_ri_seaweed_interfaces__rosidl_typesupport_fastrtps_cExport-noconfig.cmake
[5.724s] -- Up-to-date: /home/admin/ri_seaweed_ws/install/ri_seaweed_interfaces/share/ri_seaweed_interfaces/cmake/ri_seaweed_interfaces__rosidl_typesupport_introspection_cExport.cmake
[5.727s] -- Up-to-date: /home/admin/ri_seaweed_ws/install/ri_seaweed_interfaces/share/ri_seaweed_interfaces/cmake/ri_seaweed_interfaces__rosidl_typesupport_introspection_cExport-noconfig.cmake
[5.728s] -- Up-to-date: /home/admin/ri_seaweed_ws/install/ri_seaweed_interfaces/share/ri_seaweed_interfaces/cmake/ri_seaweed_interfaces__rosidl_typesupport_cExport.cmake
[5.731s] -- Up-to-date: /home/admin/ri_seaweed_ws/install/ri_seaweed_interfaces/share/ri_seaweed_interfaces/cmake/ri_seaweed_interfaces__rosidl_typesupport_cExport-noconfig.cmake
[5.733s] -- Up-to-date: /home/admin/ri_seaweed_ws/install/ri_seaweed_interfaces/share/ri_seaweed_interfaces/cmake/export_ri_seaweed_interfaces__rosidl_generator_cppExport.cmake
[5.735s] -- Up-to-date: /home/admin/ri_seaweed_ws/install/ri_seaweed_interfaces/share/ri_seaweed_interfaces/cmake/export_ri_seaweed_interfaces__rosidl_typesupport_fastrtps_cppExport.cmake
[5.737s] -- Up-to-date: /home/admin/ri_seaweed_ws/install/ri_seaweed_interfaces/share/ri_seaweed_interfaces/cmake/export_ri_seaweed_interfaces__rosidl_typesupport_fastrtps_cppExport-noconfig.cmake
[5.738s] -- Up-to-date: /home/admin/ri_seaweed_ws/install/ri_seaweed_interfaces/share/ri_seaweed_interfaces/cmake/ri_seaweed_interfaces__rosidl_typesupport_introspection_cppExport.cmake
[5.738s] -- Up-to-date: /home/admin/ri_seaweed_ws/install/ri_seaweed_interfaces/share/ri_seaweed_interfaces/cmake/ri_seaweed_interfaces__rosidl_typesupport_introspection_cppExport-noconfig.cmake
[5.744s] -- Up-to-date: /home/admin/ri_seaweed_ws/install/ri_seaweed_interfaces/share/ri_seaweed_interfaces/cmake/ri_seaweed_interfaces__rosidl_typesupport_cppExport.cmake
[5.744s] -- Up-to-date: /home/admin/ri_seaweed_ws/install/ri_seaweed_interfaces/share/ri_seaweed_interfaces/cmake/ri_seaweed_interfaces__rosidl_typesupport_cppExport-noconfig.cmake
[5.745s] -- Up-to-date: /home/admin/ri_seaweed_ws/install/ri_seaweed_interfaces/share/ri_seaweed_interfaces/cmake/export_ri_seaweed_interfaces__rosidl_generator_pyExport.cmake
[5.745s] -- Up-to-date: /home/admin/ri_seaweed_ws/install/ri_seaweed_interfaces/share/ri_seaweed_interfaces/cmake/export_ri_seaweed_interfaces__rosidl_generator_pyExport-noconfig.cmake
[5.746s] -- Up-to-date: /home/admin/ri_seaweed_ws/install/ri_seaweed_interfaces/share/ri_seaweed_interfaces/cmake/rosidl_cmake-extras.cmake
[5.748s] -- Up-to-date: /home/admin/ri_seaweed_ws/install/ri_seaweed_interfaces/share/ri_seaweed_interfaces/cmake/ament_cmake_export_include_directories-extras.cmake
[5.749s] -- Up-to-date: /home/admin/ri_seaweed_ws/install/ri_seaweed_interfaces/share/ri_seaweed_interfaces/cmake/ament_cmake_export_libraries-extras.cmake
[5.751s] -- Up-to-date: /home/admin/ri_seaweed_ws/install/ri_seaweed_interfaces/share/ri_seaweed_interfaces/cmake/ament_cmake_export_targets-extras.cmake
[5.755s] -- Up-to-date: /home/admin/ri_seaweed_ws/install/ri_seaweed_interfaces/share/ri_seaweed_interfaces/cmake/rosidl_cmake_export_typesupport_targets-extras.cmake
[5.759s] -- Up-to-date: /home/admin/ri_seaweed_ws/install/ri_seaweed_interfaces/share/ri_seaweed_interfaces/cmake/ament_cmake_export_dependencies-extras.cmake
[5.761s] -- Up-to-date: /home/admin/ri_seaweed_ws/install/ri_seaweed_interfaces/share/ri_seaweed_interfaces/cmake/rosidl_cmake_export_typesupport_libraries-extras.cmake
[5.763s] -- Up-to-date: /home/admin/ri_seaweed_ws/install/ri_seaweed_interfaces/share/ri_seaweed_interfaces/cmake/ri_seaweed_interfacesConfig.cmake
[5.764s] -- Up-to-date: /home/admin/ri_seaweed_ws/install/ri_seaweed_interfaces/share/ri_seaweed_interfaces/cmake/ri_seaweed_interfacesConfig-version.cmake
[5.764s] -- Up-to-date: /home/admin/ri_seaweed_ws/install/ri_seaweed_interfaces/share/ri_seaweed_interfaces/package.xml
[5.765s] Invoked command in '/home/admin/ri_seaweed_ws/build/ri_seaweed_interfaces' returned '0': CMAKE_PREFIX_PATH=${CMAKE_PREFIX_PATH}:/opt/ros/jazzy /usr/bin/cmake --install /home/admin/ri_seaweed_ws/build/ri_seaweed_interfaces
