[4.000s] Invoking command in '/home/admin/playground_ws/src/python_parameters': PYTHONPATH=/home/admin/playground_ws/build/python_parameters/prefix_override:/usr/lib/python3/dist-packages/colcon_core/task/python/colcon_distutils_commands:/home/admin/playground_ws/install/python_parameters/lib/python3.12/site-packages:${PYTHONPATH} /usr/bin/python3 -W ignore:setup.py install is deprecated -W ignore:easy_install command is deprecated setup.py egg_info --egg-base ../../build/python_parameters build --build-base /home/admin/playground_ws/build/python_parameters/build install --record /home/admin/playground_ws/build/python_parameters/install.log --single-version-externally-managed install_data
[5.318s] running egg_info
[5.410s] writing ../../build/python_parameters/python_parameters.egg-info/PKG-INFO
[5.411s] writing dependency_links to ../../build/python_parameters/python_parameters.egg-info/dependency_links.txt
[5.413s] writing entry points to ../../build/python_parameters/python_parameters.egg-info/entry_points.txt
[5.414s] writing requirements to ../../build/python_parameters/python_parameters.egg-info/requires.txt
[5.414s] writing top-level names to ../../build/python_parameters/python_parameters.egg-info/top_level.txt
[5.605s] reading manifest file '../../build/python_parameters/python_parameters.egg-info/SOURCES.txt'
[5.607s] adding license file 'LICENSE'
[5.609s] writing manifest file '../../build/python_parameters/python_parameters.egg-info/SOURCES.txt'
[5.610s] running build
[5.612s] running build_py
[5.612s] running install
[5.636s] running install_lib
[5.733s] running install_data
[5.734s] running install_egg_info
[5.832s] removing '/home/admin/playground_ws/install/python_parameters/lib/python3.12/site-packages/python_parameters-0.0.0-py3.12.egg-info' (and everything under it)
[5.834s] Copying ../../build/python_parameters/python_parameters.egg-info to /home/admin/playground_ws/install/python_parameters/lib/python3.12/site-packages/python_parameters-0.0.0-py3.12.egg-info
[5.841s] running install_scripts
[6.567s] Installing minimal_param_node script to /home/admin/playground_ws/install/python_parameters/lib/python_parameters
[6.570s] writing list of installed files to '/home/admin/playground_ws/build/python_parameters/install.log'
[6.722s] Invoked command in '/home/admin/playground_ws/src/python_parameters' returned '0': PYTHONPATH=/home/admin/playground_ws/build/python_parameters/prefix_override:/usr/lib/python3/dist-packages/colcon_core/task/python/colcon_distutils_commands:/home/admin/playground_ws/install/python_parameters/lib/python3.12/site-packages:${PYTHONPATH} /usr/bin/python3 -W ignore:setup.py install is deprecated -W ignore:easy_install command is deprecated setup.py egg_info --egg-base ../../build/python_parameters build --build-base /home/admin/playground_ws/build/python_parameters/build install --record /home/admin/playground_ws/build/python_parameters/install.log --single-version-externally-managed install_data
