[4.821s] Invoking command in '/home/admin/RI-Seaweed/ri_seaweed_ws/src/gripper': PYTHONPATH=/home/admin/RI-Seaweed/ri_seaweed_ws/build/gripper/prefix_override:/usr/lib/python3/dist-packages/colcon_core/task/python/colcon_distutils_commands:/home/admin/RI-Seaweed/ri_seaweed_ws/install/gripper/lib/python3.12/site-packages:${PYTHONPATH} /usr/bin/python3 -W ignore:setup.py install is deprecated -W ignore:easy_install command is deprecated setup.py egg_info --egg-base ../../build/gripper build --build-base /home/admin/RI-Seaweed/ri_seaweed_ws/build/gripper/build install --record /home/admin/RI-Seaweed/ri_seaweed_ws/build/gripper/install.log --single-version-externally-managed install_data
[6.185s] running egg_info
[6.279s] writing ../../build/gripper/gripper.egg-info/PKG-INFO
[6.281s] writing dependency_links to ../../build/gripper/gripper.egg-info/dependency_links.txt
[6.282s] writing entry points to ../../build/gripper/gripper.egg-info/entry_points.txt
[6.283s] writing requirements to ../../build/gripper/gripper.egg-info/requires.txt
[6.284s] writing top-level names to ../../build/gripper/gripper.egg-info/top_level.txt
[6.476s] reading manifest file '../../build/gripper/gripper.egg-info/SOURCES.txt'
[6.477s] adding license file 'LICENSE'
[6.480s] writing manifest file '../../build/gripper/gripper.egg-info/SOURCES.txt'
[6.481s] running build
[6.482s] running build_py
[6.483s] running install
[6.508s] running install_lib
[6.604s] running install_data
[6.605s] running install_egg_info
[6.701s] removing '/home/admin/RI-Seaweed/ri_seaweed_ws/install/gripper/lib/python3.12/site-packages/gripper-0.0.0-py3.12.egg-info' (and everything under it)
[6.704s] Copying ../../build/gripper/gripper.egg-info to /home/admin/RI-Seaweed/ri_seaweed_ws/install/gripper/lib/python3.12/site-packages/gripper-0.0.0-py3.12.egg-info
[6.715s] running install_scripts
[7.465s] Installing gripper_driver script to /home/admin/RI-Seaweed/ri_seaweed_ws/install/gripper/lib/gripper
[7.467s] Installing gripper_dummy_controller script to /home/admin/RI-Seaweed/ri_seaweed_ws/install/gripper/lib/gripper
[7.468s] writing list of installed files to '/home/admin/RI-Seaweed/ri_seaweed_ws/build/gripper/install.log'
