[0.055s] Invoking command in '/home/admin/playground_ws/build/tutorial_interfaces': CMAKE_PREFIX_PATH=${CMAKE_PREFIX_PATH}:/opt/ros/jazzy /usr/bin/cmake /home/admin/playground_ws/src/tutorial_interfaces -DCMAKE_INSTALL_PREFIX=/home/admin/playground_ws/install/tutorial_interfaces
[0.123s] -- Found ament_cmake: 2.5.5 (/opt/ros/jazzy/share/ament_cmake/cmake)
[1.232s] -- Found geometry_msgs: 5.3.6 (/opt/ros/jazzy/share/geometry_msgs/cmake)
[1.389s] -- Found rosidl_generator_c: 4.6.7 (/opt/ros/jazzy/share/rosidl_generator_c/cmake)
[1.431s] -- Found rosidl_generator_cpp: 4.6.7 (/opt/ros/jazzy/share/rosidl_generator_cpp/cmake)
[1.480s] -- Using all available rosidl_typesupport_c: rosidl_typesupport_fastrtps_c;rosidl_typesupport_introspection_c
[1.541s] -- Using all available rosidl_typesupport_cpp: rosidl_typesupport_fastrtps_cpp;rosidl_typesupport_introspection_cpp
[1.702s] -- Found rosidl_default_generators: 1.6.0 (/opt/ros/jazzy/share/rosidl_default_generators/cmake)
[1.739s] -- Found rosidl_adapter: 4.6.7 (/opt/ros/jazzy/share/rosidl_adapter/cmake)
[1.746s] -- Found ament_lint_auto: 0.17.4 (/opt/ros/jazzy/share/ament_lint_auto/cmake)
[5.009s] -- Found ament_cmake_ros: 0.12.0 (/opt/ros/jazzy/share/ament_cmake_ros/cmake)
[9.485s] -- Using all available rosidl_typesupport_c: rosidl_typesupport_fastrtps_c;rosidl_typesupport_introspection_c
[11.230s] -- Using all available rosidl_typesupport_cpp: rosidl_typesupport_fastrtps_cpp;rosidl_typesupport_introspection_cpp
[11.264s] -- Found python_cmake_module: 0.11.1 (/opt/ros/jazzy/share/python_cmake_module/cmake)
[11.984s] -- Found PythonExtra: /usr/bin/python3  
[14.235s] -- Found Python3: /usr/bin/python3 (found version "3.12.3") found components: Interpreter Development NumPy Development.Module Development.Embed 
[14.555s] -- Added test 'lint_cmake' to check CMake code style
[14.568s] -- Added test 'xmllint' to check XML markup files
[14.618s] -- Configuring done (14.5s)
[14.884s] -- Generating done (0.2s)
[14.944s] -- Build files have been written to: /home/admin/playground_ws/build/tutorial_interfaces
[14.981s] Invoked command in '/home/admin/playground_ws/build/tutorial_interfaces' returned '0': CMAKE_PREFIX_PATH=${CMAKE_PREFIX_PATH}:/opt/ros/jazzy /usr/bin/cmake /home/admin/playground_ws/src/tutorial_interfaces -DCMAKE_INSTALL_PREFIX=/home/admin/playground_ws/install/tutorial_interfaces
[14.987s] Invoking command in '/home/admin/playground_ws/build/tutorial_interfaces': CMAKE_PREFIX_PATH=${CMAKE_PREFIX_PATH}:/opt/ros/jazzy /usr/bin/cmake --build /home/admin/playground_ws/build/tutorial_interfaces -- -j4 -l4
[15.314s] [  1%] [34m[1mGenerating type hashes for ROS interfaces[0m
[15.367s] [  1%] Built target ament_cmake_python_copy_tutorial_interfaces
[16.413s] [  1%] Built target tutorial_interfaces__rosidl_generator_type_description
[16.510s] [  3%] [34m[1mGenerating C code for ROS interfaces[0m
[16.567s] [  5%] [34m[1mGenerating C++ code for ROS interfaces[0m
[16.678s] running egg_info
[16.683s] creating tutorial_interfaces.egg-info
[16.864s] writing tutorial_interfaces.egg-info/PKG-INFO
[16.866s] writing dependency_links to tutorial_interfaces.egg-info/dependency_links.txt
[16.869s] writing top-level names to tutorial_interfaces.egg-info/top_level.txt
[16.870s] writing manifest file 'tutorial_interfaces.egg-info/SOURCES.txt'
[17.301s] reading manifest file 'tutorial_interfaces.egg-info/SOURCES.txt'
[17.303s] writing manifest file 'tutorial_interfaces.egg-info/SOURCES.txt'
[17.484s] [  5%] Built target ament_cmake_python_build_tutorial_interfaces_egg
[18.513s] [  5%] Built target tutorial_interfaces__cpp
[18.909s] [  7%] [32mBuilding C object CMakeFiles/tutorial_interfaces__rosidl_generator_c.dir/rosidl_generator_c/tutorial_interfaces/msg/detail/num__description.c.o[0m
[18.938s] [  9%] [32mBuilding C object CMakeFiles/tutorial_interfaces__rosidl_generator_c.dir/rosidl_generator_c/tutorial_interfaces/msg/detail/sphere__description.c.o[0m
[18.946s] [ 12%] [32mBuilding C object CMakeFiles/tutorial_interfaces__rosidl_generator_c.dir/rosidl_generator_c/tutorial_interfaces/msg/detail/num__functions.c.o[0m
[18.948s] [ 12%] [32mBuilding C object CMakeFiles/tutorial_interfaces__rosidl_generator_c.dir/rosidl_generator_c/tutorial_interfaces/msg/detail/num__type_support.c.o[0m
[19.210s] [ 14%] [32mBuilding C object CMakeFiles/tutorial_interfaces__rosidl_generator_c.dir/rosidl_generator_c/tutorial_interfaces/msg/detail/sphere__functions.c.o[0m
[19.266s] [ 16%] [32mBuilding C object CMakeFiles/tutorial_interfaces__rosidl_generator_c.dir/rosidl_generator_c/tutorial_interfaces/msg/detail/sphere__type_support.c.o[0m
[19.290s] [ 18%] [32mBuilding C object CMakeFiles/tutorial_interfaces__rosidl_generator_c.dir/rosidl_generator_c/tutorial_interfaces/srv/detail/add_three_ints__description.c.o[0m
[19.430s] [ 20%] [32mBuilding C object CMakeFiles/tutorial_interfaces__rosidl_generator_c.dir/rosidl_generator_c/tutorial_interfaces/srv/detail/add_three_ints__functions.c.o[0m
[19.524s] [ 22%] [32mBuilding C object CMakeFiles/tutorial_interfaces__rosidl_generator_c.dir/rosidl_generator_c/tutorial_interfaces/srv/detail/add_three_ints__type_support.c.o[0m
[19.846s] [ 24%] [32m[1mLinking C shared library libtutorial_interfaces__rosidl_generator_c.so[0m
[20.108s] [ 24%] Built target tutorial_interfaces__rosidl_generator_c
[20.195s] [ 25%] [34m[1mGenerating C introspection for ROS interfaces[0m
[20.204s] [ 29%] [34m[1mGenerating C type support dispatch for ROS interfaces[0m
[20.207s] [ 29%] [34m[1mGenerating C++ type support for eProsima Fast-RTPS[0m
[20.233s] [ 31%] [34m[1mGenerating C++ introspection for ROS interfaces[0m
[21.941s] [ 33%] [32mBuilding CXX object CMakeFiles/tutorial_interfaces__rosidl_typesupport_c.dir/rosidl_typesupport_c/tutorial_interfaces/msg/num__type_support.cpp.o[0m
[22.305s] [ 35%] [32mBuilding CXX object CMakeFiles/tutorial_interfaces__rosidl_typesupport_c.dir/rosidl_typesupport_c/tutorial_interfaces/msg/sphere__type_support.cpp.o[0m
[22.374s] [ 37%] [32mBuilding CXX object CMakeFiles/tutorial_interfaces__rosidl_typesupport_introspection_cpp.dir/rosidl_typesupport_introspection_cpp/tutorial_interfaces/msg/detail/num__type_support.cpp.o[0m
[22.408s] [ 38%] [32mBuilding C object CMakeFiles/tutorial_interfaces__rosidl_typesupport_introspection_c.dir/rosidl_typesupport_introspection_c/tutorial_interfaces/msg/detail/num__type_support.c.o[0m
[22.626s] [ 40%] [32mBuilding CXX object CMakeFiles/tutorial_interfaces__rosidl_typesupport_c.dir/rosidl_typesupport_c/tutorial_interfaces/srv/add_three_ints__type_support.cpp.o[0m
[22.676s] [ 42%] [32mBuilding CXX object CMakeFiles/tutorial_interfaces__rosidl_typesupport_fastrtps_cpp.dir/rosidl_typesupport_fastrtps_cpp/tutorial_interfaces/msg/detail/dds_fastrtps/num__type_support.cpp.o[0m
[22.689s] [ 44%] [32mBuilding C object CMakeFiles/tutorial_interfaces__rosidl_typesupport_introspection_c.dir/rosidl_typesupport_introspection_c/tutorial_interfaces/msg/detail/sphere__type_support.c.o[0m
[22.961s] [ 46%] [32mBuilding C object CMakeFiles/tutorial_interfaces__rosidl_typesupport_introspection_c.dir/rosidl_typesupport_introspection_c/tutorial_interfaces/srv/detail/add_three_ints__type_support.c.o[0m
[22.995s] [ 48%] [32m[1mLinking CXX shared library libtutorial_interfaces__rosidl_typesupport_c.so[0m
[23.301s] [ 48%] Built target tutorial_interfaces__rosidl_typesupport_c
[23.325s] [ 50%] [32m[1mLinking C shared library libtutorial_interfaces__rosidl_typesupport_introspection_c.so[0m
[23.372s] [ 51%] [32mBuilding CXX object CMakeFiles/tutorial_interfaces__rosidl_typesupport_introspection_cpp.dir/rosidl_typesupport_introspection_cpp/tutorial_interfaces/msg/detail/sphere__type_support.cpp.o[0m
[23.592s] [ 51%] Built target tutorial_interfaces__rosidl_typesupport_introspection_c
[23.662s] [ 53%] [32mBuilding CXX object CMakeFiles/tutorial_interfaces__rosidl_typesupport_fastrtps_cpp.dir/rosidl_typesupport_fastrtps_cpp/tutorial_interfaces/msg/detail/dds_fastrtps/sphere__type_support.cpp.o[0m
[24.815s] [ 55%] [32mBuilding CXX object CMakeFiles/tutorial_interfaces__rosidl_typesupport_introspection_cpp.dir/rosidl_typesupport_introspection_cpp/tutorial_interfaces/srv/detail/add_three_ints__type_support.cpp.o[0m
[25.770s] [ 57%] [34m[1mGenerating C++ type support dispatch for ROS interfaces[0m
[26.417s] [ 59%] [32mBuilding CXX object CMakeFiles/tutorial_interfaces__rosidl_typesupport_fastrtps_cpp.dir/rosidl_typesupport_fastrtps_cpp/tutorial_interfaces/srv/detail/dds_fastrtps/add_three_ints__type_support.cpp.o[0m
[27.145s] [ 61%] [34m[1mGenerating C type support for eProsima Fast-RTPS[0m
[27.704s] [ 62%] [32mBuilding CXX object CMakeFiles/tutorial_interfaces__rosidl_typesupport_cpp.dir/rosidl_typesupport_cpp/tutorial_interfaces/msg/num__type_support.cpp.o[0m
[28.099s] [ 64%] [32m[1mLinking CXX shared library libtutorial_interfaces__rosidl_typesupport_introspection_cpp.so[0m
[28.654s] [ 64%] Built target tutorial_interfaces__rosidl_typesupport_introspection_cpp
[28.731s] [ 66%] [32mBuilding CXX object CMakeFiles/tutorial_interfaces__rosidl_typesupport_cpp.dir/rosidl_typesupport_cpp/tutorial_interfaces/msg/sphere__type_support.cpp.o[0m
[30.206s] [ 68%] [32mBuilding CXX object CMakeFiles/tutorial_interfaces__rosidl_typesupport_fastrtps_c.dir/rosidl_typesupport_fastrtps_c/tutorial_interfaces/msg/detail/num__type_support_c.cpp.o[0m
[30.287s] [ 70%] [32mBuilding CXX object CMakeFiles/tutorial_interfaces__rosidl_typesupport_cpp.dir/rosidl_typesupport_cpp/tutorial_interfaces/srv/add_three_ints__type_support.cpp.o[0m
[30.876s] [ 72%] [32m[1mLinking CXX shared library libtutorial_interfaces__rosidl_typesupport_fastrtps_cpp.so[0m
[31.441s] [ 72%] Built target tutorial_interfaces__rosidl_typesupport_fastrtps_cpp
[31.499s] [ 74%] [32mBuilding CXX object CMakeFiles/tutorial_interfaces__rosidl_typesupport_fastrtps_c.dir/rosidl_typesupport_fastrtps_c/tutorial_interfaces/msg/detail/sphere__type_support_c.cpp.o[0m
[31.521s] [ 75%] [32mBuilding CXX object CMakeFiles/tutorial_interfaces__rosidl_typesupport_fastrtps_c.dir/rosidl_typesupport_fastrtps_c/tutorial_interfaces/srv/detail/add_three_ints__type_support_c.cpp.o[0m
[33.220s] [ 77%] [32m[1mLinking CXX shared library libtutorial_interfaces__rosidl_typesupport_cpp.so[0m
[33.759s] [ 77%] Built target tutorial_interfaces__rosidl_typesupport_cpp
[34.815s] [ 79%] [32m[1mLinking CXX shared library libtutorial_interfaces__rosidl_typesupport_fastrtps_c.so[0m
[35.120s] [ 79%] Built target tutorial_interfaces__rosidl_typesupport_fastrtps_c
[35.260s] [ 79%] Built target tutorial_interfaces
[35.403s] [ 81%] [34m[1mGenerating Python code for ROS interfaces[0m
[37.539s] [ 81%] Built target tutorial_interfaces__py
[37.674s] [ 83%] [32mBuilding C object CMakeFiles/tutorial_interfaces__rosidl_generator_py.dir/rosidl_generator_py/tutorial_interfaces/msg/_num_s.c.o[0m
[37.679s] [ 85%] [32mBuilding C object CMakeFiles/tutorial_interfaces__rosidl_generator_py.dir/rosidl_generator_py/tutorial_interfaces/msg/_sphere_s.c.o[0m
[37.680s] [ 87%] [32mBuilding C object CMakeFiles/tutorial_interfaces__rosidl_generator_py.dir/rosidl_generator_py/tutorial_interfaces/srv/_add_three_ints_s.c.o[0m
[38.682s] [ 88%] [32m[1mLinking C shared library libtutorial_interfaces__rosidl_generator_py.so[0m
[38.972s] [ 88%] Built target tutorial_interfaces__rosidl_generator_py
[39.113s] [ 90%] [32mBuilding C object CMakeFiles/tutorial_interfaces_s__rosidl_typesupport_fastrtps_c.dir/rosidl_generator_py/tutorial_interfaces/_tutorial_interfaces_s.ep.rosidl_typesupport_fastrtps_c.c.o[0m
[39.122s] [ 92%] [32mBuilding C object CMakeFiles/tutorial_interfaces_s__rosidl_typesupport_introspection_c.dir/rosidl_generator_py/tutorial_interfaces/_tutorial_interfaces_s.ep.rosidl_typesupport_introspection_c.c.o[0m
[39.140s] [ 94%] [32mBuilding C object CMakeFiles/tutorial_interfaces_s__rosidl_typesupport_c.dir/rosidl_generator_py/tutorial_interfaces/_tutorial_interfaces_s.ep.rosidl_typesupport_c.c.o[0m
[39.796s] [ 96%] [32m[1mLinking C shared module rosidl_generator_py/tutorial_interfaces/tutorial_interfaces_s__rosidl_typesupport_introspection_c.so[0m
[39.809s] [ 98%] [32m[1mLinking C shared module rosidl_generator_py/tutorial_interfaces/tutorial_interfaces_s__rosidl_typesupport_c.so[0m
[39.848s] [100%] [32m[1mLinking C shared module rosidl_generator_py/tutorial_interfaces/tutorial_interfaces_s__rosidl_typesupport_fastrtps_c.so[0m
[40.019s] [100%] Built target tutorial_interfaces_s__rosidl_typesupport_introspection_c
[40.029s] [100%] Built target tutorial_interfaces_s__rosidl_typesupport_c
[40.074s] [100%] Built target tutorial_interfaces_s__rosidl_typesupport_fastrtps_c
[40.152s] Invoked command in '/home/admin/playground_ws/build/tutorial_interfaces' returned '0': CMAKE_PREFIX_PATH=${CMAKE_PREFIX_PATH}:/opt/ros/jazzy /usr/bin/cmake --build /home/admin/playground_ws/build/tutorial_interfaces -- -j4 -l4
[40.205s] Invoking command in '/home/admin/playground_ws/build/tutorial_interfaces': CMAKE_PREFIX_PATH=${CMAKE_PREFIX_PATH}:/opt/ros/jazzy /usr/bin/cmake --install /home/admin/playground_ws/build/tutorial_interfaces
[40.252s] -- Install configuration: ""
[40.253s] -- Installing: /home/admin/playground_ws/install/tutorial_interfaces/share/ament_index/resource_index/rosidl_interfaces/tutorial_interfaces
[40.255s] -- Installing: /home/admin/playground_ws/install/tutorial_interfaces/share/tutorial_interfaces/msg/Num.json
[40.257s] -- Installing: /home/admin/playground_ws/install/tutorial_interfaces/share/tutorial_interfaces/msg/Sphere.json
[40.258s] -- Installing: /home/admin/playground_ws/install/tutorial_interfaces/share/tutorial_interfaces/srv/AddThreeInts.json
[40.260s] -- Installing: /home/admin/playground_ws/install/tutorial_interfaces/include/tutorial_interfaces/tutorial_interfaces
[40.261s] -- Installing: /home/admin/playground_ws/install/tutorial_interfaces/include/tutorial_interfaces/tutorial_interfaces/msg
[40.261s] -- Installing: /home/admin/playground_ws/install/tutorial_interfaces/include/tutorial_interfaces/tutorial_interfaces/msg/num.h
[40.263s] -- Installing: /home/admin/playground_ws/install/tutorial_interfaces/include/tutorial_interfaces/tutorial_interfaces/msg/detail
[40.264s] -- Installing: /home/admin/playground_ws/install/tutorial_interfaces/include/tutorial_interfaces/tutorial_interfaces/msg/detail/num__description.c
[40.265s] -- Installing: /home/admin/playground_ws/install/tutorial_interfaces/include/tutorial_interfaces/tutorial_interfaces/msg/detail/sphere__type_support.c
[40.266s] -- Installing: /home/admin/playground_ws/install/tutorial_interfaces/include/tutorial_interfaces/tutorial_interfaces/msg/detail/sphere__description.c
[40.268s] -- Installing: /home/admin/playground_ws/install/tutorial_interfaces/include/tutorial_interfaces/tutorial_interfaces/msg/detail/num__functions.h
[40.269s] -- Installing: /home/admin/playground_ws/install/tutorial_interfaces/include/tutorial_interfaces/tutorial_interfaces/msg/detail/sphere__type_support.h
[40.271s] -- Installing: /home/admin/playground_ws/install/tutorial_interfaces/include/tutorial_interfaces/tutorial_interfaces/msg/detail/num__type_support.c
[40.272s] -- Installing: /home/admin/playground_ws/install/tutorial_interfaces/include/tutorial_interfaces/tutorial_interfaces/msg/detail/num__struct.h
[40.273s] -- Installing: /home/admin/playground_ws/install/tutorial_interfaces/include/tutorial_interfaces/tutorial_interfaces/msg/detail/num__type_support.h
[40.274s] -- Installing: /home/admin/playground_ws/install/tutorial_interfaces/include/tutorial_interfaces/tutorial_interfaces/msg/detail/sphere__struct.h
[40.276s] -- Installing: /home/admin/playground_ws/install/tutorial_interfaces/include/tutorial_interfaces/tutorial_interfaces/msg/detail/sphere__functions.c
[40.277s] -- Installing: /home/admin/playground_ws/install/tutorial_interfaces/include/tutorial_interfaces/tutorial_interfaces/msg/detail/sphere__functions.h
[40.278s] -- Installing: /home/admin/playground_ws/install/tutorial_interfaces/include/tutorial_interfaces/tutorial_interfaces/msg/detail/num__functions.c
[40.280s] -- Installing: /home/admin/playground_ws/install/tutorial_interfaces/include/tutorial_interfaces/tutorial_interfaces/msg/rosidl_generator_c__visibility_control.h
[40.281s] -- Installing: /home/admin/playground_ws/install/tutorial_interfaces/include/tutorial_interfaces/tutorial_interfaces/msg/sphere.h
[40.282s] -- Installing: /home/admin/playground_ws/install/tutorial_interfaces/include/tutorial_interfaces/tutorial_interfaces/srv
[40.283s] -- Installing: /home/admin/playground_ws/install/tutorial_interfaces/include/tutorial_interfaces/tutorial_interfaces/srv/add_three_ints.h
[40.284s] -- Installing: /home/admin/playground_ws/install/tutorial_interfaces/include/tutorial_interfaces/tutorial_interfaces/srv/detail
[40.285s] -- Installing: /home/admin/playground_ws/install/tutorial_interfaces/include/tutorial_interfaces/tutorial_interfaces/srv/detail/add_three_ints__struct.h
[40.286s] -- Installing: /home/admin/playground_ws/install/tutorial_interfaces/include/tutorial_interfaces/tutorial_interfaces/srv/detail/add_three_ints__type_support.h
[40.287s] -- Installing: /home/admin/playground_ws/install/tutorial_interfaces/include/tutorial_interfaces/tutorial_interfaces/srv/detail/add_three_ints__description.c
[40.289s] -- Installing: /home/admin/playground_ws/install/tutorial_interfaces/include/tutorial_interfaces/tutorial_interfaces/srv/detail/add_three_ints__type_support.c
[40.290s] -- Installing: /home/admin/playground_ws/install/tutorial_interfaces/include/tutorial_interfaces/tutorial_interfaces/srv/detail/add_three_ints__functions.c
[40.292s] -- Installing: /home/admin/playground_ws/install/tutorial_interfaces/include/tutorial_interfaces/tutorial_interfaces/srv/detail/add_three_ints__functions.h
[40.294s] -- Installing: /home/admin/playground_ws/install/tutorial_interfaces/share/tutorial_interfaces/environment/library_path.sh
[40.295s] -- Installing: /home/admin/playground_ws/install/tutorial_interfaces/share/tutorial_interfaces/environment/library_path.dsv
[40.297s] -- Installing: /home/admin/playground_ws/install/tutorial_interfaces/lib/libtutorial_interfaces__rosidl_generator_c.so
[40.301s] -- Set non-toolchain portion of runtime path of "/home/admin/playground_ws/install/tutorial_interfaces/lib/libtutorial_interfaces__rosidl_generator_c.so" to ""
[40.302s] -- Up-to-date: /home/admin/playground_ws/install/tutorial_interfaces/include/tutorial_interfaces/tutorial_interfaces
[40.303s] -- Up-to-date: /home/admin/playground_ws/install/tutorial_interfaces/include/tutorial_interfaces/tutorial_interfaces/msg
[40.304s] -- Up-to-date: /home/admin/playground_ws/install/tutorial_interfaces/include/tutorial_interfaces/tutorial_interfaces/msg/detail
[40.304s] -- Installing: /home/admin/playground_ws/install/tutorial_interfaces/include/tutorial_interfaces/tutorial_interfaces/msg/detail/num__rosidl_typesupport_fastrtps_c.h
[40.305s] -- Installing: /home/admin/playground_ws/install/tutorial_interfaces/include/tutorial_interfaces/tutorial_interfaces/msg/detail/sphere__rosidl_typesupport_fastrtps_c.h
[40.306s] -- Installing: /home/admin/playground_ws/install/tutorial_interfaces/include/tutorial_interfaces/tutorial_interfaces/msg/rosidl_typesupport_fastrtps_c__visibility_control.h
[40.308s] -- Up-to-date: /home/admin/playground_ws/install/tutorial_interfaces/include/tutorial_interfaces/tutorial_interfaces/srv
[40.308s] -- Up-to-date: /home/admin/playground_ws/install/tutorial_interfaces/include/tutorial_interfaces/tutorial_interfaces/srv/detail
[40.309s] -- Installing: /home/admin/playground_ws/install/tutorial_interfaces/include/tutorial_interfaces/tutorial_interfaces/srv/detail/add_three_ints__rosidl_typesupport_fastrtps_c.h
[40.310s] -- Installing: /home/admin/playground_ws/install/tutorial_interfaces/lib/libtutorial_interfaces__rosidl_typesupport_fastrtps_c.so
[40.314s] -- Set non-toolchain portion of runtime path of "/home/admin/playground_ws/install/tutorial_interfaces/lib/libtutorial_interfaces__rosidl_typesupport_fastrtps_c.so" to ""
[40.315s] -- Up-to-date: /home/admin/playground_ws/install/tutorial_interfaces/include/tutorial_interfaces/tutorial_interfaces
[40.315s] -- Up-to-date: /home/admin/playground_ws/install/tutorial_interfaces/include/tutorial_interfaces/tutorial_interfaces/msg
[40.316s] -- Installing: /home/admin/playground_ws/install/tutorial_interfaces/include/tutorial_interfaces/tutorial_interfaces/msg/rosidl_generator_cpp__visibility_control.hpp
[40.317s] -- Up-to-date: /home/admin/playground_ws/install/tutorial_interfaces/include/tutorial_interfaces/tutorial_interfaces/msg/detail
[40.318s] -- Installing: /home/admin/playground_ws/install/tutorial_interfaces/include/tutorial_interfaces/tutorial_interfaces/msg/detail/sphere__struct.hpp
[40.319s] -- Installing: /home/admin/playground_ws/install/tutorial_interfaces/include/tutorial_interfaces/tutorial_interfaces/msg/detail/num__traits.hpp
[40.320s] -- Installing: /home/admin/playground_ws/install/tutorial_interfaces/include/tutorial_interfaces/tutorial_interfaces/msg/detail/sphere__builder.hpp
[40.321s] -- Installing: /home/admin/playground_ws/install/tutorial_interfaces/include/tutorial_interfaces/tutorial_interfaces/msg/detail/sphere__type_support.hpp
[40.323s] -- Installing: /home/admin/playground_ws/install/tutorial_interfaces/include/tutorial_interfaces/tutorial_interfaces/msg/detail/num__builder.hpp
[40.324s] -- Installing: /home/admin/playground_ws/install/tutorial_interfaces/include/tutorial_interfaces/tutorial_interfaces/msg/detail/num__type_support.hpp
[40.325s] -- Installing: /home/admin/playground_ws/install/tutorial_interfaces/include/tutorial_interfaces/tutorial_interfaces/msg/detail/sphere__traits.hpp
[40.327s] -- Installing: /home/admin/playground_ws/install/tutorial_interfaces/include/tutorial_interfaces/tutorial_interfaces/msg/detail/num__struct.hpp
[40.328s] -- Installing: /home/admin/playground_ws/install/tutorial_interfaces/include/tutorial_interfaces/tutorial_interfaces/msg/sphere.hpp
[40.329s] -- Installing: /home/admin/playground_ws/install/tutorial_interfaces/include/tutorial_interfaces/tutorial_interfaces/msg/num.hpp
[40.330s] -- Up-to-date: /home/admin/playground_ws/install/tutorial_interfaces/include/tutorial_interfaces/tutorial_interfaces/srv
[40.331s] -- Up-to-date: /home/admin/playground_ws/install/tutorial_interfaces/include/tutorial_interfaces/tutorial_interfaces/srv/detail
[40.332s] -- Installing: /home/admin/playground_ws/install/tutorial_interfaces/include/tutorial_interfaces/tutorial_interfaces/srv/detail/add_three_ints__type_support.hpp
[40.333s] -- Installing: /home/admin/playground_ws/install/tutorial_interfaces/include/tutorial_interfaces/tutorial_interfaces/srv/detail/add_three_ints__struct.hpp
[40.334s] -- Installing: /home/admin/playground_ws/install/tutorial_interfaces/include/tutorial_interfaces/tutorial_interfaces/srv/detail/add_three_ints__traits.hpp
[40.336s] -- Installing: /home/admin/playground_ws/install/tutorial_interfaces/include/tutorial_interfaces/tutorial_interfaces/srv/detail/add_three_ints__builder.hpp
[40.337s] -- Installing: /home/admin/playground_ws/install/tutorial_interfaces/include/tutorial_interfaces/tutorial_interfaces/srv/add_three_ints.hpp
[40.338s] -- Up-to-date: /home/admin/playground_ws/install/tutorial_interfaces/include/tutorial_interfaces/tutorial_interfaces
[40.339s] -- Up-to-date: /home/admin/playground_ws/install/tutorial_interfaces/include/tutorial_interfaces/tutorial_interfaces/msg
[40.339s] -- Installing: /home/admin/playground_ws/install/tutorial_interfaces/include/tutorial_interfaces/tutorial_interfaces/msg/rosidl_typesupport_fastrtps_cpp__visibility_control.h
[40.341s] -- Up-to-date: /home/admin/playground_ws/install/tutorial_interfaces/include/tutorial_interfaces/tutorial_interfaces/msg/detail
[40.341s] -- Installing: /home/admin/playground_ws/install/tutorial_interfaces/include/tutorial_interfaces/tutorial_interfaces/msg/detail/dds_fastrtps
[40.342s] -- Installing: /home/admin/playground_ws/install/tutorial_interfaces/include/tutorial_interfaces/tutorial_interfaces/msg/detail/sphere__rosidl_typesupport_fastrtps_cpp.hpp
[40.344s] -- Installing: /home/admin/playground_ws/install/tutorial_interfaces/include/tutorial_interfaces/tutorial_interfaces/msg/detail/num__rosidl_typesupport_fastrtps_cpp.hpp
[40.345s] -- Up-to-date: /home/admin/playground_ws/install/tutorial_interfaces/include/tutorial_interfaces/tutorial_interfaces/srv
[40.346s] -- Up-to-date: /home/admin/playground_ws/install/tutorial_interfaces/include/tutorial_interfaces/tutorial_interfaces/srv/detail
[40.346s] -- Installing: /home/admin/playground_ws/install/tutorial_interfaces/include/tutorial_interfaces/tutorial_interfaces/srv/detail/dds_fastrtps
[40.347s] -- Installing: /home/admin/playground_ws/install/tutorial_interfaces/include/tutorial_interfaces/tutorial_interfaces/srv/detail/add_three_ints__rosidl_typesupport_fastrtps_cpp.hpp
[40.349s] -- Installing: /home/admin/playground_ws/install/tutorial_interfaces/lib/libtutorial_interfaces__rosidl_typesupport_fastrtps_cpp.so
[40.353s] -- Set non-toolchain portion of runtime path of "/home/admin/playground_ws/install/tutorial_interfaces/lib/libtutorial_interfaces__rosidl_typesupport_fastrtps_cpp.so" to ""
[40.354s] -- Up-to-date: /home/admin/playground_ws/install/tutorial_interfaces/include/tutorial_interfaces/tutorial_interfaces
[40.355s] -- Up-to-date: /home/admin/playground_ws/install/tutorial_interfaces/include/tutorial_interfaces/tutorial_interfaces/msg
[40.355s] -- Installing: /home/admin/playground_ws/install/tutorial_interfaces/include/tutorial_interfaces/tutorial_interfaces/msg/rosidl_typesupport_introspection_c__visibility_control.h
[40.356s] -- Up-to-date: /home/admin/playground_ws/install/tutorial_interfaces/include/tutorial_interfaces/tutorial_interfaces/msg/detail
[40.357s] -- Installing: /home/admin/playground_ws/install/tutorial_interfaces/include/tutorial_interfaces/tutorial_interfaces/msg/detail/sphere__type_support.c
[40.358s] -- Installing: /home/admin/playground_ws/install/tutorial_interfaces/include/tutorial_interfaces/tutorial_interfaces/msg/detail/sphere__rosidl_typesupport_introspection_c.h
[40.359s] -- Installing: /home/admin/playground_ws/install/tutorial_interfaces/include/tutorial_interfaces/tutorial_interfaces/msg/detail/num__type_support.c
[40.361s] -- Installing: /home/admin/playground_ws/install/tutorial_interfaces/include/tutorial_interfaces/tutorial_interfaces/msg/detail/num__rosidl_typesupport_introspection_c.h
[40.362s] -- Up-to-date: /home/admin/playground_ws/install/tutorial_interfaces/include/tutorial_interfaces/tutorial_interfaces/srv
[40.363s] -- Up-to-date: /home/admin/playground_ws/install/tutorial_interfaces/include/tutorial_interfaces/tutorial_interfaces/srv/detail
[40.363s] -- Installing: /home/admin/playground_ws/install/tutorial_interfaces/include/tutorial_interfaces/tutorial_interfaces/srv/detail/add_three_ints__rosidl_typesupport_introspection_c.h
[40.365s] -- Installing: /home/admin/playground_ws/install/tutorial_interfaces/include/tutorial_interfaces/tutorial_interfaces/srv/detail/add_three_ints__type_support.c
[40.367s] -- Installing: /home/admin/playground_ws/install/tutorial_interfaces/lib/libtutorial_interfaces__rosidl_typesupport_introspection_c.so
[40.370s] -- Set non-toolchain portion of runtime path of "/home/admin/playground_ws/install/tutorial_interfaces/lib/libtutorial_interfaces__rosidl_typesupport_introspection_c.so" to ""
[40.371s] -- Installing: /home/admin/playground_ws/install/tutorial_interfaces/lib/libtutorial_interfaces__rosidl_typesupport_c.so
[40.375s] -- Set non-toolchain portion of runtime path of "/home/admin/playground_ws/install/tutorial_interfaces/lib/libtutorial_interfaces__rosidl_typesupport_c.so" to ""
[40.376s] -- Up-to-date: /home/admin/playground_ws/install/tutorial_interfaces/include/tutorial_interfaces/tutorial_interfaces
[40.377s] -- Up-to-date: /home/admin/playground_ws/install/tutorial_interfaces/include/tutorial_interfaces/tutorial_interfaces/msg
[40.377s] -- Up-to-date: /home/admin/playground_ws/install/tutorial_interfaces/include/tutorial_interfaces/tutorial_interfaces/msg/detail
[40.378s] -- Installing: /home/admin/playground_ws/install/tutorial_interfaces/include/tutorial_interfaces/tutorial_interfaces/msg/detail/num__rosidl_typesupport_introspection_cpp.hpp
[40.379s] -- Installing: /home/admin/playground_ws/install/tutorial_interfaces/include/tutorial_interfaces/tutorial_interfaces/msg/detail/sphere__rosidl_typesupport_introspection_cpp.hpp
[40.380s] -- Installing: /home/admin/playground_ws/install/tutorial_interfaces/include/tutorial_interfaces/tutorial_interfaces/msg/detail/sphere__type_support.cpp
[40.381s] -- Installing: /home/admin/playground_ws/install/tutorial_interfaces/include/tutorial_interfaces/tutorial_interfaces/msg/detail/num__type_support.cpp
[40.383s] -- Up-to-date: /home/admin/playground_ws/install/tutorial_interfaces/include/tutorial_interfaces/tutorial_interfaces/srv
[40.384s] -- Up-to-date: /home/admin/playground_ws/install/tutorial_interfaces/include/tutorial_interfaces/tutorial_interfaces/srv/detail
[40.384s] -- Installing: /home/admin/playground_ws/install/tutorial_interfaces/include/tutorial_interfaces/tutorial_interfaces/srv/detail/add_three_ints__rosidl_typesupport_introspection_cpp.hpp
[40.385s] -- Installing: /home/admin/playground_ws/install/tutorial_interfaces/include/tutorial_interfaces/tutorial_interfaces/srv/detail/add_three_ints__type_support.cpp
[40.387s] -- Installing: /home/admin/playground_ws/install/tutorial_interfaces/lib/libtutorial_interfaces__rosidl_typesupport_introspection_cpp.so
[40.391s] -- Set non-toolchain portion of runtime path of "/home/admin/playground_ws/install/tutorial_interfaces/lib/libtutorial_interfaces__rosidl_typesupport_introspection_cpp.so" to ""
[40.393s] -- Installing: /home/admin/playground_ws/install/tutorial_interfaces/lib/libtutorial_interfaces__rosidl_typesupport_cpp.so
[40.396s] -- Set non-toolchain portion of runtime path of "/home/admin/playground_ws/install/tutorial_interfaces/lib/libtutorial_interfaces__rosidl_typesupport_cpp.so" to ""
[40.396s] -- Installing: /home/admin/playground_ws/install/tutorial_interfaces/share/tutorial_interfaces/environment/pythonpath.sh
[40.397s] -- Installing: /home/admin/playground_ws/install/tutorial_interfaces/share/tutorial_interfaces/environment/pythonpath.dsv
[40.399s] -- Installing: /home/admin/playground_ws/install/tutorial_interfaces/lib/python3.12/site-packages/tutorial_interfaces-0.0.0-py3.12.egg-info
[40.400s] -- Installing: /home/admin/playground_ws/install/tutorial_interfaces/lib/python3.12/site-packages/tutorial_interfaces-0.0.0-py3.12.egg-info/dependency_links.txt
[40.402s] -- Installing: /home/admin/playground_ws/install/tutorial_interfaces/lib/python3.12/site-packages/tutorial_interfaces-0.0.0-py3.12.egg-info/SOURCES.txt
[40.403s] -- Installing: /home/admin/playground_ws/install/tutorial_interfaces/lib/python3.12/site-packages/tutorial_interfaces-0.0.0-py3.12.egg-info/top_level.txt
[40.404s] -- Installing: /home/admin/playground_ws/install/tutorial_interfaces/lib/python3.12/site-packages/tutorial_interfaces-0.0.0-py3.12.egg-info/PKG-INFO
[40.406s] -- Installing: /home/admin/playground_ws/install/tutorial_interfaces/lib/python3.12/site-packages/tutorial_interfaces
[40.407s] -- Installing: /home/admin/playground_ws/install/tutorial_interfaces/lib/python3.12/site-packages/tutorial_interfaces/msg
[40.407s] -- Installing: /home/admin/playground_ws/install/tutorial_interfaces/lib/python3.12/site-packages/tutorial_interfaces/msg/_num_s.c
[40.409s] -- Installing: /home/admin/playground_ws/install/tutorial_interfaces/lib/python3.12/site-packages/tutorial_interfaces/msg/__init__.py
[40.410s] -- Installing: /home/admin/playground_ws/install/tutorial_interfaces/lib/python3.12/site-packages/tutorial_interfaces/msg/_num.py
[40.411s] -- Installing: /home/admin/playground_ws/install/tutorial_interfaces/lib/python3.12/site-packages/tutorial_interfaces/msg/_sphere_s.c
[40.412s] -- Installing: /home/admin/playground_ws/install/tutorial_interfaces/lib/python3.12/site-packages/tutorial_interfaces/msg/_sphere.py
[40.414s] -- Installing: /home/admin/playground_ws/install/tutorial_interfaces/lib/python3.12/site-packages/tutorial_interfaces/srv
[40.415s] -- Installing: /home/admin/playground_ws/install/tutorial_interfaces/lib/python3.12/site-packages/tutorial_interfaces/srv/_add_three_ints.py
[40.416s] -- Installing: /home/admin/playground_ws/install/tutorial_interfaces/lib/python3.12/site-packages/tutorial_interfaces/srv/__init__.py
[40.417s] -- Installing: /home/admin/playground_ws/install/tutorial_interfaces/lib/python3.12/site-packages/tutorial_interfaces/srv/_add_three_ints_s.c
[40.419s] -- Installing: /home/admin/playground_ws/install/tutorial_interfaces/lib/python3.12/site-packages/tutorial_interfaces/__init__.py
[40.420s] -- Installing: /home/admin/playground_ws/install/tutorial_interfaces/lib/python3.12/site-packages/tutorial_interfaces/_tutorial_interfaces_s.ep.rosidl_typesupport_fastrtps_c.c
[40.421s] -- Installing: /home/admin/playground_ws/install/tutorial_interfaces/lib/python3.12/site-packages/tutorial_interfaces/_tutorial_interfaces_s.ep.rosidl_typesupport_c.c
[40.423s] -- Installing: /home/admin/playground_ws/install/tutorial_interfaces/lib/python3.12/site-packages/tutorial_interfaces/tutorial_interfaces_s__rosidl_typesupport_introspection_c.so
[40.425s] -- Installing: /home/admin/playground_ws/install/tutorial_interfaces/lib/python3.12/site-packages/tutorial_interfaces/_tutorial_interfaces_s.ep.rosidl_typesupport_introspection_c.c
[40.427s] -- Installing: /home/admin/playground_ws/install/tutorial_interfaces/lib/python3.12/site-packages/tutorial_interfaces/tutorial_interfaces_s__rosidl_typesupport_c.so
[40.429s] -- Installing: /home/admin/playground_ws/install/tutorial_interfaces/lib/python3.12/site-packages/tutorial_interfaces/tutorial_interfaces_s__rosidl_typesupport_fastrtps_c.so
[40.643s] Listing '/home/admin/playground_ws/install/tutorial_interfaces/lib/python3.12/site-packages/tutorial_interfaces'...
[40.644s] Compiling '/home/admin/playground_ws/install/tutorial_interfaces/lib/python3.12/site-packages/tutorial_interfaces/__init__.py'...
[40.646s] Listing '/home/admin/playground_ws/install/tutorial_interfaces/lib/python3.12/site-packages/tutorial_interfaces/msg'...
[40.647s] Compiling '/home/admin/playground_ws/install/tutorial_interfaces/lib/python3.12/site-packages/tutorial_interfaces/msg/__init__.py'...
[40.648s] Compiling '/home/admin/playground_ws/install/tutorial_interfaces/lib/python3.12/site-packages/tutorial_interfaces/msg/_num.py'...
[40.649s] Compiling '/home/admin/playground_ws/install/tutorial_interfaces/lib/python3.12/site-packages/tutorial_interfaces/msg/_sphere.py'...
[40.651s] Listing '/home/admin/playground_ws/install/tutorial_interfaces/lib/python3.12/site-packages/tutorial_interfaces/srv'...
[40.652s] Compiling '/home/admin/playground_ws/install/tutorial_interfaces/lib/python3.12/site-packages/tutorial_interfaces/srv/__init__.py'...
[40.654s] Compiling '/home/admin/playground_ws/install/tutorial_interfaces/lib/python3.12/site-packages/tutorial_interfaces/srv/_add_three_ints.py'...
[40.677s] -- Installing: /home/admin/playground_ws/install/tutorial_interfaces/lib/python3.12/site-packages/tutorial_interfaces/tutorial_interfaces_s__rosidl_typesupport_fastrtps_c.so
[40.680s] -- Set non-toolchain portion of runtime path of "/home/admin/playground_ws/install/tutorial_interfaces/lib/python3.12/site-packages/tutorial_interfaces/tutorial_interfaces_s__rosidl_typesupport_fastrtps_c.so" to ""
[40.682s] -- Installing: /home/admin/playground_ws/install/tutorial_interfaces/lib/python3.12/site-packages/tutorial_interfaces/tutorial_interfaces_s__rosidl_typesupport_introspection_c.so
[40.686s] -- Set non-toolchain portion of runtime path of "/home/admin/playground_ws/install/tutorial_interfaces/lib/python3.12/site-packages/tutorial_interfaces/tutorial_interfaces_s__rosidl_typesupport_introspection_c.so" to ""
[40.688s] -- Installing: /home/admin/playground_ws/install/tutorial_interfaces/lib/python3.12/site-packages/tutorial_interfaces/tutorial_interfaces_s__rosidl_typesupport_c.so
[40.691s] -- Set non-toolchain portion of runtime path of "/home/admin/playground_ws/install/tutorial_interfaces/lib/python3.12/site-packages/tutorial_interfaces/tutorial_interfaces_s__rosidl_typesupport_c.so" to ""
[40.693s] -- Installing: /home/admin/playground_ws/install/tutorial_interfaces/lib/libtutorial_interfaces__rosidl_generator_py.so
[40.696s] -- Set non-toolchain portion of runtime path of "/home/admin/playground_ws/install/tutorial_interfaces/lib/libtutorial_interfaces__rosidl_generator_py.so" to ""
[40.697s] -- Installing: /home/admin/playground_ws/install/tutorial_interfaces/share/tutorial_interfaces/msg/Num.idl
[40.698s] -- Installing: /home/admin/playground_ws/install/tutorial_interfaces/share/tutorial_interfaces/msg/Sphere.idl
[40.699s] -- Installing: /home/admin/playground_ws/install/tutorial_interfaces/share/tutorial_interfaces/srv/AddThreeInts.idl
[40.701s] -- Installing: /home/admin/playground_ws/install/tutorial_interfaces/share/tutorial_interfaces/msg/Num.msg
[40.702s] -- Installing: /home/admin/playground_ws/install/tutorial_interfaces/share/tutorial_interfaces/msg/Sphere.msg
[40.703s] -- Installing: /home/admin/playground_ws/install/tutorial_interfaces/share/tutorial_interfaces/srv/AddThreeInts.srv
[40.705s] -- Installing: /home/admin/playground_ws/install/tutorial_interfaces/share/ament_index/resource_index/package_run_dependencies/tutorial_interfaces
[40.707s] -- Installing: /home/admin/playground_ws/install/tutorial_interfaces/share/ament_index/resource_index/parent_prefix_path/tutorial_interfaces
[40.709s] -- Installing: /home/admin/playground_ws/install/tutorial_interfaces/share/tutorial_interfaces/environment/ament_prefix_path.sh
[40.710s] -- Installing: /home/admin/playground_ws/install/tutorial_interfaces/share/tutorial_interfaces/environment/ament_prefix_path.dsv
[40.711s] -- Installing: /home/admin/playground_ws/install/tutorial_interfaces/share/tutorial_interfaces/environment/path.sh
[40.713s] -- Installing: /home/admin/playground_ws/install/tutorial_interfaces/share/tutorial_interfaces/environment/path.dsv
[40.714s] -- Installing: /home/admin/playground_ws/install/tutorial_interfaces/share/tutorial_interfaces/local_setup.bash
[40.716s] -- Installing: /home/admin/playground_ws/install/tutorial_interfaces/share/tutorial_interfaces/local_setup.sh
[40.717s] -- Installing: /home/admin/playground_ws/install/tutorial_interfaces/share/tutorial_interfaces/local_setup.zsh
[40.718s] -- Installing: /home/admin/playground_ws/install/tutorial_interfaces/share/tutorial_interfaces/local_setup.dsv
[40.720s] -- Installing: /home/admin/playground_ws/install/tutorial_interfaces/share/tutorial_interfaces/package.dsv
[40.721s] -- Installing: /home/admin/playground_ws/install/tutorial_interfaces/share/ament_index/resource_index/packages/tutorial_interfaces
[40.723s] -- Installing: /home/admin/playground_ws/install/tutorial_interfaces/share/tutorial_interfaces/cmake/export_tutorial_interfaces__rosidl_generator_cExport.cmake
[40.725s] -- Installing: /home/admin/playground_ws/install/tutorial_interfaces/share/tutorial_interfaces/cmake/export_tutorial_interfaces__rosidl_generator_cExport-noconfig.cmake
[40.727s] -- Installing: /home/admin/playground_ws/install/tutorial_interfaces/share/tutorial_interfaces/cmake/export_tutorial_interfaces__rosidl_typesupport_fastrtps_cExport.cmake
[40.728s] -- Installing: /home/admin/playground_ws/install/tutorial_interfaces/share/tutorial_interfaces/cmake/export_tutorial_interfaces__rosidl_typesupport_fastrtps_cExport-noconfig.cmake
[40.730s] -- Installing: /home/admin/playground_ws/install/tutorial_interfaces/share/tutorial_interfaces/cmake/export_tutorial_interfaces__rosidl_generator_cppExport.cmake
[40.732s] -- Installing: /home/admin/playground_ws/install/tutorial_interfaces/share/tutorial_interfaces/cmake/export_tutorial_interfaces__rosidl_typesupport_fastrtps_cppExport.cmake
[40.734s] -- Installing: /home/admin/playground_ws/install/tutorial_interfaces/share/tutorial_interfaces/cmake/export_tutorial_interfaces__rosidl_typesupport_fastrtps_cppExport-noconfig.cmake
[40.736s] -- Installing: /home/admin/playground_ws/install/tutorial_interfaces/share/tutorial_interfaces/cmake/tutorial_interfaces__rosidl_typesupport_introspection_cExport.cmake
[40.737s] -- Installing: /home/admin/playground_ws/install/tutorial_interfaces/share/tutorial_interfaces/cmake/tutorial_interfaces__rosidl_typesupport_introspection_cExport-noconfig.cmake
[40.739s] -- Installing: /home/admin/playground_ws/install/tutorial_interfaces/share/tutorial_interfaces/cmake/tutorial_interfaces__rosidl_typesupport_cExport.cmake
[40.741s] -- Installing: /home/admin/playground_ws/install/tutorial_interfaces/share/tutorial_interfaces/cmake/tutorial_interfaces__rosidl_typesupport_cExport-noconfig.cmake
[40.743s] -- Installing: /home/admin/playground_ws/install/tutorial_interfaces/share/tutorial_interfaces/cmake/tutorial_interfaces__rosidl_typesupport_introspection_cppExport.cmake
[40.744s] -- Installing: /home/admin/playground_ws/install/tutorial_interfaces/share/tutorial_interfaces/cmake/tutorial_interfaces__rosidl_typesupport_introspection_cppExport-noconfig.cmake
[40.746s] -- Installing: /home/admin/playground_ws/install/tutorial_interfaces/share/tutorial_interfaces/cmake/tutorial_interfaces__rosidl_typesupport_cppExport.cmake
[40.748s] -- Installing: /home/admin/playground_ws/install/tutorial_interfaces/share/tutorial_interfaces/cmake/tutorial_interfaces__rosidl_typesupport_cppExport-noconfig.cmake
[40.749s] -- Installing: /home/admin/playground_ws/install/tutorial_interfaces/share/tutorial_interfaces/cmake/export_tutorial_interfaces__rosidl_generator_pyExport.cmake
[40.751s] -- Installing: /home/admin/playground_ws/install/tutorial_interfaces/share/tutorial_interfaces/cmake/export_tutorial_interfaces__rosidl_generator_pyExport-noconfig.cmake
[40.753s] -- Installing: /home/admin/playground_ws/install/tutorial_interfaces/share/tutorial_interfaces/cmake/rosidl_cmake-extras.cmake
[40.754s] -- Installing: /home/admin/playground_ws/install/tutorial_interfaces/share/tutorial_interfaces/cmake/ament_cmake_export_dependencies-extras.cmake
[40.756s] -- Installing: /home/admin/playground_ws/install/tutorial_interfaces/share/tutorial_interfaces/cmake/ament_cmake_export_include_directories-extras.cmake
[40.757s] -- Installing: /home/admin/playground_ws/install/tutorial_interfaces/share/tutorial_interfaces/cmake/ament_cmake_export_libraries-extras.cmake
[40.759s] -- Installing: /home/admin/playground_ws/install/tutorial_interfaces/share/tutorial_interfaces/cmake/ament_cmake_export_targets-extras.cmake
[40.760s] -- Installing: /home/admin/playground_ws/install/tutorial_interfaces/share/tutorial_interfaces/cmake/rosidl_cmake_export_typesupport_targets-extras.cmake
[40.762s] -- Installing: /home/admin/playground_ws/install/tutorial_interfaces/share/tutorial_interfaces/cmake/rosidl_cmake_export_typesupport_libraries-extras.cmake
[40.763s] -- Installing: /home/admin/playground_ws/install/tutorial_interfaces/share/tutorial_interfaces/cmake/tutorial_interfacesConfig.cmake
[40.764s] -- Installing: /home/admin/playground_ws/install/tutorial_interfaces/share/tutorial_interfaces/cmake/tutorial_interfacesConfig-version.cmake
[40.766s] -- Installing: /home/admin/playground_ws/install/tutorial_interfaces/share/tutorial_interfaces/package.xml
[40.777s] Invoked command in '/home/admin/playground_ws/build/tutorial_interfaces' returned '0': CMAKE_PREFIX_PATH=${CMAKE_PREFIX_PATH}:/opt/ros/jazzy /usr/bin/cmake --install /home/admin/playground_ws/build/tutorial_interfaces
