[0.683s] DEBUG:colcon:Command line arguments: ['/usr/bin/colcon', 'build']
[0.684s] DEBUG:colcon:Parsed command line arguments: Namespace(log_base=None, log_level=None, verb_name='build', build_base='build', install_base='install', merge_install=False, symlink_install=False, test_result_base=None, continue_on_error=False, executor='parallel', parallel_workers=4, event_handlers=None, ignore_user_meta=False, metas=['./colcon.meta'], base_paths=['.'], packages_ignore=None, packages_ignore_regex=None, paths=None, packages_up_to=None, packages_up_to_regex=None, packages_above=None, packages_above_and_dependencies=None, packages_above_depth=None, packages_select_by_dep=None, packages_skip_by_dep=None, packages_skip_up_to=None, packages_select_build_failed=False, packages_skip_build_finished=False, packages_select_test_failures=False, packages_skip_test_passed=False, packages_select=None, packages_skip=None, packages_select_regex=None, packages_skip_regex=None, packages_start=None, packages_end=None, allow_overriding=[], cmake_args=None, cmake_target=None, cmake_target_skip_unavailable=False, cmake_clean_cache=False, cmake_clean_first=False, cmake_force_configure=False, ament_cmake_args=None, catkin_cmake_args=None, catkin_skip_building_tests=False, mixin_files=None, mixin=None, verb_parser=<colcon_mixin.mixin.mixin_argument.MixinArgumentDecorator object at 0xffffb2d35bb0>, verb_extension=<colcon_core.verb.build.BuildVerb object at 0xffffb2eeda30>, main=<bound method BuildVerb.main of <colcon_core.verb.build.BuildVerb object at 0xffffb2eeda30>>, mixin_verb=('build',))
[0.930s] Level 1:colcon.colcon_core.package_discovery:discover_packages(colcon_meta) check parameters
[0.931s] Level 1:colcon.colcon_core.package_discovery:discover_packages(recursive) check parameters
[0.931s] Level 1:colcon.colcon_core.package_discovery:discover_packages(ignore) check parameters
[0.931s] Level 1:colcon.colcon_core.package_discovery:discover_packages(path) check parameters
[0.932s] Level 1:colcon.colcon_core.package_discovery:discover_packages(colcon_meta) discover
[0.932s] Level 1:colcon.colcon_core.package_discovery:discover_packages(recursive) discover
[0.932s] INFO:colcon.colcon_core.package_discovery:Crawling recursively for packages in '/home/admin/ri_seaweed_ws'
[0.933s] Level 1:colcon.colcon_core.package_identification:_identify(.) by extensions ['ignore', 'ignore_ament_install']
[0.933s] Level 1:colcon.colcon_core.package_identification:_identify(.) by extension 'ignore'
[0.934s] Level 1:colcon.colcon_core.package_identification:_identify(.) by extension 'ignore_ament_install'
[0.934s] Level 1:colcon.colcon_core.package_identification:_identify(.) by extensions ['colcon_pkg']
[0.934s] Level 1:colcon.colcon_core.package_identification:_identify(.) by extension 'colcon_pkg'
[0.935s] Level 1:colcon.colcon_core.package_identification:_identify(.) by extensions ['colcon_meta']
[0.935s] Level 1:colcon.colcon_core.package_identification:_identify(.) by extension 'colcon_meta'
[0.935s] Level 1:colcon.colcon_core.package_identification:_identify(.) by extensions ['ros']
[0.935s] Level 1:colcon.colcon_core.package_identification:_identify(.) by extension 'ros'
[1.083s] Level 1:colcon.colcon_core.package_identification:_identify(.) by extensions ['cmake', 'python']
[1.083s] Level 1:colcon.colcon_core.package_identification:_identify(.) by extension 'cmake'
[1.084s] Level 1:colcon.colcon_core.package_identification:_identify(.) by extension 'python'
[1.084s] Level 1:colcon.colcon_core.package_identification:_identify(.) by extensions ['python_setup_py']
[1.085s] Level 1:colcon.colcon_core.package_identification:_identify(.) by extension 'python_setup_py'
[1.086s] Level 1:colcon.colcon_core.package_identification:_identify(build) by extensions ['ignore', 'ignore_ament_install']
[1.087s] Level 1:colcon.colcon_core.package_identification:_identify(build) by extension 'ignore'
[1.087s] Level 1:colcon.colcon_core.package_identification:_identify(build) ignored
[1.088s] Level 1:colcon.colcon_core.package_identification:_identify(install) by extensions ['ignore', 'ignore_ament_install']
[1.089s] Level 1:colcon.colcon_core.package_identification:_identify(install) by extension 'ignore'
[1.090s] Level 1:colcon.colcon_core.package_identification:_identify(install) ignored
[1.091s] Level 1:colcon.colcon_core.package_identification:_identify(log) by extensions ['ignore', 'ignore_ament_install']
[1.091s] Level 1:colcon.colcon_core.package_identification:_identify(log) by extension 'ignore'
[1.092s] Level 1:colcon.colcon_core.package_identification:_identify(log) ignored
[1.093s] Level 1:colcon.colcon_core.package_identification:_identify(src) by extensions ['ignore', 'ignore_ament_install']
[1.093s] Level 1:colcon.colcon_core.package_identification:_identify(src) by extension 'ignore'
[1.094s] Level 1:colcon.colcon_core.package_identification:_identify(src) by extension 'ignore_ament_install'
[1.095s] Level 1:colcon.colcon_core.package_identification:_identify(src) by extensions ['colcon_pkg']
[1.095s] Level 1:colcon.colcon_core.package_identification:_identify(src) by extension 'colcon_pkg'
[1.096s] Level 1:colcon.colcon_core.package_identification:_identify(src) by extensions ['colcon_meta']
[1.096s] Level 1:colcon.colcon_core.package_identification:_identify(src) by extension 'colcon_meta'
[1.096s] Level 1:colcon.colcon_core.package_identification:_identify(src) by extensions ['ros']
[1.097s] Level 1:colcon.colcon_core.package_identification:_identify(src) by extension 'ros'
[1.097s] Level 1:colcon.colcon_core.package_identification:_identify(src) by extensions ['cmake', 'python']
[1.098s] Level 1:colcon.colcon_core.package_identification:_identify(src) by extension 'cmake'
[1.098s] Level 1:colcon.colcon_core.package_identification:_identify(src) by extension 'python'
[1.099s] Level 1:colcon.colcon_core.package_identification:_identify(src) by extensions ['python_setup_py']
[1.099s] Level 1:colcon.colcon_core.package_identification:_identify(src) by extension 'python_setup_py'
[1.100s] Level 1:colcon.colcon_core.package_identification:_identify(src/gripper) by extensions ['ignore', 'ignore_ament_install']
[1.101s] Level 1:colcon.colcon_core.package_identification:_identify(src/gripper) by extension 'ignore'
[1.102s] Level 1:colcon.colcon_core.package_identification:_identify(src/gripper) by extension 'ignore_ament_install'
[1.102s] Level 1:colcon.colcon_core.package_identification:_identify(src/gripper) by extensions ['colcon_pkg']
[1.102s] Level 1:colcon.colcon_core.package_identification:_identify(src/gripper) by extension 'colcon_pkg'
[1.103s] Level 1:colcon.colcon_core.package_identification:_identify(src/gripper) by extensions ['colcon_meta']
[1.103s] Level 1:colcon.colcon_core.package_identification:_identify(src/gripper) by extension 'colcon_meta'
[1.104s] Level 1:colcon.colcon_core.package_identification:_identify(src/gripper) by extensions ['ros']
[1.104s] Level 1:colcon.colcon_core.package_identification:_identify(src/gripper) by extension 'ros'
[1.121s] DEBUG:colcon.colcon_core.package_identification:Package 'src/gripper' with type 'ros.ament_python' and name 'gripper'
[1.123s] Level 1:colcon.colcon_core.package_identification:_identify(src/ri_seaweed_interfaces) by extensions ['ignore', 'ignore_ament_install']
[1.123s] Level 1:colcon.colcon_core.package_identification:_identify(src/ri_seaweed_interfaces) by extension 'ignore'
[1.124s] Level 1:colcon.colcon_core.package_identification:_identify(src/ri_seaweed_interfaces) by extension 'ignore_ament_install'
[1.125s] Level 1:colcon.colcon_core.package_identification:_identify(src/ri_seaweed_interfaces) by extensions ['colcon_pkg']
[1.125s] Level 1:colcon.colcon_core.package_identification:_identify(src/ri_seaweed_interfaces) by extension 'colcon_pkg'
[1.125s] Level 1:colcon.colcon_core.package_identification:_identify(src/ri_seaweed_interfaces) by extensions ['colcon_meta']
[1.126s] Level 1:colcon.colcon_core.package_identification:_identify(src/ri_seaweed_interfaces) by extension 'colcon_meta'
[1.126s] Level 1:colcon.colcon_core.package_identification:_identify(src/ri_seaweed_interfaces) by extensions ['ros']
[1.126s] Level 1:colcon.colcon_core.package_identification:_identify(src/ri_seaweed_interfaces) by extension 'ros'
[1.129s] DEBUG:colcon.colcon_core.package_identification:Package 'src/ri_seaweed_interfaces' with type 'ros.ament_cmake' and name 'ri_seaweed_interfaces'
[1.130s] Level 1:colcon.colcon_core.package_discovery:discover_packages(recursive) using defaults
[1.130s] Level 1:colcon.colcon_core.package_discovery:discover_packages(ignore) discover
[1.130s] Level 1:colcon.colcon_core.package_discovery:discover_packages(ignore) using defaults
[1.131s] Level 1:colcon.colcon_core.package_discovery:discover_packages(path) discover
[1.131s] Level 1:colcon.colcon_core.package_discovery:discover_packages(path) using defaults
[1.273s] Level 1:colcon.colcon_core.package_discovery:discover_packages(prefix_path) check parameters
[1.276s] Level 1:colcon.colcon_core.package_discovery:discover_packages(prefix_path) discover
[1.314s] DEBUG:colcon.colcon_installed_package_information.package_discovery:Found 285 installed packages in /opt/ros/jazzy
[1.324s] Level 1:colcon.colcon_core.package_discovery:discover_packages(prefix_path) using defaults
[1.730s] Level 5:colcon.colcon_core.verb:set package 'gripper' build argument 'cmake_args' from command line to 'None'
[1.730s] Level 5:colcon.colcon_core.verb:set package 'gripper' build argument 'cmake_target' from command line to 'None'
[1.730s] Level 5:colcon.colcon_core.verb:set package 'gripper' build argument 'cmake_target_skip_unavailable' from command line to 'False'
[1.731s] Level 5:colcon.colcon_core.verb:set package 'gripper' build argument 'cmake_clean_cache' from command line to 'False'
[1.731s] Level 5:colcon.colcon_core.verb:set package 'gripper' build argument 'cmake_clean_first' from command line to 'False'
[1.731s] Level 5:colcon.colcon_core.verb:set package 'gripper' build argument 'cmake_force_configure' from command line to 'False'
[1.731s] Level 5:colcon.colcon_core.verb:set package 'gripper' build argument 'ament_cmake_args' from command line to 'None'
[1.732s] Level 5:colcon.colcon_core.verb:set package 'gripper' build argument 'catkin_cmake_args' from command line to 'None'
[1.732s] Level 5:colcon.colcon_core.verb:set package 'gripper' build argument 'catkin_skip_building_tests' from command line to 'False'
[1.734s] DEBUG:colcon.colcon_core.verb:Building package 'gripper' with the following arguments: {'ament_cmake_args': None, 'build_base': '/home/admin/ri_seaweed_ws/build/gripper', 'catkin_cmake_args': None, 'catkin_skip_building_tests': False, 'cmake_args': None, 'cmake_clean_cache': False, 'cmake_clean_first': False, 'cmake_force_configure': False, 'cmake_target': None, 'cmake_target_skip_unavailable': False, 'install_base': '/home/admin/ri_seaweed_ws/install/gripper', 'merge_install': False, 'path': '/home/admin/ri_seaweed_ws/src/gripper', 'symlink_install': False, 'test_result_base': None}
[1.736s] Level 5:colcon.colcon_core.verb:set package 'ri_seaweed_interfaces' build argument 'cmake_args' from command line to 'None'
[1.736s] Level 5:colcon.colcon_core.verb:set package 'ri_seaweed_interfaces' build argument 'cmake_target' from command line to 'None'
[1.736s] Level 5:colcon.colcon_core.verb:set package 'ri_seaweed_interfaces' build argument 'cmake_target_skip_unavailable' from command line to 'False'
[1.737s] Level 5:colcon.colcon_core.verb:set package 'ri_seaweed_interfaces' build argument 'cmake_clean_cache' from command line to 'False'
[1.737s] Level 5:colcon.colcon_core.verb:set package 'ri_seaweed_interfaces' build argument 'cmake_clean_first' from command line to 'False'
[1.737s] Level 5:colcon.colcon_core.verb:set package 'ri_seaweed_interfaces' build argument 'cmake_force_configure' from command line to 'False'
[1.737s] Level 5:colcon.colcon_core.verb:set package 'ri_seaweed_interfaces' build argument 'ament_cmake_args' from command line to 'None'
[1.738s] Level 5:colcon.colcon_core.verb:set package 'ri_seaweed_interfaces' build argument 'catkin_cmake_args' from command line to 'None'
[1.739s] Level 5:colcon.colcon_core.verb:set package 'ri_seaweed_interfaces' build argument 'catkin_skip_building_tests' from command line to 'False'
[1.740s] DEBUG:colcon.colcon_core.verb:Building package 'ri_seaweed_interfaces' with the following arguments: {'ament_cmake_args': None, 'build_base': '/home/admin/ri_seaweed_ws/build/ri_seaweed_interfaces', 'catkin_cmake_args': None, 'catkin_skip_building_tests': False, 'cmake_args': None, 'cmake_clean_cache': False, 'cmake_clean_first': False, 'cmake_force_configure': False, 'cmake_target': None, 'cmake_target_skip_unavailable': False, 'install_base': '/home/admin/ri_seaweed_ws/install/ri_seaweed_interfaces', 'merge_install': False, 'path': '/home/admin/ri_seaweed_ws/src/ri_seaweed_interfaces', 'symlink_install': False, 'test_result_base': None}
[1.742s] INFO:colcon.colcon_core.executor:Executing jobs using 'parallel' executor
[1.749s] DEBUG:colcon.colcon_parallel_executor.executor.parallel:run_until_complete
[1.751s] INFO:colcon.colcon_ros.task.ament_python.build:Building ROS package in '/home/admin/ri_seaweed_ws/src/gripper' with build type 'ament_python'
[1.752s] Level 1:colcon.colcon_core.shell:create_environment_hook('gripper', 'ament_prefix_path')
[1.778s] INFO:colcon.colcon_core.plugin_system:Skipping extension 'colcon_core.shell.bat': Not used on non-Windows systems
[1.780s] INFO:colcon.colcon_core.shell:Creating environment hook '/home/admin/ri_seaweed_ws/install/gripper/share/gripper/hook/ament_prefix_path.ps1'
[1.787s] INFO:colcon.colcon_core.shell:Creating environment descriptor '/home/admin/ri_seaweed_ws/install/gripper/share/gripper/hook/ament_prefix_path.dsv'
[1.795s] INFO:colcon.colcon_core.shell:Creating environment hook '/home/admin/ri_seaweed_ws/install/gripper/share/gripper/hook/ament_prefix_path.sh'
[1.802s] INFO:colcon.colcon_core.shell:Skip shell extension 'powershell' for command environment: Not usable outside of PowerShell
[1.803s] DEBUG:colcon.colcon_core.shell:Skip shell extension 'dsv' for command environment
[1.849s] INFO:colcon.colcon_ros.task.ament_cmake.build:Building ROS package in '/home/admin/ri_seaweed_ws/src/ri_seaweed_interfaces' with build type 'ament_cmake'
[1.850s] INFO:colcon.colcon_cmake.task.cmake.build:Building CMake package in '/home/admin/ri_seaweed_ws/src/ri_seaweed_interfaces'
[1.856s] INFO:colcon.colcon_core.shell:Skip shell extension 'powershell' for command environment: Not usable outside of PowerShell
[1.861s] DEBUG:colcon.colcon_core.shell:Skip shell extension 'dsv' for command environment
[3.775s] INFO:colcon.colcon_core.task.python.build:Building Python package in '/home/admin/ri_seaweed_ws/src/gripper'
[3.776s] INFO:colcon.colcon_core.shell:Skip shell extension 'powershell' for command environment: Not usable outside of PowerShell
[3.777s] DEBUG:colcon.colcon_core.shell:Skip shell extension 'dsv' for command environment
[3.844s] DEBUG:colcon.colcon_core.event_handler.log_command:Invoking command in '/home/admin/ri_seaweed_ws/build/ri_seaweed_interfaces': CMAKE_PREFIX_PATH=${CMAKE_PREFIX_PATH}:/opt/ros/jazzy /usr/bin/cmake --build /home/admin/ri_seaweed_ws/build/ri_seaweed_interfaces -- -j4 -l4
[9.629s] DEBUG:colcon.colcon_core.event_handler.log_command:Invoking command in '/home/admin/ri_seaweed_ws/src/gripper': PYTHONPATH=/home/admin/ri_seaweed_ws/build/gripper/prefix_override:/usr/lib/python3/dist-packages/colcon_core/task/python/colcon_distutils_commands:/home/admin/ri_seaweed_ws/install/gripper/lib/python3.12/site-packages:${PYTHONPATH} /usr/bin/python3 -W ignore:setup.py install is deprecated -W ignore:easy_install command is deprecated setup.py egg_info --egg-base ../../build/gripper build --build-base /home/admin/ri_seaweed_ws/build/gripper/build install --record /home/admin/ri_seaweed_ws/build/gripper/install.log --single-version-externally-managed install_data
[14.237s] DEBUG:colcon.colcon_core.event_handler.log_command:Invoked command in '/home/admin/ri_seaweed_ws/src/gripper' returned '0': PYTHONPATH=/home/admin/ri_seaweed_ws/build/gripper/prefix_override:/usr/lib/python3/dist-packages/colcon_core/task/python/colcon_distutils_commands:/home/admin/ri_seaweed_ws/install/gripper/lib/python3.12/site-packages:${PYTHONPATH} /usr/bin/python3 -W ignore:setup.py install is deprecated -W ignore:easy_install command is deprecated setup.py egg_info --egg-base ../../build/gripper build --build-base /home/admin/ri_seaweed_ws/build/gripper/build install --record /home/admin/ri_seaweed_ws/build/gripper/install.log --single-version-externally-managed install_data
[14.259s] Level 1:colcon.colcon_core.environment:checking '/home/admin/ri_seaweed_ws/install/gripper' for CMake module files
[14.262s] Level 1:colcon.colcon_core.environment:checking '/home/admin/ri_seaweed_ws/install/gripper' for CMake config files
[14.267s] Level 1:colcon.colcon_core.environment:checking '/home/admin/ri_seaweed_ws/install/gripper/lib'
[14.268s] Level 1:colcon.colcon_core.environment:checking '/home/admin/ri_seaweed_ws/install/gripper/bin'
[14.269s] Level 1:colcon.colcon_core.environment:checking '/home/admin/ri_seaweed_ws/install/gripper/lib/pkgconfig/gripper.pc'
[14.270s] Level 1:colcon.colcon_core.environment:checking '/home/admin/ri_seaweed_ws/install/gripper/lib/python3.12/site-packages'
[14.271s] Level 1:colcon.colcon_core.shell:create_environment_hook('gripper', 'pythonpath')
[14.272s] INFO:colcon.colcon_core.shell:Creating environment hook '/home/admin/ri_seaweed_ws/install/gripper/share/gripper/hook/pythonpath.ps1'
[14.276s] INFO:colcon.colcon_core.shell:Creating environment descriptor '/home/admin/ri_seaweed_ws/install/gripper/share/gripper/hook/pythonpath.dsv'
[14.279s] INFO:colcon.colcon_core.shell:Creating environment hook '/home/admin/ri_seaweed_ws/install/gripper/share/gripper/hook/pythonpath.sh'
[14.285s] Level 1:colcon.colcon_core.environment:checking '/home/admin/ri_seaweed_ws/install/gripper/bin'
[14.286s] Level 1:colcon.colcon_core.environment:create_environment_scripts_only(gripper)
[14.287s] INFO:colcon.colcon_core.shell:Creating package script '/home/admin/ri_seaweed_ws/install/gripper/share/gripper/package.ps1'
[14.294s] INFO:colcon.colcon_core.shell:Creating package descriptor '/home/admin/ri_seaweed_ws/install/gripper/share/gripper/package.dsv'
[14.300s] INFO:colcon.colcon_core.shell:Creating package script '/home/admin/ri_seaweed_ws/install/gripper/share/gripper/package.sh'
[14.310s] INFO:colcon.colcon_core.shell:Creating package script '/home/admin/ri_seaweed_ws/install/gripper/share/gripper/package.bash'
[14.323s] INFO:colcon.colcon_core.shell:Creating package script '/home/admin/ri_seaweed_ws/install/gripper/share/gripper/package.zsh'
[14.342s] Level 1:colcon.colcon_core.environment:create_file_with_runtime_dependencies(/home/admin/ri_seaweed_ws/install/gripper/share/colcon-core/packages/gripper)
[27.051s] DEBUG:colcon.colcon_core.event_handler.log_command:Invoked command in '/home/admin/ri_seaweed_ws/build/ri_seaweed_interfaces' returned '0': CMAKE_PREFIX_PATH=${CMAKE_PREFIX_PATH}:/opt/ros/jazzy /usr/bin/cmake --build /home/admin/ri_seaweed_ws/build/ri_seaweed_interfaces -- -j4 -l4
[27.103s] DEBUG:colcon.colcon_core.event_handler.log_command:Invoking command in '/home/admin/ri_seaweed_ws/build/ri_seaweed_interfaces': CMAKE_PREFIX_PATH=${CMAKE_PREFIX_PATH}:/opt/ros/jazzy /usr/bin/cmake --install /home/admin/ri_seaweed_ws/build/ri_seaweed_interfaces
[27.551s] Level 1:colcon.colcon_core.environment:create_environment_scripts_only(ri_seaweed_interfaces)
[27.552s] Level 1:colcon.colcon_core.environment:checking '/home/admin/ri_seaweed_ws/install/ri_seaweed_interfaces' for CMake module files
[27.553s] DEBUG:colcon.colcon_core.event_handler.log_command:Invoked command in '/home/admin/ri_seaweed_ws/build/ri_seaweed_interfaces' returned '0': CMAKE_PREFIX_PATH=${CMAKE_PREFIX_PATH}:/opt/ros/jazzy /usr/bin/cmake --install /home/admin/ri_seaweed_ws/build/ri_seaweed_interfaces
[27.558s] Level 1:colcon.colcon_core.environment:checking '/home/admin/ri_seaweed_ws/install/ri_seaweed_interfaces' for CMake config files
[27.563s] Level 1:colcon.colcon_core.shell:create_environment_hook('ri_seaweed_interfaces', 'cmake_prefix_path')
[27.564s] INFO:colcon.colcon_core.shell:Creating environment hook '/home/admin/ri_seaweed_ws/install/ri_seaweed_interfaces/share/ri_seaweed_interfaces/hook/cmake_prefix_path.ps1'
[27.566s] INFO:colcon.colcon_core.shell:Creating environment descriptor '/home/admin/ri_seaweed_ws/install/ri_seaweed_interfaces/share/ri_seaweed_interfaces/hook/cmake_prefix_path.dsv'
[27.568s] INFO:colcon.colcon_core.shell:Creating environment hook '/home/admin/ri_seaweed_ws/install/ri_seaweed_interfaces/share/ri_seaweed_interfaces/hook/cmake_prefix_path.sh'
[27.572s] Level 1:colcon.colcon_core.environment:checking '/home/admin/ri_seaweed_ws/install/ri_seaweed_interfaces/lib'
[27.572s] Level 1:colcon.colcon_core.shell:create_environment_hook('ri_seaweed_interfaces', 'ld_library_path_lib')
[27.573s] INFO:colcon.colcon_core.shell:Creating environment hook '/home/admin/ri_seaweed_ws/install/ri_seaweed_interfaces/share/ri_seaweed_interfaces/hook/ld_library_path_lib.ps1'
[27.575s] INFO:colcon.colcon_core.shell:Creating environment descriptor '/home/admin/ri_seaweed_ws/install/ri_seaweed_interfaces/share/ri_seaweed_interfaces/hook/ld_library_path_lib.dsv'
[27.577s] INFO:colcon.colcon_core.shell:Creating environment hook '/home/admin/ri_seaweed_ws/install/ri_seaweed_interfaces/share/ri_seaweed_interfaces/hook/ld_library_path_lib.sh'
[27.579s] Level 1:colcon.colcon_core.environment:checking '/home/admin/ri_seaweed_ws/install/ri_seaweed_interfaces/bin'
[27.579s] Level 1:colcon.colcon_core.environment:checking '/home/admin/ri_seaweed_ws/install/ri_seaweed_interfaces/lib/pkgconfig/ri_seaweed_interfaces.pc'
[27.581s] Level 1:colcon.colcon_core.environment:checking '/home/admin/ri_seaweed_ws/install/ri_seaweed_interfaces/lib/python3.12/site-packages'
[27.581s] Level 1:colcon.colcon_core.shell:create_environment_hook('ri_seaweed_interfaces', 'pythonpath')
[27.582s] INFO:colcon.colcon_core.shell:Creating environment hook '/home/admin/ri_seaweed_ws/install/ri_seaweed_interfaces/share/ri_seaweed_interfaces/hook/pythonpath.ps1'
[27.584s] INFO:colcon.colcon_core.shell:Creating environment descriptor '/home/admin/ri_seaweed_ws/install/ri_seaweed_interfaces/share/ri_seaweed_interfaces/hook/pythonpath.dsv'
[27.586s] INFO:colcon.colcon_core.shell:Creating environment hook '/home/admin/ri_seaweed_ws/install/ri_seaweed_interfaces/share/ri_seaweed_interfaces/hook/pythonpath.sh'
[27.589s] Level 1:colcon.colcon_core.environment:checking '/home/admin/ri_seaweed_ws/install/ri_seaweed_interfaces/bin'
[27.591s] INFO:colcon.colcon_core.shell:Creating package script '/home/admin/ri_seaweed_ws/install/ri_seaweed_interfaces/share/ri_seaweed_interfaces/package.ps1'
[27.593s] INFO:colcon.colcon_core.shell:Creating package descriptor '/home/admin/ri_seaweed_ws/install/ri_seaweed_interfaces/share/ri_seaweed_interfaces/package.dsv'
[27.596s] INFO:colcon.colcon_core.shell:Creating package script '/home/admin/ri_seaweed_ws/install/ri_seaweed_interfaces/share/ri_seaweed_interfaces/package.sh'
[27.598s] INFO:colcon.colcon_core.shell:Creating package script '/home/admin/ri_seaweed_ws/install/ri_seaweed_interfaces/share/ri_seaweed_interfaces/package.bash'
[27.600s] INFO:colcon.colcon_core.shell:Creating package script '/home/admin/ri_seaweed_ws/install/ri_seaweed_interfaces/share/ri_seaweed_interfaces/package.zsh'
[27.602s] Level 1:colcon.colcon_core.environment:create_file_with_runtime_dependencies(/home/admin/ri_seaweed_ws/install/ri_seaweed_interfaces/share/colcon-core/packages/ri_seaweed_interfaces)
[27.605s] Level 1:colcon.colcon_core.environment:create_environment_scripts_only(ri_seaweed_interfaces)
[27.606s] Level 1:colcon.colcon_core.environment:checking '/home/admin/ri_seaweed_ws/install/ri_seaweed_interfaces' for CMake module files
[27.612s] Level 1:colcon.colcon_core.environment:checking '/home/admin/ri_seaweed_ws/install/ri_seaweed_interfaces' for CMake config files
[27.619s] Level 1:colcon.colcon_core.shell:create_environment_hook('ri_seaweed_interfaces', 'cmake_prefix_path')
[27.620s] INFO:colcon.colcon_core.shell:Creating environment hook '/home/admin/ri_seaweed_ws/install/ri_seaweed_interfaces/share/ri_seaweed_interfaces/hook/cmake_prefix_path.ps1'
[27.622s] INFO:colcon.colcon_core.shell:Creating environment descriptor '/home/admin/ri_seaweed_ws/install/ri_seaweed_interfaces/share/ri_seaweed_interfaces/hook/cmake_prefix_path.dsv'
[27.624s] INFO:colcon.colcon_core.shell:Creating environment hook '/home/admin/ri_seaweed_ws/install/ri_seaweed_interfaces/share/ri_seaweed_interfaces/hook/cmake_prefix_path.sh'
[27.627s] Level 1:colcon.colcon_core.environment:checking '/home/admin/ri_seaweed_ws/install/ri_seaweed_interfaces/lib'
[27.628s] Level 1:colcon.colcon_core.shell:create_environment_hook('ri_seaweed_interfaces', 'ld_library_path_lib')
[27.628s] INFO:colcon.colcon_core.shell:Creating environment hook '/home/admin/ri_seaweed_ws/install/ri_seaweed_interfaces/share/ri_seaweed_interfaces/hook/ld_library_path_lib.ps1'
[27.631s] INFO:colcon.colcon_core.shell:Creating environment descriptor '/home/admin/ri_seaweed_ws/install/ri_seaweed_interfaces/share/ri_seaweed_interfaces/hook/ld_library_path_lib.dsv'
[27.633s] INFO:colcon.colcon_core.shell:Creating environment hook '/home/admin/ri_seaweed_ws/install/ri_seaweed_interfaces/share/ri_seaweed_interfaces/hook/ld_library_path_lib.sh'
[27.635s] Level 1:colcon.colcon_core.environment:checking '/home/admin/ri_seaweed_ws/install/ri_seaweed_interfaces/bin'
[27.636s] Level 1:colcon.colcon_core.environment:checking '/home/admin/ri_seaweed_ws/install/ri_seaweed_interfaces/lib/pkgconfig/ri_seaweed_interfaces.pc'
[27.637s] Level 1:colcon.colcon_core.environment:checking '/home/admin/ri_seaweed_ws/install/ri_seaweed_interfaces/lib/python3.12/site-packages'
[27.638s] Level 1:colcon.colcon_core.shell:create_environment_hook('ri_seaweed_interfaces', 'pythonpath')
[27.639s] INFO:colcon.colcon_core.shell:Creating environment hook '/home/admin/ri_seaweed_ws/install/ri_seaweed_interfaces/share/ri_seaweed_interfaces/hook/pythonpath.ps1'
[27.641s] INFO:colcon.colcon_core.shell:Creating environment descriptor '/home/admin/ri_seaweed_ws/install/ri_seaweed_interfaces/share/ri_seaweed_interfaces/hook/pythonpath.dsv'
[27.642s] INFO:colcon.colcon_core.shell:Creating environment hook '/home/admin/ri_seaweed_ws/install/ri_seaweed_interfaces/share/ri_seaweed_interfaces/hook/pythonpath.sh'
[27.646s] Level 1:colcon.colcon_core.environment:checking '/home/admin/ri_seaweed_ws/install/ri_seaweed_interfaces/bin'
[27.647s] INFO:colcon.colcon_core.shell:Creating package script '/home/admin/ri_seaweed_ws/install/ri_seaweed_interfaces/share/ri_seaweed_interfaces/package.ps1'
[27.649s] INFO:colcon.colcon_core.shell:Creating package descriptor '/home/admin/ri_seaweed_ws/install/ri_seaweed_interfaces/share/ri_seaweed_interfaces/package.dsv'
[27.652s] INFO:colcon.colcon_core.shell:Creating package script '/home/admin/ri_seaweed_ws/install/ri_seaweed_interfaces/share/ri_seaweed_interfaces/package.sh'
[27.655s] INFO:colcon.colcon_core.shell:Creating package script '/home/admin/ri_seaweed_ws/install/ri_seaweed_interfaces/share/ri_seaweed_interfaces/package.bash'
[27.657s] INFO:colcon.colcon_core.shell:Creating package script '/home/admin/ri_seaweed_ws/install/ri_seaweed_interfaces/share/ri_seaweed_interfaces/package.zsh'
[27.659s] Level 1:colcon.colcon_core.environment:create_file_with_runtime_dependencies(/home/admin/ri_seaweed_ws/install/ri_seaweed_interfaces/share/colcon-core/packages/ri_seaweed_interfaces)
[27.660s] DEBUG:colcon.colcon_parallel_executor.executor.parallel:closing loop
[27.662s] DEBUG:colcon.colcon_parallel_executor.executor.parallel:loop closed
[27.662s] DEBUG:colcon.colcon_parallel_executor.executor.parallel:run_until_complete finished with '0'
[27.663s] DEBUG:colcon.colcon_core.event_reactor:joining thread
[27.692s] INFO:colcon.colcon_core.plugin_system:Skipping extension 'colcon_notification.desktop_notification.notify_send': Could not find 'notify-send'
[27.693s] INFO:colcon.colcon_core.plugin_system:Skipping extension 'colcon_notification.desktop_notification.terminal_notifier': Not used on non-Darwin systems
[27.693s] INFO:colcon.colcon_core.plugin_system:Skipping extension 'colcon_notification.desktop_notification.win32': Not used on non-Windows systems
[27.693s] INFO:colcon.colcon_notification.desktop_notification:Sending desktop notification using 'notify2'
[27.748s] DEBUG:colcon.colcon_notification.desktop_notification.notify2:Failed to initialize notify2: org.freedesktop.DBus.Error.ServiceUnknown: The name org.freedesktop.Notifications was not provided by any .service files
[27.749s] DEBUG:colcon.colcon_core.event_reactor:joined thread
[27.750s] INFO:colcon.colcon_core.shell:Creating prefix script '/home/admin/ri_seaweed_ws/install/local_setup.ps1'
[27.755s] INFO:colcon.colcon_core.shell:Creating prefix util module '/home/admin/ri_seaweed_ws/install/_local_setup_util_ps1.py'
[27.762s] INFO:colcon.colcon_core.shell:Creating prefix chain script '/home/admin/ri_seaweed_ws/install/setup.ps1'
[27.767s] INFO:colcon.colcon_core.shell:Creating prefix script '/home/admin/ri_seaweed_ws/install/local_setup.sh'
[27.771s] INFO:colcon.colcon_core.shell:Creating prefix util module '/home/admin/ri_seaweed_ws/install/_local_setup_util_sh.py'
[27.775s] INFO:colcon.colcon_core.shell:Creating prefix chain script '/home/admin/ri_seaweed_ws/install/setup.sh'
[27.779s] INFO:colcon.colcon_core.shell:Creating prefix script '/home/admin/ri_seaweed_ws/install/local_setup.bash'
[27.783s] INFO:colcon.colcon_core.shell:Creating prefix chain script '/home/admin/ri_seaweed_ws/install/setup.bash'
[27.787s] INFO:colcon.colcon_core.shell:Creating prefix script '/home/admin/ri_seaweed_ws/install/local_setup.zsh'
[27.791s] INFO:colcon.colcon_core.shell:Creating prefix chain script '/home/admin/ri_seaweed_ws/install/setup.zsh'
