[0.054s] Invoking command in '/home/admin/RI-Seaweed/playground_ws/build/cpp_pubsub': CMAKE_PREFIX_PATH=${CMAKE_PREFIX_PATH}:/opt/ros/jazzy /usr/bin/cmake /home/admin/RI-Seaweed/playground_ws/src/cpp_pubsub -DCMAKE_INSTALL_PREFIX=/home/admin/RI-Seaweed/playground_ws/install/cpp_pubsub
[0.404s] -- The C compiler identification is GNU 13.3.0
[0.718s] -- The CXX compiler identification is GNU 13.3.0
[0.814s] -- Detecting C compiler ABI info
[1.354s] -- Detecting C compiler ABI info - done
[1.391s] -- Check for working C compiler: /usr/bin/cc - skipped
[1.392s] -- Detecting C compile features
[1.393s] -- Detecting C compile features - done
[1.448s] -- Detecting CXX compiler ABI info
[2.038s] -- Detecting CXX compiler ABI info - done
[2.083s] -- Check for working CXX compiler: /usr/bin/c++ - skipped
[2.084s] -- Detecting CXX compile features
[2.086s] -- Detecting CXX compile features - done
[2.119s] -- Found ament_cmake: 2.5.5 (/opt/ros/jazzy/share/ament_cmake/cmake)
[2.946s] -- Found Python3: /usr/bin/python3 (found version "3.12.3") found components: Interpreter 
[3.700s] -- Found rclcpp: 28.1.16 (/opt/ros/jazzy/share/rclcpp/cmake)
[4.057s] -- Found rosidl_generator_c: 4.6.7 (/opt/ros/jazzy/share/rosidl_generator_c/cmake)
[4.171s] -- Found rosidl_generator_cpp: 4.6.7 (/opt/ros/jazzy/share/rosidl_generator_cpp/cmake)
[4.294s] -- Using all available rosidl_typesupport_c: rosidl_typesupport_fastrtps_c;rosidl_typesupport_introspection_c
[4.428s] -- Using all available rosidl_typesupport_cpp: rosidl_typesupport_fastrtps_cpp;rosidl_typesupport_introspection_cpp
[4.928s] -- Found rmw_implementation_cmake: 7.3.3 (/opt/ros/jazzy/share/rmw_implementation_cmake/cmake)
[4.959s] -- Found rmw_fastrtps_cpp: 8.4.3 (/opt/ros/jazzy/share/rmw_fastrtps_cpp/cmake)
[5.546s] -- Found OpenSSL: /usr/lib/aarch64-linux-gnu/libcrypto.so (found version "3.0.13")  
[5.636s] -- Found FastRTPS: /opt/ros/jazzy/include (Required is at least version "2.13") 
[5.736s] -- Using RMW implementation 'rmw_fastrtps_cpp' as default
[6.145s] -- Found std_msgs: 5.3.6 (/opt/ros/jazzy/share/std_msgs/cmake)
[6.222s] -- Found ament_lint_auto: 0.17.4 (/opt/ros/jazzy/share/ament_lint_auto/cmake)
[6.867s] -- Added test 'cppcheck' to perform static code analysis on C / C++ code
[6.869s] -- Configured cppcheck include dirs: 
[6.870s] -- Configured cppcheck exclude dirs and/or files: 
[6.873s] -- Added test 'lint_cmake' to check CMake code style
[6.882s] -- Added test 'uncrustify' to check C / C++ code style
[6.883s] -- Configured uncrustify additional arguments: 
[6.885s] -- Added test 'xmllint' to check XML markup files
[6.893s] -- Configuring done (6.8s)
[6.988s] -- Generating done (0.1s)
[7.026s] -- Build files have been written to: /home/admin/RI-Seaweed/playground_ws/build/cpp_pubsub
[7.070s] Invoked command in '/home/admin/RI-Seaweed/playground_ws/build/cpp_pubsub' returned '0': CMAKE_PREFIX_PATH=${CMAKE_PREFIX_PATH}:/opt/ros/jazzy /usr/bin/cmake /home/admin/RI-Seaweed/playground_ws/src/cpp_pubsub -DCMAKE_INSTALL_PREFIX=/home/admin/RI-Seaweed/playground_ws/install/cpp_pubsub
[7.076s] Invoking command in '/home/admin/RI-Seaweed/playground_ws/build/cpp_pubsub': CMAKE_PREFIX_PATH=${CMAKE_PREFIX_PATH}:/opt/ros/jazzy /usr/bin/cmake --build /home/admin/RI-Seaweed/playground_ws/build/cpp_pubsub -- -j4 -l4
[7.466s] [ 25%] [32mBuilding CXX object CMakeFiles/listener.dir/src/subscriber_lambda_function.cpp.o[0m
[7.479s] [ 50%] [32mBuilding CXX object CMakeFiles/talker.dir/src/publisher_lambda_function.cpp.o[0m
[30.245s] [ 75%] [32m[1mLinking CXX executable talker[0m
[31.350s] [ 75%] Built target talker
[42.382s] [100%] [32m[1mLinking CXX executable listener[0m
[43.971s] [100%] Built target listener
[44.037s] Invoked command in '/home/admin/RI-Seaweed/playground_ws/build/cpp_pubsub' returned '0': CMAKE_PREFIX_PATH=${CMAKE_PREFIX_PATH}:/opt/ros/jazzy /usr/bin/cmake --build /home/admin/RI-Seaweed/playground_ws/build/cpp_pubsub -- -j4 -l4
[44.091s] Invoking command in '/home/admin/RI-Seaweed/playground_ws/build/cpp_pubsub': CMAKE_PREFIX_PATH=${CMAKE_PREFIX_PATH}:/opt/ros/jazzy /usr/bin/cmake --install /home/admin/RI-Seaweed/playground_ws/build/cpp_pubsub
[44.136s] -- Install configuration: ""
[44.138s] -- Installing: /home/admin/RI-Seaweed/playground_ws/install/cpp_pubsub/lib/cpp_pubsub/talker
[44.152s] -- Set non-toolchain portion of runtime path of "/home/admin/RI-Seaweed/playground_ws/install/cpp_pubsub/lib/cpp_pubsub/talker" to ""
[44.153s] -- Installing: /home/admin/RI-Seaweed/playground_ws/install/cpp_pubsub/lib/cpp_pubsub/listener
[44.199s] -- Set non-toolchain portion of runtime path of "/home/admin/RI-Seaweed/playground_ws/install/cpp_pubsub/lib/cpp_pubsub/listener" to ""
[44.200s] -- Installing: /home/admin/RI-Seaweed/playground_ws/install/cpp_pubsub/share/ament_index/resource_index/package_run_dependencies/cpp_pubsub
[44.202s] -- Installing: /home/admin/RI-Seaweed/playground_ws/install/cpp_pubsub/share/ament_index/resource_index/parent_prefix_path/cpp_pubsub
[44.203s] -- Installing: /home/admin/RI-Seaweed/playground_ws/install/cpp_pubsub/share/cpp_pubsub/environment/ament_prefix_path.sh
[44.206s] -- Installing: /home/admin/RI-Seaweed/playground_ws/install/cpp_pubsub/share/cpp_pubsub/environment/ament_prefix_path.dsv
[44.207s] -- Installing: /home/admin/RI-Seaweed/playground_ws/install/cpp_pubsub/share/cpp_pubsub/environment/path.sh
[44.207s] -- Installing: /home/admin/RI-Seaweed/playground_ws/install/cpp_pubsub/share/cpp_pubsub/environment/path.dsv
[44.209s] -- Installing: /home/admin/RI-Seaweed/playground_ws/install/cpp_pubsub/share/cpp_pubsub/local_setup.bash
[44.211s] -- Installing: /home/admin/RI-Seaweed/playground_ws/install/cpp_pubsub/share/cpp_pubsub/local_setup.sh
[44.212s] -- Installing: /home/admin/RI-Seaweed/playground_ws/install/cpp_pubsub/share/cpp_pubsub/local_setup.zsh
[44.214s] -- Installing: /home/admin/RI-Seaweed/playground_ws/install/cpp_pubsub/share/cpp_pubsub/local_setup.dsv
[44.216s] -- Installing: /home/admin/RI-Seaweed/playground_ws/install/cpp_pubsub/share/cpp_pubsub/package.dsv
[44.217s] -- Installing: /home/admin/RI-Seaweed/playground_ws/install/cpp_pubsub/share/ament_index/resource_index/packages/cpp_pubsub
[44.218s] -- Installing: /home/admin/RI-Seaweed/playground_ws/install/cpp_pubsub/share/cpp_pubsub/cmake/cpp_pubsubConfig.cmake
[44.219s] -- Installing: /home/admin/RI-Seaweed/playground_ws/install/cpp_pubsub/share/cpp_pubsub/cmake/cpp_pubsubConfig-version.cmake
[44.221s] -- Installing: /home/admin/RI-Seaweed/playground_ws/install/cpp_pubsub/share/cpp_pubsub/package.xml
[44.230s] Invoked command in '/home/admin/RI-Seaweed/playground_ws/build/cpp_pubsub' returned '0': CMAKE_PREFIX_PATH=${CMAKE_PREFIX_PATH}:/opt/ros/jazzy /usr/bin/cmake --install /home/admin/RI-Seaweed/playground_ws/build/cpp_pubsub
