[0.056s] Invoking command in '/home/admin/playground_ws/build/cpp_pubsub': CMAKE_PREFIX_PATH=${CMAKE_PREFIX_PATH}:/opt/ros/jazzy /usr/bin/cmake --build /home/admin/playground_ws/build/cpp_pubsub -- -j4 -l4
[0.431s] [ 25%] [32mBuilding CXX object CMakeFiles/talker.dir/src/publisher_lambda_function.cpp.o[0m
[0.445s] [ 50%] [32mBuilding CXX object CMakeFiles/listener.dir/src/subscriber_lambda_function.cpp.o[0m
[22.940s] [ 75%] [32m[1mLinking CXX executable talker[0m
[24.099s] [ 75%] Built target talker
[35.399s] [100%] [32m[1mLinking CXX executable listener[0m
[36.952s] [100%] Built target listener
[37.015s] Invoked command in '/home/admin/playground_ws/build/cpp_pubsub' returned '0': CMAKE_PREFIX_PATH=${CMAKE_PREFIX_PATH}:/opt/ros/jazzy /usr/bin/cmake --build /home/admin/playground_ws/build/cpp_pubsub -- -j4 -l4
[37.072s] Invoking command in '/home/admin/playground_ws/build/cpp_pubsub': CMAKE_PREFIX_PATH=${CMAKE_PREFIX_PATH}:/opt/ros/jazzy /usr/bin/cmake --install /home/admin/playground_ws/build/cpp_pubsub
[37.118s] -- Install configuration: ""
[37.119s] -- Installing: /home/admin/playground_ws/install/cpp_pubsub/lib/cpp_pubsub/talker
[37.132s] -- Set non-toolchain portion of runtime path of "/home/admin/playground_ws/install/cpp_pubsub/lib/cpp_pubsub/talker" to ""
[37.134s] -- Installing: /home/admin/playground_ws/install/cpp_pubsub/lib/cpp_pubsub/listener
[37.176s] -- Set non-toolchain portion of runtime path of "/home/admin/playground_ws/install/cpp_pubsub/lib/cpp_pubsub/listener" to ""
[37.177s] -- Up-to-date: /home/admin/playground_ws/install/cpp_pubsub/share/ament_index/resource_index/package_run_dependencies/cpp_pubsub
[37.177s] -- Up-to-date: /home/admin/playground_ws/install/cpp_pubsub/share/ament_index/resource_index/parent_prefix_path/cpp_pubsub
[37.178s] -- Up-to-date: /home/admin/playground_ws/install/cpp_pubsub/share/cpp_pubsub/environment/ament_prefix_path.sh
[37.179s] -- Up-to-date: /home/admin/playground_ws/install/cpp_pubsub/share/cpp_pubsub/environment/ament_prefix_path.dsv
[37.179s] -- Up-to-date: /home/admin/playground_ws/install/cpp_pubsub/share/cpp_pubsub/environment/path.sh
[37.180s] -- Up-to-date: /home/admin/playground_ws/install/cpp_pubsub/share/cpp_pubsub/environment/path.dsv
[37.180s] -- Up-to-date: /home/admin/playground_ws/install/cpp_pubsub/share/cpp_pubsub/local_setup.bash
[37.181s] -- Up-to-date: /home/admin/playground_ws/install/cpp_pubsub/share/cpp_pubsub/local_setup.sh
[37.182s] -- Up-to-date: /home/admin/playground_ws/install/cpp_pubsub/share/cpp_pubsub/local_setup.zsh
[37.182s] -- Up-to-date: /home/admin/playground_ws/install/cpp_pubsub/share/cpp_pubsub/local_setup.dsv
[37.183s] -- Installing: /home/admin/playground_ws/install/cpp_pubsub/share/cpp_pubsub/package.dsv
[37.183s] -- Up-to-date: /home/admin/playground_ws/install/cpp_pubsub/share/ament_index/resource_index/packages/cpp_pubsub
[37.184s] -- Up-to-date: /home/admin/playground_ws/install/cpp_pubsub/share/cpp_pubsub/cmake/cpp_pubsubConfig.cmake
[37.185s] -- Up-to-date: /home/admin/playground_ws/install/cpp_pubsub/share/cpp_pubsub/cmake/cpp_pubsubConfig-version.cmake
[37.185s] -- Up-to-date: /home/admin/playground_ws/install/cpp_pubsub/share/cpp_pubsub/package.xml
[37.191s] Invoked command in '/home/admin/playground_ws/build/cpp_pubsub' returned '0': CMAKE_PREFIX_PATH=${CMAKE_PREFIX_PATH}:/opt/ros/jazzy /usr/bin/cmake --install /home/admin/playground_ws/build/cpp_pubsub
