[3.983s] Invoking command in '/home/admin/playground_ws/src/python_parameters': PYTHONPATH=/home/admin/playground_ws/src/python_parameters/build/python_parameters/prefix_override:/usr/lib/python3/dist-packages/colcon_core/task/python/colcon_distutils_commands:/home/admin/playground_ws/src/python_parameters/install/python_parameters/lib/python3.12/site-packages:${PYTHONPATH} /usr/bin/python3 -W ignore:setup.py install is deprecated -W ignore:easy_install command is deprecated setup.py egg_info --egg-base build/python_parameters build --build-base /home/admin/playground_ws/src/python_parameters/build/python_parameters/build install --record /home/admin/playground_ws/src/python_parameters/build/python_parameters/install.log --single-version-externally-managed install_data
[5.264s] running egg_info
[5.265s] creating build/python_parameters/python_parameters.egg-info
[5.358s] writing build/python_parameters/python_parameters.egg-info/PKG-INFO
[5.359s] writing dependency_links to build/python_parameters/python_parameters.egg-info/dependency_links.txt
[5.360s] writing entry points to build/python_parameters/python_parameters.egg-info/entry_points.txt
[5.361s] writing requirements to build/python_parameters/python_parameters.egg-info/requires.txt
[5.362s] writing top-level names to build/python_parameters/python_parameters.egg-info/top_level.txt
[5.363s] writing manifest file 'build/python_parameters/python_parameters.egg-info/SOURCES.txt'
[5.550s] reading manifest file 'build/python_parameters/python_parameters.egg-info/SOURCES.txt'
[5.551s] adding license file 'LICENSE'
[5.553s] writing manifest file 'build/python_parameters/python_parameters.egg-info/SOURCES.txt'
[5.554s] running build
[5.555s] running build_py
[5.555s] creating /home/admin/playground_ws/src/python_parameters/build/python_parameters/build
[5.556s] creating /home/admin/playground_ws/src/python_parameters/build/python_parameters/build/lib
[5.558s] creating /home/admin/playground_ws/src/python_parameters/build/python_parameters/build/lib/python_parameters
[5.558s] copying python_parameters/__init__.py -> /home/admin/playground_ws/src/python_parameters/build/python_parameters/build/lib/python_parameters
[5.559s] copying python_parameters/python_parameters_node.py -> /home/admin/playground_ws/src/python_parameters/build/python_parameters/build/lib/python_parameters
[5.559s] running install
[5.584s] running install_lib
[5.677s] creating /home/admin/playground_ws/src/python_parameters/install/python_parameters/lib/python3.12/site-packages/python_parameters
[5.678s] copying /home/admin/playground_ws/src/python_parameters/build/python_parameters/build/lib/python_parameters/__init__.py -> /home/admin/playground_ws/src/python_parameters/install/python_parameters/lib/python3.12/site-packages/python_parameters
[5.679s] copying /home/admin/playground_ws/src/python_parameters/build/python_parameters/build/lib/python_parameters/python_parameters_node.py -> /home/admin/playground_ws/src/python_parameters/install/python_parameters/lib/python3.12/site-packages/python_parameters
[5.682s] byte-compiling /home/admin/playground_ws/src/python_parameters/install/python_parameters/lib/python3.12/site-packages/python_parameters/__init__.py to __init__.cpython-312.pyc
[5.683s] byte-compiling /home/admin/playground_ws/src/python_parameters/install/python_parameters/lib/python3.12/site-packages/python_parameters/python_parameters_node.py to python_parameters_node.cpython-312.pyc
[5.687s] running install_data
[5.688s] creating /home/admin/playground_ws/src/python_parameters/install/python_parameters/share/ament_index
[5.689s] creating /home/admin/playground_ws/src/python_parameters/install/python_parameters/share/ament_index/resource_index
[5.689s] creating /home/admin/playground_ws/src/python_parameters/install/python_parameters/share/ament_index/resource_index/packages
[5.690s] copying resource/python_parameters -> /home/admin/playground_ws/src/python_parameters/install/python_parameters/share/ament_index/resource_index/packages
[5.690s] copying package.xml -> /home/admin/playground_ws/src/python_parameters/install/python_parameters/share/python_parameters
[5.691s] creating /home/admin/playground_ws/src/python_parameters/install/python_parameters/share/python_parameters/launch
[5.692s] copying launch/python_parameters_launch.py -> /home/admin/playground_ws/src/python_parameters/install/python_parameters/share/python_parameters/launch
[5.692s] running install_egg_info
[5.790s] Copying build/python_parameters/python_parameters.egg-info to /home/admin/playground_ws/src/python_parameters/install/python_parameters/lib/python3.12/site-packages/python_parameters-0.0.0-py3.12.egg-info
[5.796s] running install_scripts
[6.492s] Installing minimal_param_node script to /home/admin/playground_ws/src/python_parameters/install/python_parameters/lib/python_parameters
[6.494s] writing list of installed files to '/home/admin/playground_ws/src/python_parameters/build/python_parameters/install.log'
[6.643s] Invoked command in '/home/admin/playground_ws/src/python_parameters' returned '0': PYTHONPATH=/home/admin/playground_ws/src/python_parameters/build/python_parameters/prefix_override:/usr/lib/python3/dist-packages/colcon_core/task/python/colcon_distutils_commands:/home/admin/playground_ws/src/python_parameters/install/python_parameters/lib/python3.12/site-packages:${PYTHONPATH} /usr/bin/python3 -W ignore:setup.py install is deprecated -W ignore:easy_install command is deprecated setup.py egg_info --egg-base build/python_parameters build --build-base /home/admin/playground_ws/src/python_parameters/build/python_parameters/build install --record /home/admin/playground_ws/src/python_parameters/build/python_parameters/install.log --single-version-externally-managed install_data
