[0.551s] DEBUG:colcon:Command line arguments: ['/usr/bin/colcon', 'build', '--packages-select', 'cpp_pubsub']
[0.552s] DEBUG:colcon:Parsed command line arguments: Namespace(log_base=None, log_level=None, verb_name='build', build_base='build', install_base='install', merge_install=False, symlink_install=False, test_result_base=None, continue_on_error=False, executor='parallel', parallel_workers=4, event_handlers=None, ignore_user_meta=False, metas=['./colcon.meta'], base_paths=['.'], packages_ignore=None, packages_ignore_regex=None, paths=None, packages_up_to=None, packages_up_to_regex=None, packages_above=None, packages_above_and_dependencies=None, packages_above_depth=None, packages_select_by_dep=None, packages_skip_by_dep=None, packages_skip_up_to=None, packages_select_build_failed=False, packages_skip_build_finished=False, packages_select_test_failures=False, packages_skip_test_passed=False, packages_select=['cpp_pubsub'], packages_skip=None, packages_select_regex=None, packages_skip_regex=None, packages_start=None, packages_end=None, allow_overriding=[], cmake_args=None, cmake_target=None, cmake_target_skip_unavailable=False, cmake_clean_cache=False, cmake_clean_first=False, cmake_force_configure=False, ament_cmake_args=None, catkin_cmake_args=None, catkin_skip_building_tests=False, mixin_files=None, mixin=None, verb_parser=<colcon_mixin.mixin.mixin_argument.MixinArgumentDecorator object at 0xffff87c69c70>, verb_extension=<colcon_core.verb.build.BuildVerb object at 0xffff87e1e420>, main=<bound method BuildVerb.main of <colcon_core.verb.build.BuildVerb object at 0xffff87e1e420>>, mixin_verb=('build',))
[0.742s] Level 1:colcon.colcon_core.package_discovery:discover_packages(colcon_meta) check parameters
[0.743s] Level 1:colcon.colcon_core.package_discovery:discover_packages(recursive) check parameters
[0.743s] Level 1:colcon.colcon_core.package_discovery:discover_packages(ignore) check parameters
[0.743s] Level 1:colcon.colcon_core.package_discovery:discover_packages(path) check parameters
[0.743s] Level 1:colcon.colcon_core.package_discovery:discover_packages(colcon_meta) discover
[0.745s] Level 1:colcon.colcon_core.package_discovery:discover_packages(recursive) discover
[0.745s] INFO:colcon.colcon_core.package_discovery:Crawling recursively for packages in '/home/admin/RI-Seaweed/playground_ws'
[0.746s] Level 1:colcon.colcon_core.package_identification:_identify(.) by extensions ['ignore', 'ignore_ament_install']
[0.746s] Level 1:colcon.colcon_core.package_identification:_identify(.) by extension 'ignore'
[0.747s] Level 1:colcon.colcon_core.package_identification:_identify(.) by extension 'ignore_ament_install'
[0.747s] Level 1:colcon.colcon_core.package_identification:_identify(.) by extensions ['colcon_pkg']
[0.748s] Level 1:colcon.colcon_core.package_identification:_identify(.) by extension 'colcon_pkg'
[0.748s] Level 1:colcon.colcon_core.package_identification:_identify(.) by extensions ['colcon_meta']
[0.748s] Level 1:colcon.colcon_core.package_identification:_identify(.) by extension 'colcon_meta'
[0.748s] Level 1:colcon.colcon_core.package_identification:_identify(.) by extensions ['ros']
[0.749s] Level 1:colcon.colcon_core.package_identification:_identify(.) by extension 'ros'
[0.860s] Level 1:colcon.colcon_core.package_identification:_identify(.) by extensions ['cmake', 'python']
[0.861s] Level 1:colcon.colcon_core.package_identification:_identify(.) by extension 'cmake'
[0.861s] Level 1:colcon.colcon_core.package_identification:_identify(.) by extension 'python'
[0.861s] Level 1:colcon.colcon_core.package_identification:_identify(.) by extensions ['python_setup_py']
[0.861s] Level 1:colcon.colcon_core.package_identification:_identify(.) by extension 'python_setup_py'
[0.862s] Level 1:colcon.colcon_core.package_identification:_identify(build) by extensions ['ignore', 'ignore_ament_install']
[0.863s] Level 1:colcon.colcon_core.package_identification:_identify(build) by extension 'ignore'
[0.863s] Level 1:colcon.colcon_core.package_identification:_identify(build) ignored
[0.864s] Level 1:colcon.colcon_core.package_identification:_identify(install) by extensions ['ignore', 'ignore_ament_install']
[0.864s] Level 1:colcon.colcon_core.package_identification:_identify(install) by extension 'ignore'
[0.864s] Level 1:colcon.colcon_core.package_identification:_identify(install) ignored
[0.865s] Level 1:colcon.colcon_core.package_identification:_identify(log) by extensions ['ignore', 'ignore_ament_install']
[0.865s] Level 1:colcon.colcon_core.package_identification:_identify(log) by extension 'ignore'
[0.866s] Level 1:colcon.colcon_core.package_identification:_identify(log) ignored
[0.866s] Level 1:colcon.colcon_core.package_identification:_identify(src) by extensions ['ignore', 'ignore_ament_install']
[0.867s] Level 1:colcon.colcon_core.package_identification:_identify(src) by extension 'ignore'
[0.867s] Level 1:colcon.colcon_core.package_identification:_identify(src) by extension 'ignore_ament_install'
[0.867s] Level 1:colcon.colcon_core.package_identification:_identify(src) by extensions ['colcon_pkg']
[0.867s] Level 1:colcon.colcon_core.package_identification:_identify(src) by extension 'colcon_pkg'
[0.867s] Level 1:colcon.colcon_core.package_identification:_identify(src) by extensions ['colcon_meta']
[0.868s] Level 1:colcon.colcon_core.package_identification:_identify(src) by extension 'colcon_meta'
[0.868s] Level 1:colcon.colcon_core.package_identification:_identify(src) by extensions ['ros']
[0.868s] Level 1:colcon.colcon_core.package_identification:_identify(src) by extension 'ros'
[0.868s] Level 1:colcon.colcon_core.package_identification:_identify(src) by extensions ['cmake', 'python']
[0.868s] Level 1:colcon.colcon_core.package_identification:_identify(src) by extension 'cmake'
[0.869s] Level 1:colcon.colcon_core.package_identification:_identify(src) by extension 'python'
[0.869s] Level 1:colcon.colcon_core.package_identification:_identify(src) by extensions ['python_setup_py']
[0.869s] Level 1:colcon.colcon_core.package_identification:_identify(src) by extension 'python_setup_py'
[0.870s] Level 1:colcon.colcon_core.package_identification:_identify(src/cpp_pubsub) by extensions ['ignore', 'ignore_ament_install']
[0.870s] Level 1:colcon.colcon_core.package_identification:_identify(src/cpp_pubsub) by extension 'ignore'
[0.870s] Level 1:colcon.colcon_core.package_identification:_identify(src/cpp_pubsub) by extension 'ignore_ament_install'
[0.870s] Level 1:colcon.colcon_core.package_identification:_identify(src/cpp_pubsub) by extensions ['colcon_pkg']
[0.871s] Level 1:colcon.colcon_core.package_identification:_identify(src/cpp_pubsub) by extension 'colcon_pkg'
[0.871s] Level 1:colcon.colcon_core.package_identification:_identify(src/cpp_pubsub) by extensions ['colcon_meta']
[0.871s] Level 1:colcon.colcon_core.package_identification:_identify(src/cpp_pubsub) by extension 'colcon_meta'
[0.871s] Level 1:colcon.colcon_core.package_identification:_identify(src/cpp_pubsub) by extensions ['ros']
[0.871s] Level 1:colcon.colcon_core.package_identification:_identify(src/cpp_pubsub) by extension 'ros'
[0.880s] DEBUG:colcon.colcon_core.package_identification:Package 'src/cpp_pubsub' with type 'ros.ament_cmake' and name 'cpp_pubsub'
[0.881s] Level 1:colcon.colcon_core.package_identification:_identify(src/gripper_package) by extensions ['ignore', 'ignore_ament_install']
[0.882s] Level 1:colcon.colcon_core.package_identification:_identify(src/gripper_package) by extension 'ignore'
[0.882s] Level 1:colcon.colcon_core.package_identification:_identify(src/gripper_package) by extension 'ignore_ament_install'
[0.882s] Level 1:colcon.colcon_core.package_identification:_identify(src/gripper_package) by extensions ['colcon_pkg']
[0.882s] Level 1:colcon.colcon_core.package_identification:_identify(src/gripper_package) by extension 'colcon_pkg'
[0.883s] Level 1:colcon.colcon_core.package_identification:_identify(src/gripper_package) by extensions ['colcon_meta']
[0.883s] Level 1:colcon.colcon_core.package_identification:_identify(src/gripper_package) by extension 'colcon_meta'
[0.883s] Level 1:colcon.colcon_core.package_identification:_identify(src/gripper_package) by extensions ['ros']
[0.883s] Level 1:colcon.colcon_core.package_identification:_identify(src/gripper_package) by extension 'ros'
[0.885s] DEBUG:colcon.colcon_core.package_identification:Package 'src/gripper_package' with type 'ros.ament_python' and name 'gripper_package'
[0.886s] Level 1:colcon.colcon_core.package_identification:_identify(src/polygon_base) by extensions ['ignore', 'ignore_ament_install']
[0.886s] Level 1:colcon.colcon_core.package_identification:_identify(src/polygon_base) by extension 'ignore'
[0.886s] Level 1:colcon.colcon_core.package_identification:_identify(src/polygon_base) by extension 'ignore_ament_install'
[0.887s] Level 1:colcon.colcon_core.package_identification:_identify(src/polygon_base) by extensions ['colcon_pkg']
[0.887s] Level 1:colcon.colcon_core.package_identification:_identify(src/polygon_base) by extension 'colcon_pkg'
[0.887s] Level 1:colcon.colcon_core.package_identification:_identify(src/polygon_base) by extensions ['colcon_meta']
[0.887s] Level 1:colcon.colcon_core.package_identification:_identify(src/polygon_base) by extension 'colcon_meta'
[0.887s] Level 1:colcon.colcon_core.package_identification:_identify(src/polygon_base) by extensions ['ros']
[0.888s] Level 1:colcon.colcon_core.package_identification:_identify(src/polygon_base) by extension 'ros'
[0.890s] DEBUG:colcon.colcon_core.package_identification:Package 'src/polygon_base' with type 'ros.ament_cmake' and name 'polygon_base'
[0.890s] Level 1:colcon.colcon_core.package_identification:_identify(src/py_pubsub) by extensions ['ignore', 'ignore_ament_install']
[0.891s] Level 1:colcon.colcon_core.package_identification:_identify(src/py_pubsub) by extension 'ignore'
[0.891s] Level 1:colcon.colcon_core.package_identification:_identify(src/py_pubsub) by extension 'ignore_ament_install'
[0.891s] Level 1:colcon.colcon_core.package_identification:_identify(src/py_pubsub) by extensions ['colcon_pkg']
[0.891s] Level 1:colcon.colcon_core.package_identification:_identify(src/py_pubsub) by extension 'colcon_pkg'
[0.892s] Level 1:colcon.colcon_core.package_identification:_identify(src/py_pubsub) by extensions ['colcon_meta']
[0.892s] Level 1:colcon.colcon_core.package_identification:_identify(src/py_pubsub) by extension 'colcon_meta'
[0.892s] Level 1:colcon.colcon_core.package_identification:_identify(src/py_pubsub) by extensions ['ros']
[0.892s] Level 1:colcon.colcon_core.package_identification:_identify(src/py_pubsub) by extension 'ros'
[0.894s] DEBUG:colcon.colcon_core.package_identification:Package 'src/py_pubsub' with type 'ros.ament_python' and name 'py_pubsub'
[0.895s] Level 1:colcon.colcon_core.package_identification:_identify(src/py_srvcli) by extensions ['ignore', 'ignore_ament_install']
[0.895s] Level 1:colcon.colcon_core.package_identification:_identify(src/py_srvcli) by extension 'ignore'
[0.895s] Level 1:colcon.colcon_core.package_identification:_identify(src/py_srvcli) by extension 'ignore_ament_install'
[0.896s] Level 1:colcon.colcon_core.package_identification:_identify(src/py_srvcli) by extensions ['colcon_pkg']
[0.896s] Level 1:colcon.colcon_core.package_identification:_identify(src/py_srvcli) by extension 'colcon_pkg'
[0.896s] Level 1:colcon.colcon_core.package_identification:_identify(src/py_srvcli) by extensions ['colcon_meta']
[0.896s] Level 1:colcon.colcon_core.package_identification:_identify(src/py_srvcli) by extension 'colcon_meta'
[0.896s] Level 1:colcon.colcon_core.package_identification:_identify(src/py_srvcli) by extensions ['ros']
[0.896s] Level 1:colcon.colcon_core.package_identification:_identify(src/py_srvcli) by extension 'ros'
[0.899s] DEBUG:colcon.colcon_core.package_identification:Package 'src/py_srvcli' with type 'ros.ament_python' and name 'py_srvcli'
[0.900s] Level 1:colcon.colcon_core.package_identification:_identify(src/python_parameters) by extensions ['ignore', 'ignore_ament_install']
[0.900s] Level 1:colcon.colcon_core.package_identification:_identify(src/python_parameters) by extension 'ignore'
[0.900s] Level 1:colcon.colcon_core.package_identification:_identify(src/python_parameters) by extension 'ignore_ament_install'
[0.901s] Level 1:colcon.colcon_core.package_identification:_identify(src/python_parameters) by extensions ['colcon_pkg']
[0.901s] Level 1:colcon.colcon_core.package_identification:_identify(src/python_parameters) by extension 'colcon_pkg'
[0.901s] Level 1:colcon.colcon_core.package_identification:_identify(src/python_parameters) by extensions ['colcon_meta']
[0.901s] Level 1:colcon.colcon_core.package_identification:_identify(src/python_parameters) by extension 'colcon_meta'
[0.902s] Level 1:colcon.colcon_core.package_identification:_identify(src/python_parameters) by extensions ['ros']
[0.902s] Level 1:colcon.colcon_core.package_identification:_identify(src/python_parameters) by extension 'ros'
[0.904s] DEBUG:colcon.colcon_core.package_identification:Package 'src/python_parameters' with type 'ros.ament_python' and name 'python_parameters'
[0.905s] Level 1:colcon.colcon_core.package_identification:_identify(src/tutorial_interfaces) by extensions ['ignore', 'ignore_ament_install']
[0.905s] Level 1:colcon.colcon_core.package_identification:_identify(src/tutorial_interfaces) by extension 'ignore'
[0.905s] Level 1:colcon.colcon_core.package_identification:_identify(src/tutorial_interfaces) by extension 'ignore_ament_install'
[0.906s] Level 1:colcon.colcon_core.package_identification:_identify(src/tutorial_interfaces) by extensions ['colcon_pkg']
[0.906s] Level 1:colcon.colcon_core.package_identification:_identify(src/tutorial_interfaces) by extension 'colcon_pkg'
[0.906s] Level 1:colcon.colcon_core.package_identification:_identify(src/tutorial_interfaces) by extensions ['colcon_meta']
[0.906s] Level 1:colcon.colcon_core.package_identification:_identify(src/tutorial_interfaces) by extension 'colcon_meta'
[0.906s] Level 1:colcon.colcon_core.package_identification:_identify(src/tutorial_interfaces) by extensions ['ros']
[0.906s] Level 1:colcon.colcon_core.package_identification:_identify(src/tutorial_interfaces) by extension 'ros'
[0.908s] DEBUG:colcon.colcon_core.package_identification:Package 'src/tutorial_interfaces' with type 'ros.ament_cmake' and name 'tutorial_interfaces'
[0.909s] Level 1:colcon.colcon_core.package_discovery:discover_packages(recursive) using defaults
[0.909s] Level 1:colcon.colcon_core.package_discovery:discover_packages(ignore) discover
[0.909s] Level 1:colcon.colcon_core.package_discovery:discover_packages(ignore) using defaults
[0.909s] Level 1:colcon.colcon_core.package_discovery:discover_packages(path) discover
[0.909s] Level 1:colcon.colcon_core.package_discovery:discover_packages(path) using defaults
[0.981s] INFO:colcon.colcon_core.package_selection:Skipping not selected package 'gripper_package' in 'src/gripper_package'
[0.982s] INFO:colcon.colcon_core.package_selection:Skipping not selected package 'polygon_base' in 'src/polygon_base'
[0.982s] INFO:colcon.colcon_core.package_selection:Skipping not selected package 'python_parameters' in 'src/python_parameters'
[0.982s] INFO:colcon.colcon_core.package_selection:Skipping not selected package 'tutorial_interfaces' in 'src/tutorial_interfaces'
[0.982s] INFO:colcon.colcon_core.package_selection:Skipping not selected package 'py_pubsub' in 'src/py_pubsub'
[0.983s] INFO:colcon.colcon_core.package_selection:Skipping not selected package 'py_srvcli' in 'src/py_srvcli'
[0.984s] Level 1:colcon.colcon_core.package_discovery:discover_packages(prefix_path) check parameters
[0.985s] Level 1:colcon.colcon_core.package_discovery:discover_packages(prefix_path) discover
[1.001s] DEBUG:colcon.colcon_installed_package_information.package_discovery:Found 285 installed packages in /opt/ros/jazzy
[1.008s] Level 1:colcon.colcon_core.package_discovery:discover_packages(prefix_path) using defaults
[1.212s] Level 5:colcon.colcon_core.verb:set package 'cpp_pubsub' build argument 'cmake_args' from command line to 'None'
[1.213s] Level 5:colcon.colcon_core.verb:set package 'cpp_pubsub' build argument 'cmake_target' from command line to 'None'
[1.213s] Level 5:colcon.colcon_core.verb:set package 'cpp_pubsub' build argument 'cmake_target_skip_unavailable' from command line to 'False'
[1.213s] Level 5:colcon.colcon_core.verb:set package 'cpp_pubsub' build argument 'cmake_clean_cache' from command line to 'False'
[1.213s] Level 5:colcon.colcon_core.verb:set package 'cpp_pubsub' build argument 'cmake_clean_first' from command line to 'False'
[1.213s] Level 5:colcon.colcon_core.verb:set package 'cpp_pubsub' build argument 'cmake_force_configure' from command line to 'False'
[1.213s] Level 5:colcon.colcon_core.verb:set package 'cpp_pubsub' build argument 'ament_cmake_args' from command line to 'None'
[1.214s] Level 5:colcon.colcon_core.verb:set package 'cpp_pubsub' build argument 'catkin_cmake_args' from command line to 'None'
[1.214s] Level 5:colcon.colcon_core.verb:set package 'cpp_pubsub' build argument 'catkin_skip_building_tests' from command line to 'False'
[1.214s] DEBUG:colcon.colcon_core.verb:Building package 'cpp_pubsub' with the following arguments: {'ament_cmake_args': None, 'build_base': '/home/admin/RI-Seaweed/playground_ws/build/cpp_pubsub', 'catkin_cmake_args': None, 'catkin_skip_building_tests': False, 'cmake_args': None, 'cmake_clean_cache': False, 'cmake_clean_first': False, 'cmake_force_configure': False, 'cmake_target': None, 'cmake_target_skip_unavailable': False, 'install_base': '/home/admin/RI-Seaweed/playground_ws/install/cpp_pubsub', 'merge_install': False, 'path': '/home/admin/RI-Seaweed/playground_ws/src/cpp_pubsub', 'symlink_install': False, 'test_result_base': None}
[1.214s] INFO:colcon.colcon_core.executor:Executing jobs using 'parallel' executor
[1.218s] DEBUG:colcon.colcon_parallel_executor.executor.parallel:run_until_complete
[1.219s] INFO:colcon.colcon_ros.task.ament_cmake.build:Building ROS package in '/home/admin/RI-Seaweed/playground_ws/src/cpp_pubsub' with build type 'ament_cmake'
[1.219s] INFO:colcon.colcon_cmake.task.cmake.build:Building CMake package in '/home/admin/RI-Seaweed/playground_ws/src/cpp_pubsub'
[1.230s] INFO:colcon.colcon_core.plugin_system:Skipping extension 'colcon_core.shell.bat': Not used on non-Windows systems
[1.232s] INFO:colcon.colcon_core.shell:Skip shell extension 'powershell' for command environment: Not usable outside of PowerShell
[1.232s] DEBUG:colcon.colcon_core.shell:Skip shell extension 'dsv' for command environment
[1.276s] DEBUG:colcon.colcon_core.event_handler.log_command:Invoking command in '/home/admin/RI-Seaweed/playground_ws/build/cpp_pubsub': CMAKE_PREFIX_PATH=${CMAKE_PREFIX_PATH}:/opt/ros/jazzy /usr/bin/cmake /home/admin/RI-Seaweed/playground_ws/src/cpp_pubsub -DCMAKE_INSTALL_PREFIX=/home/admin/RI-Seaweed/playground_ws/install/cpp_pubsub
[8.292s] DEBUG:colcon.colcon_core.event_handler.log_command:Invoked command in '/home/admin/RI-Seaweed/playground_ws/build/cpp_pubsub' returned '0': CMAKE_PREFIX_PATH=${CMAKE_PREFIX_PATH}:/opt/ros/jazzy /usr/bin/cmake /home/admin/RI-Seaweed/playground_ws/src/cpp_pubsub -DCMAKE_INSTALL_PREFIX=/home/admin/RI-Seaweed/playground_ws/install/cpp_pubsub
[8.298s] DEBUG:colcon.colcon_core.event_handler.log_command:Invoking command in '/home/admin/RI-Seaweed/playground_ws/build/cpp_pubsub': CMAKE_PREFIX_PATH=${CMAKE_PREFIX_PATH}:/opt/ros/jazzy /usr/bin/cmake --build /home/admin/RI-Seaweed/playground_ws/build/cpp_pubsub -- -j4 -l4
[45.259s] DEBUG:colcon.colcon_core.event_handler.log_command:Invoked command in '/home/admin/RI-Seaweed/playground_ws/build/cpp_pubsub' returned '0': CMAKE_PREFIX_PATH=${CMAKE_PREFIX_PATH}:/opt/ros/jazzy /usr/bin/cmake --build /home/admin/RI-Seaweed/playground_ws/build/cpp_pubsub -- -j4 -l4
[45.312s] DEBUG:colcon.colcon_core.event_handler.log_command:Invoking command in '/home/admin/RI-Seaweed/playground_ws/build/cpp_pubsub': CMAKE_PREFIX_PATH=${CMAKE_PREFIX_PATH}:/opt/ros/jazzy /usr/bin/cmake --install /home/admin/RI-Seaweed/playground_ws/build/cpp_pubsub
[45.450s] Level 1:colcon.colcon_core.environment:create_environment_scripts_only(cpp_pubsub)
[45.452s] DEBUG:colcon.colcon_core.event_handler.log_command:Invoked command in '/home/admin/RI-Seaweed/playground_ws/build/cpp_pubsub' returned '0': CMAKE_PREFIX_PATH=${CMAKE_PREFIX_PATH}:/opt/ros/jazzy /usr/bin/cmake --install /home/admin/RI-Seaweed/playground_ws/build/cpp_pubsub
[45.462s] Level 1:colcon.colcon_core.environment:checking '/home/admin/RI-Seaweed/playground_ws/install/cpp_pubsub' for CMake module files
[45.465s] Level 1:colcon.colcon_core.environment:checking '/home/admin/RI-Seaweed/playground_ws/install/cpp_pubsub' for CMake config files
[45.468s] Level 1:colcon.colcon_core.shell:create_environment_hook('cpp_pubsub', 'cmake_prefix_path')
[45.469s] INFO:colcon.colcon_core.shell:Creating environment hook '/home/admin/RI-Seaweed/playground_ws/install/cpp_pubsub/share/cpp_pubsub/hook/cmake_prefix_path.ps1'
[45.471s] INFO:colcon.colcon_core.shell:Creating environment descriptor '/home/admin/RI-Seaweed/playground_ws/install/cpp_pubsub/share/cpp_pubsub/hook/cmake_prefix_path.dsv'
[45.474s] INFO:colcon.colcon_core.shell:Creating environment hook '/home/admin/RI-Seaweed/playground_ws/install/cpp_pubsub/share/cpp_pubsub/hook/cmake_prefix_path.sh'
[45.477s] Level 1:colcon.colcon_core.environment:checking '/home/admin/RI-Seaweed/playground_ws/install/cpp_pubsub/lib'
[45.478s] Level 1:colcon.colcon_core.environment:checking '/home/admin/RI-Seaweed/playground_ws/install/cpp_pubsub/bin'
[45.479s] Level 1:colcon.colcon_core.environment:checking '/home/admin/RI-Seaweed/playground_ws/install/cpp_pubsub/lib/pkgconfig/cpp_pubsub.pc'
[45.480s] Level 1:colcon.colcon_core.environment:checking '/home/admin/RI-Seaweed/playground_ws/install/cpp_pubsub/lib/python3.12/site-packages'
[45.481s] Level 1:colcon.colcon_core.environment:checking '/home/admin/RI-Seaweed/playground_ws/install/cpp_pubsub/bin'
[45.483s] INFO:colcon.colcon_core.shell:Creating package script '/home/admin/RI-Seaweed/playground_ws/install/cpp_pubsub/share/cpp_pubsub/package.ps1'
[45.486s] INFO:colcon.colcon_core.shell:Creating package descriptor '/home/admin/RI-Seaweed/playground_ws/install/cpp_pubsub/share/cpp_pubsub/package.dsv'
[45.488s] INFO:colcon.colcon_core.shell:Creating package script '/home/admin/RI-Seaweed/playground_ws/install/cpp_pubsub/share/cpp_pubsub/package.sh'
[45.491s] INFO:colcon.colcon_core.shell:Creating package script '/home/admin/RI-Seaweed/playground_ws/install/cpp_pubsub/share/cpp_pubsub/package.bash'
[45.494s] INFO:colcon.colcon_core.shell:Creating package script '/home/admin/RI-Seaweed/playground_ws/install/cpp_pubsub/share/cpp_pubsub/package.zsh'
[45.497s] Level 1:colcon.colcon_core.environment:create_file_with_runtime_dependencies(/home/admin/RI-Seaweed/playground_ws/install/cpp_pubsub/share/colcon-core/packages/cpp_pubsub)
[45.499s] Level 1:colcon.colcon_core.environment:create_environment_scripts_only(cpp_pubsub)
[45.500s] Level 1:colcon.colcon_core.environment:checking '/home/admin/RI-Seaweed/playground_ws/install/cpp_pubsub' for CMake module files
[45.503s] Level 1:colcon.colcon_core.environment:checking '/home/admin/RI-Seaweed/playground_ws/install/cpp_pubsub' for CMake config files
[45.506s] Level 1:colcon.colcon_core.shell:create_environment_hook('cpp_pubsub', 'cmake_prefix_path')
[45.506s] INFO:colcon.colcon_core.shell:Creating environment hook '/home/admin/RI-Seaweed/playground_ws/install/cpp_pubsub/share/cpp_pubsub/hook/cmake_prefix_path.ps1'
[45.508s] INFO:colcon.colcon_core.shell:Creating environment descriptor '/home/admin/RI-Seaweed/playground_ws/install/cpp_pubsub/share/cpp_pubsub/hook/cmake_prefix_path.dsv'
[45.510s] INFO:colcon.colcon_core.shell:Creating environment hook '/home/admin/RI-Seaweed/playground_ws/install/cpp_pubsub/share/cpp_pubsub/hook/cmake_prefix_path.sh'
[45.513s] Level 1:colcon.colcon_core.environment:checking '/home/admin/RI-Seaweed/playground_ws/install/cpp_pubsub/lib'
[45.514s] Level 1:colcon.colcon_core.environment:checking '/home/admin/RI-Seaweed/playground_ws/install/cpp_pubsub/bin'
[45.514s] Level 1:colcon.colcon_core.environment:checking '/home/admin/RI-Seaweed/playground_ws/install/cpp_pubsub/lib/pkgconfig/cpp_pubsub.pc'
[45.515s] Level 1:colcon.colcon_core.environment:checking '/home/admin/RI-Seaweed/playground_ws/install/cpp_pubsub/lib/python3.12/site-packages'
[45.516s] Level 1:colcon.colcon_core.environment:checking '/home/admin/RI-Seaweed/playground_ws/install/cpp_pubsub/bin'
[45.517s] INFO:colcon.colcon_core.shell:Creating package script '/home/admin/RI-Seaweed/playground_ws/install/cpp_pubsub/share/cpp_pubsub/package.ps1'
[45.520s] INFO:colcon.colcon_core.shell:Creating package descriptor '/home/admin/RI-Seaweed/playground_ws/install/cpp_pubsub/share/cpp_pubsub/package.dsv'
[45.522s] INFO:colcon.colcon_core.shell:Creating package script '/home/admin/RI-Seaweed/playground_ws/install/cpp_pubsub/share/cpp_pubsub/package.sh'
[45.525s] INFO:colcon.colcon_core.shell:Creating package script '/home/admin/RI-Seaweed/playground_ws/install/cpp_pubsub/share/cpp_pubsub/package.bash'
[45.527s] INFO:colcon.colcon_core.shell:Creating package script '/home/admin/RI-Seaweed/playground_ws/install/cpp_pubsub/share/cpp_pubsub/package.zsh'
[45.529s] Level 1:colcon.colcon_core.environment:create_file_with_runtime_dependencies(/home/admin/RI-Seaweed/playground_ws/install/cpp_pubsub/share/colcon-core/packages/cpp_pubsub)
[45.530s] DEBUG:colcon.colcon_parallel_executor.executor.parallel:closing loop
[45.532s] DEBUG:colcon.colcon_parallel_executor.executor.parallel:loop closed
[45.533s] DEBUG:colcon.colcon_parallel_executor.executor.parallel:run_until_complete finished with '0'
[45.533s] DEBUG:colcon.colcon_core.event_reactor:joining thread
[45.556s] INFO:colcon.colcon_core.plugin_system:Skipping extension 'colcon_notification.desktop_notification.notify_send': Could not find 'notify-send'
[45.557s] INFO:colcon.colcon_core.plugin_system:Skipping extension 'colcon_notification.desktop_notification.terminal_notifier': Not used on non-Darwin systems
[45.557s] INFO:colcon.colcon_core.plugin_system:Skipping extension 'colcon_notification.desktop_notification.win32': Not used on non-Windows systems
[45.557s] INFO:colcon.colcon_notification.desktop_notification:Sending desktop notification using 'notify2'
[45.561s] DEBUG:colcon.colcon_notification.desktop_notification.notify2:Failed to initialize notify2: org.freedesktop.DBus.Error.ServiceUnknown: The name org.freedesktop.Notifications was not provided by any .service files
[45.561s] DEBUG:colcon.colcon_core.event_reactor:joined thread
[45.562s] INFO:colcon.colcon_core.shell:Creating prefix script '/home/admin/RI-Seaweed/playground_ws/install/local_setup.ps1'
[45.565s] INFO:colcon.colcon_core.shell:Creating prefix util module '/home/admin/RI-Seaweed/playground_ws/install/_local_setup_util_ps1.py'
[45.572s] INFO:colcon.colcon_core.shell:Creating prefix chain script '/home/admin/RI-Seaweed/playground_ws/install/setup.ps1'
[45.577s] INFO:colcon.colcon_core.shell:Creating prefix script '/home/admin/RI-Seaweed/playground_ws/install/local_setup.sh'
[45.601s] INFO:colcon.colcon_core.shell:Creating prefix util module '/home/admin/RI-Seaweed/playground_ws/install/_local_setup_util_sh.py'
[45.617s] INFO:colcon.colcon_core.shell:Creating prefix chain script '/home/admin/RI-Seaweed/playground_ws/install/setup.sh'
[45.642s] INFO:colcon.colcon_core.shell:Creating prefix script '/home/admin/RI-Seaweed/playground_ws/install/local_setup.bash'
[45.652s] INFO:colcon.colcon_core.shell:Creating prefix chain script '/home/admin/RI-Seaweed/playground_ws/install/setup.bash'
[45.663s] INFO:colcon.colcon_core.shell:Creating prefix script '/home/admin/RI-Seaweed/playground_ws/install/local_setup.zsh'
[45.676s] INFO:colcon.colcon_core.shell:Creating prefix chain script '/home/admin/RI-Seaweed/playground_ws/install/setup.zsh'
