[3.956s] Invoking command in '/home/admin/playground_ws/src/py_pubsub': AMENT_PREFIX_PATH=/home/admin/playground_ws/install/tutorial_interfaces:${AMENT_PREFIX_PATH} CMAKE_PREFIX_PATH=/home/admin/playground_ws/install/tutorial_interfaces:${CMAKE_PREFIX_PATH} LD_LIBRARY_PATH=/home/admin/playground_ws/install/tutorial_interfaces/lib:${LD_LIBRARY_PATH} PYTHONPATH=/home/admin/playground_ws/build/py_pubsub/prefix_override:/usr/lib/python3/dist-packages/colcon_core/task/python/colcon_distutils_commands:/home/admin/playground_ws/install/py_pubsub/lib/python3.12/site-packages:/home/admin/playground_ws/install/tutorial_interfaces/lib/python3.12/site-packages:${PYTHONPATH} /usr/bin/python3 -W ignore:setup.py install is deprecated -W ignore:easy_install command is deprecated setup.py egg_info --egg-base ../../build/py_pubsub build --build-base /home/admin/playground_ws/build/py_pubsub/build install --record /home/admin/playground_ws/build/py_pubsub/install.log --single-version-externally-managed install_data
[5.264s] running egg_info
[5.356s] writing ../../build/py_pubsub/py_pubsub.egg-info/PKG-INFO
[5.357s] writing dependency_links to ../../build/py_pubsub/py_pubsub.egg-info/dependency_links.txt
[5.359s] writing entry points to ../../build/py_pubsub/py_pubsub.egg-info/entry_points.txt
[5.360s] writing requirements to ../../build/py_pubsub/py_pubsub.egg-info/requires.txt
[5.361s] writing top-level names to ../../build/py_pubsub/py_pubsub.egg-info/top_level.txt
[5.555s] reading manifest file '../../build/py_pubsub/py_pubsub.egg-info/SOURCES.txt'
[5.556s] adding license file 'LICENSE'
[5.559s] writing manifest file '../../build/py_pubsub/py_pubsub.egg-info/SOURCES.txt'
[5.559s] running build
[5.560s] running build_py
[5.561s] copying py_pubsub/subscriber_member_function.py -> /home/admin/playground_ws/build/py_pubsub/build/lib/py_pubsub
[5.562s] copying py_pubsub/publisher_member_function.py -> /home/admin/playground_ws/build/py_pubsub/build/lib/py_pubsub
[5.564s] running install
[5.589s] running install_lib
[5.682s] copying /home/admin/playground_ws/build/py_pubsub/build/lib/py_pubsub/subscriber_member_function.py -> /home/admin/playground_ws/install/py_pubsub/lib/python3.12/site-packages/py_pubsub
[5.683s] copying /home/admin/playground_ws/build/py_pubsub/build/lib/py_pubsub/publisher_member_function.py -> /home/admin/playground_ws/install/py_pubsub/lib/python3.12/site-packages/py_pubsub
[5.686s] byte-compiling /home/admin/playground_ws/install/py_pubsub/lib/python3.12/site-packages/py_pubsub/subscriber_member_function.py to subscriber_member_function.cpython-312.pyc
[5.689s] byte-compiling /home/admin/playground_ws/install/py_pubsub/lib/python3.12/site-packages/py_pubsub/publisher_member_function.py to publisher_member_function.cpython-312.pyc
[5.691s] running install_data
[5.692s] running install_egg_info
[5.791s] removing '/home/admin/playground_ws/install/py_pubsub/lib/python3.12/site-packages/py_pubsub-0.0.0-py3.12.egg-info' (and everything under it)
[5.793s] Copying ../../build/py_pubsub/py_pubsub.egg-info to /home/admin/playground_ws/install/py_pubsub/lib/python3.12/site-packages/py_pubsub-0.0.0-py3.12.egg-info
[5.799s] running install_scripts
[6.539s] Installing listener script to /home/admin/playground_ws/install/py_pubsub/lib/py_pubsub
[6.540s] Installing talker script to /home/admin/playground_ws/install/py_pubsub/lib/py_pubsub
[6.542s] writing list of installed files to '/home/admin/playground_ws/build/py_pubsub/install.log'
[6.691s] Invoked command in '/home/admin/playground_ws/src/py_pubsub' returned '0': AMENT_PREFIX_PATH=/home/admin/playground_ws/install/tutorial_interfaces:${AMENT_PREFIX_PATH} CMAKE_PREFIX_PATH=/home/admin/playground_ws/install/tutorial_interfaces:${CMAKE_PREFIX_PATH} LD_LIBRARY_PATH=/home/admin/playground_ws/install/tutorial_interfaces/lib:${LD_LIBRARY_PATH} PYTHONPATH=/home/admin/playground_ws/build/py_pubsub/prefix_override:/usr/lib/python3/dist-packages/colcon_core/task/python/colcon_distutils_commands:/home/admin/playground_ws/install/py_pubsub/lib/python3.12/site-packages:/home/admin/playground_ws/install/tutorial_interfaces/lib/python3.12/site-packages:${PYTHONPATH} /usr/bin/python3 -W ignore:setup.py install is deprecated -W ignore:easy_install command is deprecated setup.py egg_info --egg-base ../../build/py_pubsub build --build-base /home/admin/playground_ws/build/py_pubsub/build install --record /home/admin/playground_ws/build/py_pubsub/install.log --single-version-externally-managed install_data
