[0.054s] Invoking command in '/home/admin/ri_seaweed_ws/build/ri_seaweed_interfaces': CMAKE_PREFIX_PATH=${CMAKE_PREFIX_PATH}:/opt/ros/jazzy /usr/bin/cmake /home/admin/ri_seaweed_ws/src/ri_seaweed_interfaces -DCMAKE_INSTALL_PREFIX=/home/admin/ri_seaweed_ws/install/ri_seaweed_interfaces
[0.123s] -- Found ament_cmake: 2.5.5 (/opt/ros/jazzy/share/ament_cmake/cmake)
[1.213s] -- Found rosidl_default_generators: 1.6.0 (/opt/ros/jazzy/share/rosidl_default_generators/cmake)
[1.223s] -- Using all available rosidl_typesupport_c: rosidl_typesupport_fastrtps_c;rosidl_typesupport_introspection_c
[1.411s] -- Using all available rosidl_typesupport_cpp: rosidl_typesupport_fastrtps_cpp;rosidl_typesupport_introspection_cpp
[1.538s] -- Found rosidl_adapter: 4.6.7 (/opt/ros/jazzy/share/rosidl_adapter/cmake)
[2.820s] [31mCMake Error at /opt/ros/jazzy/share/rosidl_adapter/cmake/rosidl_adapt_interfaces.cmake:57 (message):
[2.821s]   execute_process(/usr/bin/python3 -m rosidl_adapter --package-name
[2.821s]   ri_seaweed_interfaces --arguments-file
[2.822s]   /home/admin/ri_seaweed_ws/build/ri_seaweed_interfaces/rosidl_adapter__arguments__ri_seaweed_interfaces.json
[2.822s]   --output-dir
[2.823s]   /home/admin/ri_seaweed_ws/build/ri_seaweed_interfaces/rosidl_adapter/ri_seaweed_interfaces
[2.824s]   --output-file
[2.825s]   /home/admin/ri_seaweed_ws/build/ri_seaweed_interfaces/rosidl_adapter/ri_seaweed_interfaces.idls)
[2.825s]   returned error code 1:
[2.826s] 
[2.827s]   Traceback (most recent call last):
[2.828s] 
[2.829s]     File "<frozen runpy>", line 198, in _run_module_as_main
[2.831s]     File "<frozen runpy>", line 88, in _run_code
[2.832s]     File "/opt/ros/jazzy/lib/python3.12/site-packages/rosidl_adapter/__main__.py", line 19, in <module>
[2.833s]       sys.exit(main())
[2.834s]                ^^^^^^
[2.835s]     File "/opt/ros/jazzy/lib/python3.12/site-packages/rosidl_adapter/main.py", line 53, in main
[2.837s]       abs_idl_file = convert_to_idl(
[2.838s]                      ^^^^^^^^^^^^^^^
[2.838s]     File "/opt/ros/jazzy/lib/python3.12/site-packages/rosidl_adapter/__init__.py", line 19, in convert_to_idl
[2.839s]       return convert_msg_to_idl(
[2.839s]              ^^^^^^^^^^^^^^^^^^^
[2.840s]     File "/opt/ros/jazzy/lib/python3.12/site-packages/rosidl_adapter/msg/__init__.py", line 28, in convert_msg_to_idl
[2.841s]       msg = parse_message_string(package_name, input_file.stem, content)
[2.842s]             ^^^^^^^^^^^^^^^^^^^^^^^^^^^^^^^^^^^^^^^^^^^^^^^^^^^^^^^^^^^^
[2.842s]     File "/opt/ros/jazzy/lib/python3.12/site-packages/rosidl_adapter/parser.py", line 545, in parse_message_string
[2.843s]       msg = MessageSpecification(pkg_name, msg_name, fields, constants)
[2.843s]             ^^^^^^^^^^^^^^^^^^^^^^^^^^^^^^^^^^^^^^^^^^^^^^^^^^^^^^^^^^^
[2.844s]     File "/opt/ros/jazzy/lib/python3.12/site-packages/rosidl_adapter/parser.py", line 389, in __init__
[2.845s]       self.base_type = BaseType(
[2.845s]                        ^^^^^^^^^
[2.846s]     File "/opt/ros/jazzy/lib/python3.12/site-packages/rosidl_adapter/parser.py", line 206, in __init__
[2.846s]       raise InvalidResourceName(
[2.847s] 
[2.849s]   rosidl_adapter.parser.InvalidResourceName: 'gripper' is an invalid message
[2.851s]   name.  It should have the pattern '^[A-Z][A-Za-z0-9]*$'
[2.852s] 
[2.853s] Call Stack (most recent call first):
[2.854s]   /opt/ros/jazzy/share/rosidl_cmake/cmake/rosidl_generate_interfaces.cmake:132 (rosidl_adapt_interfaces)
[2.854s]   CMakeLists.txt:14 (rosidl_generate_interfaces)
[2.854s] 
[2.855s] [0m
[2.855s] -- Configuring incomplete, errors occurred!
[2.857s] Invoked command in '/home/admin/ri_seaweed_ws/build/ri_seaweed_interfaces' returned '1': CMAKE_PREFIX_PATH=${CMAKE_PREFIX_PATH}:/opt/ros/jazzy /usr/bin/cmake /home/admin/ri_seaweed_ws/src/ri_seaweed_interfaces -DCMAKE_INSTALL_PREFIX=/home/admin/ri_seaweed_ws/install/ri_seaweed_interfaces
