[4.035s] Invoking command in '/home/admin/playground_ws/src/python_parameters': PYTHONPATH=/home/admin/playground_ws/build/python_parameters/prefix_override:/usr/lib/python3/dist-packages/colcon_core/task/python/colcon_distutils_commands:/home/admin/playground_ws/install/python_parameters/lib/python3.12/site-packages:${PYTHONPATH} /usr/bin/python3 -W ignore:setup.py install is deprecated -W ignore:easy_install command is deprecated setup.py egg_info --egg-base ../../build/python_parameters build --build-base /home/admin/playground_ws/build/python_parameters/build install --record /home/admin/playground_ws/build/python_parameters/install.log --single-version-externally-managed install_data
[5.344s] running egg_info
[5.435s] writing ../../build/python_parameters/python_parameters.egg-info/PKG-INFO
[5.436s] writing dependency_links to ../../build/python_parameters/python_parameters.egg-info/dependency_links.txt
[5.438s] writing entry points to ../../build/python_parameters/python_parameters.egg-info/entry_points.txt
[5.441s] writing requirements to ../../build/python_parameters/python_parameters.egg-info/requires.txt
[5.442s] writing top-level names to ../../build/python_parameters/python_parameters.egg-info/top_level.txt
[5.632s] reading manifest file '../../build/python_parameters/python_parameters.egg-info/SOURCES.txt'
[5.634s] adding license file 'LICENSE'
[5.637s] writing manifest file '../../build/python_parameters/python_parameters.egg-info/SOURCES.txt'
[5.638s] running build
[5.638s] running build_py
[5.639s] running install
[5.664s] running install_lib
[5.760s] running install_data
[5.760s] creating /home/admin/playground_ws/install/python_parameters/share/python_parameters/launch
[5.762s] copying launch/python_parameters_launch.py -> /home/admin/playground_ws/install/python_parameters/share/python_parameters/launch
[5.763s] running install_egg_info
[5.861s] removing '/home/admin/playground_ws/install/python_parameters/lib/python3.12/site-packages/python_parameters-0.0.0-py3.12.egg-info' (and everything under it)
[5.864s] Copying ../../build/python_parameters/python_parameters.egg-info to /home/admin/playground_ws/install/python_parameters/lib/python3.12/site-packages/python_parameters-0.0.0-py3.12.egg-info
[5.870s] running install_scripts
[6.581s] Installing minimal_param_node script to /home/admin/playground_ws/install/python_parameters/lib/python_parameters
[6.583s] writing list of installed files to '/home/admin/playground_ws/build/python_parameters/install.log'
[6.732s] Invoked command in '/home/admin/playground_ws/src/python_parameters' returned '0': PYTHONPATH=/home/admin/playground_ws/build/python_parameters/prefix_override:/usr/lib/python3/dist-packages/colcon_core/task/python/colcon_distutils_commands:/home/admin/playground_ws/install/python_parameters/lib/python3.12/site-packages:${PYTHONPATH} /usr/bin/python3 -W ignore:setup.py install is deprecated -W ignore:easy_install command is deprecated setup.py egg_info --egg-base ../../build/python_parameters build --build-base /home/admin/playground_ws/build/python_parameters/build install --record /home/admin/playground_ws/build/python_parameters/install.log --single-version-externally-managed install_data
