[3.930s] Invoking command in '/home/admin/playground_ws/src/py_srvcli': PYTHONPATH=/home/admin/playground_ws/build/py_srvcli/prefix_override:/usr/lib/python3/dist-packages/colcon_core/task/python/colcon_distutils_commands:/home/admin/playground_ws/install/py_srvcli/lib/python3.12/site-packages:${PYTHONPATH} /usr/bin/python3 -W ignore:setup.py install is deprecated -W ignore:easy_install command is deprecated setup.py egg_info --egg-base ../../build/py_srvcli build --build-base /home/admin/playground_ws/build/py_srvcli/build install --record /home/admin/playground_ws/build/py_srvcli/install.log --single-version-externally-managed install_data
[5.241s] running egg_info
[5.336s] writing ../../build/py_srvcli/py_srvcli.egg-info/PKG-INFO
[5.337s] writing dependency_links to ../../build/py_srvcli/py_srvcli.egg-info/dependency_links.txt
[5.339s] writing entry points to ../../build/py_srvcli/py_srvcli.egg-info/entry_points.txt
[5.340s] writing requirements to ../../build/py_srvcli/py_srvcli.egg-info/requires.txt
[5.341s] writing top-level names to ../../build/py_srvcli/py_srvcli.egg-info/top_level.txt
[5.538s] reading manifest file '../../build/py_srvcli/py_srvcli.egg-info/SOURCES.txt'
[5.539s] adding license file 'LICENSE'
[5.542s] writing manifest file '../../build/py_srvcli/py_srvcli.egg-info/SOURCES.txt'
[5.543s] running build
[5.543s] running build_py
[5.544s] copying py_srvcli/client_member_function.py -> /home/admin/playground_ws/build/py_srvcli/build/lib/py_srvcli
[5.546s] running install
[5.572s] running install_lib
[5.669s] copying /home/admin/playground_ws/build/py_srvcli/build/lib/py_srvcli/client_member_function.py -> /home/admin/playground_ws/install/py_srvcli/lib/python3.12/site-packages/py_srvcli
[5.672s] byte-compiling /home/admin/playground_ws/install/py_srvcli/lib/python3.12/site-packages/py_srvcli/client_member_function.py to client_member_function.cpython-312.pyc
[5.675s] running install_data
[5.676s] running install_egg_info
[5.779s] removing '/home/admin/playground_ws/install/py_srvcli/lib/python3.12/site-packages/py_srvcli-0.0.0-py3.12.egg-info' (and everything under it)
[5.781s] Copying ../../build/py_srvcli/py_srvcli.egg-info to /home/admin/playground_ws/install/py_srvcli/lib/python3.12/site-packages/py_srvcli-0.0.0-py3.12.egg-info
[5.787s] running install_scripts
[6.500s] Installing client script to /home/admin/playground_ws/install/py_srvcli/lib/py_srvcli
[6.501s] Installing service script to /home/admin/playground_ws/install/py_srvcli/lib/py_srvcli
[6.503s] writing list of installed files to '/home/admin/playground_ws/build/py_srvcli/install.log'
[6.654s] Invoked command in '/home/admin/playground_ws/src/py_srvcli' returned '0': PYTHONPATH=/home/admin/playground_ws/build/py_srvcli/prefix_override:/usr/lib/python3/dist-packages/colcon_core/task/python/colcon_distutils_commands:/home/admin/playground_ws/install/py_srvcli/lib/python3.12/site-packages:${PYTHONPATH} /usr/bin/python3 -W ignore:setup.py install is deprecated -W ignore:easy_install command is deprecated setup.py egg_info --egg-base ../../build/py_srvcli build --build-base /home/admin/playground_ws/build/py_srvcli/build install --record /home/admin/playground_ws/build/py_srvcli/install.log --single-version-externally-managed install_data
