[0.060s] Invoking command in '/home/admin/playground_ws/build/cpp_pubsub': CMAKE_PREFIX_PATH=${CMAKE_PREFIX_PATH}:/home/admin/playground_ws/install/gripper_package:/opt/ros/jazzy /usr/bin/cmake --build /home/admin/playground_ws/build/cpp_pubsub -- -j4 -l4
[0.447s] [ 25%] [32mBuilding CXX object CMakeFiles/talker.dir/src/publisher_lambda_function.cpp.o[0m
[0.454s] [ 75%] Built target listener
[19.817s] [100%] [32m[1mLinking CXX executable talker[0m
[20.811s] [100%] Built target talker
[20.880s] Invoked command in '/home/admin/playground_ws/build/cpp_pubsub' returned '0': CMAKE_PREFIX_PATH=${CMAKE_PREFIX_PATH}:/home/admin/playground_ws/install/gripper_package:/opt/ros/jazzy /usr/bin/cmake --build /home/admin/playground_ws/build/cpp_pubsub -- -j4 -l4
[20.936s] Invoking command in '/home/admin/playground_ws/build/cpp_pubsub': CMAKE_PREFIX_PATH=${CMAKE_PREFIX_PATH}:/home/admin/playground_ws/install/gripper_package:/opt/ros/jazzy /usr/bin/cmake --install /home/admin/playground_ws/build/cpp_pubsub
[20.981s] -- Install configuration: ""
[20.982s] -- Installing: /home/admin/playground_ws/install/cpp_pubsub/lib/cpp_pubsub/talker
[20.995s] -- Set non-toolchain portion of runtime path of "/home/admin/playground_ws/install/cpp_pubsub/lib/cpp_pubsub/talker" to ""
[20.996s] -- Up-to-date: /home/admin/playground_ws/install/cpp_pubsub/lib/cpp_pubsub/listener
[20.998s] -- Up-to-date: /home/admin/playground_ws/install/cpp_pubsub/share/ament_index/resource_index/package_run_dependencies/cpp_pubsub
[20.999s] -- Up-to-date: /home/admin/playground_ws/install/cpp_pubsub/share/ament_index/resource_index/parent_prefix_path/cpp_pubsub
[21.000s] -- Up-to-date: /home/admin/playground_ws/install/cpp_pubsub/share/cpp_pubsub/environment/ament_prefix_path.sh
[21.000s] -- Up-to-date: /home/admin/playground_ws/install/cpp_pubsub/share/cpp_pubsub/environment/ament_prefix_path.dsv
[21.001s] -- Up-to-date: /home/admin/playground_ws/install/cpp_pubsub/share/cpp_pubsub/environment/path.sh
[21.002s] -- Up-to-date: /home/admin/playground_ws/install/cpp_pubsub/share/cpp_pubsub/environment/path.dsv
[21.002s] -- Up-to-date: /home/admin/playground_ws/install/cpp_pubsub/share/cpp_pubsub/local_setup.bash
[21.003s] -- Up-to-date: /home/admin/playground_ws/install/cpp_pubsub/share/cpp_pubsub/local_setup.sh
[21.003s] -- Up-to-date: /home/admin/playground_ws/install/cpp_pubsub/share/cpp_pubsub/local_setup.zsh
[21.004s] -- Up-to-date: /home/admin/playground_ws/install/cpp_pubsub/share/cpp_pubsub/local_setup.dsv
[21.004s] -- Installing: /home/admin/playground_ws/install/cpp_pubsub/share/cpp_pubsub/package.dsv
[21.005s] -- Up-to-date: /home/admin/playground_ws/install/cpp_pubsub/share/ament_index/resource_index/packages/cpp_pubsub
[21.006s] -- Up-to-date: /home/admin/playground_ws/install/cpp_pubsub/share/cpp_pubsub/cmake/cpp_pubsubConfig.cmake
[21.007s] -- Up-to-date: /home/admin/playground_ws/install/cpp_pubsub/share/cpp_pubsub/cmake/cpp_pubsubConfig-version.cmake
[21.007s] -- Up-to-date: /home/admin/playground_ws/install/cpp_pubsub/share/cpp_pubsub/package.xml
[21.013s] Invoked command in '/home/admin/playground_ws/build/cpp_pubsub' returned '0': CMAKE_PREFIX_PATH=${CMAKE_PREFIX_PATH}:/home/admin/playground_ws/install/gripper_package:/opt/ros/jazzy /usr/bin/cmake --install /home/admin/playground_ws/build/cpp_pubsub
