[3.965s] Invoking command in '/home/admin/RI-Seaweed/playground_ws/src/gripper_package': PYTHONPATH=/home/admin/RI-Seaweed/playground_ws/build/gripper_package/prefix_override:/usr/lib/python3/dist-packages/colcon_core/task/python/colcon_distutils_commands:/home/admin/RI-Seaweed/playground_ws/install/gripper_package/lib/python3.12/site-packages:${PYTHONPATH} /usr/bin/python3 -W ignore:setup.py install is deprecated -W ignore:easy_install command is deprecated setup.py egg_info --egg-base ../../build/gripper_package build --build-base /home/admin/RI-Seaweed/playground_ws/build/gripper_package/build install --record /home/admin/RI-Seaweed/playground_ws/build/gripper_package/install.log --single-version-externally-managed install_data
[5.230s] running egg_info
[5.325s] writing ../../build/gripper_package/gripper_package.egg-info/PKG-INFO
[5.327s] writing dependency_links to ../../build/gripper_package/gripper_package.egg-info/dependency_links.txt
[5.329s] writing entry points to ../../build/gripper_package/gripper_package.egg-info/entry_points.txt
[5.330s] writing requirements to ../../build/gripper_package/gripper_package.egg-info/requires.txt
[5.331s] writing top-level names to ../../build/gripper_package/gripper_package.egg-info/top_level.txt
[5.519s] reading manifest file '../../build/gripper_package/gripper_package.egg-info/SOURCES.txt'
[5.524s] writing manifest file '../../build/gripper_package/gripper_package.egg-info/SOURCES.txt'
[5.525s] running build
[5.528s] running build_py
[5.529s] running install
[5.553s] running install_lib
[5.653s] running install_data
[5.654s] running install_egg_info
[5.752s] removing '/home/admin/RI-Seaweed/playground_ws/install/gripper_package/lib/python3.12/site-packages/gripper_package-0.0.0-py3.12.egg-info' (and everything under it)
[5.754s] Copying ../../build/gripper_package/gripper_package.egg-info to /home/admin/RI-Seaweed/playground_ws/install/gripper_package/lib/python3.12/site-packages/gripper_package-0.0.0-py3.12.egg-info
[5.760s] running install_scripts
[6.476s] Installing gripper_node script to /home/admin/RI-Seaweed/playground_ws/install/gripper_package/lib/gripper_package
[6.479s] writing list of installed files to '/home/admin/RI-Seaweed/playground_ws/build/gripper_package/install.log'
[6.627s] Invoked command in '/home/admin/RI-Seaweed/playground_ws/src/gripper_package' returned '0': PYTHONPATH=/home/admin/RI-Seaweed/playground_ws/build/gripper_package/prefix_override:/usr/lib/python3/dist-packages/colcon_core/task/python/colcon_distutils_commands:/home/admin/RI-Seaweed/playground_ws/install/gripper_package/lib/python3.12/site-packages:${PYTHONPATH} /usr/bin/python3 -W ignore:setup.py install is deprecated -W ignore:easy_install command is deprecated setup.py egg_info --egg-base ../../build/gripper_package build --build-base /home/admin/RI-Seaweed/playground_ws/build/gripper_package/build install --record /home/admin/RI-Seaweed/playground_ws/build/gripper_package/install.log --single-version-externally-managed install_data
