[4.012s] Invoking command in '/home/admin/RI-Seaweed/ri_seaweed_ws/src/gripper': PYTHONPATH=/home/admin/RI-Seaweed/ri_seaweed_ws/build/gripper/prefix_override:/usr/lib/python3/dist-packages/colcon_core/task/python/colcon_distutils_commands:/home/admin/RI-Seaweed/ri_seaweed_ws/install/gripper/lib/python3.12/site-packages:${PYTHONPATH} /usr/bin/python3 -W ignore:setup.py install is deprecated -W ignore:easy_install command is deprecated setup.py egg_info --egg-base ../../build/gripper build --build-base /home/admin/RI-Seaweed/ri_seaweed_ws/build/gripper/build install --record /home/admin/RI-Seaweed/ri_seaweed_ws/build/gripper/install.log --single-version-externally-managed install_data
[5.287s] running egg_info
[5.383s] writing ../../build/gripper/gripper.egg-info/PKG-INFO
[5.384s] writing dependency_links to ../../build/gripper/gripper.egg-info/dependency_links.txt
[5.391s] writing entry points to ../../build/gripper/gripper.egg-info/entry_points.txt
[5.398s] writing requirements to ../../build/gripper/gripper.egg-info/requires.txt
[5.406s] writing top-level names to ../../build/gripper/gripper.egg-info/top_level.txt
[5.621s] reading manifest file '../../build/gripper/gripper.egg-info/SOURCES.txt'
[5.622s] adding license file 'LICENSE'
[5.625s] writing manifest file '../../build/gripper/gripper.egg-info/SOURCES.txt'
[5.626s] running build
[5.627s] running build_py
[5.629s] running install
[5.655s] running install_lib
[5.754s] running install_data
[5.755s] running install_egg_info
[5.859s] removing '/home/admin/RI-Seaweed/ri_seaweed_ws/install/gripper/lib/python3.12/site-packages/gripper-0.0.0-py3.12.egg-info' (and everything under it)
[5.861s] Copying ../../build/gripper/gripper.egg-info to /home/admin/RI-Seaweed/ri_seaweed_ws/install/gripper/lib/python3.12/site-packages/gripper-0.0.0-py3.12.egg-info
[5.872s] running install_scripts
[6.592s] Installing gripper_driver script to /home/admin/RI-Seaweed/ri_seaweed_ws/install/gripper/lib/gripper
[6.594s] Installing gripper_dummy_controller script to /home/admin/RI-Seaweed/ri_seaweed_ws/install/gripper/lib/gripper
[6.614s] writing list of installed files to '/home/admin/RI-Seaweed/ri_seaweed_ws/build/gripper/install.log'
[6.773s] Invoked command in '/home/admin/RI-Seaweed/ri_seaweed_ws/src/gripper' returned '0': PYTHONPATH=/home/admin/RI-Seaweed/ri_seaweed_ws/build/gripper/prefix_override:/usr/lib/python3/dist-packages/colcon_core/task/python/colcon_distutils_commands:/home/admin/RI-Seaweed/ri_seaweed_ws/install/gripper/lib/python3.12/site-packages:${PYTHONPATH} /usr/bin/python3 -W ignore:setup.py install is deprecated -W ignore:easy_install command is deprecated setup.py egg_info --egg-base ../../build/gripper build --build-base /home/admin/RI-Seaweed/ri_seaweed_ws/build/gripper/build install --record /home/admin/RI-Seaweed/ri_seaweed_ws/build/gripper/install.log --single-version-externally-managed install_data
