[0.558s] DEBUG:colcon:Command line arguments: ['/usr/bin/colcon', 'build', '--packages-select', 'gripper']
[0.558s] DEBUG:colcon:Parsed command line arguments: Namespace(log_base=None, log_level=None, verb_name='build', build_base='build', install_base='install', merge_install=False, symlink_install=False, test_result_base=None, continue_on_error=False, executor='parallel', parallel_workers=4, event_handlers=None, ignore_user_meta=False, metas=['./colcon.meta'], base_paths=['.'], packages_ignore=None, packages_ignore_regex=None, paths=None, packages_up_to=None, packages_up_to_regex=None, packages_above=None, packages_above_and_dependencies=None, packages_above_depth=None, packages_select_by_dep=None, packages_skip_by_dep=None, packages_skip_up_to=None, packages_select_build_failed=False, packages_skip_build_finished=False, packages_select_test_failures=False, packages_skip_test_passed=False, packages_select=['gripper'], packages_skip=None, packages_select_regex=None, packages_skip_regex=None, packages_start=None, packages_end=None, allow_overriding=[], cmake_args=None, cmake_target=None, cmake_target_skip_unavailable=False, cmake_clean_cache=False, cmake_clean_first=False, cmake_force_configure=False, ament_cmake_args=None, catkin_cmake_args=None, catkin_skip_building_tests=False, mixin_files=None, mixin=None, verb_parser=<colcon_mixin.mixin.mixin_argument.MixinArgumentDecorator object at 0xffffa274db20>, verb_extension=<colcon_core.verb.build.BuildVerb object at 0xffffa28fe330>, main=<bound method BuildVerb.main of <colcon_core.verb.build.BuildVerb object at 0xffffa28fe330>>, mixin_verb=('build',))
[0.749s] Level 1:colcon.colcon_core.package_discovery:discover_packages(colcon_meta) check parameters
[0.749s] Level 1:colcon.colcon_core.package_discovery:discover_packages(recursive) check parameters
[0.750s] Level 1:colcon.colcon_core.package_discovery:discover_packages(ignore) check parameters
[0.750s] Level 1:colcon.colcon_core.package_discovery:discover_packages(path) check parameters
[0.750s] Level 1:colcon.colcon_core.package_discovery:discover_packages(colcon_meta) discover
[0.750s] Level 1:colcon.colcon_core.package_discovery:discover_packages(recursive) discover
[0.751s] INFO:colcon.colcon_core.package_discovery:Crawling recursively for packages in '/home/admin/RI-Seaweed/ri_seaweed_ws'
[0.751s] Level 1:colcon.colcon_core.package_identification:_identify(.) by extensions ['ignore', 'ignore_ament_install']
[0.752s] Level 1:colcon.colcon_core.package_identification:_identify(.) by extension 'ignore'
[0.752s] Level 1:colcon.colcon_core.package_identification:_identify(.) by extension 'ignore_ament_install'
[0.753s] Level 1:colcon.colcon_core.package_identification:_identify(.) by extensions ['colcon_pkg']
[0.753s] Level 1:colcon.colcon_core.package_identification:_identify(.) by extension 'colcon_pkg'
[0.753s] Level 1:colcon.colcon_core.package_identification:_identify(.) by extensions ['colcon_meta']
[0.753s] Level 1:colcon.colcon_core.package_identification:_identify(.) by extension 'colcon_meta'
[0.753s] Level 1:colcon.colcon_core.package_identification:_identify(.) by extensions ['ros']
[0.754s] Level 1:colcon.colcon_core.package_identification:_identify(.) by extension 'ros'
[0.865s] Level 1:colcon.colcon_core.package_identification:_identify(.) by extensions ['cmake', 'python']
[0.865s] Level 1:colcon.colcon_core.package_identification:_identify(.) by extension 'cmake'
[0.865s] Level 1:colcon.colcon_core.package_identification:_identify(.) by extension 'python'
[0.866s] Level 1:colcon.colcon_core.package_identification:_identify(.) by extensions ['python_setup_py']
[0.866s] Level 1:colcon.colcon_core.package_identification:_identify(.) by extension 'python_setup_py'
[0.866s] Level 1:colcon.colcon_core.package_identification:_identify(build) by extensions ['ignore', 'ignore_ament_install']
[0.867s] Level 1:colcon.colcon_core.package_identification:_identify(build) by extension 'ignore'
[0.867s] Level 1:colcon.colcon_core.package_identification:_identify(build) ignored
[0.868s] Level 1:colcon.colcon_core.package_identification:_identify(install) by extensions ['ignore', 'ignore_ament_install']
[0.868s] Level 1:colcon.colcon_core.package_identification:_identify(install) by extension 'ignore'
[0.868s] Level 1:colcon.colcon_core.package_identification:_identify(install) ignored
[0.869s] Level 1:colcon.colcon_core.package_identification:_identify(log) by extensions ['ignore', 'ignore_ament_install']
[0.870s] Level 1:colcon.colcon_core.package_identification:_identify(log) by extension 'ignore'
[0.870s] Level 1:colcon.colcon_core.package_identification:_identify(log) ignored
[0.870s] Level 1:colcon.colcon_core.package_identification:_identify(src) by extensions ['ignore', 'ignore_ament_install']
[0.871s] Level 1:colcon.colcon_core.package_identification:_identify(src) by extension 'ignore'
[0.871s] Level 1:colcon.colcon_core.package_identification:_identify(src) by extension 'ignore_ament_install'
[0.871s] Level 1:colcon.colcon_core.package_identification:_identify(src) by extensions ['colcon_pkg']
[0.871s] Level 1:colcon.colcon_core.package_identification:_identify(src) by extension 'colcon_pkg'
[0.872s] Level 1:colcon.colcon_core.package_identification:_identify(src) by extensions ['colcon_meta']
[0.872s] Level 1:colcon.colcon_core.package_identification:_identify(src) by extension 'colcon_meta'
[0.872s] Level 1:colcon.colcon_core.package_identification:_identify(src) by extensions ['ros']
[0.872s] Level 1:colcon.colcon_core.package_identification:_identify(src) by extension 'ros'
[0.872s] Level 1:colcon.colcon_core.package_identification:_identify(src) by extensions ['cmake', 'python']
[0.873s] Level 1:colcon.colcon_core.package_identification:_identify(src) by extension 'cmake'
[0.873s] Level 1:colcon.colcon_core.package_identification:_identify(src) by extension 'python'
[0.873s] Level 1:colcon.colcon_core.package_identification:_identify(src) by extensions ['python_setup_py']
[0.873s] Level 1:colcon.colcon_core.package_identification:_identify(src) by extension 'python_setup_py'
[0.874s] Level 1:colcon.colcon_core.package_identification:_identify(src/gripper) by extensions ['ignore', 'ignore_ament_install']
[0.874s] Level 1:colcon.colcon_core.package_identification:_identify(src/gripper) by extension 'ignore'
[0.874s] Level 1:colcon.colcon_core.package_identification:_identify(src/gripper) by extension 'ignore_ament_install'
[0.875s] Level 1:colcon.colcon_core.package_identification:_identify(src/gripper) by extensions ['colcon_pkg']
[0.875s] Level 1:colcon.colcon_core.package_identification:_identify(src/gripper) by extension 'colcon_pkg'
[0.875s] Level 1:colcon.colcon_core.package_identification:_identify(src/gripper) by extensions ['colcon_meta']
[0.875s] Level 1:colcon.colcon_core.package_identification:_identify(src/gripper) by extension 'colcon_meta'
[0.875s] Level 1:colcon.colcon_core.package_identification:_identify(src/gripper) by extensions ['ros']
[0.875s] Level 1:colcon.colcon_core.package_identification:_identify(src/gripper) by extension 'ros'
[0.884s] DEBUG:colcon.colcon_core.package_identification:Package 'src/gripper' with type 'ros.ament_python' and name 'gripper'
[0.885s] Level 1:colcon.colcon_core.package_identification:_identify(src/ri_seaweed_interfaces) by extensions ['ignore', 'ignore_ament_install']
[0.886s] Level 1:colcon.colcon_core.package_identification:_identify(src/ri_seaweed_interfaces) by extension 'ignore'
[0.886s] Level 1:colcon.colcon_core.package_identification:_identify(src/ri_seaweed_interfaces) by extension 'ignore_ament_install'
[0.886s] Level 1:colcon.colcon_core.package_identification:_identify(src/ri_seaweed_interfaces) by extensions ['colcon_pkg']
[0.886s] Level 1:colcon.colcon_core.package_identification:_identify(src/ri_seaweed_interfaces) by extension 'colcon_pkg'
[0.887s] Level 1:colcon.colcon_core.package_identification:_identify(src/ri_seaweed_interfaces) by extensions ['colcon_meta']
[0.887s] Level 1:colcon.colcon_core.package_identification:_identify(src/ri_seaweed_interfaces) by extension 'colcon_meta'
[0.887s] Level 1:colcon.colcon_core.package_identification:_identify(src/ri_seaweed_interfaces) by extensions ['ros']
[0.887s] Level 1:colcon.colcon_core.package_identification:_identify(src/ri_seaweed_interfaces) by extension 'ros'
[0.889s] DEBUG:colcon.colcon_core.package_identification:Package 'src/ri_seaweed_interfaces' with type 'ros.ament_cmake' and name 'ri_seaweed_interfaces'
[0.889s] Level 1:colcon.colcon_core.package_discovery:discover_packages(recursive) using defaults
[0.890s] Level 1:colcon.colcon_core.package_discovery:discover_packages(ignore) discover
[0.890s] Level 1:colcon.colcon_core.package_discovery:discover_packages(ignore) using defaults
[0.890s] Level 1:colcon.colcon_core.package_discovery:discover_packages(path) discover
[0.890s] Level 1:colcon.colcon_core.package_discovery:discover_packages(path) using defaults
[0.959s] INFO:colcon.colcon_core.package_selection:Skipping not selected package 'ri_seaweed_interfaces' in 'src/ri_seaweed_interfaces'
[0.961s] Level 1:colcon.colcon_core.package_discovery:discover_packages(prefix_path) check parameters
[0.962s] Level 1:colcon.colcon_core.package_discovery:discover_packages(prefix_path) discover
[0.978s] DEBUG:colcon.colcon_installed_package_information.package_discovery:Found 285 installed packages in /opt/ros/jazzy
[0.985s] Level 1:colcon.colcon_core.package_discovery:discover_packages(prefix_path) using defaults
[1.190s] Level 5:colcon.colcon_core.verb:set package 'gripper' build argument 'cmake_args' from command line to 'None'
[1.190s] Level 5:colcon.colcon_core.verb:set package 'gripper' build argument 'cmake_target' from command line to 'None'
[1.190s] Level 5:colcon.colcon_core.verb:set package 'gripper' build argument 'cmake_target_skip_unavailable' from command line to 'False'
[1.190s] Level 5:colcon.colcon_core.verb:set package 'gripper' build argument 'cmake_clean_cache' from command line to 'False'
[1.190s] Level 5:colcon.colcon_core.verb:set package 'gripper' build argument 'cmake_clean_first' from command line to 'False'
[1.191s] Level 5:colcon.colcon_core.verb:set package 'gripper' build argument 'cmake_force_configure' from command line to 'False'
[1.191s] Level 5:colcon.colcon_core.verb:set package 'gripper' build argument 'ament_cmake_args' from command line to 'None'
[1.191s] Level 5:colcon.colcon_core.verb:set package 'gripper' build argument 'catkin_cmake_args' from command line to 'None'
[1.191s] Level 5:colcon.colcon_core.verb:set package 'gripper' build argument 'catkin_skip_building_tests' from command line to 'False'
[1.191s] DEBUG:colcon.colcon_core.verb:Building package 'gripper' with the following arguments: {'ament_cmake_args': None, 'build_base': '/home/admin/RI-Seaweed/ri_seaweed_ws/build/gripper', 'catkin_cmake_args': None, 'catkin_skip_building_tests': False, 'cmake_args': None, 'cmake_clean_cache': False, 'cmake_clean_first': False, 'cmake_force_configure': False, 'cmake_target': None, 'cmake_target_skip_unavailable': False, 'install_base': '/home/admin/RI-Seaweed/ri_seaweed_ws/install/gripper', 'merge_install': False, 'path': '/home/admin/RI-Seaweed/ri_seaweed_ws/src/gripper', 'symlink_install': False, 'test_result_base': None}
[1.192s] INFO:colcon.colcon_core.executor:Executing jobs using 'parallel' executor
[1.195s] DEBUG:colcon.colcon_parallel_executor.executor.parallel:run_until_complete
[1.196s] INFO:colcon.colcon_ros.task.ament_python.build:Building ROS package in '/home/admin/RI-Seaweed/ri_seaweed_ws/src/gripper' with build type 'ament_python'
[1.197s] Level 1:colcon.colcon_core.shell:create_environment_hook('gripper', 'ament_prefix_path')
[1.206s] INFO:colcon.colcon_core.plugin_system:Skipping extension 'colcon_core.shell.bat': Not used on non-Windows systems
[1.207s] INFO:colcon.colcon_core.shell:Creating environment hook '/home/admin/RI-Seaweed/ri_seaweed_ws/install/gripper/share/gripper/hook/ament_prefix_path.ps1'
[1.210s] INFO:colcon.colcon_core.shell:Creating environment descriptor '/home/admin/RI-Seaweed/ri_seaweed_ws/install/gripper/share/gripper/hook/ament_prefix_path.dsv'
[1.223s] INFO:colcon.colcon_core.shell:Creating environment hook '/home/admin/RI-Seaweed/ri_seaweed_ws/install/gripper/share/gripper/hook/ament_prefix_path.sh'
[1.229s] INFO:colcon.colcon_core.shell:Skip shell extension 'powershell' for command environment: Not usable outside of PowerShell
[1.229s] DEBUG:colcon.colcon_core.shell:Skip shell extension 'dsv' for command environment
[2.266s] INFO:colcon.colcon_core.task.python.build:Building Python package in '/home/admin/RI-Seaweed/ri_seaweed_ws/src/gripper'
[2.267s] INFO:colcon.colcon_core.shell:Skip shell extension 'powershell' for command environment: Not usable outside of PowerShell
[2.267s] DEBUG:colcon.colcon_core.shell:Skip shell extension 'dsv' for command environment
[5.210s] DEBUG:colcon.colcon_core.event_handler.log_command:Invoking command in '/home/admin/RI-Seaweed/ri_seaweed_ws/src/gripper': PYTHONPATH=/home/admin/RI-Seaweed/ri_seaweed_ws/build/gripper/prefix_override:/usr/lib/python3/dist-packages/colcon_core/task/python/colcon_distutils_commands:/home/admin/RI-Seaweed/ri_seaweed_ws/install/gripper/lib/python3.12/site-packages:${PYTHONPATH} /usr/bin/python3 -W ignore:setup.py install is deprecated -W ignore:easy_install command is deprecated setup.py egg_info --egg-base ../../build/gripper build --build-base /home/admin/RI-Seaweed/ri_seaweed_ws/build/gripper/build install --record /home/admin/RI-Seaweed/ri_seaweed_ws/build/gripper/install.log --single-version-externally-managed install_data
[7.970s] DEBUG:colcon.colcon_core.event_handler.log_command:Invoked command in '/home/admin/RI-Seaweed/ri_seaweed_ws/src/gripper' returned '0': PYTHONPATH=/home/admin/RI-Seaweed/ri_seaweed_ws/build/gripper/prefix_override:/usr/lib/python3/dist-packages/colcon_core/task/python/colcon_distutils_commands:/home/admin/RI-Seaweed/ri_seaweed_ws/install/gripper/lib/python3.12/site-packages:${PYTHONPATH} /usr/bin/python3 -W ignore:setup.py install is deprecated -W ignore:easy_install command is deprecated setup.py egg_info --egg-base ../../build/gripper build --build-base /home/admin/RI-Seaweed/ri_seaweed_ws/build/gripper/build install --record /home/admin/RI-Seaweed/ri_seaweed_ws/build/gripper/install.log --single-version-externally-managed install_data
[7.982s] Level 1:colcon.colcon_core.environment:checking '/home/admin/RI-Seaweed/ri_seaweed_ws/install/gripper' for CMake module files
[7.985s] Level 1:colcon.colcon_core.environment:checking '/home/admin/RI-Seaweed/ri_seaweed_ws/install/gripper' for CMake config files
[7.990s] Level 1:colcon.colcon_core.environment:checking '/home/admin/RI-Seaweed/ri_seaweed_ws/install/gripper/lib'
[7.991s] Level 1:colcon.colcon_core.environment:checking '/home/admin/RI-Seaweed/ri_seaweed_ws/install/gripper/bin'
[7.991s] Level 1:colcon.colcon_core.environment:checking '/home/admin/RI-Seaweed/ri_seaweed_ws/install/gripper/lib/pkgconfig/gripper.pc'
[7.992s] Level 1:colcon.colcon_core.environment:checking '/home/admin/RI-Seaweed/ri_seaweed_ws/install/gripper/lib/python3.12/site-packages'
[7.993s] Level 1:colcon.colcon_core.shell:create_environment_hook('gripper', 'pythonpath')
[7.995s] INFO:colcon.colcon_core.shell:Creating environment hook '/home/admin/RI-Seaweed/ri_seaweed_ws/install/gripper/share/gripper/hook/pythonpath.ps1'
[7.997s] INFO:colcon.colcon_core.shell:Creating environment descriptor '/home/admin/RI-Seaweed/ri_seaweed_ws/install/gripper/share/gripper/hook/pythonpath.dsv'
[8.004s] INFO:colcon.colcon_core.shell:Creating environment hook '/home/admin/RI-Seaweed/ri_seaweed_ws/install/gripper/share/gripper/hook/pythonpath.sh'
[8.020s] Level 1:colcon.colcon_core.environment:checking '/home/admin/RI-Seaweed/ri_seaweed_ws/install/gripper/bin'
[8.020s] Level 1:colcon.colcon_core.environment:create_environment_scripts_only(gripper)
[8.022s] INFO:colcon.colcon_core.shell:Creating package script '/home/admin/RI-Seaweed/ri_seaweed_ws/install/gripper/share/gripper/package.ps1'
[8.028s] INFO:colcon.colcon_core.shell:Creating package descriptor '/home/admin/RI-Seaweed/ri_seaweed_ws/install/gripper/share/gripper/package.dsv'
[8.038s] INFO:colcon.colcon_core.shell:Creating package script '/home/admin/RI-Seaweed/ri_seaweed_ws/install/gripper/share/gripper/package.sh'
[8.044s] INFO:colcon.colcon_core.shell:Creating package script '/home/admin/RI-Seaweed/ri_seaweed_ws/install/gripper/share/gripper/package.bash'
[8.051s] INFO:colcon.colcon_core.shell:Creating package script '/home/admin/RI-Seaweed/ri_seaweed_ws/install/gripper/share/gripper/package.zsh'
[8.055s] Level 1:colcon.colcon_core.environment:create_file_with_runtime_dependencies(/home/admin/RI-Seaweed/ri_seaweed_ws/install/gripper/share/colcon-core/packages/gripper)
[8.058s] DEBUG:colcon.colcon_parallel_executor.executor.parallel:closing loop
[8.060s] DEBUG:colcon.colcon_parallel_executor.executor.parallel:loop closed
[8.061s] DEBUG:colcon.colcon_parallel_executor.executor.parallel:run_until_complete finished with '0'
[8.061s] DEBUG:colcon.colcon_core.event_reactor:joining thread
[8.085s] INFO:colcon.colcon_core.plugin_system:Skipping extension 'colcon_notification.desktop_notification.notify_send': Could not find 'notify-send'
[8.086s] INFO:colcon.colcon_core.plugin_system:Skipping extension 'colcon_notification.desktop_notification.terminal_notifier': Not used on non-Darwin systems
[8.086s] INFO:colcon.colcon_core.plugin_system:Skipping extension 'colcon_notification.desktop_notification.win32': Not used on non-Windows systems
[8.086s] INFO:colcon.colcon_notification.desktop_notification:Sending desktop notification using 'notify2'
[8.089s] DEBUG:colcon.colcon_notification.desktop_notification.notify2:Failed to initialize notify2: org.freedesktop.DBus.Error.ServiceUnknown: The name org.freedesktop.Notifications was not provided by any .service files
[8.090s] DEBUG:colcon.colcon_core.event_reactor:joined thread
[8.091s] INFO:colcon.colcon_core.shell:Creating prefix script '/home/admin/RI-Seaweed/ri_seaweed_ws/install/local_setup.ps1'
[8.094s] INFO:colcon.colcon_core.shell:Creating prefix util module '/home/admin/RI-Seaweed/ri_seaweed_ws/install/_local_setup_util_ps1.py'
[8.100s] INFO:colcon.colcon_core.shell:Creating prefix chain script '/home/admin/RI-Seaweed/ri_seaweed_ws/install/setup.ps1'
[8.122s] INFO:colcon.colcon_core.shell:Creating prefix script '/home/admin/RI-Seaweed/ri_seaweed_ws/install/local_setup.sh'
[8.145s] INFO:colcon.colcon_core.shell:Creating prefix util module '/home/admin/RI-Seaweed/ri_seaweed_ws/install/_local_setup_util_sh.py'
[8.168s] INFO:colcon.colcon_core.shell:Creating prefix chain script '/home/admin/RI-Seaweed/ri_seaweed_ws/install/setup.sh'
[8.191s] INFO:colcon.colcon_core.shell:Creating prefix script '/home/admin/RI-Seaweed/ri_seaweed_ws/install/local_setup.bash'
[8.213s] INFO:colcon.colcon_core.shell:Creating prefix chain script '/home/admin/RI-Seaweed/ri_seaweed_ws/install/setup.bash'
[8.237s] INFO:colcon.colcon_core.shell:Creating prefix script '/home/admin/RI-Seaweed/ri_seaweed_ws/install/local_setup.zsh'
[8.266s] INFO:colcon.colcon_core.shell:Creating prefix chain script '/home/admin/RI-Seaweed/ri_seaweed_ws/install/setup.zsh'
