[0.054s] Invoking command in '/home/admin/RI-Seaweed/playground_ws/build/polygon_base': CMAKE_PREFIX_PATH=${CMAKE_PREFIX_PATH}:/opt/ros/jazzy /usr/bin/cmake /home/admin/RI-Seaweed/playground_ws/src/polygon_base -DCMAKE_INSTALL_PREFIX=/home/admin/RI-Seaweed/playground_ws/install/polygon_base
[0.383s] -- The C compiler identification is GNU 13.3.0
[0.698s] -- The CXX compiler identification is GNU 13.3.0
[0.800s] -- Detecting C compiler ABI info
[1.342s] -- Detecting C compiler ABI info - done
[1.381s] -- Check for working C compiler: /usr/bin/cc - skipped
[1.381s] -- Detecting C compile features
[1.383s] -- Detecting C compile features - done
[1.434s] -- Detecting CXX compiler ABI info
[2.021s] -- Detecting CXX compiler ABI info - done
[2.067s] -- Check for working CXX compiler: /usr/bin/c++ - skipped
[2.068s] -- Detecting CXX compile features
[2.070s] -- Detecting CXX compile features - done
[2.103s] -- Found ament_cmake: 2.5.5 (/opt/ros/jazzy/share/ament_cmake/cmake)
[2.934s] -- Found Python3: /usr/bin/python3 (found version "3.12.3") found components: Interpreter 
[3.681s] -- Found pluginlib: 5.4.4 (/opt/ros/jazzy/share/pluginlib/cmake)
[4.014s] -- Found TinyXML2 via Config file: /usr/lib/aarch64-linux-gnu/cmake/tinyxml2
[4.045s] -- Found ament_lint_auto: 0.17.4 (/opt/ros/jazzy/share/ament_lint_auto/cmake)
[4.694s] -- Added test 'cppcheck' to perform static code analysis on C / C++ code
[4.695s] -- Configured cppcheck include dirs: $<BUILD_INTERFACE:/home/admin/RI-Seaweed/playground_ws/src/polygon_base/include>
[4.696s] -- Configured cppcheck exclude dirs and/or files: 
[4.700s] -- Added test 'lint_cmake' to check CMake code style
[4.709s] -- Added test 'uncrustify' to check C / C++ code style
[4.710s] -- Configured uncrustify additional arguments: 
[4.713s] -- Added test 'xmllint' to check XML markup files
[4.731s] -- Configuring done (4.6s)
[4.768s] -- Generating done (0.0s)
[4.781s] -- Build files have been written to: /home/admin/RI-Seaweed/playground_ws/build/polygon_base
[4.801s] Invoked command in '/home/admin/RI-Seaweed/playground_ws/build/polygon_base' returned '0': CMAKE_PREFIX_PATH=${CMAKE_PREFIX_PATH}:/opt/ros/jazzy /usr/bin/cmake /home/admin/RI-Seaweed/playground_ws/src/polygon_base -DCMAKE_INSTALL_PREFIX=/home/admin/RI-Seaweed/playground_ws/install/polygon_base
[4.807s] Invoking command in '/home/admin/RI-Seaweed/playground_ws/build/polygon_base': CMAKE_PREFIX_PATH=${CMAKE_PREFIX_PATH}:/opt/ros/jazzy /usr/bin/cmake --build /home/admin/RI-Seaweed/playground_ws/build/polygon_base -- -j4 -l4
[5.113s] [ 50%] [32mBuilding CXX object CMakeFiles/area_node.dir/src/area_node.cpp.o[0m
[5.294s] [100%] [32m[1mLinking CXX executable area_node[0m
[5.557s] [100%] Built target area_node
[5.623s] Invoked command in '/home/admin/RI-Seaweed/playground_ws/build/polygon_base' returned '0': CMAKE_PREFIX_PATH=${CMAKE_PREFIX_PATH}:/opt/ros/jazzy /usr/bin/cmake --build /home/admin/RI-Seaweed/playground_ws/build/polygon_base -- -j4 -l4
[5.679s] Invoking command in '/home/admin/RI-Seaweed/playground_ws/build/polygon_base': CMAKE_PREFIX_PATH=${CMAKE_PREFIX_PATH}:/opt/ros/jazzy /usr/bin/cmake --install /home/admin/RI-Seaweed/playground_ws/build/polygon_base
[5.724s] -- Install configuration: ""
[5.725s] -- Installing: /home/admin/RI-Seaweed/playground_ws/install/polygon_base/include/polygon_base
[5.726s] -- Installing: /home/admin/RI-Seaweed/playground_ws/install/polygon_base/include/polygon_base/polygon_base
[5.726s] -- Installing: /home/admin/RI-Seaweed/playground_ws/install/polygon_base/include/polygon_base/polygon_base/regular_polygon.hpp
[5.728s] -- Installing: /home/admin/RI-Seaweed/playground_ws/install/polygon_base/share/polygon_base/cmake/export_polygon_base.cmake
[5.730s] -- Installing: /home/admin/RI-Seaweed/playground_ws/install/polygon_base/lib/polygon_base/area_node
[5.733s] -- Set non-toolchain portion of runtime path of "/home/admin/RI-Seaweed/playground_ws/install/polygon_base/lib/polygon_base/area_node" to ""
[5.735s] -- Installing: /home/admin/RI-Seaweed/playground_ws/install/polygon_base/share/ament_index/resource_index/package_run_dependencies/polygon_base
[5.737s] -- Installing: /home/admin/RI-Seaweed/playground_ws/install/polygon_base/share/ament_index/resource_index/parent_prefix_path/polygon_base
[5.739s] -- Installing: /home/admin/RI-Seaweed/playground_ws/install/polygon_base/share/polygon_base/environment/ament_prefix_path.sh
[5.740s] -- Installing: /home/admin/RI-Seaweed/playground_ws/install/polygon_base/share/polygon_base/environment/ament_prefix_path.dsv
[5.741s] -- Installing: /home/admin/RI-Seaweed/playground_ws/install/polygon_base/share/polygon_base/environment/path.sh
[5.743s] -- Installing: /home/admin/RI-Seaweed/playground_ws/install/polygon_base/share/polygon_base/environment/path.dsv
[5.744s] -- Installing: /home/admin/RI-Seaweed/playground_ws/install/polygon_base/share/polygon_base/local_setup.bash
[5.746s] -- Installing: /home/admin/RI-Seaweed/playground_ws/install/polygon_base/share/polygon_base/local_setup.sh
[5.747s] -- Installing: /home/admin/RI-Seaweed/playground_ws/install/polygon_base/share/polygon_base/local_setup.zsh
[5.749s] -- Installing: /home/admin/RI-Seaweed/playground_ws/install/polygon_base/share/polygon_base/local_setup.dsv
[5.750s] -- Installing: /home/admin/RI-Seaweed/playground_ws/install/polygon_base/share/polygon_base/package.dsv
[5.751s] -- Installing: /home/admin/RI-Seaweed/playground_ws/install/polygon_base/share/ament_index/resource_index/packages/polygon_base
[5.753s] -- Installing: /home/admin/RI-Seaweed/playground_ws/install/polygon_base/share/polygon_base/cmake/export_polygon_baseExport.cmake
[5.754s] -- Installing: /home/admin/RI-Seaweed/playground_ws/install/polygon_base/share/polygon_base/cmake/ament_cmake_export_include_directories-extras.cmake
[5.756s] -- Installing: /home/admin/RI-Seaweed/playground_ws/install/polygon_base/share/polygon_base/cmake/ament_cmake_export_targets-extras.cmake
[5.757s] -- Installing: /home/admin/RI-Seaweed/playground_ws/install/polygon_base/share/polygon_base/cmake/polygon_baseConfig.cmake
[5.759s] -- Installing: /home/admin/RI-Seaweed/playground_ws/install/polygon_base/share/polygon_base/cmake/polygon_baseConfig-version.cmake
[5.760s] -- Installing: /home/admin/RI-Seaweed/playground_ws/install/polygon_base/share/polygon_base/package.xml
[5.769s] Invoked command in '/home/admin/RI-Seaweed/playground_ws/build/polygon_base' returned '0': CMAKE_PREFIX_PATH=${CMAKE_PREFIX_PATH}:/opt/ros/jazzy /usr/bin/cmake --install /home/admin/RI-Seaweed/playground_ws/build/polygon_base
