running egg_info
writing ../../build/gripper_package/gripper_package.egg-info/PKG-INFO
writing dependency_links to ../../build/gripper_package/gripper_package.egg-info/dependency_links.txt
writing entry points to ../../build/gripper_package/gripper_package.egg-info/entry_points.txt
writing requirements to ../../build/gripper_package/gripper_package.egg-info/requires.txt
writing top-level names to ../../build/gripper_package/gripper_package.egg-info/top_level.txt
reading manifest file '../../build/gripper_package/gripper_package.egg-info/SOURCES.txt'
writing manifest file '../../build/gripper_package/gripper_package.egg-info/SOURCES.txt'
running build
running build_py
copying gripper_package/gripper_node.py -> /home/admin/ros2_ws_test1/build/gripper_package/build/lib/gripper_package
running install
running install_lib
copying /home/admin/ros2_ws_test1/build/gripper_package/build/lib/gripper_package/gripper_node.py -> /home/admin/ros2_ws_test1/install/gripper_package/lib/python3.12/site-packages/gripper_package
byte-compiling /home/admin/ros2_ws_test1/install/gripper_package/lib/python3.12/site-packages/gripper_package/gripper_node.py to gripper_node.cpython-312.pyc
running install_data
running install_egg_info
removing '/home/admin/ros2_ws_test1/install/gripper_package/lib/python3.12/site-packages/gripper_package-0.0.0-py3.12.egg-info' (and everything under it)
Copying ../../build/gripper_package/gripper_package.egg-info to /home/admin/ros2_ws_test1/install/gripper_package/lib/python3.12/site-packages/gripper_package-0.0.0-py3.12.egg-info
running install_scripts
Installing gripper_node script to /home/admin/ros2_ws_test1/install/gripper_package/lib/gripper_package
writing list of installed files to '/home/admin/ros2_ws_test1/build/gripper_package/install.log'
