[4.441s] Invoking command in '/home/admin/ros2_ws_test1/src/gripper_package': PYTHONPATH=/home/admin/ros2_ws_test1/build/gripper_package/prefix_override:/usr/lib/python3/dist-packages/colcon_core/task/python/colcon_distutils_commands:/home/admin/ros2_ws_test1/install/gripper_package/lib/python3.12/site-packages:${PYTHONPATH} /usr/bin/python3 -W ignore:setup.py install is deprecated -W ignore:easy_install command is deprecated setup.py egg_info --egg-base ../../build/gripper_package build --build-base /home/admin/ros2_ws_test1/build/gripper_package/build install --record /home/admin/ros2_ws_test1/build/gripper_package/install.log --single-version-externally-managed install_data
[5.883s] running egg_info
[5.983s] writing ../../build/gripper_package/gripper_package.egg-info/PKG-INFO
[5.985s] writing dependency_links to ../../build/gripper_package/gripper_package.egg-info/dependency_links.txt
[5.986s] writing entry points to ../../build/gripper_package/gripper_package.egg-info/entry_points.txt
[5.987s] writing requirements to ../../build/gripper_package/gripper_package.egg-info/requires.txt
[5.988s] writing top-level names to ../../build/gripper_package/gripper_package.egg-info/top_level.txt
[6.196s] reading manifest file '../../build/gripper_package/gripper_package.egg-info/SOURCES.txt'
[6.200s] writing manifest file '../../build/gripper_package/gripper_package.egg-info/SOURCES.txt'
[6.200s] running build
[6.201s] running build_py
[6.202s] copying gripper_package/gripper_node.py -> /home/admin/ros2_ws_test1/build/gripper_package/build/lib/gripper_package
[6.203s] running install
[6.229s] running install_lib
[6.333s] copying /home/admin/ros2_ws_test1/build/gripper_package/build/lib/gripper_package/gripper_node.py -> /home/admin/ros2_ws_test1/install/gripper_package/lib/python3.12/site-packages/gripper_package
[6.337s] byte-compiling /home/admin/ros2_ws_test1/install/gripper_package/lib/python3.12/site-packages/gripper_package/gripper_node.py to gripper_node.cpython-312.pyc
[6.339s] running install_data
[6.340s] running install_egg_info
[6.449s] removing '/home/admin/ros2_ws_test1/install/gripper_package/lib/python3.12/site-packages/gripper_package-0.0.0-py3.12.egg-info' (and everything under it)
[6.451s] Copying ../../build/gripper_package/gripper_package.egg-info to /home/admin/ros2_ws_test1/install/gripper_package/lib/python3.12/site-packages/gripper_package-0.0.0-py3.12.egg-info
[6.458s] running install_scripts
[7.234s] Installing gripper_node script to /home/admin/ros2_ws_test1/install/gripper_package/lib/gripper_package
[7.239s] writing list of installed files to '/home/admin/ros2_ws_test1/build/gripper_package/install.log'
[7.387s] Invoked command in '/home/admin/ros2_ws_test1/src/gripper_package' returned '0': PYTHONPATH=/home/admin/ros2_ws_test1/build/gripper_package/prefix_override:/usr/lib/python3/dist-packages/colcon_core/task/python/colcon_distutils_commands:/home/admin/ros2_ws_test1/install/gripper_package/lib/python3.12/site-packages:${PYTHONPATH} /usr/bin/python3 -W ignore:setup.py install is deprecated -W ignore:easy_install command is deprecated setup.py egg_info --egg-base ../../build/gripper_package build --build-base /home/admin/ros2_ws_test1/build/gripper_package/build install --record /home/admin/ros2_ws_test1/build/gripper_package/install.log --single-version-externally-managed install_data
