[4.039s] Invoking command in '/home/admin/playground_ws/src/py_srvcli': PYTHONPATH=/home/admin/playground_ws/build/py_srvcli/prefix_override:/usr/lib/python3/dist-packages/colcon_core/task/python/colcon_distutils_commands:/home/admin/playground_ws/install/py_srvcli/lib/python3.12/site-packages:/home/admin/playground_ws/install/tutorial_interfaces/lib/python3.12/site-packages:/home/admin/playground_ws/install/py_srvcli/lib/python3.12/site-packages:/home/admin/playground_ws/install/py_pubsub/lib/python3.12/site-packages:/home/admin/playground_ws/install/gripper_package/lib/python3.12/site-packages:/opt/ros/jazzy/lib/python3.12/site-packages /usr/bin/python3 -W ignore:setup.py install is deprecated -W ignore:easy_install command is deprecated setup.py egg_info --egg-base ../../build/py_srvcli build --build-base /home/admin/playground_ws/build/py_srvcli/build install --record /home/admin/playground_ws/build/py_srvcli/install.log --single-version-externally-managed install_data
[5.294s] running egg_info
[5.387s] writing ../../build/py_srvcli/py_srvcli.egg-info/PKG-INFO
[5.389s] writing dependency_links to ../../build/py_srvcli/py_srvcli.egg-info/dependency_links.txt
[5.390s] writing entry points to ../../build/py_srvcli/py_srvcli.egg-info/entry_points.txt
[5.391s] writing requirements to ../../build/py_srvcli/py_srvcli.egg-info/requires.txt
[5.392s] writing top-level names to ../../build/py_srvcli/py_srvcli.egg-info/top_level.txt
[5.581s] reading manifest file '../../build/py_srvcli/py_srvcli.egg-info/SOURCES.txt'
[5.583s] adding license file 'LICENSE'
[5.585s] writing manifest file '../../build/py_srvcli/py_srvcli.egg-info/SOURCES.txt'
[5.586s] running build
[5.586s] running build_py
[5.587s] copying py_srvcli/service_member_function.py -> /home/admin/playground_ws/build/py_srvcli/build/lib/py_srvcli
[5.589s] running install
[5.614s] running install_lib
[5.707s] copying /home/admin/playground_ws/build/py_srvcli/build/lib/py_srvcli/service_member_function.py -> /home/admin/playground_ws/install/py_srvcli/lib/python3.12/site-packages/py_srvcli
[5.711s] byte-compiling /home/admin/playground_ws/install/py_srvcli/lib/python3.12/site-packages/py_srvcli/service_member_function.py to service_member_function.cpython-312.pyc
[5.714s] running install_data
[5.715s] running install_egg_info
[5.815s] removing '/home/admin/playground_ws/install/py_srvcli/lib/python3.12/site-packages/py_srvcli-0.0.0-py3.12.egg-info' (and everything under it)
[5.817s] Copying ../../build/py_srvcli/py_srvcli.egg-info to /home/admin/playground_ws/install/py_srvcli/lib/python3.12/site-packages/py_srvcli-0.0.0-py3.12.egg-info
[5.823s] running install_scripts
[6.570s] Installing client script to /home/admin/playground_ws/install/py_srvcli/lib/py_srvcli
[6.572s] Installing service script to /home/admin/playground_ws/install/py_srvcli/lib/py_srvcli
[6.574s] writing list of installed files to '/home/admin/playground_ws/build/py_srvcli/install.log'
[6.724s] Invoked command in '/home/admin/playground_ws/src/py_srvcli' returned '0': PYTHONPATH=/home/admin/playground_ws/build/py_srvcli/prefix_override:/usr/lib/python3/dist-packages/colcon_core/task/python/colcon_distutils_commands:/home/admin/playground_ws/install/py_srvcli/lib/python3.12/site-packages:/home/admin/playground_ws/install/tutorial_interfaces/lib/python3.12/site-packages:/home/admin/playground_ws/install/py_srvcli/lib/python3.12/site-packages:/home/admin/playground_ws/install/py_pubsub/lib/python3.12/site-packages:/home/admin/playground_ws/install/gripper_package/lib/python3.12/site-packages:/opt/ros/jazzy/lib/python3.12/site-packages /usr/bin/python3 -W ignore:setup.py install is deprecated -W ignore:easy_install command is deprecated setup.py egg_info --egg-base ../../build/py_srvcli build --build-base /home/admin/playground_ws/build/py_srvcli/build install --record /home/admin/playground_ws/build/py_srvcli/install.log --single-version-externally-managed install_data
