[0.466s] DEBUG:colcon:Command line arguments: ['/usr/bin/colcon', 'build', '--packages-select', 'cpp_pubsub']
[0.467s] DEBUG:colcon:Parsed command line arguments: Namespace(log_base=None, log_level=None, verb_name='build', build_base='build', install_base='install', merge_install=False, symlink_install=False, test_result_base=None, continue_on_error=False, executor='parallel', parallel_workers=4, event_handlers=None, ignore_user_meta=False, metas=['./colcon.meta'], base_paths=['.'], packages_ignore=None, packages_ignore_regex=None, paths=None, packages_up_to=None, packages_up_to_regex=None, packages_above=None, packages_above_and_dependencies=None, packages_above_depth=None, packages_select_by_dep=None, packages_skip_by_dep=None, packages_skip_up_to=None, packages_select_build_failed=False, packages_skip_build_finished=False, packages_select_test_failures=False, packages_skip_test_passed=False, packages_select=['cpp_pubsub'], packages_skip=None, packages_select_regex=None, packages_skip_regex=None, packages_start=None, packages_end=None, allow_overriding=[], cmake_args=None, cmake_target=None, cmake_target_skip_unavailable=False, cmake_clean_cache=False, cmake_clean_first=False, cmake_force_configure=False, ament_cmake_args=None, catkin_cmake_args=None, catkin_skip_building_tests=False, mixin_files=None, mixin=None, verb_parser=<colcon_mixin.mixin.mixin_argument.MixinArgumentDecorator object at 0xffff9507dc40>, verb_extension=<colcon_core.verb.build.BuildVerb object at 0xffff9522dd00>, main=<bound method BuildVerb.main of <colcon_core.verb.build.BuildVerb object at 0xffff9522dd00>>, mixin_verb=('build',))
[0.645s] Level 1:colcon.colcon_core.package_discovery:discover_packages(colcon_meta) check parameters
[0.646s] Level 1:colcon.colcon_core.package_discovery:discover_packages(recursive) check parameters
[0.646s] Level 1:colcon.colcon_core.package_discovery:discover_packages(ignore) check parameters
[0.646s] Level 1:colcon.colcon_core.package_discovery:discover_packages(path) check parameters
[0.646s] Level 1:colcon.colcon_core.package_discovery:discover_packages(colcon_meta) discover
[0.647s] Level 1:colcon.colcon_core.package_discovery:discover_packages(recursive) discover
[0.647s] INFO:colcon.colcon_core.package_discovery:Crawling recursively for packages in '/home/admin/playground_ws'
[0.647s] Level 1:colcon.colcon_core.package_identification:_identify(.) by extensions ['ignore', 'ignore_ament_install']
[0.648s] Level 1:colcon.colcon_core.package_identification:_identify(.) by extension 'ignore'
[0.648s] Level 1:colcon.colcon_core.package_identification:_identify(.) by extension 'ignore_ament_install'
[0.648s] Level 1:colcon.colcon_core.package_identification:_identify(.) by extensions ['colcon_pkg']
[0.648s] Level 1:colcon.colcon_core.package_identification:_identify(.) by extension 'colcon_pkg'
[0.648s] Level 1:colcon.colcon_core.package_identification:_identify(.) by extensions ['colcon_meta']
[0.649s] Level 1:colcon.colcon_core.package_identification:_identify(.) by extension 'colcon_meta'
[0.649s] Level 1:colcon.colcon_core.package_identification:_identify(.) by extensions ['ros']
[0.649s] Level 1:colcon.colcon_core.package_identification:_identify(.) by extension 'ros'
[0.766s] Level 1:colcon.colcon_core.package_identification:_identify(.) by extensions ['cmake', 'python']
[0.766s] Level 1:colcon.colcon_core.package_identification:_identify(.) by extension 'cmake'
[0.766s] Level 1:colcon.colcon_core.package_identification:_identify(.) by extension 'python'
[0.767s] Level 1:colcon.colcon_core.package_identification:_identify(.) by extensions ['python_setup_py']
[0.767s] Level 1:colcon.colcon_core.package_identification:_identify(.) by extension 'python_setup_py'
[0.768s] Level 1:colcon.colcon_core.package_identification:_identify(build) by extensions ['ignore', 'ignore_ament_install']
[0.768s] Level 1:colcon.colcon_core.package_identification:_identify(build) by extension 'ignore'
[0.769s] Level 1:colcon.colcon_core.package_identification:_identify(build) ignored
[0.770s] Level 1:colcon.colcon_core.package_identification:_identify(install) by extensions ['ignore', 'ignore_ament_install']
[0.770s] Level 1:colcon.colcon_core.package_identification:_identify(install) by extension 'ignore'
[0.771s] Level 1:colcon.colcon_core.package_identification:_identify(install) ignored
[0.772s] Level 1:colcon.colcon_core.package_identification:_identify(log) by extensions ['ignore', 'ignore_ament_install']
[0.772s] Level 1:colcon.colcon_core.package_identification:_identify(log) by extension 'ignore'
[0.773s] Level 1:colcon.colcon_core.package_identification:_identify(log) ignored
[0.773s] Level 1:colcon.colcon_core.package_identification:_identify(src) by extensions ['ignore', 'ignore_ament_install']
[0.774s] Level 1:colcon.colcon_core.package_identification:_identify(src) by extension 'ignore'
[0.774s] Level 1:colcon.colcon_core.package_identification:_identify(src) by extension 'ignore_ament_install'
[0.774s] Level 1:colcon.colcon_core.package_identification:_identify(src) by extensions ['colcon_pkg']
[0.775s] Level 1:colcon.colcon_core.package_identification:_identify(src) by extension 'colcon_pkg'
[0.775s] Level 1:colcon.colcon_core.package_identification:_identify(src) by extensions ['colcon_meta']
[0.775s] Level 1:colcon.colcon_core.package_identification:_identify(src) by extension 'colcon_meta'
[0.776s] Level 1:colcon.colcon_core.package_identification:_identify(src) by extensions ['ros']
[0.776s] Level 1:colcon.colcon_core.package_identification:_identify(src) by extension 'ros'
[0.777s] Level 1:colcon.colcon_core.package_identification:_identify(src) by extensions ['cmake', 'python']
[0.777s] Level 1:colcon.colcon_core.package_identification:_identify(src) by extension 'cmake'
[0.777s] Level 1:colcon.colcon_core.package_identification:_identify(src) by extension 'python'
[0.777s] Level 1:colcon.colcon_core.package_identification:_identify(src) by extensions ['python_setup_py']
[0.778s] Level 1:colcon.colcon_core.package_identification:_identify(src) by extension 'python_setup_py'
[0.778s] Level 1:colcon.colcon_core.package_identification:_identify(src/cpp_pubsub) by extensions ['ignore', 'ignore_ament_install']
[0.779s] Level 1:colcon.colcon_core.package_identification:_identify(src/cpp_pubsub) by extension 'ignore'
[0.779s] Level 1:colcon.colcon_core.package_identification:_identify(src/cpp_pubsub) by extension 'ignore_ament_install'
[0.780s] Level 1:colcon.colcon_core.package_identification:_identify(src/cpp_pubsub) by extensions ['colcon_pkg']
[0.780s] Level 1:colcon.colcon_core.package_identification:_identify(src/cpp_pubsub) by extension 'colcon_pkg'
[0.780s] Level 1:colcon.colcon_core.package_identification:_identify(src/cpp_pubsub) by extensions ['colcon_meta']
[0.781s] Level 1:colcon.colcon_core.package_identification:_identify(src/cpp_pubsub) by extension 'colcon_meta'
[0.781s] Level 1:colcon.colcon_core.package_identification:_identify(src/cpp_pubsub) by extensions ['ros']
[0.781s] Level 1:colcon.colcon_core.package_identification:_identify(src/cpp_pubsub) by extension 'ros'
[0.791s] DEBUG:colcon.colcon_core.package_identification:Package 'src/cpp_pubsub' with type 'ros.ament_cmake' and name 'cpp_pubsub'
[0.791s] Level 1:colcon.colcon_core.package_identification:_identify(src/gripper_package) by extensions ['ignore', 'ignore_ament_install']
[0.792s] Level 1:colcon.colcon_core.package_identification:_identify(src/gripper_package) by extension 'ignore'
[0.793s] Level 1:colcon.colcon_core.package_identification:_identify(src/gripper_package) by extension 'ignore_ament_install'
[0.793s] Level 1:colcon.colcon_core.package_identification:_identify(src/gripper_package) by extensions ['colcon_pkg']
[0.794s] Level 1:colcon.colcon_core.package_identification:_identify(src/gripper_package) by extension 'colcon_pkg'
[0.794s] Level 1:colcon.colcon_core.package_identification:_identify(src/gripper_package) by extensions ['colcon_meta']
[0.794s] Level 1:colcon.colcon_core.package_identification:_identify(src/gripper_package) by extension 'colcon_meta'
[0.795s] Level 1:colcon.colcon_core.package_identification:_identify(src/gripper_package) by extensions ['ros']
[0.795s] Level 1:colcon.colcon_core.package_identification:_identify(src/gripper_package) by extension 'ros'
[0.797s] DEBUG:colcon.colcon_core.package_identification:Package 'src/gripper_package' with type 'ros.ament_python' and name 'gripper_package'
[0.797s] Level 1:colcon.colcon_core.package_identification:_identify(src/py_pubsub) by extensions ['ignore', 'ignore_ament_install']
[0.798s] Level 1:colcon.colcon_core.package_identification:_identify(src/py_pubsub) by extension 'ignore'
[0.798s] Level 1:colcon.colcon_core.package_identification:_identify(src/py_pubsub) by extension 'ignore_ament_install'
[0.799s] Level 1:colcon.colcon_core.package_identification:_identify(src/py_pubsub) by extensions ['colcon_pkg']
[0.799s] Level 1:colcon.colcon_core.package_identification:_identify(src/py_pubsub) by extension 'colcon_pkg'
[0.799s] Level 1:colcon.colcon_core.package_identification:_identify(src/py_pubsub) by extensions ['colcon_meta']
[0.799s] Level 1:colcon.colcon_core.package_identification:_identify(src/py_pubsub) by extension 'colcon_meta'
[0.800s] Level 1:colcon.colcon_core.package_identification:_identify(src/py_pubsub) by extensions ['ros']
[0.800s] Level 1:colcon.colcon_core.package_identification:_identify(src/py_pubsub) by extension 'ros'
[0.802s] DEBUG:colcon.colcon_core.package_identification:Package 'src/py_pubsub' with type 'ros.ament_python' and name 'py_pubsub'
[0.802s] Level 1:colcon.colcon_core.package_discovery:discover_packages(recursive) using defaults
[0.803s] Level 1:colcon.colcon_core.package_discovery:discover_packages(ignore) discover
[0.803s] Level 1:colcon.colcon_core.package_discovery:discover_packages(ignore) using defaults
[0.803s] Level 1:colcon.colcon_core.package_discovery:discover_packages(path) discover
[0.803s] Level 1:colcon.colcon_core.package_discovery:discover_packages(path) using defaults
[0.879s] INFO:colcon.colcon_core.package_selection:Skipping not selected package 'gripper_package' in 'src/gripper_package'
[0.879s] INFO:colcon.colcon_core.package_selection:Skipping not selected package 'py_pubsub' in 'src/py_pubsub'
[0.881s] Level 1:colcon.colcon_core.package_discovery:discover_packages(prefix_path) check parameters
[0.881s] Level 1:colcon.colcon_core.package_discovery:discover_packages(prefix_path) discover
[0.890s] DEBUG:colcon.colcon_installed_package_information.package_discovery:Found 2 installed packages in /home/admin/playground_ws/install
[0.901s] DEBUG:colcon.colcon_installed_package_information.package_discovery:Found 285 installed packages in /opt/ros/jazzy
[0.909s] Level 1:colcon.colcon_core.package_discovery:discover_packages(prefix_path) using defaults
[1.112s] Level 5:colcon.colcon_core.verb:set package 'cpp_pubsub' build argument 'cmake_args' from command line to 'None'
[1.113s] Level 5:colcon.colcon_core.verb:set package 'cpp_pubsub' build argument 'cmake_target' from command line to 'None'
[1.113s] Level 5:colcon.colcon_core.verb:set package 'cpp_pubsub' build argument 'cmake_target_skip_unavailable' from command line to 'False'
[1.113s] Level 5:colcon.colcon_core.verb:set package 'cpp_pubsub' build argument 'cmake_clean_cache' from command line to 'False'
[1.113s] Level 5:colcon.colcon_core.verb:set package 'cpp_pubsub' build argument 'cmake_clean_first' from command line to 'False'
[1.113s] Level 5:colcon.colcon_core.verb:set package 'cpp_pubsub' build argument 'cmake_force_configure' from command line to 'False'
[1.113s] Level 5:colcon.colcon_core.verb:set package 'cpp_pubsub' build argument 'ament_cmake_args' from command line to 'None'
[1.113s] Level 5:colcon.colcon_core.verb:set package 'cpp_pubsub' build argument 'catkin_cmake_args' from command line to 'None'
[1.113s] Level 5:colcon.colcon_core.verb:set package 'cpp_pubsub' build argument 'catkin_skip_building_tests' from command line to 'False'
[1.114s] DEBUG:colcon.colcon_core.verb:Building package 'cpp_pubsub' with the following arguments: {'ament_cmake_args': None, 'build_base': '/home/admin/playground_ws/build/cpp_pubsub', 'catkin_cmake_args': None, 'catkin_skip_building_tests': False, 'cmake_args': None, 'cmake_clean_cache': False, 'cmake_clean_first': False, 'cmake_force_configure': False, 'cmake_target': None, 'cmake_target_skip_unavailable': False, 'install_base': '/home/admin/playground_ws/install/cpp_pubsub', 'merge_install': False, 'path': '/home/admin/playground_ws/src/cpp_pubsub', 'symlink_install': False, 'test_result_base': None}
[1.114s] INFO:colcon.colcon_core.executor:Executing jobs using 'parallel' executor
[1.118s] DEBUG:colcon.colcon_parallel_executor.executor.parallel:run_until_complete
[1.119s] INFO:colcon.colcon_ros.task.ament_cmake.build:Building ROS package in '/home/admin/playground_ws/src/cpp_pubsub' with build type 'ament_cmake'
[1.120s] INFO:colcon.colcon_cmake.task.cmake.build:Building CMake package in '/home/admin/playground_ws/src/cpp_pubsub'
[1.129s] INFO:colcon.colcon_core.plugin_system:Skipping extension 'colcon_core.shell.bat': Not used on non-Windows systems
[1.130s] INFO:colcon.colcon_core.shell:Skip shell extension 'powershell' for command environment: Not usable outside of PowerShell
[1.130s] DEBUG:colcon.colcon_core.shell:Skip shell extension 'dsv' for command environment
[1.180s] DEBUG:colcon.colcon_core.event_handler.log_command:Invoking command in '/home/admin/playground_ws/build/cpp_pubsub': CMAKE_PREFIX_PATH=${CMAKE_PREFIX_PATH}:/home/admin/playground_ws/install/gripper_package:/opt/ros/jazzy /usr/bin/cmake --build /home/admin/playground_ws/build/cpp_pubsub -- -j4 -l4
[22.000s] DEBUG:colcon.colcon_core.event_handler.log_command:Invoked command in '/home/admin/playground_ws/build/cpp_pubsub' returned '0': CMAKE_PREFIX_PATH=${CMAKE_PREFIX_PATH}:/home/admin/playground_ws/install/gripper_package:/opt/ros/jazzy /usr/bin/cmake --build /home/admin/playground_ws/build/cpp_pubsub -- -j4 -l4
[22.057s] DEBUG:colcon.colcon_core.event_handler.log_command:Invoking command in '/home/admin/playground_ws/build/cpp_pubsub': CMAKE_PREFIX_PATH=${CMAKE_PREFIX_PATH}:/home/admin/playground_ws/install/gripper_package:/opt/ros/jazzy /usr/bin/cmake --install /home/admin/playground_ws/build/cpp_pubsub
[22.132s] Level 1:colcon.colcon_core.environment:create_environment_scripts_only(cpp_pubsub)
[22.133s] DEBUG:colcon.colcon_core.event_handler.log_command:Invoked command in '/home/admin/playground_ws/build/cpp_pubsub' returned '0': CMAKE_PREFIX_PATH=${CMAKE_PREFIX_PATH}:/home/admin/playground_ws/install/gripper_package:/opt/ros/jazzy /usr/bin/cmake --install /home/admin/playground_ws/build/cpp_pubsub
[22.144s] Level 1:colcon.colcon_core.environment:checking '/home/admin/playground_ws/install/cpp_pubsub' for CMake module files
[22.148s] Level 1:colcon.colcon_core.environment:checking '/home/admin/playground_ws/install/cpp_pubsub' for CMake config files
[22.151s] Level 1:colcon.colcon_core.shell:create_environment_hook('cpp_pubsub', 'cmake_prefix_path')
[22.152s] INFO:colcon.colcon_core.shell:Creating environment hook '/home/admin/playground_ws/install/cpp_pubsub/share/cpp_pubsub/hook/cmake_prefix_path.ps1'
[22.154s] INFO:colcon.colcon_core.shell:Creating environment descriptor '/home/admin/playground_ws/install/cpp_pubsub/share/cpp_pubsub/hook/cmake_prefix_path.dsv'
[22.162s] INFO:colcon.colcon_core.shell:Creating environment hook '/home/admin/playground_ws/install/cpp_pubsub/share/cpp_pubsub/hook/cmake_prefix_path.sh'
[22.168s] Level 1:colcon.colcon_core.environment:checking '/home/admin/playground_ws/install/cpp_pubsub/lib'
[22.169s] Level 1:colcon.colcon_core.environment:checking '/home/admin/playground_ws/install/cpp_pubsub/bin'
[22.169s] Level 1:colcon.colcon_core.environment:checking '/home/admin/playground_ws/install/cpp_pubsub/lib/pkgconfig/cpp_pubsub.pc'
[22.171s] Level 1:colcon.colcon_core.environment:checking '/home/admin/playground_ws/install/cpp_pubsub/lib/python3.12/site-packages'
[22.173s] Level 1:colcon.colcon_core.environment:checking '/home/admin/playground_ws/install/cpp_pubsub/bin'
[22.174s] INFO:colcon.colcon_core.shell:Creating package script '/home/admin/playground_ws/install/cpp_pubsub/share/cpp_pubsub/package.ps1'
[22.178s] INFO:colcon.colcon_core.shell:Creating package descriptor '/home/admin/playground_ws/install/cpp_pubsub/share/cpp_pubsub/package.dsv'
[22.184s] INFO:colcon.colcon_core.shell:Creating package script '/home/admin/playground_ws/install/cpp_pubsub/share/cpp_pubsub/package.sh'
[22.188s] INFO:colcon.colcon_core.shell:Creating package script '/home/admin/playground_ws/install/cpp_pubsub/share/cpp_pubsub/package.bash'
[22.200s] INFO:colcon.colcon_core.shell:Creating package script '/home/admin/playground_ws/install/cpp_pubsub/share/cpp_pubsub/package.zsh'
[22.205s] Level 1:colcon.colcon_core.environment:create_file_with_runtime_dependencies(/home/admin/playground_ws/install/cpp_pubsub/share/colcon-core/packages/cpp_pubsub)
[22.209s] Level 1:colcon.colcon_core.environment:create_environment_scripts_only(cpp_pubsub)
[22.210s] Level 1:colcon.colcon_core.environment:checking '/home/admin/playground_ws/install/cpp_pubsub' for CMake module files
[22.215s] Level 1:colcon.colcon_core.environment:checking '/home/admin/playground_ws/install/cpp_pubsub' for CMake config files
[22.217s] Level 1:colcon.colcon_core.shell:create_environment_hook('cpp_pubsub', 'cmake_prefix_path')
[22.218s] INFO:colcon.colcon_core.shell:Creating environment hook '/home/admin/playground_ws/install/cpp_pubsub/share/cpp_pubsub/hook/cmake_prefix_path.ps1'
[22.220s] INFO:colcon.colcon_core.shell:Creating environment descriptor '/home/admin/playground_ws/install/cpp_pubsub/share/cpp_pubsub/hook/cmake_prefix_path.dsv'
[22.225s] INFO:colcon.colcon_core.shell:Creating environment hook '/home/admin/playground_ws/install/cpp_pubsub/share/cpp_pubsub/hook/cmake_prefix_path.sh'
[22.235s] Level 1:colcon.colcon_core.environment:checking '/home/admin/playground_ws/install/cpp_pubsub/lib'
[22.236s] Level 1:colcon.colcon_core.environment:checking '/home/admin/playground_ws/install/cpp_pubsub/bin'
[22.236s] Level 1:colcon.colcon_core.environment:checking '/home/admin/playground_ws/install/cpp_pubsub/lib/pkgconfig/cpp_pubsub.pc'
[22.237s] Level 1:colcon.colcon_core.environment:checking '/home/admin/playground_ws/install/cpp_pubsub/lib/python3.12/site-packages'
[22.240s] Level 1:colcon.colcon_core.environment:checking '/home/admin/playground_ws/install/cpp_pubsub/bin'
[22.241s] INFO:colcon.colcon_core.shell:Creating package script '/home/admin/playground_ws/install/cpp_pubsub/share/cpp_pubsub/package.ps1'
[22.245s] INFO:colcon.colcon_core.shell:Creating package descriptor '/home/admin/playground_ws/install/cpp_pubsub/share/cpp_pubsub/package.dsv'
[22.249s] INFO:colcon.colcon_core.shell:Creating package script '/home/admin/playground_ws/install/cpp_pubsub/share/cpp_pubsub/package.sh'
[22.260s] INFO:colcon.colcon_core.shell:Creating package script '/home/admin/playground_ws/install/cpp_pubsub/share/cpp_pubsub/package.bash'
[22.269s] INFO:colcon.colcon_core.shell:Creating package script '/home/admin/playground_ws/install/cpp_pubsub/share/cpp_pubsub/package.zsh'
[22.274s] Level 1:colcon.colcon_core.environment:create_file_with_runtime_dependencies(/home/admin/playground_ws/install/cpp_pubsub/share/colcon-core/packages/cpp_pubsub)
[22.275s] DEBUG:colcon.colcon_parallel_executor.executor.parallel:closing loop
[22.278s] DEBUG:colcon.colcon_parallel_executor.executor.parallel:loop closed
[22.278s] DEBUG:colcon.colcon_parallel_executor.executor.parallel:run_until_complete finished with '0'
[22.279s] DEBUG:colcon.colcon_core.event_reactor:joining thread
[22.311s] INFO:colcon.colcon_core.plugin_system:Skipping extension 'colcon_notification.desktop_notification.notify_send': Could not find 'notify-send'
[22.311s] INFO:colcon.colcon_core.plugin_system:Skipping extension 'colcon_notification.desktop_notification.terminal_notifier': Not used on non-Darwin systems
[22.311s] INFO:colcon.colcon_core.plugin_system:Skipping extension 'colcon_notification.desktop_notification.win32': Not used on non-Windows systems
[22.312s] INFO:colcon.colcon_notification.desktop_notification:Sending desktop notification using 'notify2'
[22.315s] DEBUG:colcon.colcon_notification.desktop_notification.notify2:Failed to initialize notify2: org.freedesktop.DBus.Error.ServiceUnknown: The name org.freedesktop.Notifications was not provided by any .service files
[22.315s] DEBUG:colcon.colcon_core.event_reactor:joined thread
[22.316s] INFO:colcon.colcon_core.shell:Creating prefix script '/home/admin/playground_ws/install/local_setup.ps1'
[22.320s] INFO:colcon.colcon_core.shell:Creating prefix util module '/home/admin/playground_ws/install/_local_setup_util_ps1.py'
[22.331s] INFO:colcon.colcon_core.shell:Creating prefix chain script '/home/admin/playground_ws/install/setup.ps1'
[22.338s] INFO:colcon.colcon_core.shell:Creating prefix script '/home/admin/playground_ws/install/local_setup.sh'
[22.350s] INFO:colcon.colcon_core.shell:Creating prefix util module '/home/admin/playground_ws/install/_local_setup_util_sh.py'
[22.358s] INFO:colcon.colcon_core.shell:Creating prefix chain script '/home/admin/playground_ws/install/setup.sh'
[22.369s] INFO:colcon.colcon_core.shell:Creating prefix script '/home/admin/playground_ws/install/local_setup.bash'
[22.378s] INFO:colcon.colcon_core.shell:Creating prefix chain script '/home/admin/playground_ws/install/setup.bash'
[22.385s] INFO:colcon.colcon_core.shell:Creating prefix script '/home/admin/playground_ws/install/local_setup.zsh'
[22.396s] INFO:colcon.colcon_core.shell:Creating prefix chain script '/home/admin/playground_ws/install/setup.zsh'
