[0.473s] DEBUG:colcon:Command line arguments: ['/usr/bin/colcon', 'build']
[0.473s] DEBUG:colcon:Parsed command line arguments: Namespace(log_base=None, log_level=None, verb_name='build', build_base='build', install_base='install', merge_install=False, symlink_install=False, test_result_base=None, continue_on_error=False, executor='parallel', parallel_workers=4, event_handlers=None, ignore_user_meta=False, metas=['./colcon.meta'], base_paths=['.'], packages_ignore=None, packages_ignore_regex=None, paths=None, packages_up_to=None, packages_up_to_regex=None, packages_above=None, packages_above_and_dependencies=None, packages_above_depth=None, packages_select_by_dep=None, packages_skip_by_dep=None, packages_skip_up_to=None, packages_select_build_failed=False, packages_skip_build_finished=False, packages_select_test_failures=False, packages_skip_test_passed=False, packages_select=None, packages_skip=None, packages_select_regex=None, packages_skip_regex=None, packages_start=None, packages_end=None, allow_overriding=[], cmake_args=None, cmake_target=None, cmake_target_skip_unavailable=False, cmake_clean_cache=False, cmake_clean_first=False, cmake_force_configure=False, ament_cmake_args=None, catkin_cmake_args=None, catkin_skip_building_tests=False, mixin_files=None, mixin=None, verb_parser=<colcon_mixin.mixin.mixin_argument.MixinArgumentDecorator object at 0xffff85436210>, verb_extension=<colcon_core.verb.build.BuildVerb object at 0xffff855ee8d0>, main=<bound method BuildVerb.main of <colcon_core.verb.build.BuildVerb object at 0xffff855ee8d0>>, mixin_verb=('build',))
[0.653s] Level 1:colcon.colcon_core.package_discovery:discover_packages(colcon_meta) check parameters
[0.653s] Level 1:colcon.colcon_core.package_discovery:discover_packages(recursive) check parameters
[0.654s] Level 1:colcon.colcon_core.package_discovery:discover_packages(ignore) check parameters
[0.654s] Level 1:colcon.colcon_core.package_discovery:discover_packages(path) check parameters
[0.654s] Level 1:colcon.colcon_core.package_discovery:discover_packages(colcon_meta) discover
[0.654s] Level 1:colcon.colcon_core.package_discovery:discover_packages(recursive) discover
[0.654s] INFO:colcon.colcon_core.package_discovery:Crawling recursively for packages in '/home/admin/ri_seaweed_ws'
[0.655s] Level 1:colcon.colcon_core.package_identification:_identify(.) by extensions ['ignore', 'ignore_ament_install']
[0.655s] Level 1:colcon.colcon_core.package_identification:_identify(.) by extension 'ignore'
[0.655s] Level 1:colcon.colcon_core.package_identification:_identify(.) by extension 'ignore_ament_install'
[0.656s] Level 1:colcon.colcon_core.package_identification:_identify(.) by extensions ['colcon_pkg']
[0.656s] Level 1:colcon.colcon_core.package_identification:_identify(.) by extension 'colcon_pkg'
[0.656s] Level 1:colcon.colcon_core.package_identification:_identify(.) by extensions ['colcon_meta']
[0.656s] Level 1:colcon.colcon_core.package_identification:_identify(.) by extension 'colcon_meta'
[0.656s] Level 1:colcon.colcon_core.package_identification:_identify(.) by extensions ['ros']
[0.656s] Level 1:colcon.colcon_core.package_identification:_identify(.) by extension 'ros'
[0.763s] Level 1:colcon.colcon_core.package_identification:_identify(.) by extensions ['cmake', 'python']
[0.763s] Level 1:colcon.colcon_core.package_identification:_identify(.) by extension 'cmake'
[0.763s] Level 1:colcon.colcon_core.package_identification:_identify(.) by extension 'python'
[0.764s] Level 1:colcon.colcon_core.package_identification:_identify(.) by extensions ['python_setup_py']
[0.764s] Level 1:colcon.colcon_core.package_identification:_identify(.) by extension 'python_setup_py'
[0.764s] Level 1:colcon.colcon_core.package_identification:_identify(build) by extensions ['ignore', 'ignore_ament_install']
[0.765s] Level 1:colcon.colcon_core.package_identification:_identify(build) by extension 'ignore'
[0.765s] Level 1:colcon.colcon_core.package_identification:_identify(build) ignored
[0.766s] Level 1:colcon.colcon_core.package_identification:_identify(install) by extensions ['ignore', 'ignore_ament_install']
[0.766s] Level 1:colcon.colcon_core.package_identification:_identify(install) by extension 'ignore'
[0.766s] Level 1:colcon.colcon_core.package_identification:_identify(install) ignored
[0.767s] Level 1:colcon.colcon_core.package_identification:_identify(log) by extensions ['ignore', 'ignore_ament_install']
[0.767s] Level 1:colcon.colcon_core.package_identification:_identify(log) by extension 'ignore'
[0.768s] Level 1:colcon.colcon_core.package_identification:_identify(log) ignored
[0.768s] Level 1:colcon.colcon_core.package_identification:_identify(src) by extensions ['ignore', 'ignore_ament_install']
[0.768s] Level 1:colcon.colcon_core.package_identification:_identify(src) by extension 'ignore'
[0.769s] Level 1:colcon.colcon_core.package_identification:_identify(src) by extension 'ignore_ament_install'
[0.769s] Level 1:colcon.colcon_core.package_identification:_identify(src) by extensions ['colcon_pkg']
[0.769s] Level 1:colcon.colcon_core.package_identification:_identify(src) by extension 'colcon_pkg'
[0.769s] Level 1:colcon.colcon_core.package_identification:_identify(src) by extensions ['colcon_meta']
[0.769s] Level 1:colcon.colcon_core.package_identification:_identify(src) by extension 'colcon_meta'
[0.769s] Level 1:colcon.colcon_core.package_identification:_identify(src) by extensions ['ros']
[0.770s] Level 1:colcon.colcon_core.package_identification:_identify(src) by extension 'ros'
[0.770s] Level 1:colcon.colcon_core.package_identification:_identify(src) by extensions ['cmake', 'python']
[0.770s] Level 1:colcon.colcon_core.package_identification:_identify(src) by extension 'cmake'
[0.770s] Level 1:colcon.colcon_core.package_identification:_identify(src) by extension 'python'
[0.770s] Level 1:colcon.colcon_core.package_identification:_identify(src) by extensions ['python_setup_py']
[0.771s] Level 1:colcon.colcon_core.package_identification:_identify(src) by extension 'python_setup_py'
[0.771s] Level 1:colcon.colcon_core.package_identification:_identify(src/gripper) by extensions ['ignore', 'ignore_ament_install']
[0.771s] Level 1:colcon.colcon_core.package_identification:_identify(src/gripper) by extension 'ignore'
[0.772s] Level 1:colcon.colcon_core.package_identification:_identify(src/gripper) by extension 'ignore_ament_install'
[0.772s] Level 1:colcon.colcon_core.package_identification:_identify(src/gripper) by extensions ['colcon_pkg']
[0.772s] Level 1:colcon.colcon_core.package_identification:_identify(src/gripper) by extension 'colcon_pkg'
[0.772s] Level 1:colcon.colcon_core.package_identification:_identify(src/gripper) by extensions ['colcon_meta']
[0.772s] Level 1:colcon.colcon_core.package_identification:_identify(src/gripper) by extension 'colcon_meta'
[0.773s] Level 1:colcon.colcon_core.package_identification:_identify(src/gripper) by extensions ['ros']
[0.773s] Level 1:colcon.colcon_core.package_identification:_identify(src/gripper) by extension 'ros'
[0.781s] DEBUG:colcon.colcon_core.package_identification:Package 'src/gripper' with type 'ros.ament_python' and name 'gripper'
[0.782s] Level 1:colcon.colcon_core.package_identification:_identify(src/ri_seaweed_interfaces) by extensions ['ignore', 'ignore_ament_install']
[0.782s] Level 1:colcon.colcon_core.package_identification:_identify(src/ri_seaweed_interfaces) by extension 'ignore'
[0.782s] Level 1:colcon.colcon_core.package_identification:_identify(src/ri_seaweed_interfaces) by extension 'ignore_ament_install'
[0.783s] Level 1:colcon.colcon_core.package_identification:_identify(src/ri_seaweed_interfaces) by extensions ['colcon_pkg']
[0.783s] Level 1:colcon.colcon_core.package_identification:_identify(src/ri_seaweed_interfaces) by extension 'colcon_pkg'
[0.783s] Level 1:colcon.colcon_core.package_identification:_identify(src/ri_seaweed_interfaces) by extensions ['colcon_meta']
[0.784s] Level 1:colcon.colcon_core.package_identification:_identify(src/ri_seaweed_interfaces) by extension 'colcon_meta'
[0.784s] Level 1:colcon.colcon_core.package_identification:_identify(src/ri_seaweed_interfaces) by extensions ['ros']
[0.784s] Level 1:colcon.colcon_core.package_identification:_identify(src/ri_seaweed_interfaces) by extension 'ros'
[0.786s] DEBUG:colcon.colcon_core.package_identification:Package 'src/ri_seaweed_interfaces' with type 'ros.ament_cmake' and name 'ri_seaweed_interfaces'
[0.786s] Level 1:colcon.colcon_core.package_discovery:discover_packages(recursive) using defaults
[0.787s] Level 1:colcon.colcon_core.package_discovery:discover_packages(ignore) discover
[0.787s] Level 1:colcon.colcon_core.package_discovery:discover_packages(ignore) using defaults
[0.787s] Level 1:colcon.colcon_core.package_discovery:discover_packages(path) discover
[0.787s] Level 1:colcon.colcon_core.package_discovery:discover_packages(path) using defaults
[0.859s] Level 1:colcon.colcon_core.package_discovery:discover_packages(prefix_path) check parameters
[0.859s] Level 1:colcon.colcon_core.package_discovery:discover_packages(prefix_path) discover
[0.867s] DEBUG:colcon.colcon_installed_package_information.package_discovery:Found 2 installed packages in /home/admin/ri_seaweed_ws/install
[0.878s] DEBUG:colcon.colcon_installed_package_information.package_discovery:Found 285 installed packages in /opt/ros/jazzy
[0.886s] Level 1:colcon.colcon_core.package_discovery:discover_packages(prefix_path) using defaults
[1.088s] Level 5:colcon.colcon_core.verb:set package 'ri_seaweed_interfaces' build argument 'cmake_args' from command line to 'None'
[1.088s] Level 5:colcon.colcon_core.verb:set package 'ri_seaweed_interfaces' build argument 'cmake_target' from command line to 'None'
[1.088s] Level 5:colcon.colcon_core.verb:set package 'ri_seaweed_interfaces' build argument 'cmake_target_skip_unavailable' from command line to 'False'
[1.088s] Level 5:colcon.colcon_core.verb:set package 'ri_seaweed_interfaces' build argument 'cmake_clean_cache' from command line to 'False'
[1.088s] Level 5:colcon.colcon_core.verb:set package 'ri_seaweed_interfaces' build argument 'cmake_clean_first' from command line to 'False'
[1.088s] Level 5:colcon.colcon_core.verb:set package 'ri_seaweed_interfaces' build argument 'cmake_force_configure' from command line to 'False'
[1.088s] Level 5:colcon.colcon_core.verb:set package 'ri_seaweed_interfaces' build argument 'ament_cmake_args' from command line to 'None'
[1.089s] Level 5:colcon.colcon_core.verb:set package 'ri_seaweed_interfaces' build argument 'catkin_cmake_args' from command line to 'None'
[1.089s] Level 5:colcon.colcon_core.verb:set package 'ri_seaweed_interfaces' build argument 'catkin_skip_building_tests' from command line to 'False'
[1.089s] DEBUG:colcon.colcon_core.verb:Building package 'ri_seaweed_interfaces' with the following arguments: {'ament_cmake_args': None, 'build_base': '/home/admin/ri_seaweed_ws/build/ri_seaweed_interfaces', 'catkin_cmake_args': None, 'catkin_skip_building_tests': False, 'cmake_args': None, 'cmake_clean_cache': False, 'cmake_clean_first': False, 'cmake_force_configure': False, 'cmake_target': None, 'cmake_target_skip_unavailable': False, 'install_base': '/home/admin/ri_seaweed_ws/install/ri_seaweed_interfaces', 'merge_install': False, 'path': '/home/admin/ri_seaweed_ws/src/ri_seaweed_interfaces', 'symlink_install': False, 'test_result_base': None}
[1.090s] Level 5:colcon.colcon_core.verb:set package 'gripper' build argument 'cmake_args' from command line to 'None'
[1.090s] Level 5:colcon.colcon_core.verb:set package 'gripper' build argument 'cmake_target' from command line to 'None'
[1.091s] Level 5:colcon.colcon_core.verb:set package 'gripper' build argument 'cmake_target_skip_unavailable' from command line to 'False'
[1.091s] Level 5:colcon.colcon_core.verb:set package 'gripper' build argument 'cmake_clean_cache' from command line to 'False'
[1.091s] Level 5:colcon.colcon_core.verb:set package 'gripper' build argument 'cmake_clean_first' from command line to 'False'
[1.091s] Level 5:colcon.colcon_core.verb:set package 'gripper' build argument 'cmake_force_configure' from command line to 'False'
[1.091s] Level 5:colcon.colcon_core.verb:set package 'gripper' build argument 'ament_cmake_args' from command line to 'None'
[1.091s] Level 5:colcon.colcon_core.verb:set package 'gripper' build argument 'catkin_cmake_args' from command line to 'None'
[1.091s] Level 5:colcon.colcon_core.verb:set package 'gripper' build argument 'catkin_skip_building_tests' from command line to 'False'
[1.092s] DEBUG:colcon.colcon_core.verb:Building package 'gripper' with the following arguments: {'ament_cmake_args': None, 'build_base': '/home/admin/ri_seaweed_ws/build/gripper', 'catkin_cmake_args': None, 'catkin_skip_building_tests': False, 'cmake_args': None, 'cmake_clean_cache': False, 'cmake_clean_first': False, 'cmake_force_configure': False, 'cmake_target': None, 'cmake_target_skip_unavailable': False, 'install_base': '/home/admin/ri_seaweed_ws/install/gripper', 'merge_install': False, 'path': '/home/admin/ri_seaweed_ws/src/gripper', 'symlink_install': False, 'test_result_base': None}
[1.092s] INFO:colcon.colcon_core.executor:Executing jobs using 'parallel' executor
[1.096s] DEBUG:colcon.colcon_parallel_executor.executor.parallel:run_until_complete
[1.097s] INFO:colcon.colcon_ros.task.ament_cmake.build:Building ROS package in '/home/admin/ri_seaweed_ws/src/ri_seaweed_interfaces' with build type 'ament_cmake'
[1.098s] INFO:colcon.colcon_cmake.task.cmake.build:Building CMake package in '/home/admin/ri_seaweed_ws/src/ri_seaweed_interfaces'
[1.107s] INFO:colcon.colcon_core.plugin_system:Skipping extension 'colcon_core.shell.bat': Not used on non-Windows systems
[1.109s] INFO:colcon.colcon_core.shell:Skip shell extension 'powershell' for command environment: Not usable outside of PowerShell
[1.109s] DEBUG:colcon.colcon_core.shell:Skip shell extension 'dsv' for command environment
[1.162s] DEBUG:colcon.colcon_core.event_handler.log_command:Invoking command in '/home/admin/ri_seaweed_ws/build/ri_seaweed_interfaces': CMAKE_PREFIX_PATH=${CMAKE_PREFIX_PATH}:/home/admin/ri_seaweed_ws/install/gripper:/opt/ros/jazzy /usr/bin/cmake --build /home/admin/ri_seaweed_ws/build/ri_seaweed_interfaces -- -j4 -l4
[3.785s] DEBUG:colcon.colcon_core.event_handler.log_command:Invoked command in '/home/admin/ri_seaweed_ws/build/ri_seaweed_interfaces' returned '0': CMAKE_PREFIX_PATH=${CMAKE_PREFIX_PATH}:/home/admin/ri_seaweed_ws/install/gripper:/opt/ros/jazzy /usr/bin/cmake --build /home/admin/ri_seaweed_ws/build/ri_seaweed_interfaces -- -j4 -l4
[3.843s] DEBUG:colcon.colcon_core.event_handler.log_command:Invoking command in '/home/admin/ri_seaweed_ws/build/ri_seaweed_interfaces': CMAKE_PREFIX_PATH=${CMAKE_PREFIX_PATH}:/home/admin/ri_seaweed_ws/install/gripper:/opt/ros/jazzy /usr/bin/cmake --install /home/admin/ri_seaweed_ws/build/ri_seaweed_interfaces
[4.194s] Level 1:colcon.colcon_core.environment:create_environment_scripts_only(ri_seaweed_interfaces)
[4.195s] DEBUG:colcon.colcon_core.event_handler.log_command:Invoked command in '/home/admin/ri_seaweed_ws/build/ri_seaweed_interfaces' returned '0': CMAKE_PREFIX_PATH=${CMAKE_PREFIX_PATH}:/home/admin/ri_seaweed_ws/install/gripper:/opt/ros/jazzy /usr/bin/cmake --install /home/admin/ri_seaweed_ws/build/ri_seaweed_interfaces
[4.205s] Level 1:colcon.colcon_core.environment:checking '/home/admin/ri_seaweed_ws/install/ri_seaweed_interfaces' for CMake module files
[4.210s] Level 1:colcon.colcon_core.environment:checking '/home/admin/ri_seaweed_ws/install/ri_seaweed_interfaces' for CMake config files
[4.216s] Level 1:colcon.colcon_core.shell:create_environment_hook('ri_seaweed_interfaces', 'cmake_prefix_path')
[4.217s] INFO:colcon.colcon_core.shell:Creating environment hook '/home/admin/ri_seaweed_ws/install/ri_seaweed_interfaces/share/ri_seaweed_interfaces/hook/cmake_prefix_path.ps1'
[4.220s] INFO:colcon.colcon_core.shell:Creating environment descriptor '/home/admin/ri_seaweed_ws/install/ri_seaweed_interfaces/share/ri_seaweed_interfaces/hook/cmake_prefix_path.dsv'
[4.224s] INFO:colcon.colcon_core.shell:Creating environment hook '/home/admin/ri_seaweed_ws/install/ri_seaweed_interfaces/share/ri_seaweed_interfaces/hook/cmake_prefix_path.sh'
[4.229s] Level 1:colcon.colcon_core.environment:checking '/home/admin/ri_seaweed_ws/install/ri_seaweed_interfaces/lib'
[4.230s] Level 1:colcon.colcon_core.shell:create_environment_hook('ri_seaweed_interfaces', 'ld_library_path_lib')
[4.231s] INFO:colcon.colcon_core.shell:Creating environment hook '/home/admin/ri_seaweed_ws/install/ri_seaweed_interfaces/share/ri_seaweed_interfaces/hook/ld_library_path_lib.ps1'
[4.239s] INFO:colcon.colcon_core.shell:Creating environment descriptor '/home/admin/ri_seaweed_ws/install/ri_seaweed_interfaces/share/ri_seaweed_interfaces/hook/ld_library_path_lib.dsv'
[4.241s] INFO:colcon.colcon_core.shell:Creating environment hook '/home/admin/ri_seaweed_ws/install/ri_seaweed_interfaces/share/ri_seaweed_interfaces/hook/ld_library_path_lib.sh'
[4.247s] Level 1:colcon.colcon_core.environment:checking '/home/admin/ri_seaweed_ws/install/ri_seaweed_interfaces/bin'
[4.248s] Level 1:colcon.colcon_core.environment:checking '/home/admin/ri_seaweed_ws/install/ri_seaweed_interfaces/lib/pkgconfig/ri_seaweed_interfaces.pc'
[4.249s] Level 1:colcon.colcon_core.environment:checking '/home/admin/ri_seaweed_ws/install/ri_seaweed_interfaces/lib/python3.12/site-packages'
[4.250s] Level 1:colcon.colcon_core.shell:create_environment_hook('ri_seaweed_interfaces', 'pythonpath')
[4.251s] INFO:colcon.colcon_core.shell:Creating environment hook '/home/admin/ri_seaweed_ws/install/ri_seaweed_interfaces/share/ri_seaweed_interfaces/hook/pythonpath.ps1'
[4.253s] INFO:colcon.colcon_core.shell:Creating environment descriptor '/home/admin/ri_seaweed_ws/install/ri_seaweed_interfaces/share/ri_seaweed_interfaces/hook/pythonpath.dsv'
[4.256s] INFO:colcon.colcon_core.shell:Creating environment hook '/home/admin/ri_seaweed_ws/install/ri_seaweed_interfaces/share/ri_seaweed_interfaces/hook/pythonpath.sh'
[4.261s] Level 1:colcon.colcon_core.environment:checking '/home/admin/ri_seaweed_ws/install/ri_seaweed_interfaces/bin'
[4.262s] INFO:colcon.colcon_core.shell:Creating package script '/home/admin/ri_seaweed_ws/install/ri_seaweed_interfaces/share/ri_seaweed_interfaces/package.ps1'
[4.266s] INFO:colcon.colcon_core.shell:Creating package descriptor '/home/admin/ri_seaweed_ws/install/ri_seaweed_interfaces/share/ri_seaweed_interfaces/package.dsv'
[4.268s] INFO:colcon.colcon_core.shell:Creating package script '/home/admin/ri_seaweed_ws/install/ri_seaweed_interfaces/share/ri_seaweed_interfaces/package.sh'
[4.291s] INFO:colcon.colcon_core.shell:Creating package script '/home/admin/ri_seaweed_ws/install/ri_seaweed_interfaces/share/ri_seaweed_interfaces/package.bash'
[4.315s] INFO:colcon.colcon_core.shell:Creating package script '/home/admin/ri_seaweed_ws/install/ri_seaweed_interfaces/share/ri_seaweed_interfaces/package.zsh'
[4.336s] Level 1:colcon.colcon_core.environment:create_file_with_runtime_dependencies(/home/admin/ri_seaweed_ws/install/ri_seaweed_interfaces/share/colcon-core/packages/ri_seaweed_interfaces)
[4.362s] Level 1:colcon.colcon_core.environment:create_environment_scripts_only(ri_seaweed_interfaces)
[4.364s] Level 1:colcon.colcon_core.environment:checking '/home/admin/ri_seaweed_ws/install/ri_seaweed_interfaces' for CMake module files
[4.374s] Level 1:colcon.colcon_core.environment:checking '/home/admin/ri_seaweed_ws/install/ri_seaweed_interfaces' for CMake config files
[4.380s] Level 1:colcon.colcon_core.shell:create_environment_hook('ri_seaweed_interfaces', 'cmake_prefix_path')
[4.381s] INFO:colcon.colcon_core.shell:Creating environment hook '/home/admin/ri_seaweed_ws/install/ri_seaweed_interfaces/share/ri_seaweed_interfaces/hook/cmake_prefix_path.ps1'
[4.383s] INFO:colcon.colcon_core.shell:Creating environment descriptor '/home/admin/ri_seaweed_ws/install/ri_seaweed_interfaces/share/ri_seaweed_interfaces/hook/cmake_prefix_path.dsv'
[4.407s] INFO:colcon.colcon_core.shell:Creating environment hook '/home/admin/ri_seaweed_ws/install/ri_seaweed_interfaces/share/ri_seaweed_interfaces/hook/cmake_prefix_path.sh'
[4.429s] Level 1:colcon.colcon_core.environment:checking '/home/admin/ri_seaweed_ws/install/ri_seaweed_interfaces/lib'
[4.430s] Level 1:colcon.colcon_core.shell:create_environment_hook('ri_seaweed_interfaces', 'ld_library_path_lib')
[4.430s] INFO:colcon.colcon_core.shell:Creating environment hook '/home/admin/ri_seaweed_ws/install/ri_seaweed_interfaces/share/ri_seaweed_interfaces/hook/ld_library_path_lib.ps1'
[4.450s] INFO:colcon.colcon_core.shell:Creating environment descriptor '/home/admin/ri_seaweed_ws/install/ri_seaweed_interfaces/share/ri_seaweed_interfaces/hook/ld_library_path_lib.dsv'
[4.472s] INFO:colcon.colcon_core.shell:Creating environment hook '/home/admin/ri_seaweed_ws/install/ri_seaweed_interfaces/share/ri_seaweed_interfaces/hook/ld_library_path_lib.sh'
[4.496s] Level 1:colcon.colcon_core.environment:checking '/home/admin/ri_seaweed_ws/install/ri_seaweed_interfaces/bin'
[4.496s] Level 1:colcon.colcon_core.environment:checking '/home/admin/ri_seaweed_ws/install/ri_seaweed_interfaces/lib/pkgconfig/ri_seaweed_interfaces.pc'
[4.498s] Level 1:colcon.colcon_core.environment:checking '/home/admin/ri_seaweed_ws/install/ri_seaweed_interfaces/lib/python3.12/site-packages'
[4.499s] Level 1:colcon.colcon_core.shell:create_environment_hook('ri_seaweed_interfaces', 'pythonpath')
[4.500s] INFO:colcon.colcon_core.shell:Creating environment hook '/home/admin/ri_seaweed_ws/install/ri_seaweed_interfaces/share/ri_seaweed_interfaces/hook/pythonpath.ps1'
[4.517s] INFO:colcon.colcon_core.shell:Creating environment descriptor '/home/admin/ri_seaweed_ws/install/ri_seaweed_interfaces/share/ri_seaweed_interfaces/hook/pythonpath.dsv'
[4.539s] INFO:colcon.colcon_core.shell:Creating environment hook '/home/admin/ri_seaweed_ws/install/ri_seaweed_interfaces/share/ri_seaweed_interfaces/hook/pythonpath.sh'
[4.571s] Level 1:colcon.colcon_core.environment:checking '/home/admin/ri_seaweed_ws/install/ri_seaweed_interfaces/bin'
[4.573s] INFO:colcon.colcon_core.shell:Creating package script '/home/admin/ri_seaweed_ws/install/ri_seaweed_interfaces/share/ri_seaweed_interfaces/package.ps1'
[4.591s] INFO:colcon.colcon_core.shell:Creating package descriptor '/home/admin/ri_seaweed_ws/install/ri_seaweed_interfaces/share/ri_seaweed_interfaces/package.dsv'
[4.601s] INFO:colcon.colcon_core.shell:Creating package script '/home/admin/ri_seaweed_ws/install/ri_seaweed_interfaces/share/ri_seaweed_interfaces/package.sh'
[4.612s] INFO:colcon.colcon_core.shell:Creating package script '/home/admin/ri_seaweed_ws/install/ri_seaweed_interfaces/share/ri_seaweed_interfaces/package.bash'
[4.619s] INFO:colcon.colcon_core.shell:Creating package script '/home/admin/ri_seaweed_ws/install/ri_seaweed_interfaces/share/ri_seaweed_interfaces/package.zsh'
[4.629s] Level 1:colcon.colcon_core.environment:create_file_with_runtime_dependencies(/home/admin/ri_seaweed_ws/install/ri_seaweed_interfaces/share/colcon-core/packages/ri_seaweed_interfaces)
[4.637s] INFO:colcon.colcon_ros.task.ament_python.build:Building ROS package in '/home/admin/ri_seaweed_ws/src/gripper' with build type 'ament_python'
[4.638s] Level 1:colcon.colcon_core.shell:create_environment_hook('gripper', 'ament_prefix_path')
[4.640s] INFO:colcon.colcon_core.shell:Creating environment hook '/home/admin/ri_seaweed_ws/install/gripper/share/gripper/hook/ament_prefix_path.ps1'
[4.657s] INFO:colcon.colcon_core.shell:Creating environment descriptor '/home/admin/ri_seaweed_ws/install/gripper/share/gripper/hook/ament_prefix_path.dsv'
[4.661s] INFO:colcon.colcon_core.shell:Creating environment hook '/home/admin/ri_seaweed_ws/install/gripper/share/gripper/hook/ament_prefix_path.sh'
[4.665s] INFO:colcon.colcon_core.shell:Skip shell extension 'powershell' for command environment: Not usable outside of PowerShell
[4.666s] DEBUG:colcon.colcon_core.shell:Skip shell extension 'dsv' for command environment
[5.738s] INFO:colcon.colcon_core.task.python.build:Building Python package in '/home/admin/ri_seaweed_ws/src/gripper'
[5.739s] INFO:colcon.colcon_core.shell:Skip shell extension 'powershell' for command environment: Not usable outside of PowerShell
[5.739s] DEBUG:colcon.colcon_core.shell:Skip shell extension 'dsv' for command environment
[8.720s] DEBUG:colcon.colcon_core.event_handler.log_command:Invoking command in '/home/admin/ri_seaweed_ws/src/gripper': PYTHONPATH=/home/admin/ri_seaweed_ws/build/gripper/prefix_override:/usr/lib/python3/dist-packages/colcon_core/task/python/colcon_distutils_commands:/home/admin/ri_seaweed_ws/install/gripper/lib/python3.12/site-packages:/home/admin/ri_seaweed_ws/install/ri_seaweed_interfaces/lib/python3.12/site-packages:/home/admin/ri_seaweed_ws/install/gripper/lib/python3.12/site-packages:/opt/ros/jazzy/lib/python3.12/site-packages /usr/bin/python3 -W ignore:setup.py install is deprecated -W ignore:easy_install command is deprecated setup.py egg_info --egg-base ../../build/gripper build --build-base /home/admin/ri_seaweed_ws/build/gripper/build install --record /home/admin/ri_seaweed_ws/build/gripper/install.log --single-version-externally-managed install_data
[11.436s] Level 1:colcon.colcon_core.environment:checking '/home/admin/ri_seaweed_ws/install/gripper' for CMake module files
[11.438s] DEBUG:colcon.colcon_core.event_handler.log_command:Invoked command in '/home/admin/ri_seaweed_ws/src/gripper' returned '0': PYTHONPATH=/home/admin/ri_seaweed_ws/build/gripper/prefix_override:/usr/lib/python3/dist-packages/colcon_core/task/python/colcon_distutils_commands:/home/admin/ri_seaweed_ws/install/gripper/lib/python3.12/site-packages:/home/admin/ri_seaweed_ws/install/ri_seaweed_interfaces/lib/python3.12/site-packages:/home/admin/ri_seaweed_ws/install/gripper/lib/python3.12/site-packages:/opt/ros/jazzy/lib/python3.12/site-packages /usr/bin/python3 -W ignore:setup.py install is deprecated -W ignore:easy_install command is deprecated setup.py egg_info --egg-base ../../build/gripper build --build-base /home/admin/ri_seaweed_ws/build/gripper/build install --record /home/admin/ri_seaweed_ws/build/gripper/install.log --single-version-externally-managed install_data
[11.440s] Level 1:colcon.colcon_core.environment:checking '/home/admin/ri_seaweed_ws/install/gripper' for CMake config files
[11.444s] Level 1:colcon.colcon_core.environment:checking '/home/admin/ri_seaweed_ws/install/gripper/lib'
[11.445s] Level 1:colcon.colcon_core.environment:checking '/home/admin/ri_seaweed_ws/install/gripper/bin'
[11.445s] Level 1:colcon.colcon_core.environment:checking '/home/admin/ri_seaweed_ws/install/gripper/lib/pkgconfig/gripper.pc'
[11.446s] Level 1:colcon.colcon_core.environment:checking '/home/admin/ri_seaweed_ws/install/gripper/lib/python3.12/site-packages'
[11.447s] Level 1:colcon.colcon_core.shell:create_environment_hook('gripper', 'pythonpath')
[11.448s] INFO:colcon.colcon_core.shell:Creating environment hook '/home/admin/ri_seaweed_ws/install/gripper/share/gripper/hook/pythonpath.ps1'
[11.450s] INFO:colcon.colcon_core.shell:Creating environment descriptor '/home/admin/ri_seaweed_ws/install/gripper/share/gripper/hook/pythonpath.dsv'
[11.456s] INFO:colcon.colcon_core.shell:Creating environment hook '/home/admin/ri_seaweed_ws/install/gripper/share/gripper/hook/pythonpath.sh'
[11.469s] Level 1:colcon.colcon_core.environment:checking '/home/admin/ri_seaweed_ws/install/gripper/bin'
[11.469s] Level 1:colcon.colcon_core.environment:create_environment_scripts_only(gripper)
[11.471s] INFO:colcon.colcon_core.shell:Creating package script '/home/admin/ri_seaweed_ws/install/gripper/share/gripper/package.ps1'
[11.476s] INFO:colcon.colcon_core.shell:Creating package descriptor '/home/admin/ri_seaweed_ws/install/gripper/share/gripper/package.dsv'
[11.482s] INFO:colcon.colcon_core.shell:Creating package script '/home/admin/ri_seaweed_ws/install/gripper/share/gripper/package.sh'
[11.488s] INFO:colcon.colcon_core.shell:Creating package script '/home/admin/ri_seaweed_ws/install/gripper/share/gripper/package.bash'
[11.493s] INFO:colcon.colcon_core.shell:Creating package script '/home/admin/ri_seaweed_ws/install/gripper/share/gripper/package.zsh'
[11.506s] Level 1:colcon.colcon_core.environment:create_file_with_runtime_dependencies(/home/admin/ri_seaweed_ws/install/gripper/share/colcon-core/packages/gripper)
[11.511s] DEBUG:colcon.colcon_parallel_executor.executor.parallel:closing loop
[11.514s] DEBUG:colcon.colcon_parallel_executor.executor.parallel:loop closed
[11.515s] DEBUG:colcon.colcon_parallel_executor.executor.parallel:run_until_complete finished with '0'
[11.515s] DEBUG:colcon.colcon_core.event_reactor:joining thread
[11.547s] INFO:colcon.colcon_core.plugin_system:Skipping extension 'colcon_notification.desktop_notification.notify_send': Could not find 'notify-send'
[11.547s] INFO:colcon.colcon_core.plugin_system:Skipping extension 'colcon_notification.desktop_notification.terminal_notifier': Not used on non-Darwin systems
[11.548s] INFO:colcon.colcon_core.plugin_system:Skipping extension 'colcon_notification.desktop_notification.win32': Not used on non-Windows systems
[11.548s] INFO:colcon.colcon_notification.desktop_notification:Sending desktop notification using 'notify2'
[11.552s] DEBUG:colcon.colcon_notification.desktop_notification.notify2:Failed to initialize notify2: org.freedesktop.DBus.Error.ServiceUnknown: The name org.freedesktop.Notifications was not provided by any .service files
[11.552s] DEBUG:colcon.colcon_core.event_reactor:joined thread
[11.553s] INFO:colcon.colcon_core.shell:Creating prefix script '/home/admin/ri_seaweed_ws/install/local_setup.ps1'
[11.557s] INFO:colcon.colcon_core.shell:Creating prefix util module '/home/admin/ri_seaweed_ws/install/_local_setup_util_ps1.py'
[11.564s] INFO:colcon.colcon_core.shell:Creating prefix chain script '/home/admin/ri_seaweed_ws/install/setup.ps1'
[11.571s] INFO:colcon.colcon_core.shell:Creating prefix script '/home/admin/ri_seaweed_ws/install/local_setup.sh'
[11.575s] INFO:colcon.colcon_core.shell:Creating prefix util module '/home/admin/ri_seaweed_ws/install/_local_setup_util_sh.py'
[11.586s] INFO:colcon.colcon_core.shell:Creating prefix chain script '/home/admin/ri_seaweed_ws/install/setup.sh'
[11.592s] INFO:colcon.colcon_core.shell:Creating prefix script '/home/admin/ri_seaweed_ws/install/local_setup.bash'
[11.597s] INFO:colcon.colcon_core.shell:Creating prefix chain script '/home/admin/ri_seaweed_ws/install/setup.bash'
[11.608s] INFO:colcon.colcon_core.shell:Creating prefix script '/home/admin/ri_seaweed_ws/install/local_setup.zsh'
[11.616s] INFO:colcon.colcon_core.shell:Creating prefix chain script '/home/admin/ri_seaweed_ws/install/setup.zsh'
