[4.025s] Invoking command in '/home/admin/playground_ws/src/py_srvcli': PYTHONPATH=/home/admin/playground_ws/build/py_srvcli/prefix_override:/usr/lib/python3/dist-packages/colcon_core/task/python/colcon_distutils_commands:/home/admin/playground_ws/install/py_srvcli/lib/python3.12/site-packages:${PYTHONPATH} /usr/bin/python3 -W ignore:setup.py install is deprecated -W ignore:easy_install command is deprecated setup.py egg_info --egg-base ../../build/py_srvcli build --build-base /home/admin/playground_ws/build/py_srvcli/build install --record /home/admin/playground_ws/build/py_srvcli/install.log --single-version-externally-managed install_data
[5.284s] running egg_info
[5.285s] creating ../../build/py_srvcli/py_srvcli.egg-info
[5.374s] writing ../../build/py_srvcli/py_srvcli.egg-info/PKG-INFO
[5.375s] writing dependency_links to ../../build/py_srvcli/py_srvcli.egg-info/dependency_links.txt
[5.376s] writing entry points to ../../build/py_srvcli/py_srvcli.egg-info/entry_points.txt
[5.377s] writing requirements to ../../build/py_srvcli/py_srvcli.egg-info/requires.txt
[5.378s] writing top-level names to ../../build/py_srvcli/py_srvcli.egg-info/top_level.txt
[5.378s] writing manifest file '../../build/py_srvcli/py_srvcli.egg-info/SOURCES.txt'
[5.568s] reading manifest file '../../build/py_srvcli/py_srvcli.egg-info/SOURCES.txt'
[5.569s] adding license file 'LICENSE'
[5.571s] writing manifest file '../../build/py_srvcli/py_srvcli.egg-info/SOURCES.txt'
[5.572s] running build
[5.573s] running build_py
[5.574s] creating /home/admin/playground_ws/build/py_srvcli/build
[5.574s] creating /home/admin/playground_ws/build/py_srvcli/build/lib
[5.575s] creating /home/admin/playground_ws/build/py_srvcli/build/lib/py_srvcli
[5.575s] copying py_srvcli/service_member_function.py -> /home/admin/playground_ws/build/py_srvcli/build/lib/py_srvcli
[5.576s] copying py_srvcli/client_member_function.py -> /home/admin/playground_ws/build/py_srvcli/build/lib/py_srvcli
[5.577s] copying py_srvcli/__init__.py -> /home/admin/playground_ws/build/py_srvcli/build/lib/py_srvcli
[5.578s] running install
[5.602s] running install_lib
[5.694s] creating /home/admin/playground_ws/install/py_srvcli/lib/python3.12/site-packages/py_srvcli
[5.694s] copying /home/admin/playground_ws/build/py_srvcli/build/lib/py_srvcli/service_member_function.py -> /home/admin/playground_ws/install/py_srvcli/lib/python3.12/site-packages/py_srvcli
[5.695s] copying /home/admin/playground_ws/build/py_srvcli/build/lib/py_srvcli/client_member_function.py -> /home/admin/playground_ws/install/py_srvcli/lib/python3.12/site-packages/py_srvcli
[5.696s] copying /home/admin/playground_ws/build/py_srvcli/build/lib/py_srvcli/__init__.py -> /home/admin/playground_ws/install/py_srvcli/lib/python3.12/site-packages/py_srvcli
[5.699s] byte-compiling /home/admin/playground_ws/install/py_srvcli/lib/python3.12/site-packages/py_srvcli/service_member_function.py to service_member_function.cpython-312.pyc
[5.701s] byte-compiling /home/admin/playground_ws/install/py_srvcli/lib/python3.12/site-packages/py_srvcli/client_member_function.py to client_member_function.cpython-312.pyc
[5.702s] byte-compiling /home/admin/playground_ws/install/py_srvcli/lib/python3.12/site-packages/py_srvcli/__init__.py to __init__.cpython-312.pyc
[5.704s] running install_data
[5.705s] creating /home/admin/playground_ws/install/py_srvcli/share/ament_index
[5.705s] creating /home/admin/playground_ws/install/py_srvcli/share/ament_index/resource_index
[5.706s] creating /home/admin/playground_ws/install/py_srvcli/share/ament_index/resource_index/packages
[5.706s] copying resource/py_srvcli -> /home/admin/playground_ws/install/py_srvcli/share/ament_index/resource_index/packages
[5.707s] copying package.xml -> /home/admin/playground_ws/install/py_srvcli/share/py_srvcli
[5.708s] running install_egg_info
[5.808s] Copying ../../build/py_srvcli/py_srvcli.egg-info to /home/admin/playground_ws/install/py_srvcli/lib/python3.12/site-packages/py_srvcli-0.0.0-py3.12.egg-info
[5.814s] running install_scripts
[6.512s] Installing client script to /home/admin/playground_ws/install/py_srvcli/lib/py_srvcli
[6.513s] Installing service script to /home/admin/playground_ws/install/py_srvcli/lib/py_srvcli
[6.514s] writing list of installed files to '/home/admin/playground_ws/build/py_srvcli/install.log'
[6.663s] Invoked command in '/home/admin/playground_ws/src/py_srvcli' returned '0': PYTHONPATH=/home/admin/playground_ws/build/py_srvcli/prefix_override:/usr/lib/python3/dist-packages/colcon_core/task/python/colcon_distutils_commands:/home/admin/playground_ws/install/py_srvcli/lib/python3.12/site-packages:${PYTHONPATH} /usr/bin/python3 -W ignore:setup.py install is deprecated -W ignore:easy_install command is deprecated setup.py egg_info --egg-base ../../build/py_srvcli build --build-base /home/admin/playground_ws/build/py_srvcli/build install --record /home/admin/playground_ws/build/py_srvcli/install.log --single-version-externally-managed install_data
