[0.466s] DEBUG:colcon:Command line arguments: ['/usr/bin/colcon', 'build', '--packages-select', 'ri_seaweed_interfaces']
[0.467s] DEBUG:colcon:Parsed command line arguments: Namespace(log_base=None, log_level=None, verb_name='build', build_base='build', install_base='install', merge_install=False, symlink_install=False, test_result_base=None, continue_on_error=False, executor='parallel', parallel_workers=4, event_handlers=None, ignore_user_meta=False, metas=['./colcon.meta'], base_paths=['.'], packages_ignore=None, packages_ignore_regex=None, paths=None, packages_up_to=None, packages_up_to_regex=None, packages_above=None, packages_above_and_dependencies=None, packages_above_depth=None, packages_select_by_dep=None, packages_skip_by_dep=None, packages_skip_up_to=None, packages_select_build_failed=False, packages_skip_build_finished=False, packages_select_test_failures=False, packages_skip_test_passed=False, packages_select=['ri_seaweed_interfaces'], packages_skip=None, packages_select_regex=None, packages_skip_regex=None, packages_start=None, packages_end=None, allow_overriding=[], cmake_args=None, cmake_target=None, cmake_target_skip_unavailable=False, cmake_clean_cache=False, cmake_clean_first=False, cmake_force_configure=False, ament_cmake_args=None, catkin_cmake_args=None, catkin_skip_building_tests=False, mixin_files=None, mixin=None, verb_parser=<colcon_mixin.mixin.mixin_argument.MixinArgumentDecorator object at 0xffffa766dbb0>, verb_extension=<colcon_core.verb.build.BuildVerb object at 0xffffa781e540>, main=<bound method BuildVerb.main of <colcon_core.verb.build.BuildVerb object at 0xffffa781e540>>, mixin_verb=('build',))
[0.654s] Level 1:colcon.colcon_core.package_discovery:discover_packages(colcon_meta) check parameters
[0.655s] Level 1:colcon.colcon_core.package_discovery:discover_packages(recursive) check parameters
[0.655s] Level 1:colcon.colcon_core.package_discovery:discover_packages(ignore) check parameters
[0.655s] Level 1:colcon.colcon_core.package_discovery:discover_packages(path) check parameters
[0.656s] Level 1:colcon.colcon_core.package_discovery:discover_packages(colcon_meta) discover
[0.656s] Level 1:colcon.colcon_core.package_discovery:discover_packages(recursive) discover
[0.656s] INFO:colcon.colcon_core.package_discovery:Crawling recursively for packages in '/home/admin/ri_seaweed_ws'
[0.657s] Level 1:colcon.colcon_core.package_identification:_identify(.) by extensions ['ignore', 'ignore_ament_install']
[0.657s] Level 1:colcon.colcon_core.package_identification:_identify(.) by extension 'ignore'
[0.658s] Level 1:colcon.colcon_core.package_identification:_identify(.) by extension 'ignore_ament_install'
[0.658s] Level 1:colcon.colcon_core.package_identification:_identify(.) by extensions ['colcon_pkg']
[0.658s] Level 1:colcon.colcon_core.package_identification:_identify(.) by extension 'colcon_pkg'
[0.659s] Level 1:colcon.colcon_core.package_identification:_identify(.) by extensions ['colcon_meta']
[0.659s] Level 1:colcon.colcon_core.package_identification:_identify(.) by extension 'colcon_meta'
[0.660s] Level 1:colcon.colcon_core.package_identification:_identify(.) by extensions ['ros']
[0.660s] Level 1:colcon.colcon_core.package_identification:_identify(.) by extension 'ros'
[0.779s] Level 1:colcon.colcon_core.package_identification:_identify(.) by extensions ['cmake', 'python']
[0.779s] Level 1:colcon.colcon_core.package_identification:_identify(.) by extension 'cmake'
[0.779s] Level 1:colcon.colcon_core.package_identification:_identify(.) by extension 'python'
[0.779s] Level 1:colcon.colcon_core.package_identification:_identify(.) by extensions ['python_setup_py']
[0.780s] Level 1:colcon.colcon_core.package_identification:_identify(.) by extension 'python_setup_py'
[0.780s] Level 1:colcon.colcon_core.package_identification:_identify(build) by extensions ['ignore', 'ignore_ament_install']
[0.781s] Level 1:colcon.colcon_core.package_identification:_identify(build) by extension 'ignore'
[0.781s] Level 1:colcon.colcon_core.package_identification:_identify(build) ignored
[0.781s] Level 1:colcon.colcon_core.package_identification:_identify(install) by extensions ['ignore', 'ignore_ament_install']
[0.782s] Level 1:colcon.colcon_core.package_identification:_identify(install) by extension 'ignore'
[0.782s] Level 1:colcon.colcon_core.package_identification:_identify(install) ignored
[0.783s] Level 1:colcon.colcon_core.package_identification:_identify(log) by extensions ['ignore', 'ignore_ament_install']
[0.783s] Level 1:colcon.colcon_core.package_identification:_identify(log) by extension 'ignore'
[0.783s] Level 1:colcon.colcon_core.package_identification:_identify(log) ignored
[0.784s] Level 1:colcon.colcon_core.package_identification:_identify(src) by extensions ['ignore', 'ignore_ament_install']
[0.784s] Level 1:colcon.colcon_core.package_identification:_identify(src) by extension 'ignore'
[0.784s] Level 1:colcon.colcon_core.package_identification:_identify(src) by extension 'ignore_ament_install'
[0.784s] Level 1:colcon.colcon_core.package_identification:_identify(src) by extensions ['colcon_pkg']
[0.784s] Level 1:colcon.colcon_core.package_identification:_identify(src) by extension 'colcon_pkg'
[0.785s] Level 1:colcon.colcon_core.package_identification:_identify(src) by extensions ['colcon_meta']
[0.785s] Level 1:colcon.colcon_core.package_identification:_identify(src) by extension 'colcon_meta'
[0.785s] Level 1:colcon.colcon_core.package_identification:_identify(src) by extensions ['ros']
[0.785s] Level 1:colcon.colcon_core.package_identification:_identify(src) by extension 'ros'
[0.785s] Level 1:colcon.colcon_core.package_identification:_identify(src) by extensions ['cmake', 'python']
[0.786s] Level 1:colcon.colcon_core.package_identification:_identify(src) by extension 'cmake'
[0.786s] Level 1:colcon.colcon_core.package_identification:_identify(src) by extension 'python'
[0.786s] Level 1:colcon.colcon_core.package_identification:_identify(src) by extensions ['python_setup_py']
[0.786s] Level 1:colcon.colcon_core.package_identification:_identify(src) by extension 'python_setup_py'
[0.787s] Level 1:colcon.colcon_core.package_identification:_identify(src/gripper) by extensions ['ignore', 'ignore_ament_install']
[0.787s] Level 1:colcon.colcon_core.package_identification:_identify(src/gripper) by extension 'ignore'
[0.788s] Level 1:colcon.colcon_core.package_identification:_identify(src/gripper) by extension 'ignore_ament_install'
[0.788s] Level 1:colcon.colcon_core.package_identification:_identify(src/gripper) by extensions ['colcon_pkg']
[0.788s] Level 1:colcon.colcon_core.package_identification:_identify(src/gripper) by extension 'colcon_pkg'
[0.788s] Level 1:colcon.colcon_core.package_identification:_identify(src/gripper) by extensions ['colcon_meta']
[0.789s] Level 1:colcon.colcon_core.package_identification:_identify(src/gripper) by extension 'colcon_meta'
[0.789s] Level 1:colcon.colcon_core.package_identification:_identify(src/gripper) by extensions ['ros']
[0.789s] Level 1:colcon.colcon_core.package_identification:_identify(src/gripper) by extension 'ros'
[0.798s] DEBUG:colcon.colcon_core.package_identification:Package 'src/gripper' with type 'ros.ament_python' and name 'gripper'
[0.799s] Level 1:colcon.colcon_core.package_identification:_identify(src/ri_seaweed_interfaces) by extensions ['ignore', 'ignore_ament_install']
[0.799s] Level 1:colcon.colcon_core.package_identification:_identify(src/ri_seaweed_interfaces) by extension 'ignore'
[0.799s] Level 1:colcon.colcon_core.package_identification:_identify(src/ri_seaweed_interfaces) by extension 'ignore_ament_install'
[0.799s] Level 1:colcon.colcon_core.package_identification:_identify(src/ri_seaweed_interfaces) by extensions ['colcon_pkg']
[0.800s] Level 1:colcon.colcon_core.package_identification:_identify(src/ri_seaweed_interfaces) by extension 'colcon_pkg'
[0.800s] Level 1:colcon.colcon_core.package_identification:_identify(src/ri_seaweed_interfaces) by extensions ['colcon_meta']
[0.800s] Level 1:colcon.colcon_core.package_identification:_identify(src/ri_seaweed_interfaces) by extension 'colcon_meta'
[0.800s] Level 1:colcon.colcon_core.package_identification:_identify(src/ri_seaweed_interfaces) by extensions ['ros']
[0.800s] Level 1:colcon.colcon_core.package_identification:_identify(src/ri_seaweed_interfaces) by extension 'ros'
[0.802s] DEBUG:colcon.colcon_core.package_identification:Package 'src/ri_seaweed_interfaces' with type 'ros.ament_cmake' and name 'ri_seaweed_interfaces'
[0.803s] Level 1:colcon.colcon_core.package_discovery:discover_packages(recursive) using defaults
[0.803s] Level 1:colcon.colcon_core.package_discovery:discover_packages(ignore) discover
[0.803s] Level 1:colcon.colcon_core.package_discovery:discover_packages(ignore) using defaults
[0.803s] Level 1:colcon.colcon_core.package_discovery:discover_packages(path) discover
[0.804s] Level 1:colcon.colcon_core.package_discovery:discover_packages(path) using defaults
[0.873s] INFO:colcon.colcon_core.package_selection:Skipping not selected package 'gripper' in 'src/gripper'
[0.875s] Level 1:colcon.colcon_core.package_discovery:discover_packages(prefix_path) check parameters
[0.875s] Level 1:colcon.colcon_core.package_discovery:discover_packages(prefix_path) discover
[0.883s] DEBUG:colcon.colcon_installed_package_information.package_discovery:Found 1 installed packages in /home/admin/ri_seaweed_ws/install
[0.893s] DEBUG:colcon.colcon_installed_package_information.package_discovery:Found 285 installed packages in /opt/ros/jazzy
[0.901s] Level 1:colcon.colcon_core.package_discovery:discover_packages(prefix_path) using defaults
[1.106s] Level 5:colcon.colcon_core.verb:set package 'ri_seaweed_interfaces' build argument 'cmake_args' from command line to 'None'
[1.106s] Level 5:colcon.colcon_core.verb:set package 'ri_seaweed_interfaces' build argument 'cmake_target' from command line to 'None'
[1.106s] Level 5:colcon.colcon_core.verb:set package 'ri_seaweed_interfaces' build argument 'cmake_target_skip_unavailable' from command line to 'False'
[1.106s] Level 5:colcon.colcon_core.verb:set package 'ri_seaweed_interfaces' build argument 'cmake_clean_cache' from command line to 'False'
[1.107s] Level 5:colcon.colcon_core.verb:set package 'ri_seaweed_interfaces' build argument 'cmake_clean_first' from command line to 'False'
[1.107s] Level 5:colcon.colcon_core.verb:set package 'ri_seaweed_interfaces' build argument 'cmake_force_configure' from command line to 'False'
[1.107s] Level 5:colcon.colcon_core.verb:set package 'ri_seaweed_interfaces' build argument 'ament_cmake_args' from command line to 'None'
[1.107s] Level 5:colcon.colcon_core.verb:set package 'ri_seaweed_interfaces' build argument 'catkin_cmake_args' from command line to 'None'
[1.107s] Level 5:colcon.colcon_core.verb:set package 'ri_seaweed_interfaces' build argument 'catkin_skip_building_tests' from command line to 'False'
[1.107s] DEBUG:colcon.colcon_core.verb:Building package 'ri_seaweed_interfaces' with the following arguments: {'ament_cmake_args': None, 'build_base': '/home/admin/ri_seaweed_ws/build/ri_seaweed_interfaces', 'catkin_cmake_args': None, 'catkin_skip_building_tests': False, 'cmake_args': None, 'cmake_clean_cache': False, 'cmake_clean_first': False, 'cmake_force_configure': False, 'cmake_target': None, 'cmake_target_skip_unavailable': False, 'install_base': '/home/admin/ri_seaweed_ws/install/ri_seaweed_interfaces', 'merge_install': False, 'path': '/home/admin/ri_seaweed_ws/src/ri_seaweed_interfaces', 'symlink_install': False, 'test_result_base': None}
[1.108s] INFO:colcon.colcon_core.executor:Executing jobs using 'parallel' executor
[1.111s] DEBUG:colcon.colcon_parallel_executor.executor.parallel:run_until_complete
[1.112s] INFO:colcon.colcon_ros.task.ament_cmake.build:Building ROS package in '/home/admin/ri_seaweed_ws/src/ri_seaweed_interfaces' with build type 'ament_cmake'
[1.113s] INFO:colcon.colcon_cmake.task.cmake.build:Building CMake package in '/home/admin/ri_seaweed_ws/src/ri_seaweed_interfaces'
[1.123s] INFO:colcon.colcon_core.plugin_system:Skipping extension 'colcon_core.shell.bat': Not used on non-Windows systems
[1.124s] INFO:colcon.colcon_core.shell:Skip shell extension 'powershell' for command environment: Not usable outside of PowerShell
[1.124s] DEBUG:colcon.colcon_core.shell:Skip shell extension 'dsv' for command environment
[1.172s] DEBUG:colcon.colcon_core.event_handler.log_command:Invoking command in '/home/admin/ri_seaweed_ws/build/ri_seaweed_interfaces': CMAKE_PREFIX_PATH=${CMAKE_PREFIX_PATH}:/opt/ros/jazzy /usr/bin/cmake --build /home/admin/ri_seaweed_ws/build/ri_seaweed_interfaces -- -j4 -l4
[24.680s] DEBUG:colcon.colcon_core.event_handler.log_command:Invoked command in '/home/admin/ri_seaweed_ws/build/ri_seaweed_interfaces' returned '0': CMAKE_PREFIX_PATH=${CMAKE_PREFIX_PATH}:/opt/ros/jazzy /usr/bin/cmake --build /home/admin/ri_seaweed_ws/build/ri_seaweed_interfaces -- -j4 -l4
[24.738s] DEBUG:colcon.colcon_core.event_handler.log_command:Invoking command in '/home/admin/ri_seaweed_ws/build/ri_seaweed_interfaces': CMAKE_PREFIX_PATH=${CMAKE_PREFIX_PATH}:/opt/ros/jazzy /usr/bin/cmake --install /home/admin/ri_seaweed_ws/build/ri_seaweed_interfaces
[25.312s] Level 1:colcon.colcon_core.environment:create_environment_scripts_only(ri_seaweed_interfaces)
[25.317s] DEBUG:colcon.colcon_core.event_handler.log_command:Invoked command in '/home/admin/ri_seaweed_ws/build/ri_seaweed_interfaces' returned '0': CMAKE_PREFIX_PATH=${CMAKE_PREFIX_PATH}:/opt/ros/jazzy /usr/bin/cmake --install /home/admin/ri_seaweed_ws/build/ri_seaweed_interfaces
[25.339s] Level 1:colcon.colcon_core.environment:checking '/home/admin/ri_seaweed_ws/install/ri_seaweed_interfaces' for CMake module files
[25.347s] Level 1:colcon.colcon_core.environment:checking '/home/admin/ri_seaweed_ws/install/ri_seaweed_interfaces' for CMake config files
[25.359s] Level 1:colcon.colcon_core.shell:create_environment_hook('ri_seaweed_interfaces', 'cmake_prefix_path')
[25.360s] INFO:colcon.colcon_core.shell:Creating environment hook '/home/admin/ri_seaweed_ws/install/ri_seaweed_interfaces/share/ri_seaweed_interfaces/hook/cmake_prefix_path.ps1'
[25.364s] INFO:colcon.colcon_core.shell:Creating environment descriptor '/home/admin/ri_seaweed_ws/install/ri_seaweed_interfaces/share/ri_seaweed_interfaces/hook/cmake_prefix_path.dsv'
[25.367s] INFO:colcon.colcon_core.shell:Creating environment hook '/home/admin/ri_seaweed_ws/install/ri_seaweed_interfaces/share/ri_seaweed_interfaces/hook/cmake_prefix_path.sh'
[25.372s] Level 1:colcon.colcon_core.environment:checking '/home/admin/ri_seaweed_ws/install/ri_seaweed_interfaces/lib'
[25.373s] Level 1:colcon.colcon_core.shell:create_environment_hook('ri_seaweed_interfaces', 'ld_library_path_lib')
[25.374s] INFO:colcon.colcon_core.shell:Creating environment hook '/home/admin/ri_seaweed_ws/install/ri_seaweed_interfaces/share/ri_seaweed_interfaces/hook/ld_library_path_lib.ps1'
[25.377s] INFO:colcon.colcon_core.shell:Creating environment descriptor '/home/admin/ri_seaweed_ws/install/ri_seaweed_interfaces/share/ri_seaweed_interfaces/hook/ld_library_path_lib.dsv'
[25.379s] INFO:colcon.colcon_core.shell:Creating environment hook '/home/admin/ri_seaweed_ws/install/ri_seaweed_interfaces/share/ri_seaweed_interfaces/hook/ld_library_path_lib.sh'
[25.382s] Level 1:colcon.colcon_core.environment:checking '/home/admin/ri_seaweed_ws/install/ri_seaweed_interfaces/bin'
[25.382s] Level 1:colcon.colcon_core.environment:checking '/home/admin/ri_seaweed_ws/install/ri_seaweed_interfaces/lib/pkgconfig/ri_seaweed_interfaces.pc'
[25.384s] Level 1:colcon.colcon_core.environment:checking '/home/admin/ri_seaweed_ws/install/ri_seaweed_interfaces/lib/python3.12/site-packages'
[25.385s] Level 1:colcon.colcon_core.shell:create_environment_hook('ri_seaweed_interfaces', 'pythonpath')
[25.386s] INFO:colcon.colcon_core.shell:Creating environment hook '/home/admin/ri_seaweed_ws/install/ri_seaweed_interfaces/share/ri_seaweed_interfaces/hook/pythonpath.ps1'
[25.389s] INFO:colcon.colcon_core.shell:Creating environment descriptor '/home/admin/ri_seaweed_ws/install/ri_seaweed_interfaces/share/ri_seaweed_interfaces/hook/pythonpath.dsv'
[25.392s] INFO:colcon.colcon_core.shell:Creating environment hook '/home/admin/ri_seaweed_ws/install/ri_seaweed_interfaces/share/ri_seaweed_interfaces/hook/pythonpath.sh'
[25.396s] Level 1:colcon.colcon_core.environment:checking '/home/admin/ri_seaweed_ws/install/ri_seaweed_interfaces/bin'
[25.398s] INFO:colcon.colcon_core.shell:Creating package script '/home/admin/ri_seaweed_ws/install/ri_seaweed_interfaces/share/ri_seaweed_interfaces/package.ps1'
[25.403s] INFO:colcon.colcon_core.shell:Creating package descriptor '/home/admin/ri_seaweed_ws/install/ri_seaweed_interfaces/share/ri_seaweed_interfaces/package.dsv'
[25.407s] INFO:colcon.colcon_core.shell:Creating package script '/home/admin/ri_seaweed_ws/install/ri_seaweed_interfaces/share/ri_seaweed_interfaces/package.sh'
[25.411s] INFO:colcon.colcon_core.shell:Creating package script '/home/admin/ri_seaweed_ws/install/ri_seaweed_interfaces/share/ri_seaweed_interfaces/package.bash'
[25.415s] INFO:colcon.colcon_core.shell:Creating package script '/home/admin/ri_seaweed_ws/install/ri_seaweed_interfaces/share/ri_seaweed_interfaces/package.zsh'
[25.418s] Level 1:colcon.colcon_core.environment:create_file_with_runtime_dependencies(/home/admin/ri_seaweed_ws/install/ri_seaweed_interfaces/share/colcon-core/packages/ri_seaweed_interfaces)
[25.422s] Level 1:colcon.colcon_core.environment:create_environment_scripts_only(ri_seaweed_interfaces)
[25.423s] Level 1:colcon.colcon_core.environment:checking '/home/admin/ri_seaweed_ws/install/ri_seaweed_interfaces' for CMake module files
[25.428s] Level 1:colcon.colcon_core.environment:checking '/home/admin/ri_seaweed_ws/install/ri_seaweed_interfaces' for CMake config files
[25.435s] Level 1:colcon.colcon_core.shell:create_environment_hook('ri_seaweed_interfaces', 'cmake_prefix_path')
[25.436s] INFO:colcon.colcon_core.shell:Creating environment hook '/home/admin/ri_seaweed_ws/install/ri_seaweed_interfaces/share/ri_seaweed_interfaces/hook/cmake_prefix_path.ps1'
[25.438s] INFO:colcon.colcon_core.shell:Creating environment descriptor '/home/admin/ri_seaweed_ws/install/ri_seaweed_interfaces/share/ri_seaweed_interfaces/hook/cmake_prefix_path.dsv'
[25.441s] INFO:colcon.colcon_core.shell:Creating environment hook '/home/admin/ri_seaweed_ws/install/ri_seaweed_interfaces/share/ri_seaweed_interfaces/hook/cmake_prefix_path.sh'
[25.445s] Level 1:colcon.colcon_core.environment:checking '/home/admin/ri_seaweed_ws/install/ri_seaweed_interfaces/lib'
[25.446s] Level 1:colcon.colcon_core.shell:create_environment_hook('ri_seaweed_interfaces', 'ld_library_path_lib')
[25.449s] INFO:colcon.colcon_core.shell:Creating environment hook '/home/admin/ri_seaweed_ws/install/ri_seaweed_interfaces/share/ri_seaweed_interfaces/hook/ld_library_path_lib.ps1'
[25.452s] INFO:colcon.colcon_core.shell:Creating environment descriptor '/home/admin/ri_seaweed_ws/install/ri_seaweed_interfaces/share/ri_seaweed_interfaces/hook/ld_library_path_lib.dsv'
[25.455s] INFO:colcon.colcon_core.shell:Creating environment hook '/home/admin/ri_seaweed_ws/install/ri_seaweed_interfaces/share/ri_seaweed_interfaces/hook/ld_library_path_lib.sh'
[25.457s] Level 1:colcon.colcon_core.environment:checking '/home/admin/ri_seaweed_ws/install/ri_seaweed_interfaces/bin'
[25.458s] Level 1:colcon.colcon_core.environment:checking '/home/admin/ri_seaweed_ws/install/ri_seaweed_interfaces/lib/pkgconfig/ri_seaweed_interfaces.pc'
[25.459s] Level 1:colcon.colcon_core.environment:checking '/home/admin/ri_seaweed_ws/install/ri_seaweed_interfaces/lib/python3.12/site-packages'
[25.460s] Level 1:colcon.colcon_core.shell:create_environment_hook('ri_seaweed_interfaces', 'pythonpath')
[25.461s] INFO:colcon.colcon_core.shell:Creating environment hook '/home/admin/ri_seaweed_ws/install/ri_seaweed_interfaces/share/ri_seaweed_interfaces/hook/pythonpath.ps1'
[25.464s] INFO:colcon.colcon_core.shell:Creating environment descriptor '/home/admin/ri_seaweed_ws/install/ri_seaweed_interfaces/share/ri_seaweed_interfaces/hook/pythonpath.dsv'
[25.470s] INFO:colcon.colcon_core.shell:Creating environment hook '/home/admin/ri_seaweed_ws/install/ri_seaweed_interfaces/share/ri_seaweed_interfaces/hook/pythonpath.sh'
[25.478s] Level 1:colcon.colcon_core.environment:checking '/home/admin/ri_seaweed_ws/install/ri_seaweed_interfaces/bin'
[25.480s] INFO:colcon.colcon_core.shell:Creating package script '/home/admin/ri_seaweed_ws/install/ri_seaweed_interfaces/share/ri_seaweed_interfaces/package.ps1'
[25.484s] INFO:colcon.colcon_core.shell:Creating package descriptor '/home/admin/ri_seaweed_ws/install/ri_seaweed_interfaces/share/ri_seaweed_interfaces/package.dsv'
[25.489s] INFO:colcon.colcon_core.shell:Creating package script '/home/admin/ri_seaweed_ws/install/ri_seaweed_interfaces/share/ri_seaweed_interfaces/package.sh'
[25.494s] INFO:colcon.colcon_core.shell:Creating package script '/home/admin/ri_seaweed_ws/install/ri_seaweed_interfaces/share/ri_seaweed_interfaces/package.bash'
[25.499s] INFO:colcon.colcon_core.shell:Creating package script '/home/admin/ri_seaweed_ws/install/ri_seaweed_interfaces/share/ri_seaweed_interfaces/package.zsh'
[25.503s] Level 1:colcon.colcon_core.environment:create_file_with_runtime_dependencies(/home/admin/ri_seaweed_ws/install/ri_seaweed_interfaces/share/colcon-core/packages/ri_seaweed_interfaces)
[25.506s] DEBUG:colcon.colcon_parallel_executor.executor.parallel:closing loop
[25.511s] DEBUG:colcon.colcon_parallel_executor.executor.parallel:loop closed
[25.512s] DEBUG:colcon.colcon_parallel_executor.executor.parallel:run_until_complete finished with '0'
[25.512s] DEBUG:colcon.colcon_core.event_reactor:joining thread
[25.549s] INFO:colcon.colcon_core.plugin_system:Skipping extension 'colcon_notification.desktop_notification.notify_send': Could not find 'notify-send'
[25.549s] INFO:colcon.colcon_core.plugin_system:Skipping extension 'colcon_notification.desktop_notification.terminal_notifier': Not used on non-Darwin systems
[25.550s] INFO:colcon.colcon_core.plugin_system:Skipping extension 'colcon_notification.desktop_notification.win32': Not used on non-Windows systems
[25.551s] INFO:colcon.colcon_notification.desktop_notification:Sending desktop notification using 'notify2'
[25.556s] DEBUG:colcon.colcon_notification.desktop_notification.notify2:Failed to initialize notify2: org.freedesktop.DBus.Error.ServiceUnknown: The name org.freedesktop.Notifications was not provided by any .service files
[25.556s] DEBUG:colcon.colcon_core.event_reactor:joined thread
[25.557s] INFO:colcon.colcon_core.shell:Creating prefix script '/home/admin/ri_seaweed_ws/install/local_setup.ps1'
[25.562s] INFO:colcon.colcon_core.shell:Creating prefix util module '/home/admin/ri_seaweed_ws/install/_local_setup_util_ps1.py'
[25.569s] INFO:colcon.colcon_core.shell:Creating prefix chain script '/home/admin/ri_seaweed_ws/install/setup.ps1'
[25.574s] INFO:colcon.colcon_core.shell:Creating prefix script '/home/admin/ri_seaweed_ws/install/local_setup.sh'
[25.578s] INFO:colcon.colcon_core.shell:Creating prefix util module '/home/admin/ri_seaweed_ws/install/_local_setup_util_sh.py'
[25.582s] INFO:colcon.colcon_core.shell:Creating prefix chain script '/home/admin/ri_seaweed_ws/install/setup.sh'
[25.587s] INFO:colcon.colcon_core.shell:Creating prefix script '/home/admin/ri_seaweed_ws/install/local_setup.bash'
[25.590s] INFO:colcon.colcon_core.shell:Creating prefix chain script '/home/admin/ri_seaweed_ws/install/setup.bash'
[25.596s] INFO:colcon.colcon_core.shell:Creating prefix script '/home/admin/ri_seaweed_ws/install/local_setup.zsh'
[25.601s] INFO:colcon.colcon_core.shell:Creating prefix chain script '/home/admin/ri_seaweed_ws/install/setup.zsh'
