running egg_info
creating ../../build/gripper_package/gripper_package.egg-info
writing ../../build/gripper_package/gripper_package.egg-info/PKG-INFO
writing dependency_links to ../../build/gripper_package/gripper_package.egg-info/dependency_links.txt
writing entry points to ../../build/gripper_package/gripper_package.egg-info/entry_points.txt
writing requirements to ../../build/gripper_package/gripper_package.egg-info/requires.txt
writing top-level names to ../../build/gripper_package/gripper_package.egg-info/top_level.txt
writing manifest file '../../build/gripper_package/gripper_package.egg-info/SOURCES.txt'
reading manifest file '../../build/gripper_package/gripper_package.egg-info/SOURCES.txt'
writing manifest file '../../build/gripper_package/gripper_package.egg-info/SOURCES.txt'
running build
running build_py
creating /home/admin/ros2_ws_test1/build/gripper_package/build
creating /home/admin/ros2_ws_test1/build/gripper_package/build/lib
creating /home/admin/ros2_ws_test1/build/gripper_package/build/lib/gripper_package
copying gripper_package/gripper_node.py -> /home/admin/ros2_ws_test1/build/gripper_package/build/lib/gripper_package
copying gripper_package/__init__.py -> /home/admin/ros2_ws_test1/build/gripper_package/build/lib/gripper_package
running install
running install_lib
creating /home/admin/ros2_ws_test1/install/gripper_package/lib/python3.12/site-packages/gripper_package
copying /home/admin/ros2_ws_test1/build/gripper_package/build/lib/gripper_package/gripper_node.py -> /home/admin/ros2_ws_test1/install/gripper_package/lib/python3.12/site-packages/gripper_package
copying /home/admin/ros2_ws_test1/build/gripper_package/build/lib/gripper_package/__init__.py -> /home/admin/ros2_ws_test1/install/gripper_package/lib/python3.12/site-packages/gripper_package
byte-compiling /home/admin/ros2_ws_test1/install/gripper_package/lib/python3.12/site-packages/gripper_package/gripper_node.py to gripper_node.cpython-312.pyc
byte-compiling /home/admin/ros2_ws_test1/install/gripper_package/lib/python3.12/site-packages/gripper_package/__init__.py to __init__.cpython-312.pyc
running install_data
creating /home/admin/ros2_ws_test1/install/gripper_package/share/ament_index
creating /home/admin/ros2_ws_test1/install/gripper_package/share/ament_index/resource_index
creating /home/admin/ros2_ws_test1/install/gripper_package/share/ament_index/resource_index/packages
copying resource/gripper_package -> /home/admin/ros2_ws_test1/install/gripper_package/share/ament_index/resource_index/packages
copying package.xml -> /home/admin/ros2_ws_test1/install/gripper_package/share/gripper_package
running install_egg_info
Copying ../../build/gripper_package/gripper_package.egg-info to /home/admin/ros2_ws_test1/install/gripper_package/lib/python3.12/site-packages/gripper_package-0.0.0-py3.12.egg-info
running install_scripts
Installing gripper_node script to /home/admin/ros2_ws_test1/install/gripper_package/lib/gripper_package
writing list of installed files to '/home/admin/ros2_ws_test1/build/gripper_package/install.log'
