[4.319s] Invoking command in '/home/admin/ros2_ws_test1/src/gripper_package': PYTHONPATH=/home/admin/ros2_ws_test1/build/gripper_package/prefix_override:/usr/lib/python3/dist-packages/colcon_core/task/python/colcon_distutils_commands:/home/admin/ros2_ws_test1/install/gripper_package/lib/python3.12/site-packages:${PYTHONPATH} /usr/bin/python3 -W ignore:setup.py install is deprecated -W ignore:easy_install command is deprecated setup.py egg_info --egg-base ../../build/gripper_package build --build-base /home/admin/ros2_ws_test1/build/gripper_package/build install --record /home/admin/ros2_ws_test1/build/gripper_package/install.log --single-version-externally-managed install_data
[5.705s] running egg_info
[5.706s] creating ../../build/gripper_package/gripper_package.egg-info
[5.804s] writing ../../build/gripper_package/gripper_package.egg-info/PKG-INFO
[5.805s] writing dependency_links to ../../build/gripper_package/gripper_package.egg-info/dependency_links.txt
[5.806s] writing entry points to ../../build/gripper_package/gripper_package.egg-info/entry_points.txt
[5.806s] writing requirements to ../../build/gripper_package/gripper_package.egg-info/requires.txt
[5.807s] writing top-level names to ../../build/gripper_package/gripper_package.egg-info/top_level.txt
[5.807s] writing manifest file '../../build/gripper_package/gripper_package.egg-info/SOURCES.txt'
[6.004s] reading manifest file '../../build/gripper_package/gripper_package.egg-info/SOURCES.txt'
[6.007s] writing manifest file '../../build/gripper_package/gripper_package.egg-info/SOURCES.txt'
[6.008s] running build
[6.009s] running build_py
[6.010s] creating /home/admin/ros2_ws_test1/build/gripper_package/build
[6.010s] creating /home/admin/ros2_ws_test1/build/gripper_package/build/lib
[6.011s] creating /home/admin/ros2_ws_test1/build/gripper_package/build/lib/gripper_package
[6.011s] copying gripper_package/gripper_node.py -> /home/admin/ros2_ws_test1/build/gripper_package/build/lib/gripper_package
[6.012s] copying gripper_package/__init__.py -> /home/admin/ros2_ws_test1/build/gripper_package/build/lib/gripper_package
[6.013s] running install
[6.039s] running install_lib
[6.136s] creating /home/admin/ros2_ws_test1/install/gripper_package/lib/python3.12/site-packages/gripper_package
[6.137s] copying /home/admin/ros2_ws_test1/build/gripper_package/build/lib/gripper_package/gripper_node.py -> /home/admin/ros2_ws_test1/install/gripper_package/lib/python3.12/site-packages/gripper_package
[6.138s] copying /home/admin/ros2_ws_test1/build/gripper_package/build/lib/gripper_package/__init__.py -> /home/admin/ros2_ws_test1/install/gripper_package/lib/python3.12/site-packages/gripper_package
[6.141s] byte-compiling /home/admin/ros2_ws_test1/install/gripper_package/lib/python3.12/site-packages/gripper_package/gripper_node.py to gripper_node.cpython-312.pyc
[6.144s] byte-compiling /home/admin/ros2_ws_test1/install/gripper_package/lib/python3.12/site-packages/gripper_package/__init__.py to __init__.cpython-312.pyc
[6.145s] running install_data
[6.146s] creating /home/admin/ros2_ws_test1/install/gripper_package/share/ament_index
[6.146s] creating /home/admin/ros2_ws_test1/install/gripper_package/share/ament_index/resource_index
[6.147s] creating /home/admin/ros2_ws_test1/install/gripper_package/share/ament_index/resource_index/packages
[6.147s] copying resource/gripper_package -> /home/admin/ros2_ws_test1/install/gripper_package/share/ament_index/resource_index/packages
[6.148s] copying package.xml -> /home/admin/ros2_ws_test1/install/gripper_package/share/gripper_package
[6.148s] running install_egg_info
[6.252s] Copying ../../build/gripper_package/gripper_package.egg-info to /home/admin/ros2_ws_test1/install/gripper_package/lib/python3.12/site-packages/gripper_package-0.0.0-py3.12.egg-info
[6.258s] running install_scripts
[7.032s] Installing gripper_node script to /home/admin/ros2_ws_test1/install/gripper_package/lib/gripper_package
[7.034s] writing list of installed files to '/home/admin/ros2_ws_test1/build/gripper_package/install.log'
[7.184s] Invoked command in '/home/admin/ros2_ws_test1/src/gripper_package' returned '0': PYTHONPATH=/home/admin/ros2_ws_test1/build/gripper_package/prefix_override:/usr/lib/python3/dist-packages/colcon_core/task/python/colcon_distutils_commands:/home/admin/ros2_ws_test1/install/gripper_package/lib/python3.12/site-packages:${PYTHONPATH} /usr/bin/python3 -W ignore:setup.py install is deprecated -W ignore:easy_install command is deprecated setup.py egg_info --egg-base ../../build/gripper_package build --build-base /home/admin/ros2_ws_test1/build/gripper_package/build install --record /home/admin/ros2_ws_test1/build/gripper_package/install.log --single-version-externally-managed install_data
