running egg_info
writing ../../build/gripper/gripper.egg-info/PKG-INFO
writing dependency_links to ../../build/gripper/gripper.egg-info/dependency_links.txt
deleting ../../build/gripper/gripper.egg-info/entry_points.txt
writing requirements to ../../build/gripper/gripper.egg-info/requires.txt
writing top-level names to ../../build/gripper/gripper.egg-info/top_level.txt
reading manifest file '../../build/gripper/gripper.egg-info/SOURCES.txt'
adding license file 'LICENSE'
writing manifest file '../../build/gripper/gripper.egg-info/SOURCES.txt'
running build
running build_py
copying gripper/gripper_driver.py -> /home/admin/ri_seaweed_ws/build/gripper/build/lib/gripper
copying gripper/__init__.py -> /home/admin/ri_seaweed_ws/build/gripper/build/lib/gripper
copying gripper/gripper_dummy_controller.py -> /home/admin/ri_seaweed_ws/build/gripper/build/lib/gripper
running install
running install_lib
copying /home/admin/ri_seaweed_ws/build/gripper/build/lib/gripper/gripper_driver.py -> /home/admin/ri_seaweed_ws/install/gripper/lib/python3.12/site-packages/gripper
copying /home/admin/ri_seaweed_ws/build/gripper/build/lib/gripper/__init__.py -> /home/admin/ri_seaweed_ws/install/gripper/lib/python3.12/site-packages/gripper
copying /home/admin/ri_seaweed_ws/build/gripper/build/lib/gripper/gripper_dummy_controller.py -> /home/admin/ri_seaweed_ws/install/gripper/lib/python3.12/site-packages/gripper
byte-compiling /home/admin/ri_seaweed_ws/install/gripper/lib/python3.12/site-packages/gripper/gripper_driver.py to gripper_driver.cpython-312.pyc
byte-compiling /home/admin/ri_seaweed_ws/install/gripper/lib/python3.12/site-packages/gripper/__init__.py to __init__.cpython-312.pyc
byte-compiling /home/admin/ri_seaweed_ws/install/gripper/lib/python3.12/site-packages/gripper/gripper_dummy_controller.py to gripper_dummy_controller.cpython-312.pyc
running install_data
copying resource/gripper -> /home/admin/ri_seaweed_ws/install/gripper/share/ament_index/resource_index/packages
copying package.xml -> /home/admin/ri_seaweed_ws/install/gripper/share/gripper
running install_egg_info
removing '/home/admin/ri_seaweed_ws/install/gripper/lib/python3.12/site-packages/gripper-0.0.0-py3.12.egg-info' (and everything under it)
Copying ../../build/gripper/gripper.egg-info to /home/admin/ri_seaweed_ws/install/gripper/lib/python3.12/site-packages/gripper-0.0.0-py3.12.egg-info
running install_scripts
writing list of installed files to '/home/admin/ri_seaweed_ws/build/gripper/install.log'
