[7.874s] Invoking command in '/home/admin/ri_seaweed_ws/src/gripper': PYTHONPATH=/home/admin/ri_seaweed_ws/build/gripper/prefix_override:/usr/lib/python3/dist-packages/colcon_core/task/python/colcon_distutils_commands:/home/admin/ri_seaweed_ws/install/gripper/lib/python3.12/site-packages:${PYTHONPATH} /usr/bin/python3 -W ignore:setup.py install is deprecated -W ignore:easy_install command is deprecated setup.py egg_info --egg-base ../../build/gripper build --build-base /home/admin/ri_seaweed_ws/build/gripper/build install --record /home/admin/ri_seaweed_ws/build/gripper/install.log --single-version-externally-managed install_data
[9.785s] running egg_info
[10.187s] writing ../../build/gripper/gripper.egg-info/PKG-INFO
[10.188s] writing dependency_links to ../../build/gripper/gripper.egg-info/dependency_links.txt
[10.195s] deleting ../../build/gripper/gripper.egg-info/entry_points.txt
[10.201s] writing requirements to ../../build/gripper/gripper.egg-info/requires.txt
[10.202s] writing top-level names to ../../build/gripper/gripper.egg-info/top_level.txt
[10.721s] reading manifest file '../../build/gripper/gripper.egg-info/SOURCES.txt'
[10.724s] adding license file 'LICENSE'
[10.730s] writing manifest file '../../build/gripper/gripper.egg-info/SOURCES.txt'
[10.731s] running build
[10.735s] running build_py
[10.736s] copying gripper/gripper_driver.py -> /home/admin/ri_seaweed_ws/build/gripper/build/lib/gripper
[10.737s] copying gripper/__init__.py -> /home/admin/ri_seaweed_ws/build/gripper/build/lib/gripper
[10.740s] copying gripper/gripper_dummy_controller.py -> /home/admin/ri_seaweed_ws/build/gripper/build/lib/gripper
[10.745s] running install
[10.772s] running install_lib
[10.913s] copying /home/admin/ri_seaweed_ws/build/gripper/build/lib/gripper/gripper_driver.py -> /home/admin/ri_seaweed_ws/install/gripper/lib/python3.12/site-packages/gripper
[10.915s] copying /home/admin/ri_seaweed_ws/build/gripper/build/lib/gripper/__init__.py -> /home/admin/ri_seaweed_ws/install/gripper/lib/python3.12/site-packages/gripper
[10.917s] copying /home/admin/ri_seaweed_ws/build/gripper/build/lib/gripper/gripper_dummy_controller.py -> /home/admin/ri_seaweed_ws/install/gripper/lib/python3.12/site-packages/gripper
[10.922s] byte-compiling /home/admin/ri_seaweed_ws/install/gripper/lib/python3.12/site-packages/gripper/gripper_driver.py to gripper_driver.cpython-312.pyc
[10.925s] byte-compiling /home/admin/ri_seaweed_ws/install/gripper/lib/python3.12/site-packages/gripper/__init__.py to __init__.cpython-312.pyc
[10.928s] byte-compiling /home/admin/ri_seaweed_ws/install/gripper/lib/python3.12/site-packages/gripper/gripper_dummy_controller.py to gripper_dummy_controller.cpython-312.pyc
[10.934s] running install_data
[10.935s] copying resource/gripper -> /home/admin/ri_seaweed_ws/install/gripper/share/ament_index/resource_index/packages
[10.935s] copying package.xml -> /home/admin/ri_seaweed_ws/install/gripper/share/gripper
[10.937s] running install_egg_info
[11.085s] removing '/home/admin/ri_seaweed_ws/install/gripper/lib/python3.12/site-packages/gripper-0.0.0-py3.12.egg-info' (and everything under it)
[11.093s] Copying ../../build/gripper/gripper.egg-info to /home/admin/ri_seaweed_ws/install/gripper/lib/python3.12/site-packages/gripper-0.0.0-py3.12.egg-info
[11.106s] running install_scripts
[12.284s] writing list of installed files to '/home/admin/ri_seaweed_ws/build/gripper/install.log'
[12.482s] Invoked command in '/home/admin/ri_seaweed_ws/src/gripper' returned '0': PYTHONPATH=/home/admin/ri_seaweed_ws/build/gripper/prefix_override:/usr/lib/python3/dist-packages/colcon_core/task/python/colcon_distutils_commands:/home/admin/ri_seaweed_ws/install/gripper/lib/python3.12/site-packages:${PYTHONPATH} /usr/bin/python3 -W ignore:setup.py install is deprecated -W ignore:easy_install command is deprecated setup.py egg_info --egg-base ../../build/gripper build --build-base /home/admin/ri_seaweed_ws/build/gripper/build install --record /home/admin/ri_seaweed_ws/build/gripper/install.log --single-version-externally-managed install_data
