[0.461s] DEBUG:colcon:Command line arguments: ['/usr/bin/colcon', 'build', '--packages-select', 'tutorial_interfaces']
[0.461s] DEBUG:colcon:Parsed command line arguments: Namespace(log_base=None, log_level=None, verb_name='build', build_base='build', install_base='install', merge_install=False, symlink_install=False, test_result_base=None, continue_on_error=False, executor='parallel', parallel_workers=4, event_handlers=None, ignore_user_meta=False, metas=['./colcon.meta'], base_paths=['.'], packages_ignore=None, packages_ignore_regex=None, paths=None, packages_up_to=None, packages_up_to_regex=None, packages_above=None, packages_above_and_dependencies=None, packages_above_depth=None, packages_select_by_dep=None, packages_skip_by_dep=None, packages_skip_up_to=None, packages_select_build_failed=False, packages_skip_build_finished=False, packages_select_test_failures=False, packages_skip_test_passed=False, packages_select=['tutorial_interfaces'], packages_skip=None, packages_select_regex=None, packages_skip_regex=None, packages_start=None, packages_end=None, allow_overriding=[], cmake_args=None, cmake_target=None, cmake_target_skip_unavailable=False, cmake_clean_cache=False, cmake_clean_first=False, cmake_force_configure=False, ament_cmake_args=None, catkin_cmake_args=None, catkin_skip_building_tests=False, mixin_files=None, mixin=None, verb_parser=<colcon_mixin.mixin.mixin_argument.MixinArgumentDecorator object at 0xffff867a6030>, verb_extension=<colcon_core.verb.build.BuildVerb object at 0xffff8695a7b0>, main=<bound method BuildVerb.main of <colcon_core.verb.build.BuildVerb object at 0xffff8695a7b0>>, mixin_verb=('build',))
[0.643s] Level 1:colcon.colcon_core.package_discovery:discover_packages(colcon_meta) check parameters
[0.643s] Level 1:colcon.colcon_core.package_discovery:discover_packages(recursive) check parameters
[0.643s] Level 1:colcon.colcon_core.package_discovery:discover_packages(ignore) check parameters
[0.643s] Level 1:colcon.colcon_core.package_discovery:discover_packages(path) check parameters
[0.644s] Level 1:colcon.colcon_core.package_discovery:discover_packages(colcon_meta) discover
[0.644s] Level 1:colcon.colcon_core.package_discovery:discover_packages(recursive) discover
[0.644s] INFO:colcon.colcon_core.package_discovery:Crawling recursively for packages in '/home/admin/playground_ws'
[0.645s] Level 1:colcon.colcon_core.package_identification:_identify(.) by extensions ['ignore', 'ignore_ament_install']
[0.645s] Level 1:colcon.colcon_core.package_identification:_identify(.) by extension 'ignore'
[0.645s] Level 1:colcon.colcon_core.package_identification:_identify(.) by extension 'ignore_ament_install'
[0.646s] Level 1:colcon.colcon_core.package_identification:_identify(.) by extensions ['colcon_pkg']
[0.646s] Level 1:colcon.colcon_core.package_identification:_identify(.) by extension 'colcon_pkg'
[0.646s] Level 1:colcon.colcon_core.package_identification:_identify(.) by extensions ['colcon_meta']
[0.646s] Level 1:colcon.colcon_core.package_identification:_identify(.) by extension 'colcon_meta'
[0.646s] Level 1:colcon.colcon_core.package_identification:_identify(.) by extensions ['ros']
[0.646s] Level 1:colcon.colcon_core.package_identification:_identify(.) by extension 'ros'
[0.762s] Level 1:colcon.colcon_core.package_identification:_identify(.) by extensions ['cmake', 'python']
[0.763s] Level 1:colcon.colcon_core.package_identification:_identify(.) by extension 'cmake'
[0.763s] Level 1:colcon.colcon_core.package_identification:_identify(.) by extension 'python'
[0.763s] Level 1:colcon.colcon_core.package_identification:_identify(.) by extensions ['python_setup_py']
[0.763s] Level 1:colcon.colcon_core.package_identification:_identify(.) by extension 'python_setup_py'
[0.764s] Level 1:colcon.colcon_core.package_identification:_identify(build) by extensions ['ignore', 'ignore_ament_install']
[0.764s] Level 1:colcon.colcon_core.package_identification:_identify(build) by extension 'ignore'
[0.765s] Level 1:colcon.colcon_core.package_identification:_identify(build) ignored
[0.766s] Level 1:colcon.colcon_core.package_identification:_identify(install) by extensions ['ignore', 'ignore_ament_install']
[0.766s] Level 1:colcon.colcon_core.package_identification:_identify(install) by extension 'ignore'
[0.766s] Level 1:colcon.colcon_core.package_identification:_identify(install) ignored
[0.767s] Level 1:colcon.colcon_core.package_identification:_identify(log) by extensions ['ignore', 'ignore_ament_install']
[0.767s] Level 1:colcon.colcon_core.package_identification:_identify(log) by extension 'ignore'
[0.768s] Level 1:colcon.colcon_core.package_identification:_identify(log) ignored
[0.768s] Level 1:colcon.colcon_core.package_identification:_identify(src) by extensions ['ignore', 'ignore_ament_install']
[0.769s] Level 1:colcon.colcon_core.package_identification:_identify(src) by extension 'ignore'
[0.769s] Level 1:colcon.colcon_core.package_identification:_identify(src) by extension 'ignore_ament_install'
[0.769s] Level 1:colcon.colcon_core.package_identification:_identify(src) by extensions ['colcon_pkg']
[0.770s] Level 1:colcon.colcon_core.package_identification:_identify(src) by extension 'colcon_pkg'
[0.770s] Level 1:colcon.colcon_core.package_identification:_identify(src) by extensions ['colcon_meta']
[0.770s] Level 1:colcon.colcon_core.package_identification:_identify(src) by extension 'colcon_meta'
[0.770s] Level 1:colcon.colcon_core.package_identification:_identify(src) by extensions ['ros']
[0.770s] Level 1:colcon.colcon_core.package_identification:_identify(src) by extension 'ros'
[0.771s] Level 1:colcon.colcon_core.package_identification:_identify(src) by extensions ['cmake', 'python']
[0.771s] Level 1:colcon.colcon_core.package_identification:_identify(src) by extension 'cmake'
[0.771s] Level 1:colcon.colcon_core.package_identification:_identify(src) by extension 'python'
[0.772s] Level 1:colcon.colcon_core.package_identification:_identify(src) by extensions ['python_setup_py']
[0.772s] Level 1:colcon.colcon_core.package_identification:_identify(src) by extension 'python_setup_py'
[0.774s] Level 1:colcon.colcon_core.package_identification:_identify(src/cpp_pubsub) by extensions ['ignore', 'ignore_ament_install']
[0.774s] Level 1:colcon.colcon_core.package_identification:_identify(src/cpp_pubsub) by extension 'ignore'
[0.775s] Level 1:colcon.colcon_core.package_identification:_identify(src/cpp_pubsub) by extension 'ignore_ament_install'
[0.775s] Level 1:colcon.colcon_core.package_identification:_identify(src/cpp_pubsub) by extensions ['colcon_pkg']
[0.775s] Level 1:colcon.colcon_core.package_identification:_identify(src/cpp_pubsub) by extension 'colcon_pkg'
[0.776s] Level 1:colcon.colcon_core.package_identification:_identify(src/cpp_pubsub) by extensions ['colcon_meta']
[0.776s] Level 1:colcon.colcon_core.package_identification:_identify(src/cpp_pubsub) by extension 'colcon_meta'
[0.777s] Level 1:colcon.colcon_core.package_identification:_identify(src/cpp_pubsub) by extensions ['ros']
[0.777s] Level 1:colcon.colcon_core.package_identification:_identify(src/cpp_pubsub) by extension 'ros'
[0.788s] DEBUG:colcon.colcon_core.package_identification:Package 'src/cpp_pubsub' with type 'ros.ament_cmake' and name 'cpp_pubsub'
[0.788s] Level 1:colcon.colcon_core.package_identification:_identify(src/gripper_package) by extensions ['ignore', 'ignore_ament_install']
[0.789s] Level 1:colcon.colcon_core.package_identification:_identify(src/gripper_package) by extension 'ignore'
[0.789s] Level 1:colcon.colcon_core.package_identification:_identify(src/gripper_package) by extension 'ignore_ament_install'
[0.790s] Level 1:colcon.colcon_core.package_identification:_identify(src/gripper_package) by extensions ['colcon_pkg']
[0.790s] Level 1:colcon.colcon_core.package_identification:_identify(src/gripper_package) by extension 'colcon_pkg'
[0.790s] Level 1:colcon.colcon_core.package_identification:_identify(src/gripper_package) by extensions ['colcon_meta']
[0.790s] Level 1:colcon.colcon_core.package_identification:_identify(src/gripper_package) by extension 'colcon_meta'
[0.791s] Level 1:colcon.colcon_core.package_identification:_identify(src/gripper_package) by extensions ['ros']
[0.791s] Level 1:colcon.colcon_core.package_identification:_identify(src/gripper_package) by extension 'ros'
[0.793s] DEBUG:colcon.colcon_core.package_identification:Package 'src/gripper_package' with type 'ros.ament_python' and name 'gripper_package'
[0.794s] Level 1:colcon.colcon_core.package_identification:_identify(src/py_pubsub) by extensions ['ignore', 'ignore_ament_install']
[0.794s] Level 1:colcon.colcon_core.package_identification:_identify(src/py_pubsub) by extension 'ignore'
[0.795s] Level 1:colcon.colcon_core.package_identification:_identify(src/py_pubsub) by extension 'ignore_ament_install'
[0.795s] Level 1:colcon.colcon_core.package_identification:_identify(src/py_pubsub) by extensions ['colcon_pkg']
[0.795s] Level 1:colcon.colcon_core.package_identification:_identify(src/py_pubsub) by extension 'colcon_pkg'
[0.796s] Level 1:colcon.colcon_core.package_identification:_identify(src/py_pubsub) by extensions ['colcon_meta']
[0.796s] Level 1:colcon.colcon_core.package_identification:_identify(src/py_pubsub) by extension 'colcon_meta'
[0.796s] Level 1:colcon.colcon_core.package_identification:_identify(src/py_pubsub) by extensions ['ros']
[0.796s] Level 1:colcon.colcon_core.package_identification:_identify(src/py_pubsub) by extension 'ros'
[0.798s] DEBUG:colcon.colcon_core.package_identification:Package 'src/py_pubsub' with type 'ros.ament_python' and name 'py_pubsub'
[0.799s] Level 1:colcon.colcon_core.package_identification:_identify(src/py_srvcli) by extensions ['ignore', 'ignore_ament_install']
[0.800s] Level 1:colcon.colcon_core.package_identification:_identify(src/py_srvcli) by extension 'ignore'
[0.801s] Level 1:colcon.colcon_core.package_identification:_identify(src/py_srvcli) by extension 'ignore_ament_install'
[0.801s] Level 1:colcon.colcon_core.package_identification:_identify(src/py_srvcli) by extensions ['colcon_pkg']
[0.802s] Level 1:colcon.colcon_core.package_identification:_identify(src/py_srvcli) by extension 'colcon_pkg'
[0.802s] Level 1:colcon.colcon_core.package_identification:_identify(src/py_srvcli) by extensions ['colcon_meta']
[0.802s] Level 1:colcon.colcon_core.package_identification:_identify(src/py_srvcli) by extension 'colcon_meta'
[0.802s] Level 1:colcon.colcon_core.package_identification:_identify(src/py_srvcli) by extensions ['ros']
[0.803s] Level 1:colcon.colcon_core.package_identification:_identify(src/py_srvcli) by extension 'ros'
[0.805s] DEBUG:colcon.colcon_core.package_identification:Package 'src/py_srvcli' with type 'ros.ament_python' and name 'py_srvcli'
[0.806s] Level 1:colcon.colcon_core.package_identification:_identify(src/tutorial_interfaces) by extensions ['ignore', 'ignore_ament_install']
[0.807s] Level 1:colcon.colcon_core.package_identification:_identify(src/tutorial_interfaces) by extension 'ignore'
[0.807s] Level 1:colcon.colcon_core.package_identification:_identify(src/tutorial_interfaces) by extension 'ignore_ament_install'
[0.807s] Level 1:colcon.colcon_core.package_identification:_identify(src/tutorial_interfaces) by extensions ['colcon_pkg']
[0.808s] Level 1:colcon.colcon_core.package_identification:_identify(src/tutorial_interfaces) by extension 'colcon_pkg'
[0.808s] Level 1:colcon.colcon_core.package_identification:_identify(src/tutorial_interfaces) by extensions ['colcon_meta']
[0.808s] Level 1:colcon.colcon_core.package_identification:_identify(src/tutorial_interfaces) by extension 'colcon_meta'
[0.808s] Level 1:colcon.colcon_core.package_identification:_identify(src/tutorial_interfaces) by extensions ['ros']
[0.808s] Level 1:colcon.colcon_core.package_identification:_identify(src/tutorial_interfaces) by extension 'ros'
[0.811s] DEBUG:colcon.colcon_core.package_identification:Package 'src/tutorial_interfaces' with type 'ros.ament_cmake' and name 'tutorial_interfaces'
[0.811s] Level 1:colcon.colcon_core.package_discovery:discover_packages(recursive) using defaults
[0.812s] Level 1:colcon.colcon_core.package_discovery:discover_packages(ignore) discover
[0.812s] Level 1:colcon.colcon_core.package_discovery:discover_packages(ignore) using defaults
[0.812s] Level 1:colcon.colcon_core.package_discovery:discover_packages(path) discover
[0.812s] Level 1:colcon.colcon_core.package_discovery:discover_packages(path) using defaults
[0.892s] INFO:colcon.colcon_core.package_selection:Skipping not selected package 'cpp_pubsub' in 'src/cpp_pubsub'
[0.893s] INFO:colcon.colcon_core.package_selection:Skipping not selected package 'gripper_package' in 'src/gripper_package'
[0.893s] INFO:colcon.colcon_core.package_selection:Skipping not selected package 'py_srvcli' in 'src/py_srvcli'
[0.897s] INFO:colcon.colcon_core.package_selection:Skipping not selected package 'py_pubsub' in 'src/py_pubsub'
[0.899s] Level 1:colcon.colcon_core.package_discovery:discover_packages(prefix_path) check parameters
[0.900s] Level 1:colcon.colcon_core.package_discovery:discover_packages(prefix_path) discover
[0.919s] DEBUG:colcon.colcon_installed_package_information.package_discovery:Found 285 installed packages in /opt/ros/jazzy
[0.926s] Level 1:colcon.colcon_core.package_discovery:discover_packages(prefix_path) using defaults
[1.140s] Level 5:colcon.colcon_core.verb:set package 'tutorial_interfaces' build argument 'cmake_args' from command line to 'None'
[1.140s] Level 5:colcon.colcon_core.verb:set package 'tutorial_interfaces' build argument 'cmake_target' from command line to 'None'
[1.141s] Level 5:colcon.colcon_core.verb:set package 'tutorial_interfaces' build argument 'cmake_target_skip_unavailable' from command line to 'False'
[1.141s] Level 5:colcon.colcon_core.verb:set package 'tutorial_interfaces' build argument 'cmake_clean_cache' from command line to 'False'
[1.141s] Level 5:colcon.colcon_core.verb:set package 'tutorial_interfaces' build argument 'cmake_clean_first' from command line to 'False'
[1.141s] Level 5:colcon.colcon_core.verb:set package 'tutorial_interfaces' build argument 'cmake_force_configure' from command line to 'False'
[1.141s] Level 5:colcon.colcon_core.verb:set package 'tutorial_interfaces' build argument 'ament_cmake_args' from command line to 'None'
[1.142s] Level 5:colcon.colcon_core.verb:set package 'tutorial_interfaces' build argument 'catkin_cmake_args' from command line to 'None'
[1.142s] Level 5:colcon.colcon_core.verb:set package 'tutorial_interfaces' build argument 'catkin_skip_building_tests' from command line to 'False'
[1.142s] DEBUG:colcon.colcon_core.verb:Building package 'tutorial_interfaces' with the following arguments: {'ament_cmake_args': None, 'build_base': '/home/admin/playground_ws/build/tutorial_interfaces', 'catkin_cmake_args': None, 'catkin_skip_building_tests': False, 'cmake_args': None, 'cmake_clean_cache': False, 'cmake_clean_first': False, 'cmake_force_configure': False, 'cmake_target': None, 'cmake_target_skip_unavailable': False, 'install_base': '/home/admin/playground_ws/install/tutorial_interfaces', 'merge_install': False, 'path': '/home/admin/playground_ws/src/tutorial_interfaces', 'symlink_install': False, 'test_result_base': None}
[1.143s] INFO:colcon.colcon_core.executor:Executing jobs using 'parallel' executor
[1.146s] DEBUG:colcon.colcon_parallel_executor.executor.parallel:run_until_complete
[1.147s] INFO:colcon.colcon_ros.task.ament_cmake.build:Building ROS package in '/home/admin/playground_ws/src/tutorial_interfaces' with build type 'ament_cmake'
[1.148s] INFO:colcon.colcon_cmake.task.cmake.build:Building CMake package in '/home/admin/playground_ws/src/tutorial_interfaces'
[1.159s] INFO:colcon.colcon_core.plugin_system:Skipping extension 'colcon_core.shell.bat': Not used on non-Windows systems
[1.160s] INFO:colcon.colcon_core.shell:Skip shell extension 'powershell' for command environment: Not usable outside of PowerShell
[1.160s] DEBUG:colcon.colcon_core.shell:Skip shell extension 'dsv' for command environment
[1.207s] DEBUG:colcon.colcon_core.event_handler.log_command:Invoking command in '/home/admin/playground_ws/build/tutorial_interfaces': CMAKE_PREFIX_PATH=${CMAKE_PREFIX_PATH}:/opt/ros/jazzy /usr/bin/cmake --build /home/admin/playground_ws/build/tutorial_interfaces -- -j4 -l4
[3.630s] DEBUG:colcon.colcon_core.event_handler.log_command:Invoked command in '/home/admin/playground_ws/build/tutorial_interfaces' returned '0': CMAKE_PREFIX_PATH=${CMAKE_PREFIX_PATH}:/opt/ros/jazzy /usr/bin/cmake --build /home/admin/playground_ws/build/tutorial_interfaces -- -j4 -l4
[3.688s] DEBUG:colcon.colcon_core.event_handler.log_command:Invoking command in '/home/admin/playground_ws/build/tutorial_interfaces': CMAKE_PREFIX_PATH=${CMAKE_PREFIX_PATH}:/opt/ros/jazzy /usr/bin/cmake --install /home/admin/playground_ws/build/tutorial_interfaces
[4.059s] Level 1:colcon.colcon_core.environment:create_environment_scripts_only(tutorial_interfaces)
[4.061s] DEBUG:colcon.colcon_core.event_handler.log_command:Invoked command in '/home/admin/playground_ws/build/tutorial_interfaces' returned '0': CMAKE_PREFIX_PATH=${CMAKE_PREFIX_PATH}:/opt/ros/jazzy /usr/bin/cmake --install /home/admin/playground_ws/build/tutorial_interfaces
[4.071s] Level 1:colcon.colcon_core.environment:checking '/home/admin/playground_ws/install/tutorial_interfaces' for CMake module files
[4.077s] Level 1:colcon.colcon_core.environment:checking '/home/admin/playground_ws/install/tutorial_interfaces' for CMake config files
[4.083s] Level 1:colcon.colcon_core.shell:create_environment_hook('tutorial_interfaces', 'cmake_prefix_path')
[4.084s] INFO:colcon.colcon_core.shell:Creating environment hook '/home/admin/playground_ws/install/tutorial_interfaces/share/tutorial_interfaces/hook/cmake_prefix_path.ps1'
[4.087s] INFO:colcon.colcon_core.shell:Creating environment descriptor '/home/admin/playground_ws/install/tutorial_interfaces/share/tutorial_interfaces/hook/cmake_prefix_path.dsv'
[4.088s] INFO:colcon.colcon_core.shell:Creating environment hook '/home/admin/playground_ws/install/tutorial_interfaces/share/tutorial_interfaces/hook/cmake_prefix_path.sh'
[4.092s] Level 1:colcon.colcon_core.environment:checking '/home/admin/playground_ws/install/tutorial_interfaces/lib'
[4.093s] Level 1:colcon.colcon_core.shell:create_environment_hook('tutorial_interfaces', 'ld_library_path_lib')
[4.094s] INFO:colcon.colcon_core.shell:Creating environment hook '/home/admin/playground_ws/install/tutorial_interfaces/share/tutorial_interfaces/hook/ld_library_path_lib.ps1'
[4.096s] INFO:colcon.colcon_core.shell:Creating environment descriptor '/home/admin/playground_ws/install/tutorial_interfaces/share/tutorial_interfaces/hook/ld_library_path_lib.dsv'
[4.097s] INFO:colcon.colcon_core.shell:Creating environment hook '/home/admin/playground_ws/install/tutorial_interfaces/share/tutorial_interfaces/hook/ld_library_path_lib.sh'
[4.099s] Level 1:colcon.colcon_core.environment:checking '/home/admin/playground_ws/install/tutorial_interfaces/bin'
[4.100s] Level 1:colcon.colcon_core.environment:checking '/home/admin/playground_ws/install/tutorial_interfaces/lib/pkgconfig/tutorial_interfaces.pc'
[4.100s] Level 1:colcon.colcon_core.environment:checking '/home/admin/playground_ws/install/tutorial_interfaces/lib/python3.12/site-packages'
[4.101s] Level 1:colcon.colcon_core.shell:create_environment_hook('tutorial_interfaces', 'pythonpath')
[4.102s] INFO:colcon.colcon_core.shell:Creating environment hook '/home/admin/playground_ws/install/tutorial_interfaces/share/tutorial_interfaces/hook/pythonpath.ps1'
[4.104s] INFO:colcon.colcon_core.shell:Creating environment descriptor '/home/admin/playground_ws/install/tutorial_interfaces/share/tutorial_interfaces/hook/pythonpath.dsv'
[4.105s] INFO:colcon.colcon_core.shell:Creating environment hook '/home/admin/playground_ws/install/tutorial_interfaces/share/tutorial_interfaces/hook/pythonpath.sh'
[4.108s] Level 1:colcon.colcon_core.environment:checking '/home/admin/playground_ws/install/tutorial_interfaces/bin'
[4.110s] INFO:colcon.colcon_core.shell:Creating package script '/home/admin/playground_ws/install/tutorial_interfaces/share/tutorial_interfaces/package.ps1'
[4.113s] INFO:colcon.colcon_core.shell:Creating package descriptor '/home/admin/playground_ws/install/tutorial_interfaces/share/tutorial_interfaces/package.dsv'
[4.116s] INFO:colcon.colcon_core.shell:Creating package script '/home/admin/playground_ws/install/tutorial_interfaces/share/tutorial_interfaces/package.sh'
[4.119s] INFO:colcon.colcon_core.shell:Creating package script '/home/admin/playground_ws/install/tutorial_interfaces/share/tutorial_interfaces/package.bash'
[4.121s] INFO:colcon.colcon_core.shell:Creating package script '/home/admin/playground_ws/install/tutorial_interfaces/share/tutorial_interfaces/package.zsh'
[4.124s] Level 1:colcon.colcon_core.environment:create_file_with_runtime_dependencies(/home/admin/playground_ws/install/tutorial_interfaces/share/colcon-core/packages/tutorial_interfaces)
[4.129s] Level 1:colcon.colcon_core.environment:create_environment_scripts_only(tutorial_interfaces)
[4.129s] Level 1:colcon.colcon_core.environment:checking '/home/admin/playground_ws/install/tutorial_interfaces' for CMake module files
[4.134s] Level 1:colcon.colcon_core.environment:checking '/home/admin/playground_ws/install/tutorial_interfaces' for CMake config files
[4.141s] Level 1:colcon.colcon_core.shell:create_environment_hook('tutorial_interfaces', 'cmake_prefix_path')
[4.142s] INFO:colcon.colcon_core.shell:Creating environment hook '/home/admin/playground_ws/install/tutorial_interfaces/share/tutorial_interfaces/hook/cmake_prefix_path.ps1'
[4.144s] INFO:colcon.colcon_core.shell:Creating environment descriptor '/home/admin/playground_ws/install/tutorial_interfaces/share/tutorial_interfaces/hook/cmake_prefix_path.dsv'
[4.146s] INFO:colcon.colcon_core.shell:Creating environment hook '/home/admin/playground_ws/install/tutorial_interfaces/share/tutorial_interfaces/hook/cmake_prefix_path.sh'
[4.148s] Level 1:colcon.colcon_core.environment:checking '/home/admin/playground_ws/install/tutorial_interfaces/lib'
[4.149s] Level 1:colcon.colcon_core.shell:create_environment_hook('tutorial_interfaces', 'ld_library_path_lib')
[4.150s] INFO:colcon.colcon_core.shell:Creating environment hook '/home/admin/playground_ws/install/tutorial_interfaces/share/tutorial_interfaces/hook/ld_library_path_lib.ps1'
[4.153s] INFO:colcon.colcon_core.shell:Creating environment descriptor '/home/admin/playground_ws/install/tutorial_interfaces/share/tutorial_interfaces/hook/ld_library_path_lib.dsv'
[4.155s] INFO:colcon.colcon_core.shell:Creating environment hook '/home/admin/playground_ws/install/tutorial_interfaces/share/tutorial_interfaces/hook/ld_library_path_lib.sh'
[4.157s] Level 1:colcon.colcon_core.environment:checking '/home/admin/playground_ws/install/tutorial_interfaces/bin'
[4.157s] Level 1:colcon.colcon_core.environment:checking '/home/admin/playground_ws/install/tutorial_interfaces/lib/pkgconfig/tutorial_interfaces.pc'
[4.158s] Level 1:colcon.colcon_core.environment:checking '/home/admin/playground_ws/install/tutorial_interfaces/lib/python3.12/site-packages'
[4.159s] Level 1:colcon.colcon_core.shell:create_environment_hook('tutorial_interfaces', 'pythonpath')
[4.159s] INFO:colcon.colcon_core.shell:Creating environment hook '/home/admin/playground_ws/install/tutorial_interfaces/share/tutorial_interfaces/hook/pythonpath.ps1'
[4.161s] INFO:colcon.colcon_core.shell:Creating environment descriptor '/home/admin/playground_ws/install/tutorial_interfaces/share/tutorial_interfaces/hook/pythonpath.dsv'
[4.164s] INFO:colcon.colcon_core.shell:Creating environment hook '/home/admin/playground_ws/install/tutorial_interfaces/share/tutorial_interfaces/hook/pythonpath.sh'
[4.168s] Level 1:colcon.colcon_core.environment:checking '/home/admin/playground_ws/install/tutorial_interfaces/bin'
[4.169s] INFO:colcon.colcon_core.shell:Creating package script '/home/admin/playground_ws/install/tutorial_interfaces/share/tutorial_interfaces/package.ps1'
[4.173s] INFO:colcon.colcon_core.shell:Creating package descriptor '/home/admin/playground_ws/install/tutorial_interfaces/share/tutorial_interfaces/package.dsv'
[4.177s] INFO:colcon.colcon_core.shell:Creating package script '/home/admin/playground_ws/install/tutorial_interfaces/share/tutorial_interfaces/package.sh'
[4.180s] INFO:colcon.colcon_core.shell:Creating package script '/home/admin/playground_ws/install/tutorial_interfaces/share/tutorial_interfaces/package.bash'
[4.183s] INFO:colcon.colcon_core.shell:Creating package script '/home/admin/playground_ws/install/tutorial_interfaces/share/tutorial_interfaces/package.zsh'
[4.185s] Level 1:colcon.colcon_core.environment:create_file_with_runtime_dependencies(/home/admin/playground_ws/install/tutorial_interfaces/share/colcon-core/packages/tutorial_interfaces)
[4.186s] DEBUG:colcon.colcon_parallel_executor.executor.parallel:closing loop
[4.188s] DEBUG:colcon.colcon_parallel_executor.executor.parallel:loop closed
[4.188s] DEBUG:colcon.colcon_parallel_executor.executor.parallel:run_until_complete finished with '0'
[4.189s] DEBUG:colcon.colcon_core.event_reactor:joining thread
[4.214s] INFO:colcon.colcon_core.plugin_system:Skipping extension 'colcon_notification.desktop_notification.notify_send': Could not find 'notify-send'
[4.215s] INFO:colcon.colcon_core.plugin_system:Skipping extension 'colcon_notification.desktop_notification.terminal_notifier': Not used on non-Darwin systems
[4.215s] INFO:colcon.colcon_core.plugin_system:Skipping extension 'colcon_notification.desktop_notification.win32': Not used on non-Windows systems
[4.216s] INFO:colcon.colcon_notification.desktop_notification:Sending desktop notification using 'notify2'
[4.219s] DEBUG:colcon.colcon_notification.desktop_notification.notify2:Failed to initialize notify2: org.freedesktop.DBus.Error.ServiceUnknown: The name org.freedesktop.Notifications was not provided by any .service files
[4.220s] DEBUG:colcon.colcon_core.event_reactor:joined thread
[4.221s] INFO:colcon.colcon_core.shell:Creating prefix script '/home/admin/playground_ws/install/local_setup.ps1'
[4.225s] INFO:colcon.colcon_core.shell:Creating prefix util module '/home/admin/playground_ws/install/_local_setup_util_ps1.py'
[4.230s] INFO:colcon.colcon_core.shell:Creating prefix chain script '/home/admin/playground_ws/install/setup.ps1'
[4.234s] INFO:colcon.colcon_core.shell:Creating prefix script '/home/admin/playground_ws/install/local_setup.sh'
[4.237s] INFO:colcon.colcon_core.shell:Creating prefix util module '/home/admin/playground_ws/install/_local_setup_util_sh.py'
[4.240s] INFO:colcon.colcon_core.shell:Creating prefix chain script '/home/admin/playground_ws/install/setup.sh'
[4.244s] INFO:colcon.colcon_core.shell:Creating prefix script '/home/admin/playground_ws/install/local_setup.bash'
[4.246s] INFO:colcon.colcon_core.shell:Creating prefix chain script '/home/admin/playground_ws/install/setup.bash'
[4.250s] INFO:colcon.colcon_core.shell:Creating prefix script '/home/admin/playground_ws/install/local_setup.zsh'
[4.252s] INFO:colcon.colcon_core.shell:Creating prefix chain script '/home/admin/playground_ws/install/setup.zsh'
