[4.060s] Invoking command in '/home/admin/playground_ws/src/python_parameters': PYTHONPATH=/home/admin/playground_ws/build/python_parameters/prefix_override:/usr/lib/python3/dist-packages/colcon_core/task/python/colcon_distutils_commands:/home/admin/playground_ws/install/python_parameters/lib/python3.12/site-packages:${PYTHONPATH} /usr/bin/python3 -W ignore:setup.py install is deprecated -W ignore:easy_install command is deprecated setup.py egg_info --egg-base ../../build/python_parameters build --build-base /home/admin/playground_ws/build/python_parameters/build install --record /home/admin/playground_ws/build/python_parameters/install.log --single-version-externally-managed install_data
[5.325s] running egg_info
[5.326s] creating ../../build/python_parameters/python_parameters.egg-info
[5.418s] writing ../../build/python_parameters/python_parameters.egg-info/PKG-INFO
[5.419s] writing dependency_links to ../../build/python_parameters/python_parameters.egg-info/dependency_links.txt
[5.420s] writing requirements to ../../build/python_parameters/python_parameters.egg-info/requires.txt
[5.420s] writing top-level names to ../../build/python_parameters/python_parameters.egg-info/top_level.txt
[5.421s] writing manifest file '../../build/python_parameters/python_parameters.egg-info/SOURCES.txt'
[5.609s] reading manifest file '../../build/python_parameters/python_parameters.egg-info/SOURCES.txt'
[5.610s] adding license file 'LICENSE'
[5.612s] writing manifest file '../../build/python_parameters/python_parameters.egg-info/SOURCES.txt'
[5.613s] running build
[5.614s] running build_py
[5.615s] creating /home/admin/playground_ws/build/python_parameters/build
[5.616s] creating /home/admin/playground_ws/build/python_parameters/build/lib
[5.616s] creating /home/admin/playground_ws/build/python_parameters/build/lib/python_parameters
[5.617s] copying python_parameters/__init__.py -> /home/admin/playground_ws/build/python_parameters/build/lib/python_parameters
[5.619s] copying python_parameters/python_parameters_node.py -> /home/admin/playground_ws/build/python_parameters/build/lib/python_parameters
[5.619s] running install
[5.644s] running install_lib
[5.737s] creating /home/admin/playground_ws/install/python_parameters/lib/python3.12/site-packages/python_parameters
[5.738s] copying /home/admin/playground_ws/build/python_parameters/build/lib/python_parameters/__init__.py -> /home/admin/playground_ws/install/python_parameters/lib/python3.12/site-packages/python_parameters
[5.739s] copying /home/admin/playground_ws/build/python_parameters/build/lib/python_parameters/python_parameters_node.py -> /home/admin/playground_ws/install/python_parameters/lib/python3.12/site-packages/python_parameters
[5.742s] byte-compiling /home/admin/playground_ws/install/python_parameters/lib/python3.12/site-packages/python_parameters/__init__.py to __init__.cpython-312.pyc
[5.744s] byte-compiling /home/admin/playground_ws/install/python_parameters/lib/python3.12/site-packages/python_parameters/python_parameters_node.py to python_parameters_node.cpython-312.pyc
[5.746s] running install_data
[5.747s] creating /home/admin/playground_ws/install/python_parameters/share/ament_index
[5.748s] creating /home/admin/playground_ws/install/python_parameters/share/ament_index/resource_index
[5.748s] creating /home/admin/playground_ws/install/python_parameters/share/ament_index/resource_index/packages
[5.749s] copying resource/python_parameters -> /home/admin/playground_ws/install/python_parameters/share/ament_index/resource_index/packages
[5.750s] copying package.xml -> /home/admin/playground_ws/install/python_parameters/share/python_parameters
[5.751s] running install_egg_info
[5.850s] Copying ../../build/python_parameters/python_parameters.egg-info to /home/admin/playground_ws/install/python_parameters/lib/python3.12/site-packages/python_parameters-0.0.0-py3.12.egg-info
[5.855s] running install_scripts
[6.566s] writing list of installed files to '/home/admin/playground_ws/build/python_parameters/install.log'
[6.714s] Invoked command in '/home/admin/playground_ws/src/python_parameters' returned '0': PYTHONPATH=/home/admin/playground_ws/build/python_parameters/prefix_override:/usr/lib/python3/dist-packages/colcon_core/task/python/colcon_distutils_commands:/home/admin/playground_ws/install/python_parameters/lib/python3.12/site-packages:${PYTHONPATH} /usr/bin/python3 -W ignore:setup.py install is deprecated -W ignore:easy_install command is deprecated setup.py egg_info --egg-base ../../build/python_parameters build --build-base /home/admin/playground_ws/build/python_parameters/build install --record /home/admin/playground_ws/build/python_parameters/install.log --single-version-externally-managed install_data
