-- Found ament_cmake: 2.5.5 (/opt/ros/jazzy/share/ament_cmake/cmake)
-- Found Python3: /usr/bin/python3 (found version "3.12.3") found components: Interpreter 
-- Found rosidl_default_generators: 1.6.0 (/opt/ros/jazzy/share/rosidl_default_generators/cmake)
-- Using all available rosidl_typesupport_c: rosidl_typesupport_fastrtps_c;rosidl_typesupport_introspection_c
-- Using all available rosidl_typesupport_cpp: rosidl_typesupport_fastrtps_cpp;rosidl_typesupport_introspection_cpp
-- Found rosidl_adapter: 4.6.7 (/opt/ros/jazzy/share/rosidl_adapter/cmake)
-- Found ament_cmake_ros: 0.12.0 (/opt/ros/jazzy/share/ament_cmake_ros/cmake)
-- Using all available rosidl_typesupport_c: rosidl_typesupport_fastrtps_c;rosidl_typesupport_introspection_c
-- Using all available rosidl_typesupport_cpp: rosidl_typesupport_fastrtps_cpp;rosidl_typesupport_introspection_cpp
-- Found python_cmake_module: 0.11.1 (/opt/ros/jazzy/share/python_cmake_module/cmake)
-- Found Python3: /usr/bin/python3 (found version "3.12.3") found components: Interpreter Development NumPy Development.Module Development.Embed 
-- Found ament_lint_auto: 0.17.4 (/opt/ros/jazzy/share/ament_lint_auto/cmake)
-- Added test 'lint_cmake' to check CMake code style
-- Added test 'xmllint' to check XML markup files
-- Configuring done (6.5s)
-- Generating done (0.3s)
-- Build files have been written to: /home/admin/ri_seaweed_ws/build/ri_seaweed_interfaces
[  2%] [34m[1mGenerating type hashes for ROS interfaces[0m
[  2%] Built target ament_cmake_python_copy_ri_seaweed_interfaces
[  2%] Built target ri_seaweed_interfaces__rosidl_generator_type_description
[  5%] [34m[1mGenerating C code for ROS interfaces[0m
[  8%] [34m[1mGenerating C++ code for ROS interfaces[0m
running egg_info
writing ri_seaweed_interfaces.egg-info/PKG-INFO
writing dependency_links to ri_seaweed_interfaces.egg-info/dependency_links.txt
writing top-level names to ri_seaweed_interfaces.egg-info/top_level.txt
reading manifest file 'ri_seaweed_interfaces.egg-info/SOURCES.txt'
writing manifest file 'ri_seaweed_interfaces.egg-info/SOURCES.txt'
[  8%] Built target ament_cmake_python_build_ri_seaweed_interfaces_egg
[  8%] Built target ri_seaweed_interfaces__cpp
[ 11%] [32mBuilding C object CMakeFiles/ri_seaweed_interfaces__rosidl_generator_c.dir/rosidl_generator_c/ri_seaweed_interfaces/msg/detail/gripper__description.c.o[0m
[ 14%] [32mBuilding C object CMakeFiles/ri_seaweed_interfaces__rosidl_generator_c.dir/rosidl_generator_c/ri_seaweed_interfaces/msg/detail/gripper__functions.c.o[0m
[ 17%] [32mBuilding C object CMakeFiles/ri_seaweed_interfaces__rosidl_generator_c.dir/rosidl_generator_c/ri_seaweed_interfaces/msg/detail/gripper__type_support.c.o[0m
[ 20%] [32m[1mLinking C shared library libri_seaweed_interfaces__rosidl_generator_c.so[0m
[ 20%] Built target ri_seaweed_interfaces__rosidl_generator_c
[ 23%] [34m[1mGenerating C++ type support dispatch for ROS interfaces[0m
[ 26%] [34m[1mGenerating C type support for eProsima Fast-RTPS[0m
[ 29%] [34m[1mGenerating C introspection for ROS interfaces[0m
[ 32%] [34m[1mGenerating C type support dispatch for ROS interfaces[0m
[ 35%] [32mBuilding CXX object CMakeFiles/ri_seaweed_interfaces__rosidl_typesupport_cpp.dir/rosidl_typesupport_cpp/ri_seaweed_interfaces/msg/gripper__type_support.cpp.o[0m
[ 38%] [32mBuilding CXX object CMakeFiles/ri_seaweed_interfaces__rosidl_typesupport_c.dir/rosidl_typesupport_c/ri_seaweed_interfaces/msg/gripper__type_support.cpp.o[0m
[ 41%] [32mBuilding C object CMakeFiles/ri_seaweed_interfaces__rosidl_typesupport_introspection_c.dir/rosidl_typesupport_introspection_c/ri_seaweed_interfaces/msg/detail/gripper__type_support.c.o[0m
[ 44%] [32mBuilding CXX object CMakeFiles/ri_seaweed_interfaces__rosidl_typesupport_fastrtps_c.dir/rosidl_typesupport_fastrtps_c/ri_seaweed_interfaces/msg/detail/gripper__type_support_c.cpp.o[0m
[ 47%] [32m[1mLinking C shared library libri_seaweed_interfaces__rosidl_typesupport_introspection_c.so[0m
[ 47%] Built target ri_seaweed_interfaces__rosidl_typesupport_introspection_c
[ 50%] [34m[1mGenerating C++ type support for eProsima Fast-RTPS[0m
[ 52%] [32m[1mLinking CXX shared library libri_seaweed_interfaces__rosidl_typesupport_c.so[0m
[ 52%] Built target ri_seaweed_interfaces__rosidl_typesupport_c
[ 55%] [34m[1mGenerating C++ introspection for ROS interfaces[0m
[ 58%] [32mBuilding CXX object CMakeFiles/ri_seaweed_interfaces__rosidl_typesupport_fastrtps_cpp.dir/rosidl_typesupport_fastrtps_cpp/ri_seaweed_interfaces/msg/detail/dds_fastrtps/gripper__type_support.cpp.o[0m
[ 61%] [32m[1mLinking CXX shared library libri_seaweed_interfaces__rosidl_typesupport_cpp.so[0m
[ 64%] [32mBuilding CXX object CMakeFiles/ri_seaweed_interfaces__rosidl_typesupport_introspection_cpp.dir/rosidl_typesupport_introspection_cpp/ri_seaweed_interfaces/msg/detail/gripper__type_support.cpp.o[0m
[ 64%] Built target ri_seaweed_interfaces__rosidl_typesupport_cpp
[ 67%] [32m[1mLinking CXX shared library libri_seaweed_interfaces__rosidl_typesupport_fastrtps_c.so[0m
[ 67%] Built target ri_seaweed_interfaces__rosidl_typesupport_fastrtps_c
[ 70%] [32m[1mLinking CXX shared library libri_seaweed_interfaces__rosidl_typesupport_introspection_cpp.so[0m
[ 73%] [32m[1mLinking CXX shared library libri_seaweed_interfaces__rosidl_typesupport_fastrtps_cpp.so[0m
[ 73%] Built target ri_seaweed_interfaces__rosidl_typesupport_introspection_cpp
[ 73%] Built target ri_seaweed_interfaces__rosidl_typesupport_fastrtps_cpp
[ 73%] Built target ri_seaweed_interfaces
[ 76%] [34m[1mGenerating Python code for ROS interfaces[0m
[ 76%] Built target ri_seaweed_interfaces__py
[ 79%] [32mBuilding C object CMakeFiles/ri_seaweed_interfaces__rosidl_generator_py.dir/rosidl_generator_py/ri_seaweed_interfaces/msg/_gripper_s.c.o[0m
[ 82%] [32m[1mLinking C shared library libri_seaweed_interfaces__rosidl_generator_py.so[0m
[ 82%] Built target ri_seaweed_interfaces__rosidl_generator_py
[ 88%] [32mBuilding C object CMakeFiles/ri_seaweed_interfaces_s__rosidl_typesupport_introspection_c.dir/rosidl_generator_py/ri_seaweed_interfaces/_ri_seaweed_interfaces_s.ep.rosidl_typesupport_introspection_c.c.o[0m
[ 88%] [32mBuilding C object CMakeFiles/ri_seaweed_interfaces_s__rosidl_typesupport_fastrtps_c.dir/rosidl_generator_py/ri_seaweed_interfaces/_ri_seaweed_interfaces_s.ep.rosidl_typesupport_fastrtps_c.c.o[0m
[ 91%] [32mBuilding C object CMakeFiles/ri_seaweed_interfaces_s__rosidl_typesupport_c.dir/rosidl_generator_py/ri_seaweed_interfaces/_ri_seaweed_interfaces_s.ep.rosidl_typesupport_c.c.o[0m
[ 94%] [32m[1mLinking C shared module rosidl_generator_py/ri_seaweed_interfaces/ri_seaweed_interfaces_s__rosidl_typesupport_introspection_c.so[0m
[ 97%] [32m[1mLinking C shared module rosidl_generator_py/ri_seaweed_interfaces/ri_seaweed_interfaces_s__rosidl_typesupport_fastrtps_c.so[0m
[100%] [32m[1mLinking C shared module rosidl_generator_py/ri_seaweed_interfaces/ri_seaweed_interfaces_s__rosidl_typesupport_c.so[0m
[100%] Built target ri_seaweed_interfaces_s__rosidl_typesupport_introspection_c
[100%] Built target ri_seaweed_interfaces_s__rosidl_typesupport_c
[100%] Built target ri_seaweed_interfaces_s__rosidl_typesupport_fastrtps_c
-- Install configuration: ""
-- Up-to-date: /home/admin/ri_seaweed_ws/install/ri_seaweed_interfaces/share/ament_index/resource_index/rosidl_interfaces/ri_seaweed_interfaces
-- Installing: /home/admin/ri_seaweed_ws/install/ri_seaweed_interfaces/share/ri_seaweed_interfaces/msg/Gripper.json
-- Up-to-date: /home/admin/ri_seaweed_ws/install/ri_seaweed_interfaces/include/ri_seaweed_interfaces/ri_seaweed_interfaces
-- Up-to-date: /home/admin/ri_seaweed_ws/install/ri_seaweed_interfaces/include/ri_seaweed_interfaces/ri_seaweed_interfaces/msg
-- Up-to-date: /home/admin/ri_seaweed_ws/install/ri_seaweed_interfaces/include/ri_seaweed_interfaces/ri_seaweed_interfaces/msg/detail
-- Installing: /home/admin/ri_seaweed_ws/install/ri_seaweed_interfaces/include/ri_seaweed_interfaces/ri_seaweed_interfaces/msg/detail/gripper__type_support.h
-- Installing: /home/admin/ri_seaweed_ws/install/ri_seaweed_interfaces/include/ri_seaweed_interfaces/ri_seaweed_interfaces/msg/detail/gripper__functions.h
-- Installing: /home/admin/ri_seaweed_ws/install/ri_seaweed_interfaces/include/ri_seaweed_interfaces/ri_seaweed_interfaces/msg/detail/gripper__description.c
-- Installing: /home/admin/ri_seaweed_ws/install/ri_seaweed_interfaces/include/ri_seaweed_interfaces/ri_seaweed_interfaces/msg/detail/gripper__struct.h
-- Installing: /home/admin/ri_seaweed_ws/install/ri_seaweed_interfaces/include/ri_seaweed_interfaces/ri_seaweed_interfaces/msg/detail/gripper__functions.c
-- Installing: /home/admin/ri_seaweed_ws/install/ri_seaweed_interfaces/include/ri_seaweed_interfaces/ri_seaweed_interfaces/msg/detail/gripper__type_support.c
-- Up-to-date: /home/admin/ri_seaweed_ws/install/ri_seaweed_interfaces/include/ri_seaweed_interfaces/ri_seaweed_interfaces/msg/rosidl_generator_c__visibility_control.h
-- Installing: /home/admin/ri_seaweed_ws/install/ri_seaweed_interfaces/include/ri_seaweed_interfaces/ri_seaweed_interfaces/msg/gripper.h
-- Up-to-date: /home/admin/ri_seaweed_ws/install/ri_seaweed_interfaces/share/ri_seaweed_interfaces/environment/library_path.sh
-- Up-to-date: /home/admin/ri_seaweed_ws/install/ri_seaweed_interfaces/share/ri_seaweed_interfaces/environment/library_path.dsv
-- Installing: /home/admin/ri_seaweed_ws/install/ri_seaweed_interfaces/lib/libri_seaweed_interfaces__rosidl_generator_c.so
-- Set non-toolchain portion of runtime path of "/home/admin/ri_seaweed_ws/install/ri_seaweed_interfaces/lib/libri_seaweed_interfaces__rosidl_generator_c.so" to ""
-- Up-to-date: /home/admin/ri_seaweed_ws/install/ri_seaweed_interfaces/include/ri_seaweed_interfaces/ri_seaweed_interfaces
-- Up-to-date: /home/admin/ri_seaweed_ws/install/ri_seaweed_interfaces/include/ri_seaweed_interfaces/ri_seaweed_interfaces/msg
-- Up-to-date: /home/admin/ri_seaweed_ws/install/ri_seaweed_interfaces/include/ri_seaweed_interfaces/ri_seaweed_interfaces/msg/detail
-- Installing: /home/admin/ri_seaweed_ws/install/ri_seaweed_interfaces/include/ri_seaweed_interfaces/ri_seaweed_interfaces/msg/detail/gripper__rosidl_typesupport_fastrtps_c.h
-- Up-to-date: /home/admin/ri_seaweed_ws/install/ri_seaweed_interfaces/include/ri_seaweed_interfaces/ri_seaweed_interfaces/msg/rosidl_typesupport_fastrtps_c__visibility_control.h
-- Installing: /home/admin/ri_seaweed_ws/install/ri_seaweed_interfaces/lib/libri_seaweed_interfaces__rosidl_typesupport_fastrtps_c.so
-- Set non-toolchain portion of runtime path of "/home/admin/ri_seaweed_ws/install/ri_seaweed_interfaces/lib/libri_seaweed_interfaces__rosidl_typesupport_fastrtps_c.so" to ""
-- Up-to-date: /home/admin/ri_seaweed_ws/install/ri_seaweed_interfaces/include/ri_seaweed_interfaces/ri_seaweed_interfaces
-- Up-to-date: /home/admin/ri_seaweed_ws/install/ri_seaweed_interfaces/include/ri_seaweed_interfaces/ri_seaweed_interfaces/msg
-- Up-to-date: /home/admin/ri_seaweed_ws/install/ri_seaweed_interfaces/include/ri_seaweed_interfaces/ri_seaweed_interfaces/msg/rosidl_typesupport_introspection_c__visibility_control.h
-- Up-to-date: /home/admin/ri_seaweed_ws/install/ri_seaweed_interfaces/include/ri_seaweed_interfaces/ri_seaweed_interfaces/msg/detail
-- Installing: /home/admin/ri_seaweed_ws/install/ri_seaweed_interfaces/include/ri_seaweed_interfaces/ri_seaweed_interfaces/msg/detail/gripper__rosidl_typesupport_introspection_c.h
-- Installing: /home/admin/ri_seaweed_ws/install/ri_seaweed_interfaces/include/ri_seaweed_interfaces/ri_seaweed_interfaces/msg/detail/gripper__type_support.c
-- Installing: /home/admin/ri_seaweed_ws/install/ri_seaweed_interfaces/lib/libri_seaweed_interfaces__rosidl_typesupport_introspection_c.so
-- Set non-toolchain portion of runtime path of "/home/admin/ri_seaweed_ws/install/ri_seaweed_interfaces/lib/libri_seaweed_interfaces__rosidl_typesupport_introspection_c.so" to ""
-- Installing: /home/admin/ri_seaweed_ws/install/ri_seaweed_interfaces/lib/libri_seaweed_interfaces__rosidl_typesupport_c.so
-- Set non-toolchain portion of runtime path of "/home/admin/ri_seaweed_ws/install/ri_seaweed_interfaces/lib/libri_seaweed_interfaces__rosidl_typesupport_c.so" to ""
-- Up-to-date: /home/admin/ri_seaweed_ws/install/ri_seaweed_interfaces/include/ri_seaweed_interfaces/ri_seaweed_interfaces
-- Up-to-date: /home/admin/ri_seaweed_ws/install/ri_seaweed_interfaces/include/ri_seaweed_interfaces/ri_seaweed_interfaces/msg
-- Installing: /home/admin/ri_seaweed_ws/install/ri_seaweed_interfaces/include/ri_seaweed_interfaces/ri_seaweed_interfaces/msg/rosidl_generator_cpp__visibility_control.hpp
-- Installing: /home/admin/ri_seaweed_ws/install/ri_seaweed_interfaces/include/ri_seaweed_interfaces/ri_seaweed_interfaces/msg/gripper.hpp
-- Up-to-date: /home/admin/ri_seaweed_ws/install/ri_seaweed_interfaces/include/ri_seaweed_interfaces/ri_seaweed_interfaces/msg/detail
-- Installing: /home/admin/ri_seaweed_ws/install/ri_seaweed_interfaces/include/ri_seaweed_interfaces/ri_seaweed_interfaces/msg/detail/gripper__traits.hpp
-- Installing: /home/admin/ri_seaweed_ws/install/ri_seaweed_interfaces/include/ri_seaweed_interfaces/ri_seaweed_interfaces/msg/detail/gripper__struct.hpp
-- Installing: /home/admin/ri_seaweed_ws/install/ri_seaweed_interfaces/include/ri_seaweed_interfaces/ri_seaweed_interfaces/msg/detail/gripper__type_support.hpp
-- Installing: /home/admin/ri_seaweed_ws/install/ri_seaweed_interfaces/include/ri_seaweed_interfaces/ri_seaweed_interfaces/msg/detail/gripper__builder.hpp
-- Up-to-date: /home/admin/ri_seaweed_ws/install/ri_seaweed_interfaces/include/ri_seaweed_interfaces/ri_seaweed_interfaces
-- Up-to-date: /home/admin/ri_seaweed_ws/install/ri_seaweed_interfaces/include/ri_seaweed_interfaces/ri_seaweed_interfaces/msg
-- Up-to-date: /home/admin/ri_seaweed_ws/install/ri_seaweed_interfaces/include/ri_seaweed_interfaces/ri_seaweed_interfaces/msg/rosidl_typesupport_fastrtps_cpp__visibility_control.h
-- Up-to-date: /home/admin/ri_seaweed_ws/install/ri_seaweed_interfaces/include/ri_seaweed_interfaces/ri_seaweed_interfaces/msg/detail
-- Up-to-date: /home/admin/ri_seaweed_ws/install/ri_seaweed_interfaces/include/ri_seaweed_interfaces/ri_seaweed_interfaces/msg/detail/dds_fastrtps
-- Installing: /home/admin/ri_seaweed_ws/install/ri_seaweed_interfaces/include/ri_seaweed_interfaces/ri_seaweed_interfaces/msg/detail/gripper__rosidl_typesupport_fastrtps_cpp.hpp
-- Installing: /home/admin/ri_seaweed_ws/install/ri_seaweed_interfaces/lib/libri_seaweed_interfaces__rosidl_typesupport_fastrtps_cpp.so
-- Set non-toolchain portion of runtime path of "/home/admin/ri_seaweed_ws/install/ri_seaweed_interfaces/lib/libri_seaweed_interfaces__rosidl_typesupport_fastrtps_cpp.so" to ""
-- Up-to-date: /home/admin/ri_seaweed_ws/install/ri_seaweed_interfaces/include/ri_seaweed_interfaces/ri_seaweed_interfaces
-- Up-to-date: /home/admin/ri_seaweed_ws/install/ri_seaweed_interfaces/include/ri_seaweed_interfaces/ri_seaweed_interfaces/msg
-- Up-to-date: /home/admin/ri_seaweed_ws/install/ri_seaweed_interfaces/include/ri_seaweed_interfaces/ri_seaweed_interfaces/msg/detail
-- Installing: /home/admin/ri_seaweed_ws/install/ri_seaweed_interfaces/include/ri_seaweed_interfaces/ri_seaweed_interfaces/msg/detail/gripper__type_support.cpp
-- Installing: /home/admin/ri_seaweed_ws/install/ri_seaweed_interfaces/include/ri_seaweed_interfaces/ri_seaweed_interfaces/msg/detail/gripper__rosidl_typesupport_introspection_cpp.hpp
-- Installing: /home/admin/ri_seaweed_ws/install/ri_seaweed_interfaces/lib/libri_seaweed_interfaces__rosidl_typesupport_introspection_cpp.so
-- Set non-toolchain portion of runtime path of "/home/admin/ri_seaweed_ws/install/ri_seaweed_interfaces/lib/libri_seaweed_interfaces__rosidl_typesupport_introspection_cpp.so" to ""
-- Installing: /home/admin/ri_seaweed_ws/install/ri_seaweed_interfaces/lib/libri_seaweed_interfaces__rosidl_typesupport_cpp.so
-- Set non-toolchain portion of runtime path of "/home/admin/ri_seaweed_ws/install/ri_seaweed_interfaces/lib/libri_seaweed_interfaces__rosidl_typesupport_cpp.so" to ""
-- Up-to-date: /home/admin/ri_seaweed_ws/install/ri_seaweed_interfaces/share/ri_seaweed_interfaces/environment/pythonpath.sh
-- Up-to-date: /home/admin/ri_seaweed_ws/install/ri_seaweed_interfaces/share/ri_seaweed_interfaces/environment/pythonpath.dsv
-- Up-to-date: /home/admin/ri_seaweed_ws/install/ri_seaweed_interfaces/lib/python3.12/site-packages/ri_seaweed_interfaces-0.0.0-py3.12.egg-info
-- Installing: /home/admin/ri_seaweed_ws/install/ri_seaweed_interfaces/lib/python3.12/site-packages/ri_seaweed_interfaces-0.0.0-py3.12.egg-info/dependency_links.txt
-- Installing: /home/admin/ri_seaweed_ws/install/ri_seaweed_interfaces/lib/python3.12/site-packages/ri_seaweed_interfaces-0.0.0-py3.12.egg-info/SOURCES.txt
-- Installing: /home/admin/ri_seaweed_ws/install/ri_seaweed_interfaces/lib/python3.12/site-packages/ri_seaweed_interfaces-0.0.0-py3.12.egg-info/top_level.txt
-- Installing: /home/admin/ri_seaweed_ws/install/ri_seaweed_interfaces/lib/python3.12/site-packages/ri_seaweed_interfaces-0.0.0-py3.12.egg-info/PKG-INFO
-- Up-to-date: /home/admin/ri_seaweed_ws/install/ri_seaweed_interfaces/lib/python3.12/site-packages/ri_seaweed_interfaces
-- Installing: /home/admin/ri_seaweed_ws/install/ri_seaweed_interfaces/lib/python3.12/site-packages/ri_seaweed_interfaces/_ri_seaweed_interfaces_s.ep.rosidl_typesupport_fastrtps_c.c
-- Up-to-date: /home/admin/ri_seaweed_ws/install/ri_seaweed_interfaces/lib/python3.12/site-packages/ri_seaweed_interfaces/msg
-- Installing: /home/admin/ri_seaweed_ws/install/ri_seaweed_interfaces/lib/python3.12/site-packages/ri_seaweed_interfaces/msg/__init__.py
-- Installing: /home/admin/ri_seaweed_ws/install/ri_seaweed_interfaces/lib/python3.12/site-packages/ri_seaweed_interfaces/msg/_gripper_s.c
-- Installing: /home/admin/ri_seaweed_ws/install/ri_seaweed_interfaces/lib/python3.12/site-packages/ri_seaweed_interfaces/msg/_gripper.py
-- Installing: /home/admin/ri_seaweed_ws/install/ri_seaweed_interfaces/lib/python3.12/site-packages/ri_seaweed_interfaces/_ri_seaweed_interfaces_s.ep.rosidl_typesupport_introspection_c.c
-- Installing: /home/admin/ri_seaweed_ws/install/ri_seaweed_interfaces/lib/python3.12/site-packages/ri_seaweed_interfaces/__init__.py
-- Installing: /home/admin/ri_seaweed_ws/install/ri_seaweed_interfaces/lib/python3.12/site-packages/ri_seaweed_interfaces/ri_seaweed_interfaces_s__rosidl_typesupport_introspection_c.so
-- Installing: /home/admin/ri_seaweed_ws/install/ri_seaweed_interfaces/lib/python3.12/site-packages/ri_seaweed_interfaces/_ri_seaweed_interfaces_s.ep.rosidl_typesupport_c.c
-- Installing: /home/admin/ri_seaweed_ws/install/ri_seaweed_interfaces/lib/python3.12/site-packages/ri_seaweed_interfaces/ri_seaweed_interfaces_s__rosidl_typesupport_fastrtps_c.so
-- Installing: /home/admin/ri_seaweed_ws/install/ri_seaweed_interfaces/lib/python3.12/site-packages/ri_seaweed_interfaces/ri_seaweed_interfaces_s__rosidl_typesupport_c.so
Listing '/home/admin/ri_seaweed_ws/install/ri_seaweed_interfaces/lib/python3.12/site-packages/ri_seaweed_interfaces'...
Compiling '/home/admin/ri_seaweed_ws/install/ri_seaweed_interfaces/lib/python3.12/site-packages/ri_seaweed_interfaces/__init__.py'...
Listing '/home/admin/ri_seaweed_ws/install/ri_seaweed_interfaces/lib/python3.12/site-packages/ri_seaweed_interfaces/msg'...
Compiling '/home/admin/ri_seaweed_ws/install/ri_seaweed_interfaces/lib/python3.12/site-packages/ri_seaweed_interfaces/msg/__init__.py'...
Compiling '/home/admin/ri_seaweed_ws/install/ri_seaweed_interfaces/lib/python3.12/site-packages/ri_seaweed_interfaces/msg/_gripper.py'...
-- Installing: /home/admin/ri_seaweed_ws/install/ri_seaweed_interfaces/lib/python3.12/site-packages/ri_seaweed_interfaces/ri_seaweed_interfaces_s__rosidl_typesupport_fastrtps_c.so
-- Set non-toolchain portion of runtime path of "/home/admin/ri_seaweed_ws/install/ri_seaweed_interfaces/lib/python3.12/site-packages/ri_seaweed_interfaces/ri_seaweed_interfaces_s__rosidl_typesupport_fastrtps_c.so" to ""
-- Installing: /home/admin/ri_seaweed_ws/install/ri_seaweed_interfaces/lib/python3.12/site-packages/ri_seaweed_interfaces/ri_seaweed_interfaces_s__rosidl_typesupport_introspection_c.so
-- Set non-toolchain portion of runtime path of "/home/admin/ri_seaweed_ws/install/ri_seaweed_interfaces/lib/python3.12/site-packages/ri_seaweed_interfaces/ri_seaweed_interfaces_s__rosidl_typesupport_introspection_c.so" to ""
-- Installing: /home/admin/ri_seaweed_ws/install/ri_seaweed_interfaces/lib/python3.12/site-packages/ri_seaweed_interfaces/ri_seaweed_interfaces_s__rosidl_typesupport_c.so
-- Set non-toolchain portion of runtime path of "/home/admin/ri_seaweed_ws/install/ri_seaweed_interfaces/lib/python3.12/site-packages/ri_seaweed_interfaces/ri_seaweed_interfaces_s__rosidl_typesupport_c.so" to ""
-- Installing: /home/admin/ri_seaweed_ws/install/ri_seaweed_interfaces/lib/libri_seaweed_interfaces__rosidl_generator_py.so
-- Set non-toolchain portion of runtime path of "/home/admin/ri_seaweed_ws/install/ri_seaweed_interfaces/lib/libri_seaweed_interfaces__rosidl_generator_py.so" to ""
-- Installing: /home/admin/ri_seaweed_ws/install/ri_seaweed_interfaces/share/ri_seaweed_interfaces/msg/Gripper.idl
-- Installing: /home/admin/ri_seaweed_ws/install/ri_seaweed_interfaces/share/ri_seaweed_interfaces/msg/Gripper.msg
-- Up-to-date: /home/admin/ri_seaweed_ws/install/ri_seaweed_interfaces/share/ament_index/resource_index/package_run_dependencies/ri_seaweed_interfaces
-- Up-to-date: /home/admin/ri_seaweed_ws/install/ri_seaweed_interfaces/share/ament_index/resource_index/parent_prefix_path/ri_seaweed_interfaces
-- Up-to-date: /home/admin/ri_seaweed_ws/install/ri_seaweed_interfaces/share/ri_seaweed_interfaces/environment/ament_prefix_path.sh
-- Up-to-date: /home/admin/ri_seaweed_ws/install/ri_seaweed_interfaces/share/ri_seaweed_interfaces/environment/ament_prefix_path.dsv
-- Up-to-date: /home/admin/ri_seaweed_ws/install/ri_seaweed_interfaces/share/ri_seaweed_interfaces/environment/path.sh
-- Up-to-date: /home/admin/ri_seaweed_ws/install/ri_seaweed_interfaces/share/ri_seaweed_interfaces/environment/path.dsv
-- Up-to-date: /home/admin/ri_seaweed_ws/install/ri_seaweed_interfaces/share/ri_seaweed_interfaces/local_setup.bash
-- Up-to-date: /home/admin/ri_seaweed_ws/install/ri_seaweed_interfaces/share/ri_seaweed_interfaces/local_setup.sh
-- Up-to-date: /home/admin/ri_seaweed_ws/install/ri_seaweed_interfaces/share/ri_seaweed_interfaces/local_setup.zsh
-- Up-to-date: /home/admin/ri_seaweed_ws/install/ri_seaweed_interfaces/share/ri_seaweed_interfaces/local_setup.dsv
-- Installing: /home/admin/ri_seaweed_ws/install/ri_seaweed_interfaces/share/ri_seaweed_interfaces/package.dsv
-- Up-to-date: /home/admin/ri_seaweed_ws/install/ri_seaweed_interfaces/share/ament_index/resource_index/packages/ri_seaweed_interfaces
-- Up-to-date: /home/admin/ri_seaweed_ws/install/ri_seaweed_interfaces/share/ri_seaweed_interfaces/cmake/export_ri_seaweed_interfaces__rosidl_generator_cExport.cmake
-- Up-to-date: /home/admin/ri_seaweed_ws/install/ri_seaweed_interfaces/share/ri_seaweed_interfaces/cmake/export_ri_seaweed_interfaces__rosidl_generator_cExport-noconfig.cmake
-- Up-to-date: /home/admin/ri_seaweed_ws/install/ri_seaweed_interfaces/share/ri_seaweed_interfaces/cmake/export_ri_seaweed_interfaces__rosidl_typesupport_fastrtps_cExport.cmake
-- Up-to-date: /home/admin/ri_seaweed_ws/install/ri_seaweed_interfaces/share/ri_seaweed_interfaces/cmake/export_ri_seaweed_interfaces__rosidl_typesupport_fastrtps_cExport-noconfig.cmake
-- Up-to-date: /home/admin/ri_seaweed_ws/install/ri_seaweed_interfaces/share/ri_seaweed_interfaces/cmake/ri_seaweed_interfaces__rosidl_typesupport_introspection_cExport.cmake
-- Up-to-date: /home/admin/ri_seaweed_ws/install/ri_seaweed_interfaces/share/ri_seaweed_interfaces/cmake/ri_seaweed_interfaces__rosidl_typesupport_introspection_cExport-noconfig.cmake
-- Up-to-date: /home/admin/ri_seaweed_ws/install/ri_seaweed_interfaces/share/ri_seaweed_interfaces/cmake/ri_seaweed_interfaces__rosidl_typesupport_cExport.cmake
-- Up-to-date: /home/admin/ri_seaweed_ws/install/ri_seaweed_interfaces/share/ri_seaweed_interfaces/cmake/ri_seaweed_interfaces__rosidl_typesupport_cExport-noconfig.cmake
-- Up-to-date: /home/admin/ri_seaweed_ws/install/ri_seaweed_interfaces/share/ri_seaweed_interfaces/cmake/export_ri_seaweed_interfaces__rosidl_generator_cppExport.cmake
-- Up-to-date: /home/admin/ri_seaweed_ws/install/ri_seaweed_interfaces/share/ri_seaweed_interfaces/cmake/export_ri_seaweed_interfaces__rosidl_typesupport_fastrtps_cppExport.cmake
-- Up-to-date: /home/admin/ri_seaweed_ws/install/ri_seaweed_interfaces/share/ri_seaweed_interfaces/cmake/export_ri_seaweed_interfaces__rosidl_typesupport_fastrtps_cppExport-noconfig.cmake
-- Up-to-date: /home/admin/ri_seaweed_ws/install/ri_seaweed_interfaces/share/ri_seaweed_interfaces/cmake/ri_seaweed_interfaces__rosidl_typesupport_introspection_cppExport.cmake
-- Up-to-date: /home/admin/ri_seaweed_ws/install/ri_seaweed_interfaces/share/ri_seaweed_interfaces/cmake/ri_seaweed_interfaces__rosidl_typesupport_introspection_cppExport-noconfig.cmake
-- Up-to-date: /home/admin/ri_seaweed_ws/install/ri_seaweed_interfaces/share/ri_seaweed_interfaces/cmake/ri_seaweed_interfaces__rosidl_typesupport_cppExport.cmake
-- Up-to-date: /home/admin/ri_seaweed_ws/install/ri_seaweed_interfaces/share/ri_seaweed_interfaces/cmake/ri_seaweed_interfaces__rosidl_typesupport_cppExport-noconfig.cmake
-- Up-to-date: /home/admin/ri_seaweed_ws/install/ri_seaweed_interfaces/share/ri_seaweed_interfaces/cmake/export_ri_seaweed_interfaces__rosidl_generator_pyExport.cmake
-- Up-to-date: /home/admin/ri_seaweed_ws/install/ri_seaweed_interfaces/share/ri_seaweed_interfaces/cmake/export_ri_seaweed_interfaces__rosidl_generator_pyExport-noconfig.cmake
-- Up-to-date: /home/admin/ri_seaweed_ws/install/ri_seaweed_interfaces/share/ri_seaweed_interfaces/cmake/rosidl_cmake-extras.cmake
-- Up-to-date: /home/admin/ri_seaweed_ws/install/ri_seaweed_interfaces/share/ri_seaweed_interfaces/cmake/ament_cmake_export_include_directories-extras.cmake
-- Up-to-date: /home/admin/ri_seaweed_ws/install/ri_seaweed_interfaces/share/ri_seaweed_interfaces/cmake/ament_cmake_export_libraries-extras.cmake
-- Up-to-date: /home/admin/ri_seaweed_ws/install/ri_seaweed_interfaces/share/ri_seaweed_interfaces/cmake/ament_cmake_export_targets-extras.cmake
-- Up-to-date: /home/admin/ri_seaweed_ws/install/ri_seaweed_interfaces/share/ri_seaweed_interfaces/cmake/rosidl_cmake_export_typesupport_targets-extras.cmake
-- Up-to-date: /home/admin/ri_seaweed_ws/install/ri_seaweed_interfaces/share/ri_seaweed_interfaces/cmake/ament_cmake_export_dependencies-extras.cmake
-- Up-to-date: /home/admin/ri_seaweed_ws/install/ri_seaweed_interfaces/share/ri_seaweed_interfaces/cmake/rosidl_cmake_export_typesupport_libraries-extras.cmake
-- Up-to-date: /home/admin/ri_seaweed_ws/install/ri_seaweed_interfaces/share/ri_seaweed_interfaces/cmake/ri_seaweed_interfacesConfig.cmake
-- Up-to-date: /home/admin/ri_seaweed_ws/install/ri_seaweed_interfaces/share/ri_seaweed_interfaces/cmake/ri_seaweed_interfacesConfig-version.cmake
-- Up-to-date: /home/admin/ri_seaweed_ws/install/ri_seaweed_interfaces/share/ri_seaweed_interfaces/package.xml
