[3.949s] Invoking command in '/home/admin/ri_seaweed_ws/src/gripper': PYTHONPATH=/home/admin/ri_seaweed_ws/build/gripper/prefix_override:/usr/lib/python3/dist-packages/colcon_core/task/python/colcon_distutils_commands:/home/admin/ri_seaweed_ws/install/gripper/lib/python3.12/site-packages:${PYTHONPATH} /usr/bin/python3 -W ignore:setup.py install is deprecated -W ignore:easy_install command is deprecated setup.py egg_info --egg-base ../../build/gripper build --build-base /home/admin/ri_seaweed_ws/build/gripper/build install --record /home/admin/ri_seaweed_ws/build/gripper/install.log --single-version-externally-managed install_data
[5.236s] running egg_info
[5.327s] writing ../../build/gripper/gripper.egg-info/PKG-INFO
[5.329s] writing dependency_links to ../../build/gripper/gripper.egg-info/dependency_links.txt
[5.330s] writing entry points to ../../build/gripper/gripper.egg-info/entry_points.txt
[5.331s] writing requirements to ../../build/gripper/gripper.egg-info/requires.txt
[5.333s] writing top-level names to ../../build/gripper/gripper.egg-info/top_level.txt
[5.521s] reading manifest file '../../build/gripper/gripper.egg-info/SOURCES.txt'
[5.522s] adding license file 'LICENSE'
[5.525s] writing manifest file '../../build/gripper/gripper.egg-info/SOURCES.txt'
[5.526s] running build
[5.526s] running build_py
[5.527s] copying gripper/gripper_driver.py -> /home/admin/ri_seaweed_ws/build/gripper/build/lib/gripper
[5.529s] running install
[5.555s] running install_lib
[5.647s] copying /home/admin/ri_seaweed_ws/build/gripper/build/lib/gripper/gripper_driver.py -> /home/admin/ri_seaweed_ws/install/gripper/lib/python3.12/site-packages/gripper
[5.650s] byte-compiling /home/admin/ri_seaweed_ws/install/gripper/lib/python3.12/site-packages/gripper/gripper_driver.py to gripper_driver.cpython-312.pyc
[5.654s] running install_data
[5.655s] running install_egg_info
[5.754s] removing '/home/admin/ri_seaweed_ws/install/gripper/lib/python3.12/site-packages/gripper-0.0.0-py3.12.egg-info' (and everything under it)
[5.757s] Copying ../../build/gripper/gripper.egg-info to /home/admin/ri_seaweed_ws/install/gripper/lib/python3.12/site-packages/gripper-0.0.0-py3.12.egg-info
[5.768s] running install_scripts
[6.488s] Installing gripper_driver script to /home/admin/ri_seaweed_ws/install/gripper/lib/gripper
[6.489s] Installing gripper_dummy_controller script to /home/admin/ri_seaweed_ws/install/gripper/lib/gripper
[6.491s] writing list of installed files to '/home/admin/ri_seaweed_ws/build/gripper/install.log'
[6.689s] Invoked command in '/home/admin/ri_seaweed_ws/src/gripper' returned '0': PYTHONPATH=/home/admin/ri_seaweed_ws/build/gripper/prefix_override:/usr/lib/python3/dist-packages/colcon_core/task/python/colcon_distutils_commands:/home/admin/ri_seaweed_ws/install/gripper/lib/python3.12/site-packages:${PYTHONPATH} /usr/bin/python3 -W ignore:setup.py install is deprecated -W ignore:easy_install command is deprecated setup.py egg_info --egg-base ../../build/gripper build --build-base /home/admin/ri_seaweed_ws/build/gripper/build install --record /home/admin/ri_seaweed_ws/build/gripper/install.log --single-version-externally-managed install_data
