[3.966s] Invoking command in '/home/admin/playground_ws/src/py_srvcli': AMENT_PREFIX_PATH=/home/admin/playground_ws/install/tutorial_interfaces:${AMENT_PREFIX_PATH} CMAKE_PREFIX_PATH=/home/admin/playground_ws/install/tutorial_interfaces:${CMAKE_PREFIX_PATH} LD_LIBRARY_PATH=/home/admin/playground_ws/install/tutorial_interfaces/lib:${LD_LIBRARY_PATH} PYTHONPATH=/home/admin/playground_ws/build/py_srvcli/prefix_override:/usr/lib/python3/dist-packages/colcon_core/task/python/colcon_distutils_commands:/home/admin/playground_ws/install/py_srvcli/lib/python3.12/site-packages:/home/admin/playground_ws/install/tutorial_interfaces/lib/python3.12/site-packages:${PYTHONPATH} /usr/bin/python3 -W ignore:setup.py install is deprecated -W ignore:easy_install command is deprecated setup.py egg_info --egg-base ../../build/py_srvcli build --build-base /home/admin/playground_ws/build/py_srvcli/build install --record /home/admin/playground_ws/build/py_srvcli/install.log --single-version-externally-managed install_data
[5.248s] running egg_info
[5.358s] writing ../../build/py_srvcli/py_srvcli.egg-info/PKG-INFO
[5.359s] writing dependency_links to ../../build/py_srvcli/py_srvcli.egg-info/dependency_links.txt
[5.361s] writing entry points to ../../build/py_srvcli/py_srvcli.egg-info/entry_points.txt
[5.361s] writing requirements to ../../build/py_srvcli/py_srvcli.egg-info/requires.txt
[5.362s] writing top-level names to ../../build/py_srvcli/py_srvcli.egg-info/top_level.txt
[5.552s] reading manifest file '../../build/py_srvcli/py_srvcli.egg-info/SOURCES.txt'
[5.554s] adding license file 'LICENSE'
[5.556s] writing manifest file '../../build/py_srvcli/py_srvcli.egg-info/SOURCES.txt'
[5.557s] running build
[5.557s] running build_py
[5.558s] copying py_srvcli/service_member_function.py -> /home/admin/playground_ws/build/py_srvcli/build/lib/py_srvcli
[5.559s] copying py_srvcli/client_member_function.py -> /home/admin/playground_ws/build/py_srvcli/build/lib/py_srvcli
[5.561s] running install
[5.586s] running install_lib
[5.683s] copying /home/admin/playground_ws/build/py_srvcli/build/lib/py_srvcli/service_member_function.py -> /home/admin/playground_ws/install/py_srvcli/lib/python3.12/site-packages/py_srvcli
[5.684s] copying /home/admin/playground_ws/build/py_srvcli/build/lib/py_srvcli/client_member_function.py -> /home/admin/playground_ws/install/py_srvcli/lib/python3.12/site-packages/py_srvcli
[5.687s] byte-compiling /home/admin/playground_ws/install/py_srvcli/lib/python3.12/site-packages/py_srvcli/service_member_function.py to service_member_function.cpython-312.pyc
[5.690s] byte-compiling /home/admin/playground_ws/install/py_srvcli/lib/python3.12/site-packages/py_srvcli/client_member_function.py to client_member_function.cpython-312.pyc
[5.694s] running install_data
[5.694s] copying package.xml -> /home/admin/playground_ws/install/py_srvcli/share/py_srvcli
[5.695s] running install_egg_info
[5.794s] removing '/home/admin/playground_ws/install/py_srvcli/lib/python3.12/site-packages/py_srvcli-0.0.0-py3.12.egg-info' (and everything under it)
[5.796s] Copying ../../build/py_srvcli/py_srvcli.egg-info to /home/admin/playground_ws/install/py_srvcli/lib/python3.12/site-packages/py_srvcli-0.0.0-py3.12.egg-info
[5.802s] running install_scripts
[6.504s] Installing client script to /home/admin/playground_ws/install/py_srvcli/lib/py_srvcli
[6.505s] Installing service script to /home/admin/playground_ws/install/py_srvcli/lib/py_srvcli
[6.508s] writing list of installed files to '/home/admin/playground_ws/build/py_srvcli/install.log'
[6.657s] Invoked command in '/home/admin/playground_ws/src/py_srvcli' returned '0': AMENT_PREFIX_PATH=/home/admin/playground_ws/install/tutorial_interfaces:${AMENT_PREFIX_PATH} CMAKE_PREFIX_PATH=/home/admin/playground_ws/install/tutorial_interfaces:${CMAKE_PREFIX_PATH} LD_LIBRARY_PATH=/home/admin/playground_ws/install/tutorial_interfaces/lib:${LD_LIBRARY_PATH} PYTHONPATH=/home/admin/playground_ws/build/py_srvcli/prefix_override:/usr/lib/python3/dist-packages/colcon_core/task/python/colcon_distutils_commands:/home/admin/playground_ws/install/py_srvcli/lib/python3.12/site-packages:/home/admin/playground_ws/install/tutorial_interfaces/lib/python3.12/site-packages:${PYTHONPATH} /usr/bin/python3 -W ignore:setup.py install is deprecated -W ignore:easy_install command is deprecated setup.py egg_info --egg-base ../../build/py_srvcli build --build-base /home/admin/playground_ws/build/py_srvcli/build install --record /home/admin/playground_ws/build/py_srvcli/install.log --single-version-externally-managed install_data
