[0.063s] Invoking command in '/home/admin/ri_seaweed_ws/build/ri_seaweed_interfaces': CMAKE_PREFIX_PATH=${CMAKE_PREFIX_PATH}:/home/admin/ri_seaweed_ws/install/gripper:/opt/ros/jazzy /usr/bin/cmake --build /home/admin/ri_seaweed_ws/build/ri_seaweed_interfaces -- -j4 -l4
[0.383s] [  2%] Built target ri_seaweed_interfaces__rosidl_generator_type_description
[0.448s] [  2%] Built target ament_cmake_python_copy_ri_seaweed_interfaces
[0.530s] [  5%] Built target ri_seaweed_interfaces__cpp
[0.546s] [ 20%] Built target ri_seaweed_interfaces__rosidl_generator_c
[0.775s] [ 29%] Built target ri_seaweed_interfaces__rosidl_typesupport_fastrtps_c
[0.781s] [ 38%] Built target ri_seaweed_interfaces__rosidl_typesupport_introspection_c
[0.804s] [ 47%] Built target ri_seaweed_interfaces__rosidl_typesupport_cpp
[0.975s] [ 55%] Built target ri_seaweed_interfaces__rosidl_typesupport_c
[1.049s] [ 64%] Built target ri_seaweed_interfaces__rosidl_typesupport_fastrtps_cpp
[1.055s] [ 73%] Built target ri_seaweed_interfaces__rosidl_typesupport_introspection_cpp
[1.204s] [ 73%] Built target ri_seaweed_interfaces
[1.345s] [ 76%] Built target ri_seaweed_interfaces__py
[1.508s] [ 82%] Built target ri_seaweed_interfaces__rosidl_generator_py
[1.715s] [ 88%] Built target ri_seaweed_interfaces_s__rosidl_typesupport_fastrtps_c
[1.738s] [ 94%] Built target ri_seaweed_interfaces_s__rosidl_typesupport_c
[1.779s] [100%] Built target ri_seaweed_interfaces_s__rosidl_typesupport_introspection_c
[2.021s] running egg_info
[2.138s] writing ri_seaweed_interfaces.egg-info/PKG-INFO
[2.139s] writing dependency_links to ri_seaweed_interfaces.egg-info/dependency_links.txt
[2.146s] writing top-level names to ri_seaweed_interfaces.egg-info/top_level.txt
[2.456s] reading manifest file 'ri_seaweed_interfaces.egg-info/SOURCES.txt'
[2.459s] writing manifest file 'ri_seaweed_interfaces.egg-info/SOURCES.txt'
[2.620s] [100%] Built target ament_cmake_python_build_ri_seaweed_interfaces_egg
[2.687s] Invoked command in '/home/admin/ri_seaweed_ws/build/ri_seaweed_interfaces' returned '0': CMAKE_PREFIX_PATH=${CMAKE_PREFIX_PATH}:/home/admin/ri_seaweed_ws/install/gripper:/opt/ros/jazzy /usr/bin/cmake --build /home/admin/ri_seaweed_ws/build/ri_seaweed_interfaces -- -j4 -l4
[2.745s] Invoking command in '/home/admin/ri_seaweed_ws/build/ri_seaweed_interfaces': CMAKE_PREFIX_PATH=${CMAKE_PREFIX_PATH}:/home/admin/ri_seaweed_ws/install/gripper:/opt/ros/jazzy /usr/bin/cmake --install /home/admin/ri_seaweed_ws/build/ri_seaweed_interfaces
[2.791s] -- Install configuration: ""
[2.792s] -- Up-to-date: /home/admin/ri_seaweed_ws/install/ri_seaweed_interfaces/share/ament_index/resource_index/rosidl_interfaces/ri_seaweed_interfaces
[2.792s] -- Up-to-date: /home/admin/ri_seaweed_ws/install/ri_seaweed_interfaces/share/ri_seaweed_interfaces/msg/Gripper.json
[2.793s] -- Up-to-date: /home/admin/ri_seaweed_ws/install/ri_seaweed_interfaces/include/ri_seaweed_interfaces/ri_seaweed_interfaces
[2.793s] -- Up-to-date: /home/admin/ri_seaweed_ws/install/ri_seaweed_interfaces/include/ri_seaweed_interfaces/ri_seaweed_interfaces/msg
[2.794s] -- Up-to-date: /home/admin/ri_seaweed_ws/install/ri_seaweed_interfaces/include/ri_seaweed_interfaces/ri_seaweed_interfaces/msg/detail
[2.794s] -- Up-to-date: /home/admin/ri_seaweed_ws/install/ri_seaweed_interfaces/include/ri_seaweed_interfaces/ri_seaweed_interfaces/msg/detail/gripper__type_support.h
[2.795s] -- Up-to-date: /home/admin/ri_seaweed_ws/install/ri_seaweed_interfaces/include/ri_seaweed_interfaces/ri_seaweed_interfaces/msg/detail/gripper__functions.h
[2.796s] -- Up-to-date: /home/admin/ri_seaweed_ws/install/ri_seaweed_interfaces/include/ri_seaweed_interfaces/ri_seaweed_interfaces/msg/detail/gripper__description.c
[2.796s] -- Up-to-date: /home/admin/ri_seaweed_ws/install/ri_seaweed_interfaces/include/ri_seaweed_interfaces/ri_seaweed_interfaces/msg/detail/gripper__struct.h
[2.797s] -- Up-to-date: /home/admin/ri_seaweed_ws/install/ri_seaweed_interfaces/include/ri_seaweed_interfaces/ri_seaweed_interfaces/msg/detail/gripper__functions.c
[2.797s] -- Installing: /home/admin/ri_seaweed_ws/install/ri_seaweed_interfaces/include/ri_seaweed_interfaces/ri_seaweed_interfaces/msg/detail/gripper__type_support.c
[2.798s] -- Up-to-date: /home/admin/ri_seaweed_ws/install/ri_seaweed_interfaces/include/ri_seaweed_interfaces/ri_seaweed_interfaces/msg/rosidl_generator_c__visibility_control.h
[2.798s] -- Up-to-date: /home/admin/ri_seaweed_ws/install/ri_seaweed_interfaces/include/ri_seaweed_interfaces/ri_seaweed_interfaces/msg/gripper.h
[2.799s] -- Up-to-date: /home/admin/ri_seaweed_ws/install/ri_seaweed_interfaces/share/ri_seaweed_interfaces/environment/library_path.sh
[2.799s] -- Up-to-date: /home/admin/ri_seaweed_ws/install/ri_seaweed_interfaces/share/ri_seaweed_interfaces/environment/library_path.dsv
[2.800s] -- Up-to-date: /home/admin/ri_seaweed_ws/install/ri_seaweed_interfaces/lib/libri_seaweed_interfaces__rosidl_generator_c.so
[2.801s] -- Up-to-date: /home/admin/ri_seaweed_ws/install/ri_seaweed_interfaces/include/ri_seaweed_interfaces/ri_seaweed_interfaces
[2.801s] -- Up-to-date: /home/admin/ri_seaweed_ws/install/ri_seaweed_interfaces/include/ri_seaweed_interfaces/ri_seaweed_interfaces/msg
[2.802s] -- Up-to-date: /home/admin/ri_seaweed_ws/install/ri_seaweed_interfaces/include/ri_seaweed_interfaces/ri_seaweed_interfaces/msg/detail
[2.803s] -- Up-to-date: /home/admin/ri_seaweed_ws/install/ri_seaweed_interfaces/include/ri_seaweed_interfaces/ri_seaweed_interfaces/msg/detail/gripper__rosidl_typesupport_fastrtps_c.h
[2.803s] -- Up-to-date: /home/admin/ri_seaweed_ws/install/ri_seaweed_interfaces/include/ri_seaweed_interfaces/ri_seaweed_interfaces/msg/rosidl_typesupport_fastrtps_c__visibility_control.h
[2.804s] -- Up-to-date: /home/admin/ri_seaweed_ws/install/ri_seaweed_interfaces/lib/libri_seaweed_interfaces__rosidl_typesupport_fastrtps_c.so
[2.805s] -- Up-to-date: /home/admin/ri_seaweed_ws/install/ri_seaweed_interfaces/include/ri_seaweed_interfaces/ri_seaweed_interfaces
[2.806s] -- Up-to-date: /home/admin/ri_seaweed_ws/install/ri_seaweed_interfaces/include/ri_seaweed_interfaces/ri_seaweed_interfaces/msg
[2.806s] -- Up-to-date: /home/admin/ri_seaweed_ws/install/ri_seaweed_interfaces/include/ri_seaweed_interfaces/ri_seaweed_interfaces/msg/rosidl_typesupport_introspection_c__visibility_control.h
[2.807s] -- Up-to-date: /home/admin/ri_seaweed_ws/install/ri_seaweed_interfaces/include/ri_seaweed_interfaces/ri_seaweed_interfaces/msg/detail
[2.807s] -- Up-to-date: /home/admin/ri_seaweed_ws/install/ri_seaweed_interfaces/include/ri_seaweed_interfaces/ri_seaweed_interfaces/msg/detail/gripper__rosidl_typesupport_introspection_c.h
[2.808s] -- Installing: /home/admin/ri_seaweed_ws/install/ri_seaweed_interfaces/include/ri_seaweed_interfaces/ri_seaweed_interfaces/msg/detail/gripper__type_support.c
[2.810s] -- Up-to-date: /home/admin/ri_seaweed_ws/install/ri_seaweed_interfaces/lib/libri_seaweed_interfaces__rosidl_typesupport_introspection_c.so
[2.812s] -- Up-to-date: /home/admin/ri_seaweed_ws/install/ri_seaweed_interfaces/lib/libri_seaweed_interfaces__rosidl_typesupport_c.so
[2.813s] -- Up-to-date: /home/admin/ri_seaweed_ws/install/ri_seaweed_interfaces/include/ri_seaweed_interfaces/ri_seaweed_interfaces
[2.814s] -- Up-to-date: /home/admin/ri_seaweed_ws/install/ri_seaweed_interfaces/include/ri_seaweed_interfaces/ri_seaweed_interfaces/msg
[2.814s] -- Up-to-date: /home/admin/ri_seaweed_ws/install/ri_seaweed_interfaces/include/ri_seaweed_interfaces/ri_seaweed_interfaces/msg/rosidl_generator_cpp__visibility_control.hpp
[2.815s] -- Up-to-date: /home/admin/ri_seaweed_ws/install/ri_seaweed_interfaces/include/ri_seaweed_interfaces/ri_seaweed_interfaces/msg/gripper.hpp
[2.815s] -- Up-to-date: /home/admin/ri_seaweed_ws/install/ri_seaweed_interfaces/include/ri_seaweed_interfaces/ri_seaweed_interfaces/msg/detail
[2.816s] -- Up-to-date: /home/admin/ri_seaweed_ws/install/ri_seaweed_interfaces/include/ri_seaweed_interfaces/ri_seaweed_interfaces/msg/detail/gripper__traits.hpp
[2.816s] -- Up-to-date: /home/admin/ri_seaweed_ws/install/ri_seaweed_interfaces/include/ri_seaweed_interfaces/ri_seaweed_interfaces/msg/detail/gripper__struct.hpp
[2.817s] -- Up-to-date: /home/admin/ri_seaweed_ws/install/ri_seaweed_interfaces/include/ri_seaweed_interfaces/ri_seaweed_interfaces/msg/detail/gripper__type_support.hpp
[2.817s] -- Up-to-date: /home/admin/ri_seaweed_ws/install/ri_seaweed_interfaces/include/ri_seaweed_interfaces/ri_seaweed_interfaces/msg/detail/gripper__builder.hpp
[2.818s] -- Up-to-date: /home/admin/ri_seaweed_ws/install/ri_seaweed_interfaces/include/ri_seaweed_interfaces/ri_seaweed_interfaces
[2.819s] -- Up-to-date: /home/admin/ri_seaweed_ws/install/ri_seaweed_interfaces/include/ri_seaweed_interfaces/ri_seaweed_interfaces/msg
[2.819s] -- Up-to-date: /home/admin/ri_seaweed_ws/install/ri_seaweed_interfaces/include/ri_seaweed_interfaces/ri_seaweed_interfaces/msg/rosidl_typesupport_fastrtps_cpp__visibility_control.h
[2.819s] -- Up-to-date: /home/admin/ri_seaweed_ws/install/ri_seaweed_interfaces/include/ri_seaweed_interfaces/ri_seaweed_interfaces/msg/detail
[2.820s] -- Up-to-date: /home/admin/ri_seaweed_ws/install/ri_seaweed_interfaces/include/ri_seaweed_interfaces/ri_seaweed_interfaces/msg/detail/dds_fastrtps
[2.820s] -- Up-to-date: /home/admin/ri_seaweed_ws/install/ri_seaweed_interfaces/include/ri_seaweed_interfaces/ri_seaweed_interfaces/msg/detail/gripper__rosidl_typesupport_fastrtps_cpp.hpp
[2.821s] -- Up-to-date: /home/admin/ri_seaweed_ws/install/ri_seaweed_interfaces/lib/libri_seaweed_interfaces__rosidl_typesupport_fastrtps_cpp.so
[2.822s] -- Up-to-date: /home/admin/ri_seaweed_ws/install/ri_seaweed_interfaces/include/ri_seaweed_interfaces/ri_seaweed_interfaces
[2.822s] -- Up-to-date: /home/admin/ri_seaweed_ws/install/ri_seaweed_interfaces/include/ri_seaweed_interfaces/ri_seaweed_interfaces/msg
[2.823s] -- Up-to-date: /home/admin/ri_seaweed_ws/install/ri_seaweed_interfaces/include/ri_seaweed_interfaces/ri_seaweed_interfaces/msg/detail
[2.823s] -- Up-to-date: /home/admin/ri_seaweed_ws/install/ri_seaweed_interfaces/include/ri_seaweed_interfaces/ri_seaweed_interfaces/msg/detail/gripper__type_support.cpp
[2.824s] -- Up-to-date: /home/admin/ri_seaweed_ws/install/ri_seaweed_interfaces/include/ri_seaweed_interfaces/ri_seaweed_interfaces/msg/detail/gripper__rosidl_typesupport_introspection_cpp.hpp
[2.824s] -- Up-to-date: /home/admin/ri_seaweed_ws/install/ri_seaweed_interfaces/lib/libri_seaweed_interfaces__rosidl_typesupport_introspection_cpp.so
[2.826s] -- Up-to-date: /home/admin/ri_seaweed_ws/install/ri_seaweed_interfaces/lib/libri_seaweed_interfaces__rosidl_typesupport_cpp.so
[2.828s] -- Up-to-date: /home/admin/ri_seaweed_ws/install/ri_seaweed_interfaces/share/ri_seaweed_interfaces/environment/pythonpath.sh
[2.828s] -- Up-to-date: /home/admin/ri_seaweed_ws/install/ri_seaweed_interfaces/share/ri_seaweed_interfaces/environment/pythonpath.dsv
[2.829s] -- Up-to-date: /home/admin/ri_seaweed_ws/install/ri_seaweed_interfaces/lib/python3.12/site-packages/ri_seaweed_interfaces-0.0.0-py3.12.egg-info
[2.829s] -- Installing: /home/admin/ri_seaweed_ws/install/ri_seaweed_interfaces/lib/python3.12/site-packages/ri_seaweed_interfaces-0.0.0-py3.12.egg-info/dependency_links.txt
[2.831s] -- Installing: /home/admin/ri_seaweed_ws/install/ri_seaweed_interfaces/lib/python3.12/site-packages/ri_seaweed_interfaces-0.0.0-py3.12.egg-info/SOURCES.txt
[2.832s] -- Installing: /home/admin/ri_seaweed_ws/install/ri_seaweed_interfaces/lib/python3.12/site-packages/ri_seaweed_interfaces-0.0.0-py3.12.egg-info/top_level.txt
[2.833s] -- Installing: /home/admin/ri_seaweed_ws/install/ri_seaweed_interfaces/lib/python3.12/site-packages/ri_seaweed_interfaces-0.0.0-py3.12.egg-info/PKG-INFO
[2.835s] -- Up-to-date: /home/admin/ri_seaweed_ws/install/ri_seaweed_interfaces/lib/python3.12/site-packages/ri_seaweed_interfaces
[2.836s] -- Up-to-date: /home/admin/ri_seaweed_ws/install/ri_seaweed_interfaces/lib/python3.12/site-packages/ri_seaweed_interfaces/_ri_seaweed_interfaces_s.ep.rosidl_typesupport_fastrtps_c.c
[2.836s] -- Up-to-date: /home/admin/ri_seaweed_ws/install/ri_seaweed_interfaces/lib/python3.12/site-packages/ri_seaweed_interfaces/msg
[2.837s] -- Up-to-date: /home/admin/ri_seaweed_ws/install/ri_seaweed_interfaces/lib/python3.12/site-packages/ri_seaweed_interfaces/msg/__init__.py
[2.837s] -- Up-to-date: /home/admin/ri_seaweed_ws/install/ri_seaweed_interfaces/lib/python3.12/site-packages/ri_seaweed_interfaces/msg/_gripper_s.c
[2.838s] -- Up-to-date: /home/admin/ri_seaweed_ws/install/ri_seaweed_interfaces/lib/python3.12/site-packages/ri_seaweed_interfaces/msg/_gripper.py
[2.838s] -- Up-to-date: /home/admin/ri_seaweed_ws/install/ri_seaweed_interfaces/lib/python3.12/site-packages/ri_seaweed_interfaces/_ri_seaweed_interfaces_s.ep.rosidl_typesupport_introspection_c.c
[2.839s] -- Up-to-date: /home/admin/ri_seaweed_ws/install/ri_seaweed_interfaces/lib/python3.12/site-packages/ri_seaweed_interfaces/__init__.py
[2.839s] -- Up-to-date: /home/admin/ri_seaweed_ws/install/ri_seaweed_interfaces/lib/python3.12/site-packages/ri_seaweed_interfaces/ri_seaweed_interfaces_s__rosidl_typesupport_introspection_c.so
[2.840s] -- Up-to-date: /home/admin/ri_seaweed_ws/install/ri_seaweed_interfaces/lib/python3.12/site-packages/ri_seaweed_interfaces/_ri_seaweed_interfaces_s.ep.rosidl_typesupport_c.c
[2.840s] -- Up-to-date: /home/admin/ri_seaweed_ws/install/ri_seaweed_interfaces/lib/python3.12/site-packages/ri_seaweed_interfaces/ri_seaweed_interfaces_s__rosidl_typesupport_fastrtps_c.so
[2.841s] -- Up-to-date: /home/admin/ri_seaweed_ws/install/ri_seaweed_interfaces/lib/python3.12/site-packages/ri_seaweed_interfaces/ri_seaweed_interfaces_s__rosidl_typesupport_c.so
[3.011s] Listing '/home/admin/ri_seaweed_ws/install/ri_seaweed_interfaces/lib/python3.12/site-packages/ri_seaweed_interfaces'...
[3.013s] Listing '/home/admin/ri_seaweed_ws/install/ri_seaweed_interfaces/lib/python3.12/site-packages/ri_seaweed_interfaces/msg'...
[3.050s] -- Up-to-date: /home/admin/ri_seaweed_ws/install/ri_seaweed_interfaces/lib/python3.12/site-packages/ri_seaweed_interfaces/ri_seaweed_interfaces_s__rosidl_typesupport_fastrtps_c.so
[3.054s] -- Up-to-date: /home/admin/ri_seaweed_ws/install/ri_seaweed_interfaces/lib/python3.12/site-packages/ri_seaweed_interfaces/ri_seaweed_interfaces_s__rosidl_typesupport_introspection_c.so
[3.057s] -- Up-to-date: /home/admin/ri_seaweed_ws/install/ri_seaweed_interfaces/lib/python3.12/site-packages/ri_seaweed_interfaces/ri_seaweed_interfaces_s__rosidl_typesupport_c.so
[3.060s] -- Up-to-date: /home/admin/ri_seaweed_ws/install/ri_seaweed_interfaces/lib/libri_seaweed_interfaces__rosidl_generator_py.so
[3.062s] -- Up-to-date: /home/admin/ri_seaweed_ws/install/ri_seaweed_interfaces/share/ri_seaweed_interfaces/msg/Gripper.idl
[3.063s] -- Up-to-date: /home/admin/ri_seaweed_ws/install/ri_seaweed_interfaces/share/ri_seaweed_interfaces/msg/Gripper.msg
[3.064s] -- Up-to-date: /home/admin/ri_seaweed_ws/install/ri_seaweed_interfaces/share/ament_index/resource_index/package_run_dependencies/ri_seaweed_interfaces
[3.064s] -- Up-to-date: /home/admin/ri_seaweed_ws/install/ri_seaweed_interfaces/share/ament_index/resource_index/parent_prefix_path/ri_seaweed_interfaces
[3.065s] -- Up-to-date: /home/admin/ri_seaweed_ws/install/ri_seaweed_interfaces/share/ri_seaweed_interfaces/environment/ament_prefix_path.sh
[3.066s] -- Up-to-date: /home/admin/ri_seaweed_ws/install/ri_seaweed_interfaces/share/ri_seaweed_interfaces/environment/ament_prefix_path.dsv
[3.067s] -- Up-to-date: /home/admin/ri_seaweed_ws/install/ri_seaweed_interfaces/share/ri_seaweed_interfaces/environment/path.sh
[3.067s] -- Up-to-date: /home/admin/ri_seaweed_ws/install/ri_seaweed_interfaces/share/ri_seaweed_interfaces/environment/path.dsv
[3.068s] -- Up-to-date: /home/admin/ri_seaweed_ws/install/ri_seaweed_interfaces/share/ri_seaweed_interfaces/local_setup.bash
[3.068s] -- Up-to-date: /home/admin/ri_seaweed_ws/install/ri_seaweed_interfaces/share/ri_seaweed_interfaces/local_setup.sh
[3.069s] -- Up-to-date: /home/admin/ri_seaweed_ws/install/ri_seaweed_interfaces/share/ri_seaweed_interfaces/local_setup.zsh
[3.069s] -- Up-to-date: /home/admin/ri_seaweed_ws/install/ri_seaweed_interfaces/share/ri_seaweed_interfaces/local_setup.dsv
[3.070s] -- Installing: /home/admin/ri_seaweed_ws/install/ri_seaweed_interfaces/share/ri_seaweed_interfaces/package.dsv
[3.071s] -- Up-to-date: /home/admin/ri_seaweed_ws/install/ri_seaweed_interfaces/share/ament_index/resource_index/packages/ri_seaweed_interfaces
[3.071s] -- Up-to-date: /home/admin/ri_seaweed_ws/install/ri_seaweed_interfaces/share/ri_seaweed_interfaces/cmake/export_ri_seaweed_interfaces__rosidl_generator_cExport.cmake
[3.072s] -- Up-to-date: /home/admin/ri_seaweed_ws/install/ri_seaweed_interfaces/share/ri_seaweed_interfaces/cmake/export_ri_seaweed_interfaces__rosidl_generator_cExport-noconfig.cmake
[3.073s] -- Up-to-date: /home/admin/ri_seaweed_ws/install/ri_seaweed_interfaces/share/ri_seaweed_interfaces/cmake/export_ri_seaweed_interfaces__rosidl_typesupport_fastrtps_cExport.cmake
[3.073s] -- Up-to-date: /home/admin/ri_seaweed_ws/install/ri_seaweed_interfaces/share/ri_seaweed_interfaces/cmake/export_ri_seaweed_interfaces__rosidl_typesupport_fastrtps_cExport-noconfig.cmake
[3.074s] -- Up-to-date: /home/admin/ri_seaweed_ws/install/ri_seaweed_interfaces/share/ri_seaweed_interfaces/cmake/ri_seaweed_interfaces__rosidl_typesupport_introspection_cExport.cmake
[3.075s] -- Up-to-date: /home/admin/ri_seaweed_ws/install/ri_seaweed_interfaces/share/ri_seaweed_interfaces/cmake/ri_seaweed_interfaces__rosidl_typesupport_introspection_cExport-noconfig.cmake
[3.076s] -- Up-to-date: /home/admin/ri_seaweed_ws/install/ri_seaweed_interfaces/share/ri_seaweed_interfaces/cmake/ri_seaweed_interfaces__rosidl_typesupport_cExport.cmake
[3.076s] -- Up-to-date: /home/admin/ri_seaweed_ws/install/ri_seaweed_interfaces/share/ri_seaweed_interfaces/cmake/ri_seaweed_interfaces__rosidl_typesupport_cExport-noconfig.cmake
[3.077s] -- Up-to-date: /home/admin/ri_seaweed_ws/install/ri_seaweed_interfaces/share/ri_seaweed_interfaces/cmake/export_ri_seaweed_interfaces__rosidl_generator_cppExport.cmake
[3.078s] -- Up-to-date: /home/admin/ri_seaweed_ws/install/ri_seaweed_interfaces/share/ri_seaweed_interfaces/cmake/export_ri_seaweed_interfaces__rosidl_typesupport_fastrtps_cppExport.cmake
[3.079s] -- Up-to-date: /home/admin/ri_seaweed_ws/install/ri_seaweed_interfaces/share/ri_seaweed_interfaces/cmake/export_ri_seaweed_interfaces__rosidl_typesupport_fastrtps_cppExport-noconfig.cmake
[3.079s] -- Up-to-date: /home/admin/ri_seaweed_ws/install/ri_seaweed_interfaces/share/ri_seaweed_interfaces/cmake/ri_seaweed_interfaces__rosidl_typesupport_introspection_cppExport.cmake
[3.080s] -- Up-to-date: /home/admin/ri_seaweed_ws/install/ri_seaweed_interfaces/share/ri_seaweed_interfaces/cmake/ri_seaweed_interfaces__rosidl_typesupport_introspection_cppExport-noconfig.cmake
[3.081s] -- Up-to-date: /home/admin/ri_seaweed_ws/install/ri_seaweed_interfaces/share/ri_seaweed_interfaces/cmake/ri_seaweed_interfaces__rosidl_typesupport_cppExport.cmake
[3.081s] -- Up-to-date: /home/admin/ri_seaweed_ws/install/ri_seaweed_interfaces/share/ri_seaweed_interfaces/cmake/ri_seaweed_interfaces__rosidl_typesupport_cppExport-noconfig.cmake
[3.082s] -- Up-to-date: /home/admin/ri_seaweed_ws/install/ri_seaweed_interfaces/share/ri_seaweed_interfaces/cmake/export_ri_seaweed_interfaces__rosidl_generator_pyExport.cmake
[3.083s] -- Up-to-date: /home/admin/ri_seaweed_ws/install/ri_seaweed_interfaces/share/ri_seaweed_interfaces/cmake/export_ri_seaweed_interfaces__rosidl_generator_pyExport-noconfig.cmake
[3.083s] -- Up-to-date: /home/admin/ri_seaweed_ws/install/ri_seaweed_interfaces/share/ri_seaweed_interfaces/cmake/rosidl_cmake-extras.cmake
[3.084s] -- Up-to-date: /home/admin/ri_seaweed_ws/install/ri_seaweed_interfaces/share/ri_seaweed_interfaces/cmake/ament_cmake_export_include_directories-extras.cmake
[3.084s] -- Up-to-date: /home/admin/ri_seaweed_ws/install/ri_seaweed_interfaces/share/ri_seaweed_interfaces/cmake/ament_cmake_export_libraries-extras.cmake
[3.085s] -- Up-to-date: /home/admin/ri_seaweed_ws/install/ri_seaweed_interfaces/share/ri_seaweed_interfaces/cmake/ament_cmake_export_targets-extras.cmake
[3.086s] -- Up-to-date: /home/admin/ri_seaweed_ws/install/ri_seaweed_interfaces/share/ri_seaweed_interfaces/cmake/rosidl_cmake_export_typesupport_targets-extras.cmake
[3.086s] -- Up-to-date: /home/admin/ri_seaweed_ws/install/ri_seaweed_interfaces/share/ri_seaweed_interfaces/cmake/ament_cmake_export_dependencies-extras.cmake
[3.087s] -- Up-to-date: /home/admin/ri_seaweed_ws/install/ri_seaweed_interfaces/share/ri_seaweed_interfaces/cmake/rosidl_cmake_export_typesupport_libraries-extras.cmake
[3.087s] -- Up-to-date: /home/admin/ri_seaweed_ws/install/ri_seaweed_interfaces/share/ri_seaweed_interfaces/cmake/ri_seaweed_interfacesConfig.cmake
[3.088s] -- Up-to-date: /home/admin/ri_seaweed_ws/install/ri_seaweed_interfaces/share/ri_seaweed_interfaces/cmake/ri_seaweed_interfacesConfig-version.cmake
[3.088s] -- Up-to-date: /home/admin/ri_seaweed_ws/install/ri_seaweed_interfaces/share/ri_seaweed_interfaces/package.xml
[3.097s] Invoked command in '/home/admin/ri_seaweed_ws/build/ri_seaweed_interfaces' returned '0': CMAKE_PREFIX_PATH=${CMAKE_PREFIX_PATH}:/home/admin/ri_seaweed_ws/install/gripper:/opt/ros/jazzy /usr/bin/cmake --install /home/admin/ri_seaweed_ws/build/ri_seaweed_interfaces
