[0.070s] Invoking command in '/home/admin/playground_ws/build/cpp_pubsub': CMAKE_PREFIX_PATH=${CMAKE_PREFIX_PATH}:/home/admin/playground_ws/install/gripper_package:/opt/ros/jazzy /usr/bin/cmake /home/admin/playground_ws/src/cpp_pubsub -DCMAKE_INSTALL_PREFIX=/home/admin/playground_ws/install/cpp_pubsub
[1.164s] -- The C compiler identification is GNU 13.3.0
[2.060s] -- The CXX compiler identification is GNU 13.3.0
[2.188s] -- Detecting C compiler ABI info
[2.800s] -- Detecting C compiler ABI info - done
[2.836s] -- Check for working C compiler: /usr/bin/cc - skipped
[2.838s] -- Detecting C compile features
[2.840s] -- Detecting C compile features - done
[2.906s] -- Detecting CXX compiler ABI info
[3.504s] -- Detecting CXX compiler ABI info - done
[3.542s] -- Check for working CXX compiler: /usr/bin/c++ - skipped
[3.544s] -- Detecting CXX compile features
[3.546s] -- Detecting CXX compile features - done
[3.598s] -- Found ament_cmake: 2.5.5 (/opt/ros/jazzy/share/ament_cmake/cmake)
[4.481s] -- Found Python3: /usr/bin/python3 (found version "3.12.3") found components: Interpreter 
[5.352s] -- Found rclcpp: 28.1.16 (/opt/ros/jazzy/share/rclcpp/cmake)
[5.846s] -- Found rosidl_generator_c: 4.6.7 (/opt/ros/jazzy/share/rosidl_generator_c/cmake)
[5.994s] -- Found rosidl_generator_cpp: 4.6.7 (/opt/ros/jazzy/share/rosidl_generator_cpp/cmake)
[6.172s] -- Using all available rosidl_typesupport_c: rosidl_typesupport_fastrtps_c;rosidl_typesupport_introspection_c
[6.355s] -- Using all available rosidl_typesupport_cpp: rosidl_typesupport_fastrtps_cpp;rosidl_typesupport_introspection_cpp
[7.022s] -- Found rmw_implementation_cmake: 7.3.3 (/opt/ros/jazzy/share/rmw_implementation_cmake/cmake)
[7.065s] -- Found rmw_fastrtps_cpp: 8.4.3 (/opt/ros/jazzy/share/rmw_fastrtps_cpp/cmake)
[7.774s] -- Found OpenSSL: /usr/lib/aarch64-linux-gnu/libcrypto.so (found version "3.0.13")  
[7.874s] -- Found FastRTPS: /opt/ros/jazzy/include (Required is at least version "2.13") 
[7.986s] -- Using RMW implementation 'rmw_fastrtps_cpp' as default
[8.541s] -- Found std_msgs: 5.3.6 (/opt/ros/jazzy/share/std_msgs/cmake)
[8.657s] -- Found ament_lint_auto: 0.17.4 (/opt/ros/jazzy/share/ament_lint_auto/cmake)
[9.373s] -- Added test 'cppcheck' to perform static code analysis on C / C++ code
[9.374s] -- Configured cppcheck include dirs: 
[9.375s] -- Configured cppcheck exclude dirs and/or files: 
[9.382s] -- Added test 'lint_cmake' to check CMake code style
[9.393s] -- Added test 'uncrustify' to check C / C++ code style
[9.394s] -- Configured uncrustify additional arguments: 
[9.398s] -- Added test 'xmllint' to check XML markup files
[9.410s] -- Configuring done (9.3s)
[9.498s] -- Generating done (0.0s)
[9.521s] -- Build files have been written to: /home/admin/playground_ws/build/cpp_pubsub
[9.563s] Invoked command in '/home/admin/playground_ws/build/cpp_pubsub' returned '0': CMAKE_PREFIX_PATH=${CMAKE_PREFIX_PATH}:/home/admin/playground_ws/install/gripper_package:/opt/ros/jazzy /usr/bin/cmake /home/admin/playground_ws/src/cpp_pubsub -DCMAKE_INSTALL_PREFIX=/home/admin/playground_ws/install/cpp_pubsub
[9.570s] Invoking command in '/home/admin/playground_ws/build/cpp_pubsub': CMAKE_PREFIX_PATH=${CMAKE_PREFIX_PATH}:/home/admin/playground_ws/install/gripper_package:/opt/ros/jazzy /usr/bin/cmake --build /home/admin/playground_ws/build/cpp_pubsub -- -j4 -l4
[9.889s] [ 25%] [32mBuilding CXX object CMakeFiles/talker.dir/src/publisher_lambda_function.cpp.o[0m
[9.893s] [ 50%] [32mBuilding CXX object CMakeFiles/listener.dir/src/subscriber_lambda_function.cpp.o[0m
[33.800s] [ 75%] [32m[1mLinking CXX executable talker[0m
[35.149s] [ 75%] Built target talker
[45.604s] [100%] [32m[1mLinking CXX executable listener[0m
[47.128s] [100%] Built target listener
[47.193s] Invoked command in '/home/admin/playground_ws/build/cpp_pubsub' returned '0': CMAKE_PREFIX_PATH=${CMAKE_PREFIX_PATH}:/home/admin/playground_ws/install/gripper_package:/opt/ros/jazzy /usr/bin/cmake --build /home/admin/playground_ws/build/cpp_pubsub -- -j4 -l4
[47.251s] Invoking command in '/home/admin/playground_ws/build/cpp_pubsub': CMAKE_PREFIX_PATH=${CMAKE_PREFIX_PATH}:/home/admin/playground_ws/install/gripper_package:/opt/ros/jazzy /usr/bin/cmake --install /home/admin/playground_ws/build/cpp_pubsub
[47.297s] -- Install configuration: ""
[47.298s] -- Installing: /home/admin/playground_ws/install/cpp_pubsub/lib/cpp_pubsub/talker
[47.310s] -- Set non-toolchain portion of runtime path of "/home/admin/playground_ws/install/cpp_pubsub/lib/cpp_pubsub/talker" to ""
[47.311s] -- Installing: /home/admin/playground_ws/install/cpp_pubsub/lib/cpp_pubsub/listener
[47.350s] -- Set non-toolchain portion of runtime path of "/home/admin/playground_ws/install/cpp_pubsub/lib/cpp_pubsub/listener" to ""
[47.351s] -- Installing: /home/admin/playground_ws/install/cpp_pubsub/share/ament_index/resource_index/package_run_dependencies/cpp_pubsub
[47.353s] -- Installing: /home/admin/playground_ws/install/cpp_pubsub/share/ament_index/resource_index/parent_prefix_path/cpp_pubsub
[47.354s] -- Installing: /home/admin/playground_ws/install/cpp_pubsub/share/cpp_pubsub/environment/ament_prefix_path.sh
[47.356s] -- Installing: /home/admin/playground_ws/install/cpp_pubsub/share/cpp_pubsub/environment/ament_prefix_path.dsv
[47.357s] -- Installing: /home/admin/playground_ws/install/cpp_pubsub/share/cpp_pubsub/environment/path.sh
[47.358s] -- Installing: /home/admin/playground_ws/install/cpp_pubsub/share/cpp_pubsub/environment/path.dsv
[47.359s] -- Installing: /home/admin/playground_ws/install/cpp_pubsub/share/cpp_pubsub/local_setup.bash
[47.361s] -- Installing: /home/admin/playground_ws/install/cpp_pubsub/share/cpp_pubsub/local_setup.sh
[47.362s] -- Installing: /home/admin/playground_ws/install/cpp_pubsub/share/cpp_pubsub/local_setup.zsh
[47.363s] -- Installing: /home/admin/playground_ws/install/cpp_pubsub/share/cpp_pubsub/local_setup.dsv
[47.365s] -- Installing: /home/admin/playground_ws/install/cpp_pubsub/share/cpp_pubsub/package.dsv
[47.366s] -- Installing: /home/admin/playground_ws/install/cpp_pubsub/share/ament_index/resource_index/packages/cpp_pubsub
[47.368s] -- Installing: /home/admin/playground_ws/install/cpp_pubsub/share/cpp_pubsub/cmake/cpp_pubsubConfig.cmake
[47.369s] -- Installing: /home/admin/playground_ws/install/cpp_pubsub/share/cpp_pubsub/cmake/cpp_pubsubConfig-version.cmake
[47.370s] -- Installing: /home/admin/playground_ws/install/cpp_pubsub/share/cpp_pubsub/package.xml
[47.379s] Invoked command in '/home/admin/playground_ws/build/cpp_pubsub' returned '0': CMAKE_PREFIX_PATH=${CMAKE_PREFIX_PATH}:/home/admin/playground_ws/install/gripper_package:/opt/ros/jazzy /usr/bin/cmake --install /home/admin/playground_ws/build/cpp_pubsub
