[0.058s] Invoking command in '/home/admin/playground_ws/build/tutorial_interfaces': CMAKE_PREFIX_PATH=${CMAKE_PREFIX_PATH}:/opt/ros/jazzy /usr/bin/cmake --build /home/admin/playground_ws/build/tutorial_interfaces -- -j4 -l4
[0.378s] [  1%] Built target tutorial_interfaces__rosidl_generator_type_description
[0.449s] [  1%] Built target ament_cmake_python_copy_tutorial_interfaces
[0.522s] [  3%] Built target tutorial_interfaces__cpp
[0.562s] [ 24%] Built target tutorial_interfaces__rosidl_generator_c
[0.738s] [ 33%] Built target tutorial_interfaces__rosidl_typesupport_introspection_c
[0.747s] [ 42%] Built target tutorial_interfaces__rosidl_typesupport_c
[0.876s] [ 51%] Built target tutorial_interfaces__rosidl_typesupport_fastrtps_cpp
[1.038s] [ 61%] Built target tutorial_interfaces__rosidl_typesupport_cpp
[1.064s] [ 70%] Built target tutorial_interfaces__rosidl_typesupport_introspection_cpp
[1.104s] [ 79%] Built target tutorial_interfaces__rosidl_typesupport_fastrtps_c
[1.242s] [ 79%] Built target tutorial_interfaces
[1.379s] [ 81%] Built target tutorial_interfaces__py
[1.552s] [ 88%] Built target tutorial_interfaces__rosidl_generator_py
[1.746s] [ 92%] Built target tutorial_interfaces_s__rosidl_typesupport_fastrtps_c
[1.774s] [ 96%] Built target tutorial_interfaces_s__rosidl_typesupport_introspection_c
[1.793s] [100%] Built target tutorial_interfaces_s__rosidl_typesupport_c
[1.877s] running egg_info
[1.972s] writing tutorial_interfaces.egg-info/PKG-INFO
[1.973s] writing dependency_links to tutorial_interfaces.egg-info/dependency_links.txt
[1.975s] writing top-level names to tutorial_interfaces.egg-info/top_level.txt
[2.250s] reading manifest file 'tutorial_interfaces.egg-info/SOURCES.txt'
[2.252s] writing manifest file 'tutorial_interfaces.egg-info/SOURCES.txt'
[2.412s] [100%] Built target ament_cmake_python_build_tutorial_interfaces_egg
[2.481s] Invoked command in '/home/admin/playground_ws/build/tutorial_interfaces' returned '0': CMAKE_PREFIX_PATH=${CMAKE_PREFIX_PATH}:/opt/ros/jazzy /usr/bin/cmake --build /home/admin/playground_ws/build/tutorial_interfaces -- -j4 -l4
[2.539s] Invoking command in '/home/admin/playground_ws/build/tutorial_interfaces': CMAKE_PREFIX_PATH=${CMAKE_PREFIX_PATH}:/opt/ros/jazzy /usr/bin/cmake --install /home/admin/playground_ws/build/tutorial_interfaces
[2.588s] -- Install configuration: ""
[2.589s] -- Up-to-date: /home/admin/playground_ws/install/tutorial_interfaces/share/ament_index/resource_index/rosidl_interfaces/tutorial_interfaces
[2.590s] -- Up-to-date: /home/admin/playground_ws/install/tutorial_interfaces/share/tutorial_interfaces/msg/Num.json
[2.590s] -- Up-to-date: /home/admin/playground_ws/install/tutorial_interfaces/share/tutorial_interfaces/msg/Sphere.json
[2.591s] -- Up-to-date: /home/admin/playground_ws/install/tutorial_interfaces/share/tutorial_interfaces/srv/AddThreeInts.json
[2.591s] -- Up-to-date: /home/admin/playground_ws/install/tutorial_interfaces/include/tutorial_interfaces/tutorial_interfaces
[2.592s] -- Up-to-date: /home/admin/playground_ws/install/tutorial_interfaces/include/tutorial_interfaces/tutorial_interfaces/msg
[2.592s] -- Up-to-date: /home/admin/playground_ws/install/tutorial_interfaces/include/tutorial_interfaces/tutorial_interfaces/msg/num.h
[2.593s] -- Up-to-date: /home/admin/playground_ws/install/tutorial_interfaces/include/tutorial_interfaces/tutorial_interfaces/msg/detail
[2.593s] -- Up-to-date: /home/admin/playground_ws/install/tutorial_interfaces/include/tutorial_interfaces/tutorial_interfaces/msg/detail/num__description.c
[2.594s] -- Installing: /home/admin/playground_ws/install/tutorial_interfaces/include/tutorial_interfaces/tutorial_interfaces/msg/detail/sphere__type_support.c
[2.594s] -- Up-to-date: /home/admin/playground_ws/install/tutorial_interfaces/include/tutorial_interfaces/tutorial_interfaces/msg/detail/sphere__description.c
[2.595s] -- Up-to-date: /home/admin/playground_ws/install/tutorial_interfaces/include/tutorial_interfaces/tutorial_interfaces/msg/detail/num__functions.h
[2.596s] -- Up-to-date: /home/admin/playground_ws/install/tutorial_interfaces/include/tutorial_interfaces/tutorial_interfaces/msg/detail/sphere__type_support.h
[2.596s] -- Installing: /home/admin/playground_ws/install/tutorial_interfaces/include/tutorial_interfaces/tutorial_interfaces/msg/detail/num__type_support.c
[2.597s] -- Up-to-date: /home/admin/playground_ws/install/tutorial_interfaces/include/tutorial_interfaces/tutorial_interfaces/msg/detail/num__struct.h
[2.598s] -- Up-to-date: /home/admin/playground_ws/install/tutorial_interfaces/include/tutorial_interfaces/tutorial_interfaces/msg/detail/num__type_support.h
[2.598s] -- Up-to-date: /home/admin/playground_ws/install/tutorial_interfaces/include/tutorial_interfaces/tutorial_interfaces/msg/detail/sphere__struct.h
[2.599s] -- Up-to-date: /home/admin/playground_ws/install/tutorial_interfaces/include/tutorial_interfaces/tutorial_interfaces/msg/detail/sphere__functions.c
[2.600s] -- Up-to-date: /home/admin/playground_ws/install/tutorial_interfaces/include/tutorial_interfaces/tutorial_interfaces/msg/detail/sphere__functions.h
[2.600s] -- Up-to-date: /home/admin/playground_ws/install/tutorial_interfaces/include/tutorial_interfaces/tutorial_interfaces/msg/detail/num__functions.c
[2.601s] -- Up-to-date: /home/admin/playground_ws/install/tutorial_interfaces/include/tutorial_interfaces/tutorial_interfaces/msg/rosidl_generator_c__visibility_control.h
[2.601s] -- Up-to-date: /home/admin/playground_ws/install/tutorial_interfaces/include/tutorial_interfaces/tutorial_interfaces/msg/sphere.h
[2.602s] -- Up-to-date: /home/admin/playground_ws/install/tutorial_interfaces/include/tutorial_interfaces/tutorial_interfaces/srv
[2.602s] -- Up-to-date: /home/admin/playground_ws/install/tutorial_interfaces/include/tutorial_interfaces/tutorial_interfaces/srv/add_three_ints.h
[2.603s] -- Up-to-date: /home/admin/playground_ws/install/tutorial_interfaces/include/tutorial_interfaces/tutorial_interfaces/srv/detail
[2.603s] -- Up-to-date: /home/admin/playground_ws/install/tutorial_interfaces/include/tutorial_interfaces/tutorial_interfaces/srv/detail/add_three_ints__struct.h
[2.604s] -- Up-to-date: /home/admin/playground_ws/install/tutorial_interfaces/include/tutorial_interfaces/tutorial_interfaces/srv/detail/add_three_ints__type_support.h
[2.604s] -- Up-to-date: /home/admin/playground_ws/install/tutorial_interfaces/include/tutorial_interfaces/tutorial_interfaces/srv/detail/add_three_ints__description.c
[2.605s] -- Installing: /home/admin/playground_ws/install/tutorial_interfaces/include/tutorial_interfaces/tutorial_interfaces/srv/detail/add_three_ints__type_support.c
[2.605s] -- Up-to-date: /home/admin/playground_ws/install/tutorial_interfaces/include/tutorial_interfaces/tutorial_interfaces/srv/detail/add_three_ints__functions.c
[2.606s] -- Up-to-date: /home/admin/playground_ws/install/tutorial_interfaces/include/tutorial_interfaces/tutorial_interfaces/srv/detail/add_three_ints__functions.h
[2.606s] -- Up-to-date: /home/admin/playground_ws/install/tutorial_interfaces/share/tutorial_interfaces/environment/library_path.sh
[2.606s] -- Up-to-date: /home/admin/playground_ws/install/tutorial_interfaces/share/tutorial_interfaces/environment/library_path.dsv
[2.607s] -- Up-to-date: /home/admin/playground_ws/install/tutorial_interfaces/lib/libtutorial_interfaces__rosidl_generator_c.so
[2.607s] -- Up-to-date: /home/admin/playground_ws/install/tutorial_interfaces/include/tutorial_interfaces/tutorial_interfaces
[2.608s] -- Up-to-date: /home/admin/playground_ws/install/tutorial_interfaces/include/tutorial_interfaces/tutorial_interfaces/msg
[2.608s] -- Up-to-date: /home/admin/playground_ws/install/tutorial_interfaces/include/tutorial_interfaces/tutorial_interfaces/msg/detail
[2.609s] -- Up-to-date: /home/admin/playground_ws/install/tutorial_interfaces/include/tutorial_interfaces/tutorial_interfaces/msg/detail/num__rosidl_typesupport_fastrtps_c.h
[2.610s] -- Up-to-date: /home/admin/playground_ws/install/tutorial_interfaces/include/tutorial_interfaces/tutorial_interfaces/msg/detail/sphere__rosidl_typesupport_fastrtps_c.h
[2.610s] -- Up-to-date: /home/admin/playground_ws/install/tutorial_interfaces/include/tutorial_interfaces/tutorial_interfaces/msg/rosidl_typesupport_fastrtps_c__visibility_control.h
[2.611s] -- Up-to-date: /home/admin/playground_ws/install/tutorial_interfaces/include/tutorial_interfaces/tutorial_interfaces/srv
[2.611s] -- Up-to-date: /home/admin/playground_ws/install/tutorial_interfaces/include/tutorial_interfaces/tutorial_interfaces/srv/detail
[2.612s] -- Up-to-date: /home/admin/playground_ws/install/tutorial_interfaces/include/tutorial_interfaces/tutorial_interfaces/srv/detail/add_three_ints__rosidl_typesupport_fastrtps_c.h
[2.612s] -- Up-to-date: /home/admin/playground_ws/install/tutorial_interfaces/lib/libtutorial_interfaces__rosidl_typesupport_fastrtps_c.so
[2.614s] -- Up-to-date: /home/admin/playground_ws/install/tutorial_interfaces/include/tutorial_interfaces/tutorial_interfaces
[2.615s] -- Up-to-date: /home/admin/playground_ws/install/tutorial_interfaces/include/tutorial_interfaces/tutorial_interfaces/msg
[2.615s] -- Up-to-date: /home/admin/playground_ws/install/tutorial_interfaces/include/tutorial_interfaces/tutorial_interfaces/msg/rosidl_generator_cpp__visibility_control.hpp
[2.616s] -- Up-to-date: /home/admin/playground_ws/install/tutorial_interfaces/include/tutorial_interfaces/tutorial_interfaces/msg/detail
[2.617s] -- Up-to-date: /home/admin/playground_ws/install/tutorial_interfaces/include/tutorial_interfaces/tutorial_interfaces/msg/detail/sphere__struct.hpp
[2.618s] -- Up-to-date: /home/admin/playground_ws/install/tutorial_interfaces/include/tutorial_interfaces/tutorial_interfaces/msg/detail/num__traits.hpp
[2.618s] -- Up-to-date: /home/admin/playground_ws/install/tutorial_interfaces/include/tutorial_interfaces/tutorial_interfaces/msg/detail/sphere__builder.hpp
[2.619s] -- Up-to-date: /home/admin/playground_ws/install/tutorial_interfaces/include/tutorial_interfaces/tutorial_interfaces/msg/detail/sphere__type_support.hpp
[2.619s] -- Up-to-date: /home/admin/playground_ws/install/tutorial_interfaces/include/tutorial_interfaces/tutorial_interfaces/msg/detail/num__builder.hpp
[2.620s] -- Up-to-date: /home/admin/playground_ws/install/tutorial_interfaces/include/tutorial_interfaces/tutorial_interfaces/msg/detail/num__type_support.hpp
[2.620s] -- Up-to-date: /home/admin/playground_ws/install/tutorial_interfaces/include/tutorial_interfaces/tutorial_interfaces/msg/detail/sphere__traits.hpp
[2.620s] -- Up-to-date: /home/admin/playground_ws/install/tutorial_interfaces/include/tutorial_interfaces/tutorial_interfaces/msg/detail/num__struct.hpp
[2.621s] -- Up-to-date: /home/admin/playground_ws/install/tutorial_interfaces/include/tutorial_interfaces/tutorial_interfaces/msg/sphere.hpp
[2.621s] -- Up-to-date: /home/admin/playground_ws/install/tutorial_interfaces/include/tutorial_interfaces/tutorial_interfaces/msg/num.hpp
[2.623s] -- Up-to-date: /home/admin/playground_ws/install/tutorial_interfaces/include/tutorial_interfaces/tutorial_interfaces/srv
[2.623s] -- Up-to-date: /home/admin/playground_ws/install/tutorial_interfaces/include/tutorial_interfaces/tutorial_interfaces/srv/detail
[2.624s] -- Up-to-date: /home/admin/playground_ws/install/tutorial_interfaces/include/tutorial_interfaces/tutorial_interfaces/srv/detail/add_three_ints__type_support.hpp
[2.624s] -- Up-to-date: /home/admin/playground_ws/install/tutorial_interfaces/include/tutorial_interfaces/tutorial_interfaces/srv/detail/add_three_ints__struct.hpp
[2.625s] -- Up-to-date: /home/admin/playground_ws/install/tutorial_interfaces/include/tutorial_interfaces/tutorial_interfaces/srv/detail/add_three_ints__traits.hpp
[2.625s] -- Up-to-date: /home/admin/playground_ws/install/tutorial_interfaces/include/tutorial_interfaces/tutorial_interfaces/srv/detail/add_three_ints__builder.hpp
[2.626s] -- Up-to-date: /home/admin/playground_ws/install/tutorial_interfaces/include/tutorial_interfaces/tutorial_interfaces/srv/add_three_ints.hpp
[2.626s] -- Up-to-date: /home/admin/playground_ws/install/tutorial_interfaces/include/tutorial_interfaces/tutorial_interfaces
[2.627s] -- Up-to-date: /home/admin/playground_ws/install/tutorial_interfaces/include/tutorial_interfaces/tutorial_interfaces/msg
[2.627s] -- Up-to-date: /home/admin/playground_ws/install/tutorial_interfaces/include/tutorial_interfaces/tutorial_interfaces/msg/rosidl_typesupport_fastrtps_cpp__visibility_control.h
[2.628s] -- Up-to-date: /home/admin/playground_ws/install/tutorial_interfaces/include/tutorial_interfaces/tutorial_interfaces/msg/detail
[2.628s] -- Up-to-date: /home/admin/playground_ws/install/tutorial_interfaces/include/tutorial_interfaces/tutorial_interfaces/msg/detail/dds_fastrtps
[2.629s] -- Up-to-date: /home/admin/playground_ws/install/tutorial_interfaces/include/tutorial_interfaces/tutorial_interfaces/msg/detail/sphere__rosidl_typesupport_fastrtps_cpp.hpp
[2.629s] -- Up-to-date: /home/admin/playground_ws/install/tutorial_interfaces/include/tutorial_interfaces/tutorial_interfaces/msg/detail/num__rosidl_typesupport_fastrtps_cpp.hpp
[2.630s] -- Up-to-date: /home/admin/playground_ws/install/tutorial_interfaces/include/tutorial_interfaces/tutorial_interfaces/srv
[2.630s] -- Up-to-date: /home/admin/playground_ws/install/tutorial_interfaces/include/tutorial_interfaces/tutorial_interfaces/srv/detail
[2.631s] -- Up-to-date: /home/admin/playground_ws/install/tutorial_interfaces/include/tutorial_interfaces/tutorial_interfaces/srv/detail/dds_fastrtps
[2.631s] -- Up-to-date: /home/admin/playground_ws/install/tutorial_interfaces/include/tutorial_interfaces/tutorial_interfaces/srv/detail/add_three_ints__rosidl_typesupport_fastrtps_cpp.hpp
[2.632s] -- Up-to-date: /home/admin/playground_ws/install/tutorial_interfaces/lib/libtutorial_interfaces__rosidl_typesupport_fastrtps_cpp.so
[2.632s] -- Up-to-date: /home/admin/playground_ws/install/tutorial_interfaces/include/tutorial_interfaces/tutorial_interfaces
[2.633s] -- Up-to-date: /home/admin/playground_ws/install/tutorial_interfaces/include/tutorial_interfaces/tutorial_interfaces/msg
[2.633s] -- Up-to-date: /home/admin/playground_ws/install/tutorial_interfaces/include/tutorial_interfaces/tutorial_interfaces/msg/rosidl_typesupport_introspection_c__visibility_control.h
[2.634s] -- Up-to-date: /home/admin/playground_ws/install/tutorial_interfaces/include/tutorial_interfaces/tutorial_interfaces/msg/detail
[2.634s] -- Installing: /home/admin/playground_ws/install/tutorial_interfaces/include/tutorial_interfaces/tutorial_interfaces/msg/detail/sphere__type_support.c
[2.635s] -- Up-to-date: /home/admin/playground_ws/install/tutorial_interfaces/include/tutorial_interfaces/tutorial_interfaces/msg/detail/sphere__rosidl_typesupport_introspection_c.h
[2.635s] -- Installing: /home/admin/playground_ws/install/tutorial_interfaces/include/tutorial_interfaces/tutorial_interfaces/msg/detail/num__type_support.c
[2.635s] -- Up-to-date: /home/admin/playground_ws/install/tutorial_interfaces/include/tutorial_interfaces/tutorial_interfaces/msg/detail/num__rosidl_typesupport_introspection_c.h
[2.637s] -- Up-to-date: /home/admin/playground_ws/install/tutorial_interfaces/include/tutorial_interfaces/tutorial_interfaces/srv
[2.637s] -- Up-to-date: /home/admin/playground_ws/install/tutorial_interfaces/include/tutorial_interfaces/tutorial_interfaces/srv/detail
[2.638s] -- Up-to-date: /home/admin/playground_ws/install/tutorial_interfaces/include/tutorial_interfaces/tutorial_interfaces/srv/detail/add_three_ints__rosidl_typesupport_introspection_c.h
[2.638s] -- Installing: /home/admin/playground_ws/install/tutorial_interfaces/include/tutorial_interfaces/tutorial_interfaces/srv/detail/add_three_ints__type_support.c
[2.639s] -- Up-to-date: /home/admin/playground_ws/install/tutorial_interfaces/lib/libtutorial_interfaces__rosidl_typesupport_introspection_c.so
[2.641s] -- Up-to-date: /home/admin/playground_ws/install/tutorial_interfaces/lib/libtutorial_interfaces__rosidl_typesupport_c.so
[2.643s] -- Up-to-date: /home/admin/playground_ws/install/tutorial_interfaces/include/tutorial_interfaces/tutorial_interfaces
[2.643s] -- Up-to-date: /home/admin/playground_ws/install/tutorial_interfaces/include/tutorial_interfaces/tutorial_interfaces/msg
[2.644s] -- Up-to-date: /home/admin/playground_ws/install/tutorial_interfaces/include/tutorial_interfaces/tutorial_interfaces/msg/detail
[2.645s] -- Up-to-date: /home/admin/playground_ws/install/tutorial_interfaces/include/tutorial_interfaces/tutorial_interfaces/msg/detail/num__rosidl_typesupport_introspection_cpp.hpp
[2.645s] -- Up-to-date: /home/admin/playground_ws/install/tutorial_interfaces/include/tutorial_interfaces/tutorial_interfaces/msg/detail/sphere__rosidl_typesupport_introspection_cpp.hpp
[2.646s] -- Up-to-date: /home/admin/playground_ws/install/tutorial_interfaces/include/tutorial_interfaces/tutorial_interfaces/msg/detail/sphere__type_support.cpp
[2.646s] -- Up-to-date: /home/admin/playground_ws/install/tutorial_interfaces/include/tutorial_interfaces/tutorial_interfaces/msg/detail/num__type_support.cpp
[2.646s] -- Up-to-date: /home/admin/playground_ws/install/tutorial_interfaces/include/tutorial_interfaces/tutorial_interfaces/srv
[2.647s] -- Up-to-date: /home/admin/playground_ws/install/tutorial_interfaces/include/tutorial_interfaces/tutorial_interfaces/srv/detail
[2.647s] -- Up-to-date: /home/admin/playground_ws/install/tutorial_interfaces/include/tutorial_interfaces/tutorial_interfaces/srv/detail/add_three_ints__rosidl_typesupport_introspection_cpp.hpp
[2.648s] -- Up-to-date: /home/admin/playground_ws/install/tutorial_interfaces/include/tutorial_interfaces/tutorial_interfaces/srv/detail/add_three_ints__type_support.cpp
[2.648s] -- Up-to-date: /home/admin/playground_ws/install/tutorial_interfaces/lib/libtutorial_interfaces__rosidl_typesupport_introspection_cpp.so
[2.651s] -- Up-to-date: /home/admin/playground_ws/install/tutorial_interfaces/lib/libtutorial_interfaces__rosidl_typesupport_cpp.so
[2.652s] -- Up-to-date: /home/admin/playground_ws/install/tutorial_interfaces/share/tutorial_interfaces/environment/pythonpath.sh
[2.653s] -- Up-to-date: /home/admin/playground_ws/install/tutorial_interfaces/share/tutorial_interfaces/environment/pythonpath.dsv
[2.654s] -- Up-to-date: /home/admin/playground_ws/install/tutorial_interfaces/lib/python3.12/site-packages/tutorial_interfaces-0.0.0-py3.12.egg-info
[2.654s] -- Installing: /home/admin/playground_ws/install/tutorial_interfaces/lib/python3.12/site-packages/tutorial_interfaces-0.0.0-py3.12.egg-info/dependency_links.txt
[2.655s] -- Installing: /home/admin/playground_ws/install/tutorial_interfaces/lib/python3.12/site-packages/tutorial_interfaces-0.0.0-py3.12.egg-info/SOURCES.txt
[2.657s] -- Installing: /home/admin/playground_ws/install/tutorial_interfaces/lib/python3.12/site-packages/tutorial_interfaces-0.0.0-py3.12.egg-info/top_level.txt
[2.658s] -- Installing: /home/admin/playground_ws/install/tutorial_interfaces/lib/python3.12/site-packages/tutorial_interfaces-0.0.0-py3.12.egg-info/PKG-INFO
[2.660s] -- Up-to-date: /home/admin/playground_ws/install/tutorial_interfaces/lib/python3.12/site-packages/tutorial_interfaces
[2.661s] -- Up-to-date: /home/admin/playground_ws/install/tutorial_interfaces/lib/python3.12/site-packages/tutorial_interfaces/msg
[2.661s] -- Up-to-date: /home/admin/playground_ws/install/tutorial_interfaces/lib/python3.12/site-packages/tutorial_interfaces/msg/_num_s.c
[2.662s] -- Up-to-date: /home/admin/playground_ws/install/tutorial_interfaces/lib/python3.12/site-packages/tutorial_interfaces/msg/__init__.py
[2.662s] -- Up-to-date: /home/admin/playground_ws/install/tutorial_interfaces/lib/python3.12/site-packages/tutorial_interfaces/msg/_num.py
[2.663s] -- Up-to-date: /home/admin/playground_ws/install/tutorial_interfaces/lib/python3.12/site-packages/tutorial_interfaces/msg/_sphere_s.c
[2.663s] -- Up-to-date: /home/admin/playground_ws/install/tutorial_interfaces/lib/python3.12/site-packages/tutorial_interfaces/msg/_sphere.py
[2.664s] -- Up-to-date: /home/admin/playground_ws/install/tutorial_interfaces/lib/python3.12/site-packages/tutorial_interfaces/srv
[2.664s] -- Up-to-date: /home/admin/playground_ws/install/tutorial_interfaces/lib/python3.12/site-packages/tutorial_interfaces/srv/_add_three_ints.py
[2.665s] -- Up-to-date: /home/admin/playground_ws/install/tutorial_interfaces/lib/python3.12/site-packages/tutorial_interfaces/srv/__init__.py
[2.665s] -- Up-to-date: /home/admin/playground_ws/install/tutorial_interfaces/lib/python3.12/site-packages/tutorial_interfaces/srv/_add_three_ints_s.c
[2.666s] -- Up-to-date: /home/admin/playground_ws/install/tutorial_interfaces/lib/python3.12/site-packages/tutorial_interfaces/__init__.py
[2.666s] -- Up-to-date: /home/admin/playground_ws/install/tutorial_interfaces/lib/python3.12/site-packages/tutorial_interfaces/_tutorial_interfaces_s.ep.rosidl_typesupport_fastrtps_c.c
[2.667s] -- Up-to-date: /home/admin/playground_ws/install/tutorial_interfaces/lib/python3.12/site-packages/tutorial_interfaces/_tutorial_interfaces_s.ep.rosidl_typesupport_c.c
[2.667s] -- Up-to-date: /home/admin/playground_ws/install/tutorial_interfaces/lib/python3.12/site-packages/tutorial_interfaces/tutorial_interfaces_s__rosidl_typesupport_introspection_c.so
[2.668s] -- Up-to-date: /home/admin/playground_ws/install/tutorial_interfaces/lib/python3.12/site-packages/tutorial_interfaces/_tutorial_interfaces_s.ep.rosidl_typesupport_introspection_c.c
[2.668s] -- Up-to-date: /home/admin/playground_ws/install/tutorial_interfaces/lib/python3.12/site-packages/tutorial_interfaces/tutorial_interfaces_s__rosidl_typesupport_c.so
[2.668s] -- Up-to-date: /home/admin/playground_ws/install/tutorial_interfaces/lib/python3.12/site-packages/tutorial_interfaces/tutorial_interfaces_s__rosidl_typesupport_fastrtps_c.so
[2.832s] Listing '/home/admin/playground_ws/install/tutorial_interfaces/lib/python3.12/site-packages/tutorial_interfaces'...
[2.833s] Listing '/home/admin/playground_ws/install/tutorial_interfaces/lib/python3.12/site-packages/tutorial_interfaces/msg'...
[2.836s] Listing '/home/admin/playground_ws/install/tutorial_interfaces/lib/python3.12/site-packages/tutorial_interfaces/srv'...
[2.863s] -- Up-to-date: /home/admin/playground_ws/install/tutorial_interfaces/lib/python3.12/site-packages/tutorial_interfaces/tutorial_interfaces_s__rosidl_typesupport_fastrtps_c.so
[2.866s] -- Up-to-date: /home/admin/playground_ws/install/tutorial_interfaces/lib/python3.12/site-packages/tutorial_interfaces/tutorial_interfaces_s__rosidl_typesupport_introspection_c.so
[2.868s] -- Up-to-date: /home/admin/playground_ws/install/tutorial_interfaces/lib/python3.12/site-packages/tutorial_interfaces/tutorial_interfaces_s__rosidl_typesupport_c.so
[2.870s] -- Up-to-date: /home/admin/playground_ws/install/tutorial_interfaces/lib/libtutorial_interfaces__rosidl_generator_py.so
[2.872s] -- Up-to-date: /home/admin/playground_ws/install/tutorial_interfaces/share/tutorial_interfaces/msg/Num.idl
[2.873s] -- Up-to-date: /home/admin/playground_ws/install/tutorial_interfaces/share/tutorial_interfaces/msg/Sphere.idl
[2.874s] -- Up-to-date: /home/admin/playground_ws/install/tutorial_interfaces/share/tutorial_interfaces/srv/AddThreeInts.idl
[2.874s] -- Up-to-date: /home/admin/playground_ws/install/tutorial_interfaces/share/tutorial_interfaces/msg/Num.msg
[2.875s] -- Up-to-date: /home/admin/playground_ws/install/tutorial_interfaces/share/tutorial_interfaces/msg/Sphere.msg
[2.876s] -- Up-to-date: /home/admin/playground_ws/install/tutorial_interfaces/share/tutorial_interfaces/srv/AddThreeInts.srv
[2.877s] -- Up-to-date: /home/admin/playground_ws/install/tutorial_interfaces/share/ament_index/resource_index/package_run_dependencies/tutorial_interfaces
[2.877s] -- Up-to-date: /home/admin/playground_ws/install/tutorial_interfaces/share/ament_index/resource_index/parent_prefix_path/tutorial_interfaces
[2.878s] -- Up-to-date: /home/admin/playground_ws/install/tutorial_interfaces/share/tutorial_interfaces/environment/ament_prefix_path.sh
[2.879s] -- Up-to-date: /home/admin/playground_ws/install/tutorial_interfaces/share/tutorial_interfaces/environment/ament_prefix_path.dsv
[2.880s] -- Up-to-date: /home/admin/playground_ws/install/tutorial_interfaces/share/tutorial_interfaces/environment/path.sh
[2.880s] -- Up-to-date: /home/admin/playground_ws/install/tutorial_interfaces/share/tutorial_interfaces/environment/path.dsv
[2.881s] -- Up-to-date: /home/admin/playground_ws/install/tutorial_interfaces/share/tutorial_interfaces/local_setup.bash
[2.881s] -- Up-to-date: /home/admin/playground_ws/install/tutorial_interfaces/share/tutorial_interfaces/local_setup.sh
[2.882s] -- Up-to-date: /home/admin/playground_ws/install/tutorial_interfaces/share/tutorial_interfaces/local_setup.zsh
[2.883s] -- Up-to-date: /home/admin/playground_ws/install/tutorial_interfaces/share/tutorial_interfaces/local_setup.dsv
[2.883s] -- Installing: /home/admin/playground_ws/install/tutorial_interfaces/share/tutorial_interfaces/package.dsv
[2.884s] -- Up-to-date: /home/admin/playground_ws/install/tutorial_interfaces/share/ament_index/resource_index/packages/tutorial_interfaces
[2.884s] -- Up-to-date: /home/admin/playground_ws/install/tutorial_interfaces/share/tutorial_interfaces/cmake/export_tutorial_interfaces__rosidl_generator_cExport.cmake
[2.885s] -- Up-to-date: /home/admin/playground_ws/install/tutorial_interfaces/share/tutorial_interfaces/cmake/export_tutorial_interfaces__rosidl_generator_cExport-noconfig.cmake
[2.885s] -- Up-to-date: /home/admin/playground_ws/install/tutorial_interfaces/share/tutorial_interfaces/cmake/export_tutorial_interfaces__rosidl_typesupport_fastrtps_cExport.cmake
[2.886s] -- Up-to-date: /home/admin/playground_ws/install/tutorial_interfaces/share/tutorial_interfaces/cmake/export_tutorial_interfaces__rosidl_typesupport_fastrtps_cExport-noconfig.cmake
[2.887s] -- Up-to-date: /home/admin/playground_ws/install/tutorial_interfaces/share/tutorial_interfaces/cmake/export_tutorial_interfaces__rosidl_generator_cppExport.cmake
[2.888s] -- Up-to-date: /home/admin/playground_ws/install/tutorial_interfaces/share/tutorial_interfaces/cmake/export_tutorial_interfaces__rosidl_typesupport_fastrtps_cppExport.cmake
[2.889s] -- Up-to-date: /home/admin/playground_ws/install/tutorial_interfaces/share/tutorial_interfaces/cmake/export_tutorial_interfaces__rosidl_typesupport_fastrtps_cppExport-noconfig.cmake
[2.890s] -- Up-to-date: /home/admin/playground_ws/install/tutorial_interfaces/share/tutorial_interfaces/cmake/tutorial_interfaces__rosidl_typesupport_introspection_cExport.cmake
[2.891s] -- Up-to-date: /home/admin/playground_ws/install/tutorial_interfaces/share/tutorial_interfaces/cmake/tutorial_interfaces__rosidl_typesupport_introspection_cExport-noconfig.cmake
[2.892s] -- Up-to-date: /home/admin/playground_ws/install/tutorial_interfaces/share/tutorial_interfaces/cmake/tutorial_interfaces__rosidl_typesupport_cExport.cmake
[2.892s] -- Up-to-date: /home/admin/playground_ws/install/tutorial_interfaces/share/tutorial_interfaces/cmake/tutorial_interfaces__rosidl_typesupport_cExport-noconfig.cmake
[2.893s] -- Up-to-date: /home/admin/playground_ws/install/tutorial_interfaces/share/tutorial_interfaces/cmake/tutorial_interfaces__rosidl_typesupport_introspection_cppExport.cmake
[2.894s] -- Up-to-date: /home/admin/playground_ws/install/tutorial_interfaces/share/tutorial_interfaces/cmake/tutorial_interfaces__rosidl_typesupport_introspection_cppExport-noconfig.cmake
[2.895s] -- Up-to-date: /home/admin/playground_ws/install/tutorial_interfaces/share/tutorial_interfaces/cmake/tutorial_interfaces__rosidl_typesupport_cppExport.cmake
[2.895s] -- Up-to-date: /home/admin/playground_ws/install/tutorial_interfaces/share/tutorial_interfaces/cmake/tutorial_interfaces__rosidl_typesupport_cppExport-noconfig.cmake
[2.896s] -- Up-to-date: /home/admin/playground_ws/install/tutorial_interfaces/share/tutorial_interfaces/cmake/export_tutorial_interfaces__rosidl_generator_pyExport.cmake
[2.898s] -- Up-to-date: /home/admin/playground_ws/install/tutorial_interfaces/share/tutorial_interfaces/cmake/export_tutorial_interfaces__rosidl_generator_pyExport-noconfig.cmake
[2.898s] -- Up-to-date: /home/admin/playground_ws/install/tutorial_interfaces/share/tutorial_interfaces/cmake/rosidl_cmake-extras.cmake
[2.899s] -- Up-to-date: /home/admin/playground_ws/install/tutorial_interfaces/share/tutorial_interfaces/cmake/ament_cmake_export_dependencies-extras.cmake
[2.900s] -- Up-to-date: /home/admin/playground_ws/install/tutorial_interfaces/share/tutorial_interfaces/cmake/ament_cmake_export_include_directories-extras.cmake
[2.900s] -- Up-to-date: /home/admin/playground_ws/install/tutorial_interfaces/share/tutorial_interfaces/cmake/ament_cmake_export_libraries-extras.cmake
[2.901s] -- Up-to-date: /home/admin/playground_ws/install/tutorial_interfaces/share/tutorial_interfaces/cmake/ament_cmake_export_targets-extras.cmake
[2.901s] -- Up-to-date: /home/admin/playground_ws/install/tutorial_interfaces/share/tutorial_interfaces/cmake/rosidl_cmake_export_typesupport_targets-extras.cmake
[2.902s] -- Up-to-date: /home/admin/playground_ws/install/tutorial_interfaces/share/tutorial_interfaces/cmake/rosidl_cmake_export_typesupport_libraries-extras.cmake
[2.902s] -- Up-to-date: /home/admin/playground_ws/install/tutorial_interfaces/share/tutorial_interfaces/cmake/tutorial_interfacesConfig.cmake
[2.903s] -- Up-to-date: /home/admin/playground_ws/install/tutorial_interfaces/share/tutorial_interfaces/cmake/tutorial_interfacesConfig-version.cmake
[2.903s] -- Up-to-date: /home/admin/playground_ws/install/tutorial_interfaces/share/tutorial_interfaces/package.xml
[2.912s] Invoked command in '/home/admin/playground_ws/build/tutorial_interfaces' returned '0': CMAKE_PREFIX_PATH=${CMAKE_PREFIX_PATH}:/opt/ros/jazzy /usr/bin/cmake --install /home/admin/playground_ws/build/tutorial_interfaces
