running egg_info
creating ../../build/gripper/gripper.egg-info
writing ../../build/gripper/gripper.egg-info/PKG-INFO
writing dependency_links to ../../build/gripper/gripper.egg-info/dependency_links.txt
writing entry points to ../../build/gripper/gripper.egg-info/entry_points.txt
writing requirements to ../../build/gripper/gripper.egg-info/requires.txt
writing top-level names to ../../build/gripper/gripper.egg-info/top_level.txt
writing manifest file '../../build/gripper/gripper.egg-info/SOURCES.txt'
reading manifest file '../../build/gripper/gripper.egg-info/SOURCES.txt'
adding license file 'LICENSE'
writing manifest file '../../build/gripper/gripper.egg-info/SOURCES.txt'
running build
running build_py
creating /home/admin/ri_seaweed_ws/build/gripper/build
creating /home/admin/ri_seaweed_ws/build/gripper/build/lib
creating /home/admin/ri_seaweed_ws/build/gripper/build/lib/gripper
copying gripper/gripper_driver.py -> /home/admin/ri_seaweed_ws/build/gripper/build/lib/gripper
copying gripper/gripper_controller.py -> /home/admin/ri_seaweed_ws/build/gripper/build/lib/gripper
copying gripper/__init__.py -> /home/admin/ri_seaweed_ws/build/gripper/build/lib/gripper
running install
running install_lib
creating /home/admin/ri_seaweed_ws/install/gripper/lib/python3.12/site-packages/gripper
copying /home/admin/ri_seaweed_ws/build/gripper/build/lib/gripper/gripper_driver.py -> /home/admin/ri_seaweed_ws/install/gripper/lib/python3.12/site-packages/gripper
copying /home/admin/ri_seaweed_ws/build/gripper/build/lib/gripper/gripper_controller.py -> /home/admin/ri_seaweed_ws/install/gripper/lib/python3.12/site-packages/gripper
copying /home/admin/ri_seaweed_ws/build/gripper/build/lib/gripper/__init__.py -> /home/admin/ri_seaweed_ws/install/gripper/lib/python3.12/site-packages/gripper
byte-compiling /home/admin/ri_seaweed_ws/install/gripper/lib/python3.12/site-packages/gripper/gripper_driver.py to gripper_driver.cpython-312.pyc
byte-compiling /home/admin/ri_seaweed_ws/install/gripper/lib/python3.12/site-packages/gripper/gripper_controller.py to gripper_controller.cpython-312.pyc
byte-compiling /home/admin/ri_seaweed_ws/install/gripper/lib/python3.12/site-packages/gripper/__init__.py to __init__.cpython-312.pyc
running install_data
creating /home/admin/ri_seaweed_ws/install/gripper/share/ament_index
creating /home/admin/ri_seaweed_ws/install/gripper/share/ament_index/resource_index
creating /home/admin/ri_seaweed_ws/install/gripper/share/ament_index/resource_index/packages
copying resource/gripper -> /home/admin/ri_seaweed_ws/install/gripper/share/ament_index/resource_index/packages
copying package.xml -> /home/admin/ri_seaweed_ws/install/gripper/share/gripper
running install_egg_info
Copying ../../build/gripper/gripper.egg-info to /home/admin/ri_seaweed_ws/install/gripper/lib/python3.12/site-packages/gripper-0.0.0-py3.12.egg-info
running install_scripts
Installing gripper_controller script to /home/admin/ri_seaweed_ws/install/gripper/lib/gripper
Installing gripper_driver script to /home/admin/ri_seaweed_ws/install/gripper/lib/gripper
writing list of installed files to '/home/admin/ri_seaweed_ws/build/gripper/install.log'
