[4.838s] Invoking command in '/home/admin/ri_seaweed_ws/src/gripper': PYTHONPATH=/home/admin/ri_seaweed_ws/build/gripper/prefix_override:/usr/lib/python3/dist-packages/colcon_core/task/python/colcon_distutils_commands:/home/admin/ri_seaweed_ws/install/gripper/lib/python3.12/site-packages:${PYTHONPATH} /usr/bin/python3 -W ignore:setup.py install is deprecated -W ignore:easy_install command is deprecated setup.py egg_info --egg-base ../../build/gripper build --build-base /home/admin/ri_seaweed_ws/build/gripper/build install --record /home/admin/ri_seaweed_ws/build/gripper/install.log --single-version-externally-managed install_data
[6.115s] running egg_info
[6.116s] creating ../../build/gripper/gripper.egg-info
[6.216s] writing ../../build/gripper/gripper.egg-info/PKG-INFO
[6.217s] writing dependency_links to ../../build/gripper/gripper.egg-info/dependency_links.txt
[6.218s] writing entry points to ../../build/gripper/gripper.egg-info/entry_points.txt
[6.219s] writing requirements to ../../build/gripper/gripper.egg-info/requires.txt
[6.220s] writing top-level names to ../../build/gripper/gripper.egg-info/top_level.txt
[6.220s] writing manifest file '../../build/gripper/gripper.egg-info/SOURCES.txt'
[6.413s] reading manifest file '../../build/gripper/gripper.egg-info/SOURCES.txt'
[6.414s] adding license file 'LICENSE'
[6.416s] writing manifest file '../../build/gripper/gripper.egg-info/SOURCES.txt'
[6.417s] running build
[6.418s] running build_py
[6.418s] creating /home/admin/ri_seaweed_ws/build/gripper/build
[6.419s] creating /home/admin/ri_seaweed_ws/build/gripper/build/lib
[6.420s] creating /home/admin/ri_seaweed_ws/build/gripper/build/lib/gripper
[6.420s] copying gripper/gripper_driver.py -> /home/admin/ri_seaweed_ws/build/gripper/build/lib/gripper
[6.421s] copying gripper/gripper_controller.py -> /home/admin/ri_seaweed_ws/build/gripper/build/lib/gripper
[6.421s] copying gripper/__init__.py -> /home/admin/ri_seaweed_ws/build/gripper/build/lib/gripper
[6.422s] running install
[6.446s] running install_lib
[6.543s] creating /home/admin/ri_seaweed_ws/install/gripper/lib/python3.12/site-packages/gripper
[6.544s] copying /home/admin/ri_seaweed_ws/build/gripper/build/lib/gripper/gripper_driver.py -> /home/admin/ri_seaweed_ws/install/gripper/lib/python3.12/site-packages/gripper
[6.545s] copying /home/admin/ri_seaweed_ws/build/gripper/build/lib/gripper/gripper_controller.py -> /home/admin/ri_seaweed_ws/install/gripper/lib/python3.12/site-packages/gripper
[6.546s] copying /home/admin/ri_seaweed_ws/build/gripper/build/lib/gripper/__init__.py -> /home/admin/ri_seaweed_ws/install/gripper/lib/python3.12/site-packages/gripper
[6.548s] byte-compiling /home/admin/ri_seaweed_ws/install/gripper/lib/python3.12/site-packages/gripper/gripper_driver.py to gripper_driver.cpython-312.pyc
[6.551s] byte-compiling /home/admin/ri_seaweed_ws/install/gripper/lib/python3.12/site-packages/gripper/gripper_controller.py to gripper_controller.cpython-312.pyc
[6.554s] byte-compiling /home/admin/ri_seaweed_ws/install/gripper/lib/python3.12/site-packages/gripper/__init__.py to __init__.cpython-312.pyc
[6.555s] running install_data
[6.556s] creating /home/admin/ri_seaweed_ws/install/gripper/share/ament_index
[6.557s] creating /home/admin/ri_seaweed_ws/install/gripper/share/ament_index/resource_index
[6.558s] creating /home/admin/ri_seaweed_ws/install/gripper/share/ament_index/resource_index/packages
[6.558s] copying resource/gripper -> /home/admin/ri_seaweed_ws/install/gripper/share/ament_index/resource_index/packages
[6.559s] copying package.xml -> /home/admin/ri_seaweed_ws/install/gripper/share/gripper
[6.560s] running install_egg_info
[6.660s] Copying ../../build/gripper/gripper.egg-info to /home/admin/ri_seaweed_ws/install/gripper/lib/python3.12/site-packages/gripper-0.0.0-py3.12.egg-info
[6.666s] running install_scripts
[7.377s] Installing gripper_controller script to /home/admin/ri_seaweed_ws/install/gripper/lib/gripper
[7.378s] Installing gripper_driver script to /home/admin/ri_seaweed_ws/install/gripper/lib/gripper
[7.379s] writing list of installed files to '/home/admin/ri_seaweed_ws/build/gripper/install.log'
[7.528s] Invoked command in '/home/admin/ri_seaweed_ws/src/gripper' returned '0': PYTHONPATH=/home/admin/ri_seaweed_ws/build/gripper/prefix_override:/usr/lib/python3/dist-packages/colcon_core/task/python/colcon_distutils_commands:/home/admin/ri_seaweed_ws/install/gripper/lib/python3.12/site-packages:${PYTHONPATH} /usr/bin/python3 -W ignore:setup.py install is deprecated -W ignore:easy_install command is deprecated setup.py egg_info --egg-base ../../build/gripper build --build-base /home/admin/ri_seaweed_ws/build/gripper/build install --record /home/admin/ri_seaweed_ws/build/gripper/install.log --single-version-externally-managed install_data
